/opt/anaconda3/lib/python3.12/site-packages/geppy/__init__.py:26: UserWarning: pkg_resources is deprecated as an API. See https://setuptools.pypa.io/en/latest/pkg_resources.html. The pkg_resources package is slated for removal as early as 2025-11-30. Refrain from using this package or pin to Setuptools<81.
  from pkg_resources import get_distribution, DistributionNotFound
hff library OK (test fitness: (0.1415394733244273,))
registry: ['circle_area', 'gravity', 'coulomb', 'pendulum', 'keplers3', 'ideal_gas', 'I_6_2a', 'I_6_2', 'I_6_2b', 'I_8_14', 'I_9_18', 'I_10_7', 'I_11_19', 'I_12_1', 'I_12_2', 'I_12_4', 'I_12_5', 'I_12_11', 'I_13_4', 'I_13_12', 'I_14_3', 'I_14_4', 'I_15_3x', 'I_15_3t', 'I_15_1', 'I_16_6', 'I_18_4', 'I_18_12', 'I_18_14', 'I_24_6', 'I_25_13', 'I_26_2', 'I_27_6', 'I_29_4', 'I_29_16', 'I_30_3', 'I_30_5', 'I_32_5', 'I_32_17', 'I_34_8', 'I_34_1', 'I_34_14', 'I_34_27', 'I_37_4', 'I_38_12', 'I_39_1', 'I_39_11', 'I_39_22', 'I_40_1', 'I_41_16', 'I_43_16', 'I_43_31', 'I_43_43', 'I_44_4', 'I_47_23', 'I_48_2', 'I_50_26', 'II_2_42', 'II_3_24', 'II_4_23', 'II_6_11', 'II_6_15a', 'II_6_15b', 'II_8_7', 'II_8_31', 'II_10_9', 'II_11_3', 'II_11_17', 'II_11_20', 'II_11_27', 'II_11_28', 'II_13_17', 'II_13_23', 'II_13_34', 'II_15_4', 'II_15_5', 'II_21_32', 'II_24_17', 'II_27_16', 'II_27_18', 'II_34_2a', 'II_34_2', 'II_34_11', 'II_34_29a', 'II_34_29b', 'II_35_18', 'II_35_21', 'II_36_38', 'II_37_1', 'II_38_3', 'II_38_14', 'III_4_32', 'III_4_33', 'III_7_38', 'III_8_54', 'III_9_52', 'III_10_19', 'III_12_43', 'III_13_18', 'III_14_14', 'III_15_12', 'III_15_14', 'III_15_27', 'III_17_37', 'III_19_51', 'III_21_20', 'test_1', 'test_2', 'test_3', 'test_4', 'test_5', 'test_6', 'test_7', 'test_8', 'test_9', 'test_10', 'test_11', 'test_12', 'test_13', 'test_14', 'test_15', 'test_16', 'test_17', 'test_18', 'test_19', 'test_20']
[feynman override] head_length=48 (keep n_genes=3, avgval linker)
Selected problem: I_25_13
  Description : Feynman I-III I.25.13: Volt = q/C
  Variables   : ['q', 'C']
  Train range : {'q': (1.0, 5.0), 'C': (1.0, 5.0)}
  Extrap range: {'q': (1.0, 7.5), 'C': (1.0, 7.5)}
  Truth       : q/C
  ✓ cache hit  (data/equations/I_25_13, key=cd26a50629106e0f)
  train           (800, 3)  target range=[0.2141, 4.602]
  val             (200, 3)  target range=[0.2083, 4.507]
  holdout         (200, 3)  target range=[0.2324, 3.492]
  extrapolation   (200, 3)  target range=[0.1583, 6.703]
  saved figure → data/figures/I_25_13/eda_pairplot.png
Wide primitive set enabled: sin, cos, exp, log added.
[E22 rules] variable pattern tags: {'no_pattern'}
[E22/23 rules] static candidate count: 1
[E22/23 rules] allowed to take a fitness slot (exact): 0
  [sum_sq_all/sum_sq] a=-0.0042 b=1.3350e+00 1-R²_va=1.0143e+00
[fuller] denoise + snap IN THE JOIN (every gene, every generation, K=8); mutation operators: physics=0.2 concretize=0.05
Wrapper scope: per_island  (island → wrapper map: ['identity', 'identity'])
[wgpu] process pool disabled — Metal cannot survive fork(); the population is evaluated in one dispatch instead
Genes: head_length=48, n_genes=3, rnc_array_length=10
Population: (per-island, see below), elites: 2, generations: 400, migration FREQ: 30
  pump per-island sizes: intake=100 (tournsize=8), champion=50 (tournsize=5)
Initialising evolution at 2026-09-19 06:08:36.182616
 gen  deme   evals     min fitness          mse_tr          mse_va         max_err      mse_extrap  one_minus_r2_tr  one_minus_r2_va
   0     0     100               0  5.29325475e-31  5.90802122e-31  2.66453526e-15  7.73253169e-31  8.08362745e-31  7.09844887e-31
   0     1      50               0    0.0233808103    0.0257411159     0.722028944     0.155458276    0.0357061522    0.0309277824
          wgpu 1d 362g 324c x3w 10ms | egraph 192g->174v+0snap 93ms | graft 73 (-240n, 0 snap) cpu 0 | f64 30 | gen 0.0s | dropped inexpr 8 oversz 0 unbuild 0 {}
Extending evolution: gen 1 → 400 (+400 generations)
   1     0     100               0  5.29325475e-31  5.90802122e-31  2.66453526e-15  7.73253169e-31  8.08362745e-31  7.09844887e-31
   1     1      50               0    0.0233808103    0.0257411159     0.722028944     0.155458276    0.0357061522    0.0309277824
          wgpu 1d 171g 259c x3w 4ms | egraph 84g->113v+0snap 22ms | graft 47 (-129n, 0 snap) cpu 0 | f64 38 | gen 0.3s | dropped inexpr 6 oversz 0 unbuild 0 {}

*** Early stop at generation 1: best val_R² = 1.0000000000 ≥ 0.9999999990, holdout_R² = 1.0000000000 confirmed

This sub-run: 2026-09-19 06:08:36.518797 → 2026-09-19 06:08:36.828687
Now at generation 1 (HOF size: 31)
[join] 2 dispatches, 533 genes, 1,749 candidates scored in 0.01s GPU+host; e-graph 276 trees -> 287 variants + 0 snaps in 0.12s; 120 grafts (0 snap), 369 nodes removed; cpu-path individuals 0, f64-rejected 0, snaps refused for naming an input 0
[join]   inexpressible:     14  no pset token for semantic id "pow" with arity 2
  HFF-chosen LSM kept: a=3, b=2.22045e-16
Chromosome wrapper: id=0  →  identity
hof[0] runtime val: mse=1.479e-31  R²=1.000000
Pre-snap expression (after sympify + LSM compose):
  2.22044604925031e-16 + 1.0*q/C

Per-level snap results (before MSE scoring):
  strict      →  q/C
  default     →  q/C
  aggressive  →  q/C

Snap-level comparison (sorted by holdout MSE, lowest first)
------------------------------------------------------------------------------------------
  level       MSE            R²         expression                                        
------------------------------------------------------------------------------------------
★ strict      1.515e-32      1.0000     q/C                                               
  default     1.515e-32      1.0000     q/C                                               
  aggressive  1.515e-32      1.0000     q/C                                               

Winning snap level: 'strict'  →  q/C

Canonical discovered expression: q/C
[38;2;0;50;255m
############################################################ [38;2;255;255;255m
[38;2;0;50;255m Equation Recovery: I_25_13 [38;2;255;255;255m
[38;2;0;50;255m Truth: q/C [38;2;255;255;255m
[38;2;0;50;255m [38;2;255;255;255m
[38;2;255;0;255m     Exact recovery     : True [38;2;255;255;255m
[38;2;255;0;255m     Numerical recovery : True (max rel_err 0.00e+00 on 10k samples) [38;2;255;255;255m
[38;2;255;0;255m     Discovered         : q/C [38;2;255;255;255m
[38;2;255;0;255m     LSM (a, b)         : (3, 2.22045e-16) [38;2;255;255;255m
[38;2;0;50;255m
############################################################ [38;2;255;255;255m
In-range holdout : MSE=1.012e-31  MAE=1.837e-16  R²=1.0000
Extrapolation    : MSE=1.855e-31  MAE=2.556e-16  R²=1.0000

Top 10 HOF models (north_pole=truenorth) (★ = Pareto-optimal)
(deduped HOF: 10 unique chromosomes from 31 raw HOF entries)
 ----------------------------------------------------------------------------------------------------------------
       model     wrapper      length   train_mse     val_mse     max_err    train_r2      val_r2 angular_distance
 ----------------------------------------------------------------------------------------------------------------
★           0    identity           5      0.0000      0.0000      0.0000      1.0000      1.0000      0.0000
           28    identity           5      0.0000      0.0000      0.0000      1.0000      1.0000      0.0000
           21    identity           5      0.0000      0.0000      0.0000      1.0000      1.0000      0.0000
           19    identity           5      0.0000      0.0000      0.0000      1.0000      1.0000      0.0000
           16    identity           5      0.0000      0.0000      0.0000      1.0000      1.0000      0.0000
           13    identity           5      0.0000      0.0000      0.0000      1.0000      1.0000      0.0000
            6    identity           5      0.0000      0.0000      0.0000      1.0000      1.0000      0.0000
            4    identity           5      0.0000      0.0000      0.0000      1.0000      1.0000      0.0000
           14    identity           5      0.0000      0.0000      0.0000      1.0000      1.0000      0.0000
           29    identity          14      0.0234      0.0257      0.7220      0.9643      0.9691      1.5708

Pareto-optimal in top 10: 1    Pareto-optimal in full HOF: 1 / 10

Recovery sweep across 10/10 unique HOF chromosomes (capped):
  Structural / exact     : 9/10  (90.0%)
  Numerical (≤1e-6 err)  : 9/10  (90.0%)
{
    "date": "2026/09/19",
    "seed": "5",
    "task": "equation_recovery",
    "north_pole_method": "truenorth",
    "hff_include_val": true,
    "problem": "I_25_13",
    "truth_expr": "q/C",
    "final_terminal_inputs": [
        "q",
        "C"
    ],
    "wide_primitives": true,
    "head_length": "48",
    "n_genes": "3",
    "rnc_array_length": "10",
    "tournament size": "intake=8, champion=5",
    "population size": "150",
    "population per island": "intake=100, champion=50",
    "gpu_join": true,
    "eclass_k": 8,
    "number of elites": "2",
    "number of generations": "400",
    "number of islands": "2",
    "migration FREQ": "30",
    "wrapper_id": 0,
    "wrapper_name": "identity",
    "recovery_exact": true,
    "recovery_numerical": true,
    "recovery_max_rel_err": 0.0,
    "discovered_expr": "q/C",
    "holdout_mse": 1.0123458159677066e-31,
    "holdout_r2": 1.0,
    "extrap_mse": 1.855440908422663e-31,
    "extrap_r2": 1.0,
    "hof_size": 10,
    "hof_exact_recoveries": 9,
    "hof_numerical_recoveries": 9
}
