/opt/anaconda3/lib/python3.12/site-packages/geppy/__init__.py:26: UserWarning: pkg_resources is deprecated as an API. See https://setuptools.pypa.io/en/latest/pkg_resources.html. The pkg_resources package is slated for removal as early as 2025-11-30. Refrain from using this package or pin to Setuptools<81.
  from pkg_resources import get_distribution, DistributionNotFound
hff library OK (test fitness: (0.1415394733244273,))
registry: ['circle_area', 'gravity', 'coulomb', 'pendulum', 'keplers3', 'ideal_gas', 'I_6_2a', 'I_6_2', 'I_6_2b', 'I_8_14', 'I_9_18', 'I_10_7', 'I_11_19', 'I_12_1', 'I_12_2', 'I_12_4', 'I_12_5', 'I_12_11', 'I_13_4', 'I_13_12', 'I_14_3', 'I_14_4', 'I_15_3x', 'I_15_3t', 'I_15_1', 'I_16_6', 'I_18_4', 'I_18_12', 'I_18_14', 'I_24_6', 'I_25_13', 'I_26_2', 'I_27_6', 'I_29_4', 'I_29_16', 'I_30_3', 'I_30_5', 'I_32_5', 'I_32_17', 'I_34_8', 'I_34_1', 'I_34_14', 'I_34_27', 'I_37_4', 'I_38_12', 'I_39_1', 'I_39_11', 'I_39_22', 'I_40_1', 'I_41_16', 'I_43_16', 'I_43_31', 'I_43_43', 'I_44_4', 'I_47_23', 'I_48_2', 'I_50_26', 'II_2_42', 'II_3_24', 'II_4_23', 'II_6_11', 'II_6_15a', 'II_6_15b', 'II_8_7', 'II_8_31', 'II_10_9', 'II_11_3', 'II_11_17', 'II_11_20', 'II_11_27', 'II_11_28', 'II_13_17', 'II_13_23', 'II_13_34', 'II_15_4', 'II_15_5', 'II_21_32', 'II_24_17', 'II_27_16', 'II_27_18', 'II_34_2a', 'II_34_2', 'II_34_11', 'II_34_29a', 'II_34_29b', 'II_35_18', 'II_35_21', 'II_36_38', 'II_37_1', 'II_38_3', 'II_38_14', 'III_4_32', 'III_4_33', 'III_7_38', 'III_8_54', 'III_9_52', 'III_10_19', 'III_12_43', 'III_13_18', 'III_14_14', 'III_15_12', 'III_15_14', 'III_15_27', 'III_17_37', 'III_19_51', 'III_21_20', 'test_1', 'test_2', 'test_3', 'test_4', 'test_5', 'test_6', 'test_7', 'test_8', 'test_9', 'test_10', 'test_11', 'test_12', 'test_13', 'test_14', 'test_15', 'test_16', 'test_17', 'test_18', 'test_19', 'test_20']
[feynman override] head_length=48 (keep n_genes=3, avgval linker)
Selected problem: I_29_4
  Description : Feynman I-III I.29.4: k = omega/c
  Variables   : ['omega', 'c']
  Train range : {'omega': (1.0, 10.0), 'c': (1.0, 10.0)}
  Extrap range: {'omega': (1.0, 15.0), 'c': (1.0, 15.0)}
  Truth       : omega/c
  ✓ cache hit  (data/equations/I_29_4, key=d68432f76523adc7)
  train           (800, 3)  target range=[0.1134, 8.784]
  val             (200, 3)  target range=[0.1086, 8.573]
  holdout         (200, 3)  target range=[0.1348, 5.452]
  extrapolation   (200, 3)  target range=[0.08732, 13.25]
  saved figure → data/figures/I_29_4/eda_pairplot.png
Wide primitive set enabled: sin, cos, exp, log added.
[E22 rules] variable pattern tags: {'no_pattern'}
[E22/23 rules] static candidate count: 1
[E22/23 rules] allowed to take a fitness slot (exact): 0
  [sum_sq_all/sum_sq] a=-0.0023 b=1.6558e+00 1-R²_va=1.0154e+00
[fuller] denoise + snap IN THE JOIN (every gene, every generation, K=8); mutation operators: physics=0.2 concretize=0.05
Wrapper scope: per_island  (island → wrapper map: ['identity', 'identity'])
[wgpu] process pool disabled — Metal cannot survive fork(); the population is evaluated in one dispatch instead
Genes: head_length=48, n_genes=3, rnc_array_length=10
Population: (per-island, see below), elites: 2, generations: 400, migration FREQ: 30
  pump per-island sizes: intake=100 (tournsize=8), champion=50 (tournsize=5)
Initialising evolution at 2026-09-19 06:08:40.414482
 gen  deme   evals     min fitness          mse_tr          mse_va         max_err      mse_extrap  one_minus_r2_tr  one_minus_r2_va
   0     0     100               0  4.75175066e-31  4.54184355e-31  2.22044605e-15  4.80060187e-31   2.4107528e-31  1.76409869e-31
   0     1      50  0.000912868677     0.359305251     0.357124439      2.48261108       4.1297006     0.182289897       0.1387108
          wgpu 1d 401g 393c x3w 10ms | egraph 192g->243v+0snap 91ms | graft 83 (-293n, 0 snap) cpu 0 | f64 32 | gen 0.0s | dropped inexpr 8 oversz 0 unbuild 0 {}
Extending evolution: gen 1 → 400 (+400 generations)
   1     0     100               0  4.75175066e-31  4.54184355e-31  2.22044605e-15  4.80060187e-31   2.4107528e-31  1.76409869e-31
   1     1      50               0    0.0146695794    0.0143436796     0.185785525    0.0149242751   0.00744246325   0.00557123249
          wgpu 1d 208g 297c x3w 5ms | egraph 87g->151v+0snap 54ms | graft 58 (-190n, 0 snap) cpu 0 | f64 39 | gen 0.2s | dropped inexpr 20 oversz 0 unbuild 0 {}

*** Early stop at generation 1: best val_R² = 1.0000000000 ≥ 0.9999999990, holdout_R² = 1.0000000000 confirmed

This sub-run: 2026-09-19 06:08:40.686824 → 2026-09-19 06:08:40.932795
Now at generation 1 (HOF size: 31)
[join] 2 dispatches, 609 genes, 2,070 candidates scored in 0.01s GPU+host; e-graph 279 trees -> 394 variants + 0 snaps in 0.15s; 141 grafts (0 snap), 483 nodes removed; cpu-path individuals 0, f64-rejected 0, snaps refused for naming an input 0
[join]   inexpressible:     17  no pset token for semantic id "pow" with arity 2
[join]   inexpressible:      8  no pset token for semantic id "div" with arity 2
[join]   inexpressible:      3  no pset token for semantic id "neg" with arity 1
  HFF-chosen LSM kept: a=3, b=6
Chromosome wrapper: id=0  →  identity
hof[0] runtime val: mse=9.377e-32  R²=1.000000
Pre-snap expression (after sympify + LSM compose):
  1.0*omega/c

Per-level snap results (before MSE scoring):
  strict      →  omega/c
  default     →  omega/c
  aggressive  →  omega/c

Snap-level comparison (sorted by holdout MSE, lowest first)
------------------------------------------------------------------------------------------
  level       MSE            R²         expression                                        
------------------------------------------------------------------------------------------
★ strict      1.803e-32      1.0000     omega/c                                           
  default     1.803e-32      1.0000     omega/c                                           
  aggressive  1.803e-32      1.0000     omega/c                                           

Winning snap level: 'strict'  →  omega/c

Canonical discovered expression: omega/c
[38;2;0;50;255m
############################################################ [38;2;255;255;255m
[38;2;0;50;255m Equation Recovery: I_29_4 [38;2;255;255;255m
[38;2;0;50;255m Truth: omega/c [38;2;255;255;255m
[38;2;0;50;255m [38;2;255;255;255m
[38;2;255;0;255m     Exact recovery     : True [38;2;255;255;255m
[38;2;255;0;255m     Numerical recovery : True (max rel_err 0.00e+00 on 10k samples) [38;2;255;255;255m
[38;2;255;0;255m     Discovered         : omega/c [38;2;255;255;255m
[38;2;255;0;255m     LSM (a, b)         : (3, 6) [38;2;255;255;255m
[38;2;0;50;255m
############################################################ [38;2;255;255;255m
In-range holdout : MSE=7.313e-32  MAE=1.95e-16  R²=1.0000
Extrapolation    : MSE=8.748e-32  MAE=2.313e-16  R²=1.0000

Top 10 HOF models (north_pole=truenorth) (★ = Pareto-optimal)
(deduped HOF: 9 unique chromosomes from 31 raw HOF entries)
 ----------------------------------------------------------------------------------------------------------------
       model     wrapper      length   train_mse     val_mse     max_err    train_r2      val_r2 angular_distance
 ----------------------------------------------------------------------------------------------------------------
★           0    identity           5      0.0000      0.0000      0.0000      1.0000      1.0000      0.0000
           20    identity           5      0.0000      0.0000      0.0000      1.0000      1.0000      0.1266
           17    identity           5      0.0000      0.0000      0.0000      1.0000      1.0000      0.1266
           14    identity           5      0.0000      0.0000      0.0000      1.0000      1.0000      0.1266
           28    identity           5      0.0000      0.0000      0.0000      1.0000      1.0000      0.1900
           15    identity           5      0.0000      0.0000      0.0000      1.0000      1.0000      0.1900
            7    identity           5      0.0000      0.0000      0.0000      1.0000      1.0000      0.5443
           21    identity           5      0.0000      0.0000      0.0000      1.0000      1.0000      0.5443
            5    identity           5      0.0000      0.0000      0.0000      1.0000      1.0000      0.6435

Pareto-optimal in top 9: 1    Pareto-optimal in full HOF: 1 / 9

Recovery sweep across 9/9 unique HOF chromosomes (capped):
  Structural / exact     : 9/9  (100.0%)
  Numerical (≤1e-6 err)  : 9/9  (100.0%)
{
    "date": "2026/09/19",
    "seed": "5",
    "task": "equation_recovery",
    "north_pole_method": "truenorth",
    "hff_include_val": true,
    "problem": "I_29_4",
    "truth_expr": "omega/c",
    "final_terminal_inputs": [
        "omega",
        "c"
    ],
    "wide_primitives": true,
    "head_length": "48",
    "n_genes": "3",
    "rnc_array_length": "10",
    "tournament size": "intake=8, champion=5",
    "population size": "150",
    "population per island": "intake=100, champion=50",
    "gpu_join": true,
    "eclass_k": 8,
    "number of elites": "2",
    "number of generations": "400",
    "number of islands": "2",
    "migration FREQ": "30",
    "wrapper_id": 0,
    "wrapper_name": "identity",
    "recovery_exact": true,
    "recovery_numerical": true,
    "recovery_max_rel_err": 0.0,
    "discovered_expr": "omega/c",
    "holdout_mse": 7.312755998838334e-32,
    "holdout_r2": 1.0,
    "extrap_mse": 8.747862696898483e-32,
    "extrap_r2": 1.0,
    "hof_size": 9,
    "hof_exact_recoveries": 9,
    "hof_numerical_recoveries": 9
}
