/opt/anaconda3/lib/python3.12/site-packages/geppy/__init__.py:26: UserWarning: pkg_resources is deprecated as an API. See https://setuptools.pypa.io/en/latest/pkg_resources.html. The pkg_resources package is slated for removal as early as 2025-11-30. Refrain from using this package or pin to Setuptools<81.
  from pkg_resources import get_distribution, DistributionNotFound
hff library OK (test fitness: (0.1415394733244273,))
registry: ['circle_area', 'gravity', 'coulomb', 'pendulum', 'keplers3', 'ideal_gas', 'I_6_2a', 'I_6_2', 'I_6_2b', 'I_8_14', 'I_9_18', 'I_10_7', 'I_11_19', 'I_12_1', 'I_12_2', 'I_12_4', 'I_12_5', 'I_12_11', 'I_13_4', 'I_13_12', 'I_14_3', 'I_14_4', 'I_15_3x', 'I_15_3t', 'I_15_1', 'I_16_6', 'I_18_4', 'I_18_12', 'I_18_14', 'I_24_6', 'I_25_13', 'I_26_2', 'I_27_6', 'I_29_4', 'I_29_16', 'I_30_3', 'I_30_5', 'I_32_5', 'I_32_17', 'I_34_8', 'I_34_1', 'I_34_14', 'I_34_27', 'I_37_4', 'I_38_12', 'I_39_1', 'I_39_11', 'I_39_22', 'I_40_1', 'I_41_16', 'I_43_16', 'I_43_31', 'I_43_43', 'I_44_4', 'I_47_23', 'I_48_2', 'I_50_26', 'II_2_42', 'II_3_24', 'II_4_23', 'II_6_11', 'II_6_15a', 'II_6_15b', 'II_8_7', 'II_8_31', 'II_10_9', 'II_11_3', 'II_11_17', 'II_11_20', 'II_11_27', 'II_11_28', 'II_13_17', 'II_13_23', 'II_13_34', 'II_15_4', 'II_15_5', 'II_21_32', 'II_24_17', 'II_27_16', 'II_27_18', 'II_34_2a', 'II_34_2', 'II_34_11', 'II_34_29a', 'II_34_29b', 'II_35_18', 'II_35_21', 'II_36_38', 'II_37_1', 'II_38_3', 'II_38_14', 'III_4_32', 'III_4_33', 'III_7_38', 'III_8_54', 'III_9_52', 'III_10_19', 'III_12_43', 'III_13_18', 'III_14_14', 'III_15_12', 'III_15_14', 'III_15_27', 'III_17_37', 'III_19_51', 'III_21_20', 'test_1', 'test_2', 'test_3', 'test_4', 'test_5', 'test_6', 'test_7', 'test_8', 'test_9', 'test_10', 'test_11', 'test_12', 'test_13', 'test_14', 'test_15', 'test_16', 'test_17', 'test_18', 'test_19', 'test_20']
[feynman override] head_length=48 (keep n_genes=3, avgval linker)
Selected problem: II_11_20
  Description : Feynman I-III II.11.20: Pol = n_rho*p_d**2*Ef/(3*kb*T)
  Variables   : ['n_rho', 'p_d', 'Ef', 'kb', 'T']
  Train range : {'n_rho': (1.0, 5.0), 'p_d': (1.0, 5.0), 'Ef': (1.0, 5.0), 'kb': (1.0, 5.0), 'T': (1.0, 5.0)}
  Extrap range: {'n_rho': (1.0, 7.5), 'p_d': (1.0, 7.5), 'Ef': (1.0, 7.5), 'kb': (1.0, 7.5), 'T': (1.0, 7.5)}
  Truth       : n_rho*p_d**2*Ef/(3*kb*T)
  ✓ cache hit  (data/equations/II_11_20, key=9a8ac9b7fbc58a6f)
  train           (800, 6)  target range=[0.06037, 70.26]
  val             (200, 6)  target range=[0.05574, 68.08]
  holdout         (200, 6)  target range=[0.0715, 46.95]
  extrapolation   (200, 6)  target range=[0.03595, 101.1]
(skipping pairplot — too many variables: 5)
Wide primitive set enabled: sin, cos, exp, log added.
[E22 rules] variable pattern tags: {'no_pattern'}
[E22/23 rules] static candidate count: 1
[E22/23 rules] allowed to take a fitness slot (exact): 0
  [sum_sq_all/sum_sq] a=0.0940 b=2.4124e-02 1-R²_va=9.7119e-01
[fuller] denoise + snap IN THE JOIN (every gene, every generation, K=8); mutation operators: physics=0.2 concretize=0.05
Wrapper scope: per_island  (island → wrapper map: ['identity', 'identity'])
[wgpu] process pool disabled — Metal cannot survive fork(); the population is evaluated in one dispatch instead
Genes: head_length=48, n_genes=3, rnc_array_length=10
Population: (per-island, see below), elites: 2, generations: 400, migration FREQ: 30
  pump per-island sizes: intake=100 (tournsize=8), champion=50 (tournsize=5)
Initialising evolution at 2026-09-19 06:16:47.363797
 gen  deme   evals     min fitness          mse_tr          mse_va         max_err      mse_extrap  one_minus_r2_tr  one_minus_r2_va
   0     0     100    0.0113362566      19.7511084      46.1343184       47.600307      181.945631     0.472927364     0.504629322
   0     1      50    0.0641331969      27.6507557      59.8209025      51.3585779      163.574792     0.662079249     0.654336782
          wgpu 1d 300g 245c x3w 12ms | egraph 199g->95v+0snap 126ms | graft 22 (-79n, 0 snap) cpu 0 | f64 31 | gen 0.0s | dropped inexpr 5 oversz 0 unbuild 0 {}
Extending evolution: gen 1 → 400 (+400 generations)
   1     0     100    0.0113362566      19.7511084      46.1343184       47.600307      181.945631     0.472927364     0.504629322
   1     1      50    0.0117968495      22.4851105      45.7405763      40.6355304      153.356055     0.538391255     0.500322467
          wgpu 1d 153g 205c x3w 6ms | egraph 76g->59v+0snap 55ms | graft 7 (-58n, 0 snap) cpu 0 | f64 30 | gen 0.3s | dropped inexpr 1 oversz 0 unbuild 0 {}
   2     0     100    0.0113362566      19.7511084      46.1343184       47.600307      181.945631     0.472927364     0.504629322
   2     1      50    0.0117968495      22.4851105      45.7405763      40.6355304      153.356055     0.538391255     0.500322467
          wgpu 1d 136g 201c x3w 5ms | egraph 55g->55v+0snap 30ms | graft 12 (-61n, 0 snap) cpu 0 | f64 20 | gen 0.2s | dropped inexpr 4 oversz 0 unbuild 0 {}
   3     0     100    0.0113362566      19.7511084      46.1343184       47.600307      181.945631     0.472927364     0.504629322
   3     1      50    0.0117968495      22.4851105      45.7405763      40.6355304      153.356055     0.538391255     0.500322467
          wgpu 1d 128g 194c x3w 4ms | egraph 58g->48v+0snap 28ms | graft 8 (-36n, 0 snap) cpu 0 | f64 20 | gen 0.5s | dropped inexpr 2 oversz 0 unbuild 0 {}
   4     0     100   0.00478124568        19.36453      24.9584502      29.3179324      166.868265     0.463670998       0.2730021
   4     1      50               0      13.4574152      14.6015679      15.4833147      97.1887901     0.322229001     0.159715794
          wgpu 1d 135g 204c x3w 6ms | egraph 59g->58v+0snap 30ms | graft 10 (-60n, 0 snap) cpu 0 | f64 20 | gen 0.2s
   5     0     100   0.00478124568        19.36453      24.9584502      29.3179324      166.868265     0.463670998       0.2730021
   5     1      50               0      13.4574152      14.6015679      15.4833147      97.1887901     0.322229001     0.159715794
          wgpu 1d 190g 222c x3w 24ms | egraph 87g->76v+0snap 36ms | graft 18 (-81n, 0 snap) cpu 0 | f64 27 | gen 0.5s
   6     0     100   0.00478124568        19.36453      24.9584502      29.3179324      166.868265     0.463670998       0.2730021
   6     1      50               0      13.4574152      14.6015679      15.4833147      97.1887901     0.322229001     0.159715794
          wgpu 1d 222g 234c x3w 12ms | egraph 99g->88v+0snap 53ms | graft 19 (-242n, 0 snap) cpu 0 | f64 23 | gen 1.0s | dropped inexpr 5 oversz 0 unbuild 0 {}
   7     0     100   0.00478124568        19.36453      24.9584502      29.3179324      166.868265     0.463670998       0.2730021
   7     1      50               0      13.4574152      14.6015679      15.4833147      97.1887901     0.322229001     0.159715794
          wgpu 1d 176g 206c x3w 10ms | egraph 65g->60v+0snap 42ms | graft 14 (-97n, 0 snap) cpu 0 | f64 20 | gen 0.4s | dropped inexpr 1 oversz 0 unbuild 0 {}
   8     0     100   0.00478124568        19.36453      24.9584502      29.3179324      166.868265     0.463670998       0.2730021
   8     1      50               0      13.4574152      14.6015679      15.4833147      97.1887901     0.322229001     0.159715794
          wgpu 1d 212g 230c x3w 7ms | egraph 80g->84v+0snap 62ms | graft 13 (-128n, 0 snap) cpu 0 | f64 20 | gen 0.7s | dropped inexpr 1 oversz 0 unbuild 0 {}
   9     0     100   0.00478124568        19.36453      24.9584502      29.3179324      166.868265     0.463670998       0.2730021
   9     1      50               0      13.4574152      14.6015679      15.4833147      97.1887901     0.322229001     0.159715794
          wgpu 1d 209g 247c x3w 7ms | egraph 73g->101v+0snap 46ms | graft 22 (-152n, 0 snap) cpu 0 | f64 20 | gen 0.7s | dropped inexpr 2 oversz 0 unbuild 0 {}
  10     0     100   0.00478124568        19.36453      24.9584502      29.3179324      166.868265     0.463670998       0.2730021
  10     1      50               0      13.4574152      14.6015679      15.4833147      97.1887901     0.322229001     0.159715794
          wgpu 1d 200g 249c x3w 9ms | egraph 73g->103v+0snap 35ms | graft 28 (-184n, 0 snap) cpu 0 | f64 20 | gen 1.3s
--------- pump migration: intra (promote-2 + intake-reset) ---------
  11     0     100   0.00478124568        19.36453      24.9584502      29.3179324      166.868265     0.463670998       0.2730021
  11     1      50               0      13.4574152      14.6015679      15.4833147      97.1887901     0.322229001     0.159715794
          wgpu 2d 353g 349c x3w 11ms | egraph 158g->123v+0snap 126ms | graft 15 (-102n, 0 snap) cpu 0 | f64 30 | gen 0.9s | dropped inexpr 5 oversz 0 unbuild 0 {}
  12     0     100   0.00478124568        19.36453      24.9584502      29.3179324      166.868265     0.463670998       0.2730021
  12     1      50               0      8.81901285      9.54363348      13.0190601      72.1521148     0.211165491     0.104390776
          wgpu 1d 194g 237c x3w 8ms | egraph 63g->91v+0snap 29ms | graft 21 (-109n, 0 snap) cpu 0 | f64 20 | gen 0.9s | dropped inexpr 1 oversz 0 unbuild 0 {}
  13     0     100   0.00478124568        19.36453      24.9584502      29.3179324      166.868265     0.463670998       0.2730021
  13     1      50               0      8.81901285      9.54363348      13.0190601      72.1521148     0.211165491     0.104390776
          wgpu 1d 219g 262c x3w 16ms | egraph 72g->116v+0snap 41ms | graft 16 (-103n, 0 snap) cpu 0 | f64 20 | gen 1.1s | dropped inexpr 1 oversz 0 unbuild 0 {}
  14     0     100   0.00478124568        19.36453      24.9584502      29.3179324      166.868265     0.463670998       0.2730021
  14     1      50               0      8.81901285      9.54363348      13.0190601      72.1521148     0.211165491     0.104390776
          wgpu 1d 206g 245c x3w 6ms | egraph 74g->99v+0snap 96ms | graft 17 (-83n, 0 snap) cpu 0 | f64 20 | gen 0.6s | dropped inexpr 1 oversz 0 unbuild 0 {}
  15     0     100   0.00478124568        19.36453      24.9584502      29.3179324      166.868265     0.463670998       0.2730021
  15     1      50               0      3.55010471      3.55417099      7.04997736      38.9724049    0.0850049339    0.0388764581
          wgpu 1d 206g 242c x3w 11ms | egraph 72g->96v+0snap 46ms | graft 16 (-73n, 0 snap) cpu 0 | f64 20 | gen 0.5s | dropped inexpr 2 oversz 0 unbuild 0 {}
  16     0     100   0.00478124568        19.36453      24.9584502      29.3179324      166.868265     0.463670998       0.2730021
  16     1      50               0      3.55010471      3.55417099      7.04997736      38.9724049    0.0850049339    0.0388764581
          wgpu 1d 199g 222c x3w 6ms | egraph 79g->76v+0snap 37ms | graft 12 (-71n, 0 snap) cpu 0 | f64 20 | gen 0.6s
  17     0     100   0.00478124568        19.36453      24.9584502      29.3179324      166.868265     0.463670998       0.2730021
  17     1      50               0      3.55010471      3.55417099      7.04997736      38.9724049    0.0850049339    0.0388764581
          wgpu 1d 228g 257c x3w 6ms | egraph 77g->111v+0snap 41ms | graft 18 (-148n, 0 snap) cpu 0 | f64 20 | gen 0.7s
  18     0     100   0.00478124568        19.36453      24.9584502      29.3179324      166.868265     0.463670998       0.2730021
  18     1      50               0      3.55010471      3.55417099      7.04997736      38.9724049    0.0850049339    0.0388764581
          wgpu 1d 220g 255c x3w 7ms | egraph 73g->109v+0snap 34ms | graft 20 (-107n, 0 snap) cpu 0 | f64 20 | gen 0.7s | dropped inexpr 1 oversz 0 unbuild 0 {}
  19     0     100   0.00478124568        19.36453      24.9584502      29.3179324      166.868265     0.463670998       0.2730021
  19     1      50               0      3.55010471      3.55417099      7.04997736      38.9724049    0.0850049339    0.0388764581
          wgpu 1d 227g 245c x3w 19ms | egraph 94g->99v+0snap 40ms | graft 21 (-96n, 0 snap) cpu 0 | f64 20 | gen 0.7s
  20     0     100   0.00478124568        19.36453      24.9584502      29.3179324      166.868265     0.463670998       0.2730021
  20     1      50               0      3.55010471      3.55417099      7.04997736      38.9724049    0.0850049339    0.0388764581
          wgpu 1d 209g 236c x3w 26ms | egraph 72g->90v+0snap 29ms | graft 13 (-76n, 0 snap) cpu 0 | f64 20 | gen 0.5s
--------- pump migration: intra (promote-2 + intake-reset) ---------
  21     0     100   0.00478124568        19.36453      24.9584502      29.3179324      166.868265     0.463670998       0.2730021
  21     1      50               0      3.55010471      3.55417099      7.04997736      38.9724049    0.0850049339    0.0388764581
          wgpu 2d 412g 382c x3w 13ms | egraph 182g->156v+0snap 88ms | graft 41 (-255n, 0 snap) cpu 0 | f64 30 | gen 1.5s | dropped inexpr 1 oversz 0 unbuild 0 {}
  22     0     100   0.00478124568        19.36453      24.9584502      29.3179324      166.868265     0.463670998       0.2730021
  22     1      50               0      3.55010471      3.55417099      7.04997736      38.9724049    0.0850049339    0.0388764581
          wgpu 1d 227g 252c x3w 16ms | egraph 74g->106v+0snap 45ms | graft 23 (-152n, 0 snap) cpu 0 | f64 20 | gen 0.6s | dropped inexpr 1 oversz 0 unbuild 0 {}
  23     0     100   0.00478124568        19.36453      24.9584502      29.3179324      166.868265     0.463670998       0.2730021
  23     1      50               0      3.55010471      3.55417099      7.04997736      38.9724049    0.0850049339    0.0388764581
          wgpu 1d 199g 223c x3w 6ms | egraph 64g->77v+0snap 46ms | graft 18 (-144n, 0 snap) cpu 0 | f64 20 | gen 0.9s
  24     0     100   0.00478124568        19.36453      24.9584502      29.3179324      166.868265     0.463670998       0.2730021
  24     1      50               0      3.55010471      3.55417099      7.04997736      38.9724049    0.0850049339    0.0388764581
          wgpu 1d 195g 221c x3w 35ms | egraph 68g->75v+0snap 45ms | graft 14 (-76n, 0 snap) cpu 0 | f64 20 | gen 0.9s | dropped inexpr 1 oversz 0 unbuild 0 {}
  25     0     100   0.00478124568        19.36453      24.9584502      29.3179324      166.868265     0.463670998       0.2730021
  25     1      50               0      3.55010471      3.55417099      7.04997736      38.9724049    0.0850049339    0.0388764581
          wgpu 1d 253g 267c x3w 14ms | egraph 82g->121v+0snap 37ms | graft 18 (-118n, 0 snap) cpu 0 | f64 20 | gen 0.8s | dropped inexpr 1 oversz 0 unbuild 0 {}
  26     0     100   0.00478124568        19.36453      24.9584502      29.3179324      166.868265     0.463670998       0.2730021
  26     1      50               0      3.55010471      3.55417099      7.04997736      38.9724049    0.0850049339    0.0388764581
          wgpu 1d 267g 261c x3w 14ms | egraph 101g->115v+0snap 42ms | graft 26 (-178n, 0 snap) cpu 0 | f64 20 | gen 1.1s
  27     0     100   0.00478124568        19.36453      24.9584502      29.3179324      166.868265     0.463670998       0.2730021
  27     1      50               0      3.55010471      3.55417099      7.04997736      38.9724049    0.0850049339    0.0388764581
          wgpu 1d 248g 258c x3w 7ms | egraph 76g->112v+0snap 34ms | graft 21 (-160n, 0 snap) cpu 0 | f64 20 | gen 1.0s | dropped inexpr 1 oversz 0 unbuild 0 {}
  28     0     100   0.00478124568        19.36453      24.9584502      29.3179324      166.868265     0.463670998       0.2730021
  28     1      50               0      3.55010471      3.55417099      7.04997736      38.9724049    0.0850049339    0.0388764581
          wgpu 1d 316g 310c x3w 20ms | egraph 97g->164v+0snap 72ms | graft 32 (-180n, 0 snap) cpu 0 | f64 20 | gen 1.2s | dropped inexpr 5 oversz 0 unbuild 0 {}
  29     0     100   0.00478124568        19.36453      24.9584502      29.3179324      166.868265     0.463670998       0.2730021
  29     1      50               0      3.55010471      3.55417099      7.04997736      38.9724049    0.0850049339    0.0388764581
          wgpu 1d 321g 345c x3w 9ms | egraph 107g->199v+0snap 73ms | graft 39 (-234n, 0 snap) cpu 0 | f64 20 | gen 1.1s | dropped inexpr 8 oversz 0 unbuild 0 {}
  30     0     100   0.00478124568        19.36453      24.9584502      29.3179324      166.868265     0.463670998       0.2730021
  30     1      50               0      3.55010471      3.55417099      7.04997736      38.9724049    0.0850049339    0.0388764581
          wgpu 1d 238g 267c x3w 29ms | egraph 73g->121v+0snap 29ms | graft 21 (-132n, 0 snap) cpu 0 | f64 20 | gen 0.9s | dropped inexpr 4 oversz 0 unbuild 0 {}
--------- pump migration: intra (promote-2 + intake-reset) ---------
  31     0     100   0.00478124568        19.36453      24.9584502      29.3179324      166.868265     0.463670998       0.2730021
  31     1      50               0      3.55010471      3.55417099      7.04997736      38.9724049    0.0850049339    0.0388764581
          wgpu 2d 448g 456c x3w 39ms | egraph 167g->230v+0snap 68ms | graft 33 (-192n, 0 snap) cpu 0 | f64 30 | gen 1.2s | dropped inexpr 22 oversz 0 unbuild 0 {}
  32     0     100   0.00478124568        19.36453      24.9584502      29.3179324      166.868265     0.463670998       0.2730021
  32     1      50               0      1.19593894      1.29665704      5.81852348       17.919146    0.0286359752    0.0141831761
          wgpu 1d 272g 291c x3w 9ms | egraph 81g->145v+0snap 76ms | graft 25 (-147n, 0 snap) cpu 0 | f64 20 | gen 0.9s | dropped inexpr 10 oversz 0 unbuild 0 {}
  33     0     100   0.00478124568        19.36453      24.9584502      29.3179324      166.868265     0.463670998       0.2730021
  33     1      50               0      1.19593894      1.29665704      5.81852348       17.919146    0.0286359752    0.0141831761
          wgpu 1d 219g 262c x3w 7ms | egraph 67g->116v+0snap 47ms | graft 17 (-105n, 0 snap) cpu 0 | f64 20 | gen 1.0s | dropped inexpr 6 oversz 0 unbuild 0 {}
  34     0     100               0      14.0277974      19.7978639      22.5481507      160.400932     0.335886429     0.216554248
  34     1      50               0      1.19593894      1.29665704      5.81852348       17.919146    0.0286359752    0.0141831761
          wgpu 1d 203g 234c x3w 21ms | egraph 48g->88v+0snap 29ms | graft 20 (-81n, 0 snap) cpu 0 | f64 20 | gen 0.3s | dropped inexpr 4 oversz 0 unbuild 0 {}
  35     0     100               0      14.0277974      19.7978639      22.5481507      160.400932     0.335886429     0.216554248
  35     1      50               0      1.19593894      1.29665704      5.81852348       17.919146    0.0286359752    0.0141831761
          wgpu 1d 259g 331c x3w 8ms | egraph 77g->185v+0snap 50ms | graft 28 (-200n, 0 snap) cpu 0 | f64 20 | gen 1.0s | dropped inexpr 9 oversz 0 unbuild 0 {}
  36     0     100               0      14.0277974      19.7978639      22.5481507      160.400932     0.335886429     0.216554248
  36     1      50               0      1.19593894      1.29665704      5.81852348       17.919146    0.0286359752    0.0141831761
          wgpu 1d 313g 476c x3w 11ms | egraph 114g->330v+0snap 47ms | graft 45 (-244n, 0 snap) cpu 0 | f64 20 | gen 1.9s | dropped inexpr 25 oversz 0 unbuild 0 {}
  37     0     100               0      14.0277974      19.7978639      22.5481507      160.400932     0.335886429     0.216554248
  37     1      50               0      1.19593894      1.29665704      5.81852348       17.919146    0.0286359752    0.0141831761
          wgpu 1d 328g 463c x3w 13ms | egraph 106g->317v+0snap 47ms | graft 39 (-258n, 0 snap) cpu 0 | f64 20 | gen 1.3s | dropped inexpr 28 oversz 0 unbuild 0 {}
  38     0     100               0      14.0277974      19.7978639      22.5481507      160.400932     0.335886429     0.216554248
  38     1      50               0      1.19593894      1.29665704      5.81852348       17.919146    0.0286359752    0.0141831761
          wgpu 1d 312g 466c x3w 48ms | egraph 80g->320v+0snap 35ms | graft 33 (-186n, 0 snap) cpu 0 | f64 20 | gen 1.4s | dropped inexpr 22 oversz 0 unbuild 0 {}
  39     0     100               0      14.0277974      19.7978639      22.5481507      160.400932     0.335886429     0.216554248
  39     1      50               0      1.19593894      1.29665704      5.81852348       17.919146    0.0286359752    0.0141831761
          wgpu 1d 348g 501c x3w 10ms | egraph 84g->355v+0snap 35ms | graft 35 (-198n, 0 snap) cpu 0 | f64 20 | gen 1.6s | dropped inexpr 25 oversz 0 unbuild 0 {}
  40     0     100               0      14.0277974      19.7978639      22.5481507      160.400932     0.335886429     0.216554248
  40     1      50               0      1.19593894      1.29665704      5.81852348       17.919146    0.0286359752    0.0141831761
          wgpu 1d 351g 498c x3w 19ms | egraph 92g->352v+0snap 43ms | graft 39 (-201n, 0 snap) cpu 0 | f64 20 | gen 1.7s | dropped inexpr 20 oversz 0 unbuild 0 {}
--------- pump migration: intra (promote-2 + intake-reset) ---------
  41     0     100               0      14.0277974      19.7978639      22.5481507      160.400932     0.335886429     0.216554248
  41     1      50               0      1.19593894      1.29665704      5.81852348       17.919146    0.0286359752    0.0141831761
          wgpu 2d 482g 619c x3w 17ms | egraph 142g->393v+0snap 77ms | graft 40 (-250n, 0 snap) cpu 0 | f64 30 | gen 1.4s | dropped inexpr 19 oversz 0 unbuild 0 {}
  42     0     100               0      14.0277974      19.7978639      22.5481507      160.400932     0.335886429     0.216554248
  42     1      50               0      1.06564085      1.00433654      4.67808408      19.7223128    0.0255160726    0.0109856975
          wgpu 1d 286g 444c x3w 11ms | egraph 89g->298v+0snap 55ms | graft 39 (-238n, 0 snap) cpu 0 | f64 20 | gen 1.2s | dropped inexpr 9 oversz 0 unbuild 0 {}
  43     0     100               0      14.0277974      19.7978639      22.5481507      160.400932     0.335886429     0.216554248
  43     1      50               0      1.06564085      1.00433654      4.67808408      19.7223128    0.0255160726    0.0109856975
          wgpu 1d 321g 513c x3w 12ms | egraph 71g->367v+0snap 78ms | graft 29 (-161n, 0 snap) cpu 0 | f64 20 | gen 1.9s | dropped inexpr 20 oversz 0 unbuild 0 {}
  44     0     100               0      14.0277974      19.7978639      22.5481507      160.400932     0.335886429     0.216554248
  44     1      50               0      1.06564085      1.00433654      4.67808408      19.7223128    0.0255160726    0.0109856975
          wgpu 1d 355g 499c x3w 14ms | egraph 86g->353v+0snap 51ms | graft 36 (-191n, 0 snap) cpu 0 | f64 20 | gen 1.4s | dropped inexpr 19 oversz 0 unbuild 0 {}
  45     0     100               0      14.0277974      19.7978639      22.5481507      160.400932     0.335886429     0.216554248
  45     1      50               0      1.06564085      1.00433654      4.67808408      19.7223128    0.0255160726    0.0109856975
          wgpu 1d 368g 499c x3w 14ms | egraph 92g->353v+0snap 46ms | graft 33 (-185n, 0 snap) cpu 0 | f64 20 | gen 1.6s | dropped inexpr 21 oversz 0 unbuild 0 {}
  46     0     100               0      14.0277974      19.7978639      22.5481507      160.400932     0.335886429     0.216554248
  46     1      50               0      1.06564085      1.00433654      4.67808408      19.7223128    0.0255160726    0.0109856975
          wgpu 1d 298g 502c x3w 12ms | egraph 53g->356v+0snap 50ms | graft 32 (-185n, 0 snap) cpu 0 | f64 20 | gen 1.7s | dropped inexpr 14 oversz 0 unbuild 0 {}
  47     0     100               0      14.0277974      19.7978639      22.5481507      160.400932     0.335886429     0.216554248
  47     1      50               0      1.06564085      1.00433654      4.67808408      19.7223128    0.0255160726    0.0109856975
          wgpu 1d 292g 486c x3w 42ms | egraph 69g->340v+0snap 44ms | graft 33 (-198n, 0 snap) cpu 0 | f64 20 | gen 1.9s | dropped inexpr 9 oversz 0 unbuild 0 {}
  48     0     100               0      14.0277974      19.7978639      22.5481507      160.400932     0.335886429     0.216554248
  48     1      50               0      1.06564085      1.00433654      4.67808408      19.7223128    0.0255160726    0.0109856975
          wgpu 1d 352g 518c x3w 14ms | egraph 75g->372v+0snap 43ms | graft 44 (-257n, 0 snap) cpu 0 | f64 20 | gen 1.7s | dropped inexpr 14 oversz 0 unbuild 0 {}
  49     0     100               0      14.0277974      19.7978639      22.5481507      160.400932     0.335886429     0.216554248
  49     1      50               0      1.06564085      1.00433654      4.67808408      19.7223128    0.0255160726    0.0109856975
          wgpu 1d 269g 465c x3w 11ms | egraph 59g->319v+0snap 26ms | graft 32 (-189n, 0 snap) cpu 0 | f64 20 | gen 1.3s | dropped inexpr 11 oversz 0 unbuild 0 {}
  50     0     100               0      14.0277974      19.7978639      22.5481507      160.400932     0.335886429     0.216554248
  50     1      50               0      1.06564085      1.00433654      4.67808408      19.7223128    0.0255160726    0.0109856975
          wgpu 1d 316g 528c x3w 14ms | egraph 65g->382v+0snap 34ms | graft 36 (-170n, 0 snap) cpu 0 | f64 20 | gen 1.3s | dropped inexpr 12 oversz 0 unbuild 0 {}
--------- pump migration: intra (promote-2 + intake-reset) ---------
  51     0     100               0      14.0277974      19.7978639      22.5481507      160.400932     0.335886429     0.216554248
  51     1      50               0      14.0277974      19.7978639      22.5481507      160.400932     0.335886429     0.216554248
          wgpu 2d 536g 666c x3w 19ms | egraph 158g->440v+0snap 111ms | graft 47 (-256n, 0 snap) cpu 0 | f64 30 | gen 1.2s | dropped inexpr 14 oversz 0 unbuild 0 {}
  52     0     100               0      14.0277974      19.7978639      22.5481507      160.400932     0.335886429     0.216554248
  52     1      50               0      14.0277974      19.7978639      22.5481507      160.400932     0.335886429     0.216554248
          wgpu 1d 375g 563c x3w 29ms | egraph 81g->417v+0snap 70ms | graft 47 (-240n, 0 snap) cpu 0 | f64 20 | gen 1.4s | dropped inexpr 12 oversz 0 unbuild 0 {}
  53     0     100               0      14.0277974      19.7978639      22.5481507      160.400932     0.335886429     0.216554248
  53     1      50               0      14.0277974      19.7978639      22.5481507      160.400932     0.335886429     0.216554248
          wgpu 1d 373g 558c x3w 13ms | egraph 69g->412v+0snap 28ms | graft 41 (-248n, 0 snap) cpu 0 | f64 20 | gen 1.7s | dropped inexpr 8 oversz 0 unbuild 0 {}
  54     0     100               0      14.0277974      19.7978639      22.5481507      160.400932     0.335886429     0.216554248
  54     1      50               0      14.0277974      19.7978639      22.5481507      160.400932     0.335886429     0.216554248
          wgpu 1d 364g 576c x3w 11ms | egraph 79g->430v+0snap 46ms | graft 50 (-304n, 0 snap) cpu 0 | f64 20 | gen 1.1s | dropped inexpr 19 oversz 0 unbuild 0 {}
  55     0     100               0      14.0277974      19.7978639      22.5481507      160.400932     0.335886429     0.216554248
  55     1      50               0      1.08051055     0.989646356      4.74237966      16.0116777     0.025872118    0.0108250124
          wgpu 1d 333g 590c x3w 33ms | egraph 69g->444v+0snap 37ms | graft 46 (-268n, 0 snap) cpu 0 | f64 20 | gen 2.0s | dropped inexpr 7 oversz 0 unbuild 0 {}
  56     0     100               0      14.0277974      19.7978639      22.5481507      160.400932     0.335886429     0.216554248
  56     1      50               0      1.08051055     0.989646356      4.74237966      16.0116777     0.025872118    0.0108250124
          wgpu 1d 330g 515c x3w 10ms | egraph 71g->369v+0snap 51ms | graft 40 (-198n, 0 snap) cpu 0 | f64 20 | gen 0.9s | dropped inexpr 10 oversz 0 unbuild 0 {}
  57     0     100               0      14.0277974      19.7978639      22.5481507      160.400932     0.335886429     0.216554248
  57     1      50               0      1.08051055     0.989646356      4.74237966      16.0116777     0.025872118    0.0108250124
          wgpu 1d 307g 514c x3w 12ms | egraph 56g->368v+0snap 31ms | graft 38 (-216n, 0 snap) cpu 0 | f64 20 | gen 1.5s | dropped inexpr 12 oversz 0 unbuild 0 {}
  58     0     100               0      14.0277974      19.7978639      22.5481507      160.400932     0.335886429     0.216554248
  58     1      50               0      1.08051055     0.989646356      4.74237966      16.0116777     0.025872118    0.0108250124
          wgpu 1d 325g 461c x3w 13ms | egraph 68g->315v+0snap 43ms | graft 34 (-160n, 0 snap) cpu 0 | f64 20 | gen 1.3s | dropped inexpr 15 oversz 0 unbuild 0 {}
  59     0     100               0      14.0277974      19.7978639      22.5481507      160.400932     0.335886429     0.216554248
  59     1      50               0      1.08051055     0.989646356      4.74237966      16.0116777     0.025872118    0.0108250124
          wgpu 1d 250g 462c x3w 9ms | egraph 50g->316v+0snap 29ms | graft 30 (-146n, 0 snap) cpu 0 | f64 20 | gen 1.6s | dropped inexpr 9 oversz 0 unbuild 0 {}
  60     0     100               0      14.0277974      19.7978639      22.5481507      160.400932     0.335886429     0.216554248
  60     1      50               0      1.08051055     0.989646356      4.74237966      16.0116777     0.025872118    0.0108250124
          wgpu 1d 297g 475c x3w 11ms | egraph 70g->329v+0snap 51ms | graft 34 (-174n, 0 snap) cpu 0 | f64 20 | gen 1.1s | dropped inexpr 7 oversz 0 unbuild 0 {}
--------- pump migration: intra (promote-2 + intake-reset) + cross ---------
  61     0     100               0      14.0277974      19.7978639      22.5481507      160.400932     0.335886429     0.216554248
  61     1      50               0      1.08051055     0.989646356      4.74237966      16.0116777     0.025872118    0.0108250124
          wgpu 2d 536g 657c x3w 19ms | egraph 159g->431v+0snap 103ms | graft 49 (-249n, 0 snap) cpu 0 | f64 30 | gen 1.2s | dropped inexpr 15 oversz 0 unbuild 0 {}
  62     0     100               0      14.0277974      19.7978639      22.5481507      160.400932     0.335886429     0.216554248
  62     1      50               0      1.08051055     0.989646356      4.74237966      16.0116777     0.025872118    0.0108250124
          wgpu 1d 344g 533c x3w 13ms | egraph 83g->387v+0snap 37ms | graft 49 (-271n, 0 snap) cpu 0 | f64 20 | gen 1.2s | dropped inexpr 10 oversz 0 unbuild 0 {}
  63     0     100               0      14.0277974      19.7978639      22.5481507      160.400932     0.335886429     0.216554248
  63     1      50               0      1.08051055     0.989646356      4.74237966      16.0116777     0.025872118    0.0108250124
          wgpu 1d 328g 541c x3w 12ms | egraph 71g->395v+0snap 46ms | graft 35 (-191n, 0 snap) cpu 0 | f64 20 | gen 1.8s | dropped inexpr 17 oversz 0 unbuild 0 {}
  64     0     100               0      14.0277974      19.7978639      22.5481507      160.400932     0.335886429     0.216554248
  64     1      50               0      1.08051055     0.989646356      4.74237966      16.0116777     0.025872118    0.0108250124
          wgpu 1d 286g 472c x3w 13ms | egraph 46g->326v+0snap 29ms | graft 33 (-172n, 0 snap) cpu 0 | f64 20 | gen 1.2s | dropped inexpr 11 oversz 0 unbuild 0 {}
  65     0     100               0      14.0277974      19.7978639      22.5481507      160.400932     0.335886429     0.216554248
  65     1      50               0      1.08051055     0.989646356      4.74237966      16.0116777     0.025872118    0.0108250124
          wgpu 1d 287g 500c x3w 10ms | egraph 51g->354v+0snap 22ms | graft 32 (-185n, 0 snap) cpu 0 | f64 20 | gen 1.3s | dropped inexpr 12 oversz 0 unbuild 0 {}
  66     0     100               0      14.0277974      19.7978639      22.5481507      160.400932     0.335886429     0.216554248
  66     1      50               0      1.08051055     0.989646356      4.74237966      16.0116777     0.025872118    0.0108250124
          wgpu 1d 329g 496c x3w 13ms | egraph 67g->350v+0snap 31ms | graft 37 (-253n, 0 snap) cpu 0 | f64 20 | gen 2.2s | dropped inexpr 14 oversz 0 unbuild 0 {}
  67     0     100               0      14.0277974      19.7978639      22.5481507      160.400932     0.335886429     0.216554248
  67     1      50               0      1.08051055     0.989646356      4.74237966      16.0116777     0.025872118    0.0108250124
          wgpu 1d 311g 502c x3w 25ms | egraph 46g->356v+0snap 31ms | graft 33 (-160n, 0 snap) cpu 0 | f64 20 | gen 1.2s | dropped inexpr 9 oversz 0 unbuild 0 {}
  68     0     100               0      14.0277974      19.7978639      22.5481507      160.400932     0.335886429     0.216554248
  68     1      50               0      1.08051055     0.989646356      4.74237966      16.0116777     0.025872118    0.0108250124
          wgpu 1d 329g 510c x3w 21ms | egraph 64g->364v+0snap 53ms | graft 36 (-183n, 0 snap) cpu 0 | f64 20 | gen 1.7s | dropped inexpr 13 oversz 0 unbuild 0 {}
  69     0     100               0      14.0277974      19.7978639      22.5481507      160.400932     0.335886429     0.216554248
  69     1      50               0      1.08051055     0.989646356      4.74237966      16.0116777     0.025872118    0.0108250124
          wgpu 1d 310g 479c x3w 12ms | egraph 70g->333v+0snap 52ms | graft 42 (-258n, 0 snap) cpu 0 | f64 20 | gen 1.3s | dropped inexpr 16 oversz 0 unbuild 0 {}
  70     0     100               0      14.0277974      19.7978639      22.5481507      160.400932     0.335886429     0.216554248
  70     1      50               0      1.08051055     0.989646356      4.74237966      16.0116777     0.025872118    0.0108250124
          wgpu 1d 303g 479c x3w 10ms | egraph 52g->333v+0snap 20ms | graft 30 (-183n, 0 snap) cpu 0 | f64 20 | gen 1.6s | dropped inexpr 9 oversz 0 unbuild 0 {}
--------- pump migration: intra (promote-2 + intake-reset) ---------
  71     0     100               0      14.0277974      19.7978639      22.5481507      160.400932     0.335886429     0.216554248
  71     1      50               0      14.0277974      19.7978639      22.5481507      160.400932     0.335886429     0.216554248
          wgpu 2d 510g 625c x3w 46ms | egraph 143g->399v+0snap 76ms | graft 47 (-292n, 0 snap) cpu 0 | f64 30 | gen 1.5s | dropped inexpr 14 oversz 0 unbuild 0 {}
  72     0     100               0      14.0277974      19.7978639      22.5481507      160.400932     0.335886429     0.216554248
  72     1      50               0      1.08051055     0.989646356      4.74237966      16.0116777     0.025872118    0.0108250124
          wgpu 1d 283g 430c x3w 18ms | egraph 50g->284v+0snap 42ms | graft 32 (-172n, 0 snap) cpu 0 | f64 20 | gen 1.4s | dropped inexpr 10 oversz 0 unbuild 0 {}
  73     0     100               0      14.0277974      19.7978639      22.5481507      160.400932     0.335886429     0.216554248
  73     1      50               0      1.08051055     0.989646356      4.74237966      16.0116777     0.025872118    0.0108250124
          wgpu 1d 266g 454c x3w 11ms | egraph 49g->308v+0snap 44ms | graft 33 (-175n, 0 snap) cpu 0 | f64 20 | gen 1.2s | dropped inexpr 9 oversz 0 unbuild 0 {}
  74     0     100               0      14.0277974      19.7978639      22.5481507      160.400932     0.335886429     0.216554248
  74     1      50               0      1.08051055     0.989646356      4.74237966      16.0116777     0.025872118    0.0108250124
          wgpu 1d 285g 440c x3w 9ms | egraph 50g->294v+0snap 30ms | graft 36 (-211n, 0 snap) cpu 0 | f64 20 | gen 0.9s | dropped inexpr 7 oversz 0 unbuild 0 {}
  75     0     100               0      14.0277974      19.7978639      22.5481507      160.400932     0.335886429     0.216554248
  75     1      50               0      1.08051055     0.989646356      4.74237966      16.0116777     0.025872118    0.0108250124
          wgpu 1d 340g 488c x3w 13ms | egraph 65g->342v+0snap 58ms | graft 43 (-243n, 0 snap) cpu 0 | f64 20 | gen 1.4s | dropped inexpr 18 oversz 0 unbuild 0 {}
  76     0     100               0      14.0277974      19.7978639      22.5481507      160.400932     0.335886429     0.216554248
  76     1      50               0      1.08051055     0.989646356      4.74237966      16.0116777     0.025872118    0.0108250124
          wgpu 1d 304g 482c x3w 13ms | egraph 63g->336v+0snap 44ms | graft 36 (-179n, 0 snap) cpu 0 | f64 20 | gen 1.5s | dropped inexpr 18 oversz 0 unbuild 0 {}
  77     0     100               0      14.0277974      19.7978639      22.5481507      160.400932     0.335886429     0.216554248
  77     1      50               0      1.08051055     0.989646356      4.74237966      16.0116777     0.025872118    0.0108250124
          wgpu 1d 303g 461c x3w 10ms | egraph 50g->315v+0snap 47ms | graft 36 (-184n, 0 snap) cpu 0 | f64 20 | gen 1.7s | dropped inexpr 13 oversz 0 unbuild 0 {}
  78     0     100               0      14.0277974      19.7978639      22.5481507      160.400932     0.335886429     0.216554248
  78     1      50               0      1.08051055     0.989646356      4.74237966      16.0116777     0.025872118    0.0108250124
          wgpu 1d 286g 462c x3w 13ms | egraph 54g->316v+0snap 45ms | graft 35 (-178n, 0 snap) cpu 0 | f64 20 | gen 1.5s | dropped inexpr 11 oversz 0 unbuild 0 {}
  79     0     100               0      14.0277974      19.7978639      22.5481507      160.400932     0.335886429     0.216554248
  79     1      50               0      1.08051055     0.989646356      4.74237966      16.0116777     0.025872118    0.0108250124
          wgpu 1d 283g 462c x3w 9ms | egraph 57g->316v+0snap 23ms | graft 30 (-192n, 0 snap) cpu 0 | f64 20 | gen 1.8s | dropped inexpr 12 oversz 0 unbuild 0 {}
  80     0     100               0      14.0277974      19.7978639      22.5481507      160.400932     0.335886429     0.216554248
  80     1      50               0      1.08051055     0.989646356      4.74237966      16.0116777     0.025872118    0.0108250124
          wgpu 1d 291g 482c x3w 12ms | egraph 44g->336v+0snap 19ms | graft 27 (-159n, 0 snap) cpu 0 | f64 20 | gen 1.4s | dropped inexpr 11 oversz 0 unbuild 0 {}
--------- pump migration: intra (promote-2 + intake-reset) ---------
  81     0     100               0      14.0277974      19.7978639      22.5481507      160.400932     0.335886429     0.216554248
  81     1      50               0      1.08051055     0.989646356      4.74237966      16.0116777     0.025872118    0.0108250124
          wgpu 2d 487g 590c x3w 25ms | egraph 138g->364v+0snap 76ms | graft 40 (-190n, 0 snap) cpu 0 | f64 30 | gen 1.3s | dropped inexpr 8 oversz 0 unbuild 0 {}
  82     0     100               0      14.0277974      19.7978639      22.5481507      160.400932     0.335886429     0.216554248
  82     1      50               0      1.08051055     0.989646356      4.74237966      16.0116777     0.025872118    0.0108250124
          wgpu 1d 356g 555c x3w 28ms | egraph 58g->409v+0snap 35ms | graft 29 (-178n, 0 snap) cpu 0 | f64 20 | gen 1.3s | dropped inexpr 11 oversz 0 unbuild 0 {}
  83     0     100               0      14.0277974      19.7978639      22.5481507      160.400932     0.335886429     0.216554248
  83     1      50               0      1.08051055     0.989646356      4.74237966      16.0116777     0.025872118    0.0108250124
          wgpu 1d 320g 461c x3w 8ms | egraph 48g->315v+0snap 24ms | graft 37 (-204n, 0 snap) cpu 0 | f64 20 | gen 1.0s | dropped inexpr 14 oversz 0 unbuild 0 {}
  84     0     100               0      14.0277974      19.7978639      22.5481507      160.400932     0.335886429     0.216554248
  84     1      50               0      1.08051055     0.989646356      4.74237966      16.0116777     0.025872118    0.0108250124
          wgpu 1d 313g 474c x3w 10ms | egraph 49g->328v+0snap 28ms | graft 35 (-192n, 0 snap) cpu 0 | f64 20 | gen 1.3s | dropped inexpr 6 oversz 0 unbuild 0 {}
  85     0     100               0      14.0277974      19.7978639      22.5481507      160.400932     0.335886429     0.216554248
  85     1      50               0      1.08051055     0.989646356      4.74237966      16.0116777     0.025872118    0.0108250124
          wgpu 1d 322g 470c x3w 24ms | egraph 60g->324v+0snap 51ms | graft 34 (-209n, 0 snap) cpu 0 | f64 20 | gen 1.0s | dropped inexpr 9 oversz 0 unbuild 0 {}
  86     0     100               0      14.0277974      19.7978639      22.5481507      160.400932     0.335886429     0.216554248
  86     1      50               0      1.08051055     0.989646356      4.74237966      16.0116777     0.025872118    0.0108250124
          wgpu 1d 302g 499c x3w 13ms | egraph 52g->353v+0snap 38ms | graft 25 (-130n, 0 snap) cpu 0 | f64 20 | gen 1.2s | dropped inexpr 9 oversz 0 unbuild 0 {}
  87     0     100               0      14.0277974      19.7978639      22.5481507      160.400932     0.335886429     0.216554248
  87     1      50               0      1.08051055     0.989646356      4.74237966      16.0116777     0.025872118    0.0108250124
          wgpu 1d 307g 502c x3w 12ms | egraph 52g->356v+0snap 25ms | graft 33 (-212n, 0 snap) cpu 0 | f64 20 | gen 1.8s | dropped inexpr 11 oversz 0 unbuild 0 {}
  88     0     100               0      14.0277974      19.7978639      22.5481507      160.400932     0.335886429     0.216554248
  88     1      50               0      1.08051055     0.989646356      4.74237966      16.0116777     0.025872118    0.0108250124
          wgpu 1d 292g 508c x3w 10ms | egraph 49g->362v+0snap 26ms | graft 35 (-190n, 0 snap) cpu 0 | f64 20 | gen 1.2s | dropped inexpr 6 oversz 0 unbuild 0 {}
  89     0     100               0      14.0277974      19.7978639      22.5481507      160.400932     0.335886429     0.216554248
  89     1      50               0      1.08051055     0.989646356      4.74237966      16.0116777     0.025872118    0.0108250124
          wgpu 1d 358g 497c x3w 11ms | egraph 74g->351v+0snap 36ms | graft 33 (-196n, 0 snap) cpu 0 | f64 20 | gen 1.2s | dropped inexpr 15 oversz 0 unbuild 0 {}
  90     0     100               0      14.0277974      19.7978639      22.5481507      160.400932     0.335886429     0.216554248
  90     1      50               0      1.08051055     0.989646356      4.74237966      16.0116777     0.025872118    0.0108250124
          wgpu 1d 307g 513c x3w 16ms | egraph 45g->367v+0snap 25ms | graft 25 (-149n, 0 snap) cpu 0 | f64 20 | gen 1.5s | dropped inexpr 6 oversz 0 unbuild 0 {}
--------- pump migration: intra (promote-2 + intake-reset) + cross ---------
  91     0     100               0      14.0277974      19.7978639      22.5481507      160.400932     0.335886429     0.216554248
  91     1      50               0      1.08051055     0.989646356      4.74237966      16.0116777     0.025872118    0.0108250124
          wgpu 2d 496g 621c x3w 27ms | egraph 133g->395v+0snap 78ms | graft 53 (-268n, 0 snap) cpu 0 | f64 30 | gen 2.2s | dropped inexpr 18 oversz 0 unbuild 0 {}
  92     0     100               0      14.0277974      19.7978639      22.5481507      160.400932     0.335886429     0.216554248
  92     1      50               0      1.08051055     0.989646356      4.74237966      16.0116777     0.025872118    0.0108250124
          wgpu 1d 310g 529c x3w 13ms | egraph 61g->383v+0snap 28ms | graft 38 (-237n, 0 snap) cpu 0 | f64 20 | gen 1.8s | dropped inexpr 11 oversz 0 unbuild 0 {}
  93     0     100               0      14.0277974      19.7978639      22.5481507      160.400932     0.335886429     0.216554248
  93     1      50               0      1.08051055     0.989646356      4.74237966      16.0116777     0.025872118    0.0108250124
          wgpu 1d 317g 526c x3w 13ms | egraph 58g->380v+0snap 32ms | graft 42 (-203n, 0 snap) cpu 0 | f64 20 | gen 2.3s | dropped inexpr 9 oversz 0 unbuild 0 {}
  94     0     100               0      14.0277974      19.7978639      22.5481507      160.400932     0.335886429     0.216554248
  94     1      50               0      1.08051055     0.989646356      4.74237966      16.0116777     0.025872118    0.0108250124
          wgpu 1d 313g 527c x3w 13ms | egraph 49g->381v+0snap 28ms | graft 37 (-228n, 0 snap) cpu 0 | f64 20 | gen 1.3s | dropped inexpr 11 oversz 0 unbuild 0 {}
  95     0     100               0      14.0277974      19.7978639      22.5481507      160.400932     0.335886429     0.216554248
  95     1      50               0      1.08051055     0.989646356      4.74237966      16.0116777     0.025872118    0.0108250124
          wgpu 1d 268g 530c x3w 12ms | egraph 42g->384v+0snap 41ms | graft 24 (-134n, 0 snap) cpu 0 | f64 20 | gen 1.0s | dropped inexpr 6 oversz 0 unbuild 0 {}
  96     0     100               0      14.0277974      19.7978639      22.5481507      160.400932     0.335886429     0.216554248
  96     1      50               0      1.08051055     0.989646356      4.74237966      16.0116777     0.025872118    0.0108250124
          wgpu 1d 286g 485c x3w 9ms | egraph 51g->339v+0snap 24ms | graft 26 (-153n, 0 snap) cpu 0 | f64 20 | gen 1.0s | dropped inexpr 8 oversz 0 unbuild 0 {}
  97     0     100               0      14.0277974      19.7978639      22.5481507      160.400932     0.335886429     0.216554248
  97     1      50               0      1.08051055     0.989646356      4.74237966      16.0116777     0.025872118    0.0108250124
          wgpu 1d 305g 518c x3w 15ms | egraph 53g->372v+0snap 26ms | graft 38 (-237n, 0 snap) cpu 0 | f64 20 | gen 1.6s | dropped inexpr 12 oversz 0 unbuild 0 {}
  98     0     100               0      14.0277974      19.7978639      22.5481507      160.400932     0.335886429     0.216554248
  98     1      50               0      1.08051055     0.989646356      4.74237966      16.0116777     0.025872118    0.0108250124
          wgpu 1d 324g 510c x3w 13ms | egraph 47g->364v+0snap 20ms | graft 36 (-228n, 0 snap) cpu 0 | f64 20 | gen 1.4s | dropped inexpr 11 oversz 0 unbuild 0 {}
  99     0     100               0      14.0277974      19.7978639      22.5481507      160.400932     0.335886429     0.216554248
  99     1      50               0      1.08051055     0.989646356      4.74237966      16.0116777     0.025872118    0.0108250124
          wgpu 1d 346g 496c x3w 11ms | egraph 48g->350v+0snap 31ms | graft 37 (-217n, 0 snap) cpu 0 | f64 20 | gen 1.5s | dropped inexpr 14 oversz 0 unbuild 0 {}
 100     0     100               0      14.0277974      19.7978639      22.5481507      160.400932     0.335886429     0.216554248
 100     1      50               0      1.08051055     0.989646356      4.74237966      16.0116777     0.025872118    0.0108250124
          wgpu 1d 317g 523c x3w 10ms | egraph 48g->377v+0snap 22ms | graft 33 (-184n, 0 snap) cpu 0 | f64 20 | gen 1.1s | dropped inexpr 7 oversz 0 unbuild 0 {}
--------- pump migration: intra (promote-2 + intake-reset) ---------
 101     0     100               0      22.0289455      45.3389588      46.6307513      247.788456     0.527468683     0.495929469
 101     1      50               0      1.08051055     0.989646356      4.74237966      16.0116777     0.025872118    0.0108250124
          wgpu 2d 486g 571c x3w 16ms | egraph 138g->345v+0snap 67ms | graft 44 (-220n, 0 snap) cpu 0 | f64 30 | gen 1.4s | dropped inexpr 9 oversz 0 unbuild 0 {}
 102     0     100               0      22.0289455      45.3389588      46.6307513      247.788456     0.527468683     0.495929469
 102     1      50               0      14.0277974      19.7978639      22.5481507      160.400932     0.335886429     0.216554248
          wgpu 1d 307g 409c x3w 16ms | egraph 72g->263v+0snap 61ms | graft 29 (-148n, 0 snap) cpu 0 | f64 20 | gen 1.7s | dropped inexpr 7 oversz 0 unbuild 0 {}
 103     0     100               0      22.0289455      45.3389588      46.6307513      247.788456     0.527468683     0.495929469
 103     1      50               0      14.0277974      19.7978639      22.5481507      160.400932     0.335886429     0.216554248
          wgpu 1d 208g 266c x3w 7ms | egraph 44g->120v+0snap 19ms | graft 15 (-66n, 0 snap) cpu 0 | f64 20 | gen 0.8s | dropped inexpr 3 oversz 0 unbuild 0 {}
 104     0     100               0      22.0289455      45.3389588      46.6307513      247.788456     0.527468683     0.495929469
 104     1      50               0      1.08051055     0.989646356      4.74237966      16.0116777     0.025872118    0.0108250124
          wgpu 1d 223g 271c x3w 15ms | egraph 75g->125v+0snap 38ms | graft 20 (-93n, 0 snap) cpu 0 | f64 20 | gen 0.3s | dropped inexpr 5 oversz 0 unbuild 0 {}
 105     0     100               0      22.0289455      45.3389588      46.6307513      247.788456     0.527468683     0.495929469
 105     1      50               0      1.08051055     0.989646356      4.74237966      16.0116777     0.025872118    0.0108250124
          wgpu 1d 170g 203c x3w 21ms | egraph 55g->57v+0snap 38ms | graft 10 (-32n, 0 snap) cpu 0 | f64 20 | gen 0.7s | dropped inexpr 1 oversz 0 unbuild 0 {}
 106     0     100               0      22.0289455      45.3389588      46.6307513      247.788456     0.527468683     0.495929469
 106     1      50               0      1.08051055     0.989646356      4.74237966      16.0116777     0.025872118    0.0108250124
          wgpu 1d 197g 217c x3w 11ms | egraph 62g->71v+0snap 27ms | graft 14 (-61n, 0 snap) cpu 0 | f64 20 | gen 0.7s | dropped inexpr 3 oversz 0 unbuild 0 {}
 107     0     100               0      22.0289455      45.3389588      46.6307513      247.788456     0.527468683     0.495929469
 107     1      50               0      1.08051055     0.989646356      4.74237966      16.0116777     0.025872118    0.0108250124
          wgpu 1d 175g 206c x3w 5ms | egraph 62g->60v+0snap 31ms | graft 12 (-75n, 0 snap) cpu 0 | f64 20 | gen 0.6s | dropped inexpr 1 oversz 0 unbuild 0 {}
 108     0     100               0      22.0289455      45.3389588      46.6307513      247.788456     0.527468683     0.495929469
 108     1      50               0      1.08051055     0.989646356      4.74237966      16.0116777     0.025872118    0.0108250124
          wgpu 1d 154g 200c x3w 5ms | egraph 45g->54v+0snap 24ms | graft 7 (-29n, 0 snap) cpu 0 | f64 20 | gen 0.4s | dropped inexpr 2 oversz 0 unbuild 0 {}
 109     0     100               0      22.0289455      45.3389588      46.6307513      247.788456     0.527468683     0.495929469
 109     1      50               0      1.08051055     0.989646356      4.74237966      16.0116777     0.025872118    0.0108250124
          wgpu 1d 178g 210c x3w 5ms | egraph 52g->64v+0snap 35ms | graft 15 (-68n, 0 snap) cpu 0 | f64 20 | gen 0.6s | dropped inexpr 1 oversz 0 unbuild 0 {}
 110     0     100               0      22.0289455      45.3389588      46.6307513      247.788456     0.527468683     0.495929469
 110     1      50               0      1.08051055     0.989646356      4.74237966      16.0116777     0.025872118    0.0108250124
          wgpu 1d 181g 207c x3w 23ms | egraph 44g->61v+0snap 24ms | graft 10 (-43n, 0 snap) cpu 0 | f64 20 | gen 0.5s | dropped inexpr 1 oversz 0 unbuild 0 {}
--------- pump migration: intra (promote-2 + intake-reset) ---------
 111     0     100               0      22.0289455      45.3389588      46.6307513      247.788456     0.527468683     0.495929469
 111     1      50               0      1.08051055     0.989646356      4.74237966      16.0116777     0.025872118    0.0108250124
          wgpu 2d 379g 368c x3w 22ms | egraph 139g->142v+0snap 61ms | graft 33 (-209n, 0 snap) cpu 0 | f64 30 | gen 0.7s | dropped inexpr 4 oversz 0 unbuild 0 {}
 112     0     100               0      22.0289455      45.3389588      46.6307513      247.788456     0.527468683     0.495929469
 112     1      50               0      1.08051055     0.989646356      4.74237966      16.0116777     0.025872118    0.0108250124
          wgpu 1d 205g 241c x3w 6ms | egraph 70g->95v+0snap 31ms | graft 20 (-119n, 0 snap) cpu 0 | f64 20 | gen 1.0s | dropped inexpr 4 oversz 0 unbuild 0 {}
 113     0     100               0      22.0289455      45.3389588      46.6307513      247.788456     0.527468683     0.495929469
 113     1      50               0      1.08051055     0.989646356      4.74237966      16.0116777     0.025872118    0.0108250124
          wgpu 1d 146g 189c x3w 5ms | egraph 38g->43v+0snap 43ms | graft 8 (-28n, 0 snap) cpu 0 | f64 20 | gen 0.6s | dropped inexpr 1 oversz 0 unbuild 0 {}
 114     0     100               0      22.0289455      45.3389588      46.6307513      247.788456     0.527468683     0.495929469
 114     1      50               0      1.08051055     0.989646356      4.74237966      16.0116777     0.025872118    0.0108250124
          wgpu 1d 160g 187c x3w 14ms | egraph 42g->41v+0snap 22ms | graft 7 (-55n, 0 snap) cpu 0 | f64 20 | gen 1.0s | dropped inexpr 1 oversz 0 unbuild 0 {}
 115     0     100               0      8.88277285       10.803402      17.1664025      162.124051     0.212692182     0.118170455
 115     1      50               0      1.08051055     0.989646356      4.74237966      16.0116777     0.025872118    0.0108250124
          wgpu 1d 205g 263c x3w 9ms | egraph 49g->117v+0snap 27ms | graft 26 (-132n, 0 snap) cpu 0 | f64 20 | gen 0.9s | dropped inexpr 1 oversz 0 unbuild 0 {}
 116     0     100               0      8.88277285       10.803402      17.1664025      162.124051     0.212692182     0.118170455
 116     1      50               0      1.08051055     0.989646356      4.74237966      16.0116777     0.025872118    0.0108250124
          wgpu 1d 241g 311c x3w 22ms | egraph 82g->165v+0snap 36ms | graft 36 (-196n, 0 snap) cpu 0 | f64 20 | gen 1.7s | dropped inexpr 2 oversz 0 unbuild 0 {}
 117     0     100               0      8.88277285       10.803402      17.1664025      162.124051     0.212692182     0.118170455
 117     1      50               0      1.08051055     0.989646356      4.74237966      16.0116777     0.025872118    0.0108250124
          wgpu 1d 246g 320c x3w 10ms | egraph 74g->174v+0snap 39ms | graft 37 (-181n, 0 snap) cpu 0 | f64 20 | gen 1.2s
 118     0     100               0      8.88277285       10.803402      17.1664025      162.124051     0.212692182     0.118170455
 118     1      50               0      1.08051055     0.989646356      4.74237966      16.0116777     0.025872118    0.0108250124
          wgpu 1d 235g 323c x3w 19ms | egraph 68g->177v+0snap 26ms | graft 41 (-214n, 0 snap) cpu 0 | f64 20 | gen 1.7s | dropped inexpr 1 oversz 0 unbuild 0 {}
 119     0     100               0      8.88277285       10.803402      17.1664025      162.124051     0.212692182     0.118170455
 119     1      50               0      1.08051055     0.989646356      4.74237966      16.0116777     0.025872118    0.0108250124
          wgpu 1d 235g 328c x3w 18ms | egraph 68g->182v+0snap 35ms | graft 35 (-162n, 0 snap) cpu 0 | f64 20 | gen 1.7s | dropped inexpr 2 oversz 0 unbuild 0 {}
 120     0     100               0      8.88277285       10.803402      17.1664025      162.124051     0.212692182     0.118170455
 120     1      50               0      1.08051055     0.989646356      4.74237966      16.0116777     0.025872118    0.0108250124
          wgpu 1d 238g 316c x3w 7ms | egraph 68g->170v+0snap 29ms | graft 34 (-161n, 0 snap) cpu 0 | f64 20 | gen 0.9s
--------- pump migration: intra (promote-2 + intake-reset) + cross ---------
 121     0     100               0      8.88277285       10.803402      17.1664025      162.124051     0.212692182     0.118170455
 121     1      50               0      1.08051055     0.989646356      4.74237966      16.0116777     0.025872118    0.0108250124
          wgpu 2d 458g 518c x3w 16ms | egraph 151g->292v+0snap 71ms | graft 56 (-249n, 0 snap) cpu 0 | f64 30 | gen 2.1s
 122     0     100               0      8.88277285       10.803402      17.1664025      162.124051     0.212692182     0.118170455
 122     1      50               0     0.611666722     0.727433342      3.98936817       9.0874327    0.0146459593   0.00795685742
          wgpu 1d 249g 369c x3w 10ms | egraph 71g->223v+0snap 35ms | graft 48 (-234n, 0 snap) cpu 0 | f64 20 | gen 1.5s
 123     0     100               0      8.88277285       10.803402      17.1664025      162.124051     0.212692182     0.118170455
 123     1      50               0     0.611666722     0.727433342      3.98936817       9.0874327    0.0146459593   0.00795685742
          wgpu 1d 264g 337c x3w 11ms | egraph 78g->191v+0snap 56ms | graft 39 (-193n, 0 snap) cpu 0 | f64 20 | gen 1.9s
 124     0     100               0      8.88277285       10.803402      17.1664025      162.124051     0.212692182     0.118170455
 124     1      50               0     0.611666722     0.727433342      3.98936817       9.0874327    0.0146459593   0.00795685742
          wgpu 1d 256g 341c x3w 10ms | egraph 69g->195v+0snap 66ms | graft 43 (-244n, 0 snap) cpu 0 | f64 20 | gen 1.3s | dropped inexpr 1 oversz 0 unbuild 0 {}
 125     0     100               0      8.88277285       10.803402      17.1664025      162.124051     0.212692182     0.118170455
 125     1      50               0     0.590856788     0.727200017      3.71376357      8.56618142    0.0141476791   0.00795430526
          wgpu 1d 236g 315c x3w 10ms | egraph 57g->169v+0snap 24ms | graft 28 (-142n, 0 snap) cpu 0 | f64 20 | gen 1.4s | dropped inexpr 2 oversz 0 unbuild 0 {}
 126     0     100               0      8.88277285       10.803402      17.1664025      162.124051     0.212692182     0.118170455
 126     1      50               0     0.590856788     0.727200017      3.71376357      8.56618142    0.0141476791   0.00795430526
          wgpu 1d 238g 333c x3w 10ms | egraph 52g->187v+0snap 27ms | graft 35 (-196n, 0 snap) cpu 0 | f64 20 | gen 1.7s | dropped inexpr 1 oversz 0 unbuild 0 {}
 127     0     100               0      8.88277285       10.803402      17.1664025      162.124051     0.212692182     0.118170455
 127     1      50               0     0.590856788     0.727200017      3.71376357      8.56618142    0.0141476791   0.00795430526
          wgpu 1d 250g 316c x3w 10ms | egraph 61g->170v+0snap 33ms | graft 33 (-186n, 0 snap) cpu 0 | f64 20 | gen 1.6s | dropped inexpr 3 oversz 0 unbuild 0 {}
 128     0     100               0      8.88277285       10.803402      17.1664025      162.124051     0.212692182     0.118170455
 128     1      50               0     0.590856788     0.727200017      3.71376357      8.56618142    0.0141476791   0.00795430526
          wgpu 1d 252g 352c x3w 10ms | egraph 72g->206v+0snap 38ms | graft 34 (-140n, 0 snap) cpu 0 | f64 20 | gen 1.7s | dropped inexpr 3 oversz 0 unbuild 0 {}
 129     0     100               0      8.88277285       10.803402      17.1664025      162.124051     0.212692182     0.118170455
 129     1      50               0     0.590856788     0.727200017      3.71376357      8.56618142    0.0141476791   0.00795430526
          wgpu 1d 243g 313c x3w 9ms | egraph 66g->167v+0snap 41ms | graft 21 (-99n, 0 snap) cpu 0 | f64 20 | gen 1.1s | dropped inexpr 3 oversz 0 unbuild 0 {}
 130     0     100               0      8.88277285       10.803402      17.1664025      162.124051     0.212692182     0.118170455
 130     1      50               0     0.590856788     0.727200017      3.71376357      8.56618142    0.0141476791   0.00795430526
          wgpu 1d 220g 293c x3w 8ms | egraph 60g->147v+0snap 21ms | graft 28 (-132n, 0 snap) cpu 0 | f64 20 | gen 1.5s | dropped inexpr 3 oversz 0 unbuild 0 {}
--------- pump migration: intra (promote-2 + intake-reset) ---------
 131     0     100               0      8.88277285       10.803402      17.1664025      162.124051     0.212692182     0.118170455
 131     1      50               0     0.590856788     0.727200017      3.71376357      8.56618142    0.0141476791   0.00795430526
          wgpu 2d 409g 413c x3w 27ms | egraph 143g->187v+0snap 89ms | graft 40 (-202n, 0 snap) cpu 0 | f64 30 | gen 2.0s | dropped inexpr 1 oversz 0 unbuild 0 {}
 132     0     100               0      8.88277285       10.803402      17.1664025      162.124051     0.212692182     0.118170455
 132     1      50               0     0.590856788     0.727200017      3.71376357      8.56618142    0.0141476791   0.00795430526
          wgpu 1d 245g 276c x3w 23ms | egraph 75g->130v+0snap 34ms | graft 25 (-114n, 0 snap) cpu 0 | f64 20 | gen 1.3s | dropped inexpr 2 oversz 0 unbuild 0 {}
 133     0     100               0      8.88277285       10.803402      17.1664025      162.124051     0.212692182     0.118170455
 133     1      50               0     0.590856788     0.727200017      3.71376357      8.56618142    0.0141476791   0.00795430526
          wgpu 1d 233g 303c x3w 11ms | egraph 55g->157v+0snap 24ms | graft 28 (-128n, 0 snap) cpu 0 | f64 20 | gen 1.2s | dropped inexpr 1 oversz 0 unbuild 0 {}
 134     0     100               0      8.88277285       10.803402      17.1664025      162.124051     0.212692182     0.118170455
 134     1      50               0     0.590856788     0.727200017      3.71376357      8.56618142    0.0141476791   0.00795430526
          wgpu 1d 208g 277c x3w 10ms | egraph 55g->131v+0snap 81ms | graft 31 (-142n, 0 snap) cpu 0 | f64 20 | gen 1.4s | dropped inexpr 1 oversz 0 unbuild 0 {}
 135     0     100               0      8.88277285       10.803402      17.1664025      162.124051     0.212692182     0.118170455
 135     1      50               0     0.590856788     0.727200017      3.71376357      8.56618142    0.0141476791   0.00795430526
          wgpu 1d 268g 318c x3w 25ms | egraph 58g->172v+0snap 30ms | graft 41 (-237n, 0 snap) cpu 0 | f64 20 | gen 1.3s | dropped inexpr 5 oversz 0 unbuild 0 {}
 136     0     100               0      8.88277285       10.803402      17.1664025      162.124051     0.212692182     0.118170455
 136     1      50               0     0.590856788     0.727200017      3.71376357      8.56618142    0.0141476791   0.00795430526
          wgpu 1d 246g 327c x3w 21ms | egraph 56g->181v+0snap 27ms | graft 42 (-222n, 0 snap) cpu 0 | f64 20 | gen 1.6s | dropped inexpr 1 oversz 0 unbuild 0 {}
 137     0     100               0      8.88277285       10.803402      17.1664025      162.124051     0.212692182     0.118170455
 137     1      50               0     0.590856788     0.727200017      3.71376357      8.56618142    0.0141476791   0.00795430526
          wgpu 1d 241g 312c x3w 39ms | egraph 64g->166v+0snap 28ms | graft 30 (-139n, 0 snap) cpu 0 | f64 20 | gen 1.2s | dropped inexpr 4 oversz 0 unbuild 0 {}
 138     0     100               0      8.88277285       10.803402      17.1664025      162.124051     0.212692182     0.118170455
 138     1      50               0     0.590856788     0.727200017      3.71376357      8.56618142    0.0141476791   0.00795430526
          wgpu 1d 232g 313c x3w 6ms | egraph 50g->167v+0snap 24ms | graft 27 (-153n, 0 snap) cpu 0 | f64 20 | gen 1.1s
 139     0     100               0      8.88277285       10.803402      17.1664025      162.124051     0.212692182     0.118170455
 139     1      50               0     0.590856788     0.727200017      3.71376357      8.56618142    0.0141476791   0.00795430526
          wgpu 1d 263g 341c x3w 8ms | egraph 63g->195v+0snap 43ms | graft 39 (-202n, 0 snap) cpu 0 | f64 20 | gen 1.1s | dropped inexpr 3 oversz 0 unbuild 0 {}
 140     0     100               0      8.88277285       10.803402      17.1664025      162.124051     0.212692182     0.118170455
 140     1      50               0     0.590856788     0.727200017      3.71376357      8.56618142    0.0141476791   0.00795430526
          wgpu 1d 223g 310c x3w 22ms | egraph 49g->164v+0snap 26ms | graft 31 (-145n, 0 snap) cpu 0 | f64 20 | gen 1.0s
--------- pump migration: intra (promote-2 + intake-reset) ---------
 141     0     100               0      8.88277285       10.803402      17.1664025      162.124051     0.212692182     0.118170455
 141     1      50               0     0.590856788     0.727200017      3.71376357      8.56618142    0.0141476791   0.00795430526
          wgpu 2d 390g 446c x3w 18ms | egraph 121g->220v+0snap 66ms | graft 44 (-172n, 0 snap) cpu 0 | f64 30 | gen 1.4s | dropped inexpr 2 oversz 0 unbuild 0 {}
 142     0     100               0      8.88277285       10.803402      17.1664025      162.124051     0.212692182     0.118170455
 142     1      50               0      8.88277285       10.803402      17.1664025      162.124051     0.212692182     0.118170455
          wgpu 1d 258g 343c x3w 7ms | egraph 49g->197v+0snap 26ms | graft 37 (-209n, 0 snap) cpu 0 | f64 20 | gen 1.0s
 143     0     100               0      8.88277285       10.803402      17.1664025      162.124051     0.212692182     0.118170455
 143     1      50               0      8.88277285       10.803402      17.1664025      162.124051     0.212692182     0.118170455
          wgpu 1d 242g 326c x3w 6ms | egraph 50g->180v+0snap 20ms | graft 34 (-136n, 0 snap) cpu 0 | f64 20 | gen 1.1s | dropped inexpr 2 oversz 0 unbuild 0 {}
 144     0     100               0      8.88277285       10.803402      17.1664025      162.124051     0.212692182     0.118170455
 144     1      50               0      8.88277285       10.803402      17.1664025      162.124051     0.212692182     0.118170455
          wgpu 1d 276g 346c x3w 7ms | egraph 60g->200v+0snap 25ms | graft 46 (-184n, 0 snap) cpu 0 | f64 20 | gen 0.9s
 145     0     100               0      8.88277285       10.803402      17.1664025      162.124051     0.212692182     0.118170455
 145     1      50               0      8.88277285       10.803402      17.1664025      162.124051     0.212692182     0.118170455
          wgpu 1d 227g 338c x3w 10ms | egraph 49g->192v+0snap 50ms | graft 39 (-203n, 0 snap) cpu 0 | f64 20 | gen 1.3s | dropped inexpr 1 oversz 0 unbuild 0 {}
 146     0     100               0      8.88277285       10.803402      17.1664025      162.124051     0.212692182     0.118170455
 146     1      50               0     0.540901191     0.573989497      3.43938496       6.6932297     0.012951525   0.00627844825
          wgpu 1d 219g 311c x3w 9ms | egraph 47g->165v+0snap 28ms | graft 30 (-152n, 0 snap) cpu 0 | f64 20 | gen 1.6s
 147     0     100               0      8.88277285       10.803402      17.1664025      162.124051     0.212692182     0.118170455
 147     1      50               0     0.540901191     0.573989497      3.43938496       6.6932297     0.012951525   0.00627844825
          wgpu 1d 226g 294c x3w 8ms | egraph 59g->148v+0snap 35ms | graft 29 (-135n, 0 snap) cpu 0 | f64 20 | gen 0.9s | dropped inexpr 2 oversz 0 unbuild 0 {}
 148     0     100               0      8.88277285       10.803402      17.1664025      162.124051     0.212692182     0.118170455
 148     1      50               0     0.540901191     0.573989497      3.43938496       6.6932297     0.012951525   0.00627844825
          wgpu 1d 222g 302c x3w 8ms | egraph 56g->156v+0snap 25ms | graft 30 (-157n, 0 snap) cpu 0 | f64 20 | gen 1.2s
 149     0     100               0      8.88277285       10.803402      17.1664025      162.124051     0.212692182     0.118170455
 149     1      50               0     0.540901191     0.573989497      3.43938496       6.6932297     0.012951525   0.00627844825
          wgpu 1d 245g 338c x3w 9ms | egraph 41g->192v+0snap 19ms | graft 36 (-158n, 0 snap) cpu 0 | f64 20 | gen 1.7s
 150     0     100               0      8.88277285       10.803402      17.1664025      162.124051     0.212692182     0.118170455
 150     1      50               0     0.540901191     0.573989497      3.43938496       6.6932297     0.012951525   0.00627844825
          wgpu 1d 241g 311c x3w 38ms | egraph 50g->165v+0snap 25ms | graft 32 (-146n, 0 snap) cpu 0 | f64 20 | gen 1.2s | dropped inexpr 1 oversz 0 unbuild 0 {}
--------- pump migration: intra (promote-2 + intake-reset) + cross ---------
 151     0     100               0      8.88277285       10.803402      17.1664025      162.124051     0.212692182     0.118170455
 151     1      50               0      8.88277285       10.803402      17.1664025      162.124051     0.212692182     0.118170455
          wgpu 2d 407g 403c x3w 10ms | egraph 132g->177v+0snap 68ms | graft 43 (-203n, 0 snap) cpu 0 | f64 30 | gen 1.1s | dropped inexpr 1 oversz 0 unbuild 0 {}
 152     0     100               0      8.88277285       10.803402      17.1664025      162.124051     0.212692182     0.118170455
 152     1      50               0      8.88277285       10.803402      17.1664025      162.124051     0.212692182     0.118170455
          wgpu 1d 238g 320c x3w 11ms | egraph 51g->174v+0snap 25ms | graft 35 (-151n, 0 snap) cpu 0 | f64 20 | gen 1.9s
 153     0     100               0      8.88277285       10.803402      17.1664025      162.124051     0.212692182     0.118170455
 153     1      50               0     0.540901191     0.573989497      3.43938496       6.6932297     0.012951525   0.00627844825
          wgpu 1d 280g 399c x3w 12ms | egraph 56g->253v+0snap 24ms | graft 46 (-217n, 0 snap) cpu 0 | f64 20 | gen 1.7s
 154     0     100               0      8.88277285       10.803402      17.1664025      162.124051     0.212692182     0.118170455
 154     1      50               0     0.540901191     0.573989497      3.43938496       6.6932297     0.012951525   0.00627844825
          wgpu 1d 263g 355c x3w 10ms | egraph 57g->209v+0snap 22ms | graft 45 (-227n, 0 snap) cpu 0 | f64 20 | gen 1.4s
 155     0     100               0      8.88277285       10.803402      17.1664025      162.124051     0.212692182     0.118170455
 155     1      50               0     0.540901191     0.573989497      3.43938496       6.6932297     0.012951525   0.00627844825
          wgpu 1d 238g 349c x3w 15ms | egraph 53g->203v+0snap 19ms | graft 34 (-157n, 0 snap) cpu 0 | f64 20 | gen 1.2s
 156     0     100               0      8.88277285       10.803402      17.1664025      162.124051     0.212692182     0.118170455
 156     1      50               0     0.504908076     0.528195592      3.29031444      6.73584114    0.0120896934   0.00577754246
          wgpu 1d 250g 362c x3w 7ms | egraph 55g->216v+0snap 20ms | graft 34 (-157n, 0 snap) cpu 0 | f64 20 | gen 0.9s | dropped inexpr 1 oversz 0 unbuild 0 {}
 157     0     100               0      8.88277285       10.803402      17.1664025      162.124051     0.212692182     0.118170455
 157     1      50               0     0.504908076     0.528195592      3.29031444      6.73584114    0.0120896934   0.00577754246
          wgpu 1d 270g 361c x3w 10ms | egraph 61g->215v+0snap 21ms | graft 31 (-151n, 0 snap) cpu 0 | f64 20 | gen 1.3s | dropped inexpr 1 oversz 0 unbuild 0 {}
 158     0     100               0      8.88277285       10.803402      17.1664025      162.124051     0.212692182     0.118170455
 158     1      50               0     0.504908076     0.528195592      3.29031444      6.73584114    0.0120896934   0.00577754246
          wgpu 1d 262g 376c x3w 8ms | egraph 57g->230v+0snap 25ms | graft 37 (-186n, 0 snap) cpu 0 | f64 20 | gen 1.2s
 159     0     100               0      8.88277285       10.803402      17.1664025      162.124051     0.212692182     0.118170455
 159     1      50               0     0.504908076     0.528195592      3.29031444      6.73584114    0.0120896934   0.00577754246
          wgpu 1d 254g 327c x3w 22ms | egraph 42g->181v+0snap 13ms | graft 29 (-199n, 0 snap) cpu 0 | f64 20 | gen 1.5s | dropped inexpr 1 oversz 0 unbuild 0 {}
 160     0     100               0      8.88277285       10.803402      17.1664025      162.124051     0.212692182     0.118170455
 160     1      50               0     0.504908108     0.528195822      3.29031377      6.73584236    0.0120896942   0.00577754497
          wgpu 1d 249g 385c x3w 15ms | egraph 61g->239v+0snap 23ms | graft 34 (-159n, 0 snap) cpu 0 | f64 20 | gen 1.4s | dropped inexpr 1 oversz 0 unbuild 0 {}
--------- pump migration: intra (promote-2 + intake-reset) ---------
 161     0     100               0      8.88277285       10.803402      17.1664025      162.124051     0.212692182     0.118170455
 161     1      50               0      8.88277285       10.803402      17.1664025      162.124051     0.212692182     0.118170455
          wgpu 2d 410g 461c x3w 17ms | egraph 117g->235v+0snap 87ms | graft 39 (-165n, 0 snap) cpu 0 | f64 30 | gen 0.7s | dropped inexpr 4 oversz 0 unbuild 0 {}
 162     0     100               0      8.88277285       10.803402      17.1664025      162.124051     0.212692182     0.118170455
 162     1      50               0      8.88277285       10.803402      17.1664025      162.124051     0.212692182     0.118170455
          wgpu 1d 264g 393c x3w 7ms | egraph 56g->247v+0snap 30ms | graft 32 (-168n, 0 snap) cpu 0 | f64 20 | gen 0.9s
 163     0     100               0      8.88277285       10.803402      17.1664025      162.124051     0.212692182     0.118170455
 163     1      50               0     0.504908076     0.528195592      3.29031444      6.73584114    0.0120896934   0.00577754246
          wgpu 1d 312g 396c x3w 10ms | egraph 56g->250v+0snap 23ms | graft 44 (-219n, 0 snap) cpu 0 | f64 20 | gen 1.5s
 164     0     100               0      8.88277285       10.803402      17.1664025      162.124051     0.212692182     0.118170455
 164     1      50               0     0.504908076     0.528195592      3.29031444      6.73584114    0.0120896934   0.00577754246
          wgpu 1d 248g 352c x3w 6ms | egraph 48g->206v+0snap 18ms | graft 35 (-159n, 0 snap) cpu 0 | f64 20 | gen 1.0s | dropped inexpr 1 oversz 0 unbuild 0 {}
 165     0     100               0      8.88277285       10.803402      17.1664025      162.124051     0.212692182     0.118170455
 165     1      50               0     0.504908076     0.528195592      3.29031444      6.73584114    0.0120896934   0.00577754246
          wgpu 1d 270g 400c x3w 7ms | egraph 57g->254v+0snap 28ms | graft 36 (-140n, 0 snap) cpu 0 | f64 20 | gen 1.0s | dropped inexpr 2 oversz 0 unbuild 0 {}
 166     0     100               0      8.88277285       10.803402      17.1664025      162.124051     0.212692182     0.118170455
 166     1      50               0     0.504908076     0.528195592      3.29031444      6.73584114    0.0120896934   0.00577754246
          wgpu 1d 261g 347c x3w 12ms | egraph 50g->201v+0snap 22ms | graft 34 (-145n, 0 snap) cpu 0 | f64 20 | gen 1.3s | dropped inexpr 1 oversz 0 unbuild 0 {}
 167     0     100               0      8.88277285       10.803402      17.1664025      162.124051     0.212692182     0.118170455
 167     1      50               0     0.504908076     0.528195592      3.29031444      6.73584114    0.0120896934   0.00577754246
          wgpu 1d 262g 354c x3w 9ms | egraph 41g->208v+0snap 18ms | graft 34 (-176n, 0 snap) cpu 0 | f64 20 | gen 1.5s
 168     0     100               0      8.88277285       10.803402      17.1664025      162.124051     0.212692182     0.118170455
 168     1      50               0     0.504908076     0.528195592      3.29031444      6.73584114    0.0120896934   0.00577754246
          wgpu 1d 237g 340c x3w 10ms | egraph 43g->194v+0snap 18ms | graft 32 (-127n, 0 snap) cpu 0 | f64 20 | gen 1.5s
 169     0     100               0      8.88277285       10.803402      17.1664025      162.124051     0.212692182     0.118170455
 169     1      50               0     0.504908076     0.528195592      3.29031444      6.73584114    0.0120896934   0.00577754246
          wgpu 1d 233g 349c x3w 13ms | egraph 34g->203v+0snap 13ms | graft 31 (-162n, 0 snap) cpu 0 | f64 20 | gen 1.2s | dropped inexpr 1 oversz 0 unbuild 0 {}
 170     0     100               0      8.88277285       10.803402      17.1664025      162.124051     0.212692182     0.118170455
 170     1      50               0     0.504908076     0.528195592      3.29031444      6.73584114    0.0120896934   0.00577754246
          wgpu 1d 260g 384c x3w 9ms | egraph 59g->238v+0snap 26ms | graft 37 (-185n, 0 snap) cpu 0 | f64 20 | gen 1.1s | dropped inexpr 1 oversz 0 unbuild 0 {}
--------- pump migration: intra (promote-2 + intake-reset) ---------
 171     0     100               0      8.88277285       10.803402      17.1664025      162.124051     0.212692182     0.118170455
 171     1      50               0      8.88277285       10.803402      17.1664025      162.124051     0.212692182     0.118170455
          wgpu 2d 469g 601c x3w 22ms | egraph 133g->375v+0snap 65ms | graft 52 (-321n, 0 snap) cpu 0 | f64 30 | gen 1.1s | dropped inexpr 2 oversz 0 unbuild 0 {}
 172     0     100               0      8.88277285       10.803402      17.1664025      162.124051     0.212692182     0.118170455
 172     1      50               0      8.88277285       10.803402      17.1664025      162.124051     0.212692182     0.118170455
          wgpu 1d 297g 422c x3w 13ms | egraph 55g->276v+0snap 23ms | graft 44 (-190n, 0 snap) cpu 0 | f64 20 | gen 1.4s | dropped inexpr 1 oversz 0 unbuild 0 {}
 173     0     100               0      7.15475364      7.95249362      11.2612413      134.534655     0.171315893     0.086986469
 173     1      50               0      8.88277285       10.803402      17.1664025      162.124051     0.212692182     0.118170455
          wgpu 1d 279g 465c x3w 7ms | egraph 59g->319v+0snap 23ms | graft 43 (-157n, 0 snap) cpu 0 | f64 20 | gen 0.6s
 174     0     100               0      7.15475364      7.95249362      11.2612413      134.534655     0.171315893     0.086986469
 174     1      50               0     0.504908076     0.528195592      3.29031444      6.73584114    0.0120896934   0.00577754246
          wgpu 1d 291g 547c x3w 15ms | egraph 64g->401v+0snap 24ms | graft 32 (-108n, 0 snap) cpu 0 | f64 20 | gen 0.7s | dropped inexpr 1 oversz 0 unbuild 0 {}
 175     0     100               0      7.15475516      7.95248924      11.2612335      134.534652      0.17131593    0.0869864212
 175     1      50               0     0.504908076     0.528195592      3.29031444      6.73584114    0.0120896934   0.00577754246
          wgpu 1d 253g 540c x3w 6ms | egraph 60g->394v+0snap 19ms | graft 36 (-144n, 0 snap) cpu 0 | f64 20 | gen 0.8s
 176     0     100               0      7.15475516      7.95248924      11.2612335      134.534652      0.17131593    0.0869864212
 176     1      50               0     0.504908076     0.528195592      3.29031444      6.73584114    0.0120896934   0.00577754246
          wgpu 1d 264g 502c x3w 7ms | egraph 51g->356v+0snap 15ms | graft 29 (-107n, 0 snap) cpu 0 | f64 20 | gen 0.3s
 177     0     100               0      7.15475516      7.95248924      11.2612335      134.534652      0.17131593    0.0869864212
 177     1      50               0     0.504908076     0.528195592      3.29031444      6.73584114    0.0120896934   0.00577754246
          wgpu 1d 263g 511c x3w 7ms | egraph 62g->365v+0snap 19ms | graft 27 (-86n, 0 snap) cpu 0 | f64 20 | gen 0.3s
 178     0     100               0      7.15475364      7.95249362      11.2612413      134.534655     0.171315893     0.086986469
 178     1      50               0     0.504908076     0.528195592      3.29031444      6.73584114    0.0120896934   0.00577754246
          wgpu 1d 243g 523c x3w 7ms | egraph 45g->377v+0snap 24ms | graft 39 (-152n, 0 snap) cpu 0 | f64 20 | gen 0.4s | dropped inexpr 1 oversz 0 unbuild 0 {}
 179     0     100               0      7.15475516      7.95248924      11.2612335      134.534652      0.17131593    0.0869864212
 179     1      50               0     0.504908076     0.528195592      3.29031444      6.73584114    0.0120896934   0.00577754246
          wgpu 1d 238g 489c x3w 15ms | egraph 50g->343v+0snap 26ms | graft 29 (-99n, 0 snap) cpu 0 | f64 20 | gen 0.3s
 180     0     100               0      7.15475516      7.95248924      11.2612335      134.534652      0.17131593    0.0869864212
 180     1      50               0     0.504908076     0.528195592      3.29031444      6.73584114    0.0120896934   0.00577754246
          wgpu 1d 251g 501c x3w 16ms | egraph 55g->355v+0snap 18ms | graft 35 (-128n, 0 snap) cpu 0 | f64 20 | gen 0.3s
--------- pump migration: intra (promote-2 + intake-reset) + cross ---------
 181     0     100               0      7.15475364      7.95249362      11.2612413      134.534655     0.171315893     0.086986469
 181     1      50               0     0.504908076     0.528195592      3.29031444      6.73584114    0.0120896934   0.00577754246
          wgpu 2d 445g 642c x3w 12ms | egraph 130g->416v+0snap 46ms | graft 38 (-152n, 0 snap) cpu 0 | f64 30 | gen 0.3s | dropped inexpr 2 oversz 0 unbuild 0 {}
 182     0     100               0      7.15475364      7.95249362      11.2612413      134.534655     0.171315893     0.086986469
 182     1      50               0     0.504908076     0.528195592      3.29031444      6.73584114    0.0120896934   0.00577754246
          wgpu 1d 285g 517c x3w 8ms | egraph 52g->371v+0snap 29ms | graft 38 (-154n, 0 snap) cpu 0 | f64 20 | gen 0.4s
 183     0     100               0      7.15475364      7.95249362      11.2612413      134.534655     0.171315893     0.086986469
 183     1      50               0     0.276981351     0.315222707      2.06279962      1.50694937   0.00663213718   0.00344798897
          wgpu 1d 269g 533c x3w 7ms | egraph 42g->387v+0snap 15ms | graft 30 (-120n, 0 snap) cpu 0 | f64 20 | gen 0.3s
 184     0     100               0      7.15475364      7.95249362      11.2612413      134.534655     0.171315893     0.086986469
 184     1      50               0     0.504908076     0.528195592      3.29031444      6.73584114    0.0120896934   0.00577754246
          wgpu 1d 267g 507c x3w 9ms | egraph 49g->361v+0snap 18ms | graft 29 (-119n, 0 snap) cpu 0 | f64 20 | gen 0.3s | dropped inexpr 1 oversz 0 unbuild 0 {}
 185     0     100               0      7.15475364      7.95249362      11.2612413      134.534655     0.171315893     0.086986469
 185     1      50               0     0.504908076     0.528195592      3.29031444      6.73584114    0.0120896934   0.00577754246
          wgpu 1d 244g 501c x3w 7ms | egraph 41g->355v+0snap 20ms | graft 26 (-80n, 0 snap) cpu 0 | f64 20 | gen 0.3s
 186     0     100               0      7.15475364      7.95249362      11.2612413      134.534655     0.171315893     0.086986469
 186     1      50               0     0.504908076     0.528195592      3.29031444      6.73584114    0.0120896934   0.00577754246
          wgpu 1d 230g 489c x3w 6ms | egraph 32g->343v+0snap 11ms | graft 35 (-121n, 0 snap) cpu 0 | f64 20 | gen 0.4s
 187     0     100               0      7.15475364      7.95249362      11.2612413      134.534655     0.171315893     0.086986469
 187     1      50               0     0.504908076     0.528195592      3.29031444      6.73584114    0.0120896934   0.00577754246
          wgpu 1d 233g 515c x3w 6ms | egraph 38g->369v+0snap 22ms | graft 25 (-91n, 0 snap) cpu 0 | f64 20 | gen 0.3s
 188     0     100               0      7.15475364      7.95249362      11.2612413      134.534655     0.171315893     0.086986469
 188     1      50               0     0.504908076     0.528195592      3.29031444      6.73584114    0.0120896934   0.00577754246
          wgpu 1d 267g 514c x3w 8ms | egraph 47g->368v+0snap 20ms | graft 36 (-170n, 0 snap) cpu 0 | f64 20 | gen 0.5s
 189     0     100               0      7.15475364      7.95249362      11.2612413      134.534655     0.171315893     0.086986469
 189     1      50               0     0.504908076     0.528195592      3.29031444      6.73584114    0.0120896934   0.00577754246
          wgpu 1d 258g 514c x3w 7ms | egraph 34g->368v+0snap 11ms | graft 40 (-152n, 0 snap) cpu 0 | f64 20 | gen 0.3s
 190     0     100               0      7.15475364      7.95249362      11.2612413      134.534655     0.171315893     0.086986469
 190     1      50               0     0.504908076     0.528195592      3.29031444      6.73584114    0.0120896934   0.00577754246
          wgpu 1d 214g 500c x3w 8ms | egraph 44g->354v+0snap 21ms | graft 29 (-100n, 0 snap) cpu 0 | f64 20 | gen 0.4s | dropped inexpr 1 oversz 0 unbuild 0 {}
--------- pump migration: intra (promote-2 + intake-reset) ---------
 191     0     100               0      7.15475364      7.95249362      11.2612413      134.534655     0.171315893     0.086986469
 191     1      50               0     0.504908076     0.528195592      3.29031444      6.73584114    0.0120896934   0.00577754246
          wgpu 2d 399g 670c x3w 14ms | egraph 91g->444v+0snap 33ms | graft 45 (-196n, 0 snap) cpu 0 | f64 30 | gen 0.3s
 192     0     100               0      7.15475364      7.95249362      11.2612413      134.534655     0.171315893     0.086986469
 192     1      50               0     0.504908076     0.528195592      3.29031444      6.73584114    0.0120896934   0.00577754246
          wgpu 1d 251g 509c x3w 20ms | egraph 31g->363v+0snap 12ms | graft 28 (-106n, 0 snap) cpu 0 | f64 20 | gen 0.4s
 193     0     100               0      7.15475364      7.95249362      11.2612413      134.534655     0.171315893     0.086986469
 193     1      50               0     0.504908076     0.528195592      3.29031444      6.73584114    0.0120896934   0.00577754246
          wgpu 1d 254g 496c x3w 6ms | egraph 38g->350v+0snap 13ms | graft 33 (-114n, 0 snap) cpu 0 | f64 20 | gen 0.4s
 194     0     100               0      7.15475364      7.95249362      11.2612413      134.534655     0.171315893     0.086986469
 194     1      50               0     0.171402537     0.247232487      2.96814667       5.2008047   0.00410412156   0.00270429404
          wgpu 1d 236g 495c x3w 6ms | egraph 32g->349v+0snap 12ms | graft 25 (-98n, 0 snap) cpu 0 | f64 20 | gen 0.4s
 195     0     100               0      7.15475364      7.95249362      11.2612413      134.534655     0.171315893     0.086986469
 195     1      50               0     0.171402537     0.247232487      2.96814667       5.2008047   0.00410412156   0.00270429404
          wgpu 1d 254g 486c x3w 6ms | egraph 52g->340v+0snap 15ms | graft 25 (-88n, 0 snap) cpu 0 | f64 20 | gen 0.3s
 196     0     100               0      7.15475364      7.95249362      11.2612413      134.534655     0.171315893     0.086986469
 196     1      50               0     0.135458819     0.204256491      3.00681422      4.70413879   0.00324347278   0.00223421128
          wgpu 1d 287g 512c x3w 6ms | egraph 60g->366v+0snap 25ms | graft 29 (-125n, 0 snap) cpu 0 | f64 20 | gen 0.3s
 197     0     100               0      7.15475364      7.95249362      11.2612413      134.534655     0.171315893     0.086986469
 197     1      50               0     0.135458819     0.204256491      3.00681422      4.70413879   0.00324347278   0.00223421128
          wgpu 1d 282g 493c x3w 9ms | egraph 49g->347v+0snap 21ms | graft 38 (-156n, 0 snap) cpu 0 | f64 20 | gen 0.3s
 198     0     100               0      7.15475364      7.95249362      11.2612413      134.534655     0.171315893     0.086986469
 198     1      50               0     0.135458819     0.204256491      3.00681422      4.70413879   0.00324347278   0.00223421128
          wgpu 1d 217g 504c x3w 6ms | egraph 38g->358v+0snap 17ms | graft 26 (-93n, 0 snap) cpu 0 | f64 20 | gen 0.5s
 199     0     100               0      7.15475364      7.95249362      11.2612413      134.534655     0.171315893     0.086986469
 199     1      50               0     0.135458819     0.204256491      3.00681422      4.70413879   0.00324347278   0.00223421128
          wgpu 1d 235g 519c x3w 6ms | egraph 50g->373v+0snap 37ms | graft 38 (-146n, 0 snap) cpu 0 | f64 20 | gen 0.4s
 200     0     100               0      7.15475516      7.95248924      11.2612335      134.534652      0.17131593    0.0869864212
 200     1      50               0     0.135458819     0.204256491      3.00681422      4.70413879   0.00324347278   0.00223421128
          wgpu 1d 271g 494c x3w 7ms | egraph 50g->348v+0snap 24ms | graft 31 (-109n, 0 snap) cpu 0 | f64 20 | gen 0.5s | dropped inexpr 1 oversz 0 unbuild 0 {}
--------- pump migration: intra (promote-2 + intake-reset) ---------
 201     0     100               0      7.15475516      7.95248924      11.2612335      134.534652      0.17131593    0.0869864212
 201     1      50               0      7.15475516      7.95248924      11.2612335      134.534652      0.17131593    0.0869864212
          wgpu 2d 452g 723c x3w 19ms | egraph 124g->497v+0snap 44ms | graft 47 (-190n, 0 snap) cpu 0 | f64 30 | gen 0.3s
 202     0     100               0      7.15475516      7.95248924      11.2612335      134.534652      0.17131593    0.0869864212
 202     1      50               0      7.15475516      7.95248924      11.2612335      134.534652      0.17131593    0.0869864212
          wgpu 1d 285g 600c x3w 8ms | egraph 44g->454v+0snap 17ms | graft 41 (-147n, 0 snap) cpu 0 | f64 20 | gen 0.4s | dropped inexpr 1 oversz 0 unbuild 0 {}
 203     0     100               0      7.15475516      7.95248924      11.2612335      134.534652      0.17131593    0.0869864212
 203     1      50               0      7.15475516      7.95248924      11.2612335      134.534652      0.17131593    0.0869864212
          wgpu 1d 266g 604c x3w 7ms | egraph 41g->458v+0snap 14ms | graft 40 (-153n, 0 snap) cpu 0 | f64 20 | gen 0.3s
 204     0     100               0      7.15475516      7.95248924      11.2612335      134.534652      0.17131593    0.0869864212
 204     1      50               0      7.15475516      7.95248924      11.2612335      134.534652      0.17131593    0.0869864212
          wgpu 1d 283g 642c x3w 7ms | egraph 46g->496v+0snap 15ms | graft 43 (-181n, 0 snap) cpu 0 | f64 20 | gen 0.5s
 205     0     100               0      7.15475516      7.95248924      11.2612335      134.534652      0.17131593    0.0869864212
 205     1      50               0      7.15475516      7.95248924      11.2612335      134.534652      0.17131593    0.0869864212
          wgpu 1d 230g 621c x3w 12ms | egraph 33g->475v+0snap 11ms | graft 27 (-115n, 0 snap) cpu 0 | f64 20 | gen 0.3s
 206     0     100               0      7.15475516      7.95248924      11.2612335      134.534652      0.17131593    0.0869864212
 206     1      50               0    0.0189802622    0.0186131449     0.357542949     0.036449584  0.000454469957  0.000203595479
          wgpu 1d 297g 603c x3w 7ms | egraph 44g->457v+0snap 28ms | graft 34 (-117n, 0 snap) cpu 0 | f64 20 | gen 0.3s
 207     0     100               0      7.15475516      7.95248924      11.2612335      134.534652      0.17131593    0.0869864212
 207     1      50               0      7.15475516      7.95248924      11.2612335      134.534652      0.17131593    0.0869864212
          wgpu 1d 264g 571c x3w 6ms | egraph 44g->425v+0snap 20ms | graft 35 (-136n, 0 snap) cpu 0 | f64 20 | gen 0.4s
 208     0     100               0      7.15475516      7.95248924      11.2612335      134.534652      0.17131593    0.0869864212
 208     1      50               0     0.014557173    0.0161617137     0.217695061    0.0202314036   0.00034856198   0.00017678108
          wgpu 1d 296g 588c x3w 7ms | egraph 66g->442v+0snap 29ms | graft 39 (-141n, 0 snap) cpu 0 | f64 20 | gen 0.3s
 209     0     100               0      7.15475516      7.95248924      11.2612335      134.534652      0.17131593    0.0869864212
 209     1      50               0     0.014557173    0.0161617137     0.217695061    0.0202314036   0.00034856198   0.00017678108
          wgpu 1d 322g 609c x3w 7ms | egraph 76g->463v+0snap 52ms | graft 41 (-152n, 0 snap) cpu 0 | f64 20 | gen 0.4s | dropped inexpr 1 oversz 0 unbuild 0 {}
 210     0     100               0      7.15475516      7.95248924      11.2612335      134.534652      0.17131593    0.0869864212
 210     1      50               0  0.000464350561  0.000512467249    0.0384092221  0.000624323422  1.11185703e-05   5.6055017e-06
          wgpu 1d 280g 591c x3w 7ms | egraph 56g->445v+0snap 19ms | graft 32 (-110n, 0 snap) cpu 0 | f64 20 | gen 0.3s
--------- pump migration: intra (promote-2 + intake-reset) + cross ---------
 211     0     100               0      7.15475516      7.95248924      11.2612335      134.534652      0.17131593    0.0869864212
 211     1      50               0  5.94431633e-30  1.88865434e-29  4.26325641e-14  1.87102659e-29  1.42332764e-31  2.06585985e-31
          wgpu 2d 493g 697c x3w 12ms | egraph 137g->471v+0snap 38ms | graft 39 (-158n, 0 snap) cpu 0 | f64 30 | gen 0.3s

*** Early stop at generation 211: best val_R² = 1.0000000000 ≥ 0.9999999990, holdout_R² = 1.0000000000 confirmed

This sub-run: 2026-09-19 06:16:47.695673 → 2026-09-19 06:20:34.418527
Now at generation 211 (HOF size: 31)
[join] 233 dispatches, 59,571 genes, 263,712 candidates scored in 2.75s GPU+host; e-graph 14,584 trees -> 55,268 variants + 0 snaps in 7.95s; 6,750 grafts (0 snap), 34,328 nodes removed; cpu-path individuals 0, f64-rejected 0, snaps refused for naming an input 0
[join]   inexpressible:   1055  no pset token for semantic id "pow" with arity 2
  HFF-chosen LSM kept: a=0.333333, b=0
Chromosome wrapper: id=0  →  identity
hof[0] runtime val: mse=5.964e-30  R²=1.000000
Pre-snap expression (after sympify + LSM compose):
  0.333333333333333*Ef*n_rho*p_d**2/(T*kb)

Per-level snap results (before MSE scoring):
  strict      →  Ef*n_rho*p_d**2/(3*T*kb)
  default     →  Ef*n_rho*p_d**2/(3*T*kb)
  aggressive  →  Ef*n_rho*p_d**2/(3*T*kb)

Snap-level comparison (sorted by holdout MSE, lowest first)
------------------------------------------------------------------------------------------
  level       MSE            R²         expression                                        
------------------------------------------------------------------------------------------
★ strict      2.325e-30      1.0000     Ef*n_rho*p_d**2/(3*T*kb)                          
  default     2.325e-30      1.0000     Ef*n_rho*p_d**2/(3*T*kb)                          
  aggressive  2.325e-30      1.0000     Ef*n_rho*p_d**2/(3*T*kb)                          

Winning snap level: 'strict'  →  Ef*n_rho*p_d**2/(3*T*kb)

Canonical discovered expression: Ef*n_rho*p_d**2/(3*T*kb)
[38;2;0;50;255m
############################################################ [38;2;255;255;255m
[38;2;0;50;255m Equation Recovery: II_11_20 [38;2;255;255;255m
[38;2;0;50;255m Truth: n_rho*p_d**2*Ef/(3*kb*T) [38;2;255;255;255m
[38;2;0;50;255m [38;2;255;255;255m
[38;2;255;0;255m     Exact recovery     : True [38;2;255;255;255m
[38;2;255;0;255m     Numerical recovery : True (max rel_err 0.00e+00 on 10k samples) [38;2;255;255;255m
[38;2;255;0;255m     Discovered         : Ef*n_rho*p_d**2/(3*T*kb) [38;2;255;255;255m
[38;2;255;0;255m     LSM (a, b)         : (0.333333, 0) [38;2;255;255;255m
[38;2;0;50;255m
############################################################ [38;2;255;255;255m
In-range holdout : MSE=7.019e-30  MAE=1.245e-15  R²=1.0000
Extrapolation    : MSE=2.989e-29  MAE=2.258e-15  R²=1.0000

Top 10 HOF models (north_pole=truenorth) (★ = Pareto-optimal)
(deduped HOF: 15 unique chromosomes from 31 raw HOF entries)
 ----------------------------------------------------------------------------------------------------------------
       model     wrapper      length   train_mse     val_mse     max_err    train_r2      val_r2 angular_distance
 ----------------------------------------------------------------------------------------------------------------
★           0    identity          33      0.0000      0.0000      0.0000      1.0000      1.0000      0.0000
           17    identity          27      1.0656      1.0043      4.6781      0.9745      0.9890      0.1547
           16    identity          27      1.0656      1.0043      4.6781      0.9745      0.9890      0.1547
            9    identity          16      1.0805      0.9896      4.7424      0.9741      0.9892      0.1565
           21    identity          15      1.1959      1.2967      5.8185      0.9714      0.9858      0.1897
           23    identity          15      1.1959      1.2967      5.8185      0.9714      0.9858      0.1897
           25    identity          15      1.1959      1.2967      5.8185      0.9714      0.9858      0.1897
           27    identity          16      1.1959      1.2967      5.8185      0.9714      0.9858      0.1897
           28    identity          29      3.5501      3.5542      7.0500      0.9150      0.9611      0.3424
           29    identity          16      8.8190      9.5436     13.0191      0.7888      0.8956      0.8199

Pareto-optimal in top 10: 1    Pareto-optimal in full HOF: 1 / 15

Recovery sweep across 12/15 unique HOF chromosomes (capped):
  Structural / exact     : 1/12  (8.3%)
  Numerical (≤1e-6 err)  : 1/12  (8.3%)
{
    "date": "2026/09/19",
    "seed": "5",
    "task": "equation_recovery",
    "north_pole_method": "truenorth",
    "hff_include_val": true,
    "problem": "II_11_20",
    "truth_expr": "n_rho*p_d**2*Ef/(3*kb*T)",
    "final_terminal_inputs": [
        "n_rho",
        "p_d",
        "Ef",
        "kb",
        "T"
    ],
    "wide_primitives": true,
    "head_length": "48",
    "n_genes": "3",
    "rnc_array_length": "10",
    "tournament size": "intake=8, champion=5",
    "population size": "150",
    "population per island": "intake=100, champion=50",
    "gpu_join": true,
    "eclass_k": 8,
    "number of elites": "2",
    "number of generations": "400",
    "number of islands": "2",
    "migration FREQ": "30",
    "wrapper_id": 0,
    "wrapper_name": "identity",
    "recovery_exact": true,
    "recovery_numerical": true,
    "recovery_max_rel_err": 0.0,
    "discovered_expr": "Ef*n_rho*p_d**2/(3*T*kb)",
    "holdout_mse": 7.018949608032229e-30,
    "holdout_r2": 1.0,
    "extrap_mse": 2.9892717130545184e-29,
    "extrap_r2": 1.0,
    "hof_size": 15,
    "hof_exact_recoveries": 1,
    "hof_numerical_recoveries": 1
}
