/opt/anaconda3/lib/python3.12/site-packages/geppy/__init__.py:26: UserWarning: pkg_resources is deprecated as an API. See https://setuptools.pypa.io/en/latest/pkg_resources.html. The pkg_resources package is slated for removal as early as 2025-11-30. Refrain from using this package or pin to Setuptools<81.
  from pkg_resources import get_distribution, DistributionNotFound
hff library OK (test fitness: (0.1415394733244273,))
registry: ['circle_area', 'gravity', 'coulomb', 'pendulum', 'keplers3', 'ideal_gas', 'I_6_2a', 'I_6_2', 'I_6_2b', 'I_8_14', 'I_9_18', 'I_10_7', 'I_11_19', 'I_12_1', 'I_12_2', 'I_12_4', 'I_12_5', 'I_12_11', 'I_13_4', 'I_13_12', 'I_14_3', 'I_14_4', 'I_15_3x', 'I_15_3t', 'I_15_1', 'I_16_6', 'I_18_4', 'I_18_12', 'I_18_14', 'I_24_6', 'I_25_13', 'I_26_2', 'I_27_6', 'I_29_4', 'I_29_16', 'I_30_3', 'I_30_5', 'I_32_5', 'I_32_17', 'I_34_8', 'I_34_1', 'I_34_14', 'I_34_27', 'I_37_4', 'I_38_12', 'I_39_1', 'I_39_11', 'I_39_22', 'I_40_1', 'I_41_16', 'I_43_16', 'I_43_31', 'I_43_43', 'I_44_4', 'I_47_23', 'I_48_2', 'I_50_26', 'II_2_42', 'II_3_24', 'II_4_23', 'II_6_11', 'II_6_15a', 'II_6_15b', 'II_8_7', 'II_8_31', 'II_10_9', 'II_11_3', 'II_11_17', 'II_11_20', 'II_11_27', 'II_11_28', 'II_13_17', 'II_13_23', 'II_13_34', 'II_15_4', 'II_15_5', 'II_21_32', 'II_24_17', 'II_27_16', 'II_27_18', 'II_34_2a', 'II_34_2', 'II_34_11', 'II_34_29a', 'II_34_29b', 'II_35_18', 'II_35_21', 'II_36_38', 'II_37_1', 'II_38_3', 'II_38_14', 'III_4_32', 'III_4_33', 'III_7_38', 'III_8_54', 'III_9_52', 'III_10_19', 'III_12_43', 'III_13_18', 'III_14_14', 'III_15_12', 'III_15_14', 'III_15_27', 'III_17_37', 'III_19_51', 'III_21_20', 'test_1', 'test_2', 'test_3', 'test_4', 'test_5', 'test_6', 'test_7', 'test_8', 'test_9', 'test_10', 'test_11', 'test_12', 'test_13', 'test_14', 'test_15', 'test_16', 'test_17', 'test_18', 'test_19', 'test_20']
[feynman override] head_length=48 (keep n_genes=3, avgval linker)
Selected problem: II_34_2a
  Description : Feynman I-III II.34.2a: I = q*v/(2*pi*r)
  Variables   : ['q', 'v', 'r']
  Train range : {'q': (1.0, 5.0), 'v': (1.0, 5.0), 'r': (1.0, 5.0)}
  Extrap range: {'q': (1.0, 7.5), 'v': (1.0, 7.5), 'r': (1.0, 7.5)}
  Truth       : q*v/(2*pi*r)
  ✓ cache hit  (data/equations/II_34_2a, key=1539e3088ccd87c4)
  train           (800, 4)  target range=[0.04871, 3.125]
  val             (200, 4)  target range=[0.06184, 2.912]
  holdout         (200, 4)  target range=[0.06067, 2.897]
  extrapolation   (200, 4)  target range=[0.06552, 4.658]
  saved figure → data/figures/II_34_2a/eda_pairplot.png
Wide primitive set enabled: sin, cos, exp, log added.
[E22 rules] variable pattern tags: {'no_pattern'}
[E22/23 rules] static candidate count: 1
[E22/23 rules] allowed to take a fitness slot (exact): 0
  [sum_sq_all/sum_sq] a=0.0102 b=2.9309e-01 1-R²_va=9.5589e-01
[fuller] denoise + snap IN THE JOIN (every gene, every generation, K=8); mutation operators: physics=0.2 concretize=0.05
Wrapper scope: per_island  (island → wrapper map: ['identity', 'identity'])
[wgpu] process pool disabled — Metal cannot survive fork(); the population is evaluated in one dispatch instead
Genes: head_length=48, n_genes=3, rnc_array_length=10
Population: (per-island, see below), elites: 2, generations: 400, migration FREQ: 30
  pump per-island sizes: intake=100 (tournsize=8), champion=50 (tournsize=5)
Initialising evolution at 2026-09-19 06:19:16.797776
 gen  deme   evals     min fitness          mse_tr          mse_va         max_err      mse_extrap  one_minus_r2_tr  one_minus_r2_va
   0     0     100               0    0.0473653367    0.0397317228      1.31117971     0.169564709     0.219586189     0.215636557
   0     1      50    0.0122373209    0.0698771444    0.0589876549      1.37327917     0.287810142     0.323951161     0.320144558
          wgpu 1d 323g 279c x3w 12ms | egraph 187g->129v+0snap 118ms | graft 22 (-118n, 0 snap) cpu 0 | f64 30 | gen 0.0s | dropped inexpr 2 oversz 0 unbuild 0 {}
Extending evolution: gen 1 → 400 (+400 generations)
   1     0     100               0    0.0473653367    0.0397317228      1.31117971     0.169564709     0.219586189     0.215636557
   1     1      50    0.0122373209    0.0698771444    0.0589876549      1.37327917     0.287810142     0.323951161     0.320144558
          wgpu 1d 204g 347c x3w 6ms | egraph 73g->201v+0snap 54ms | graft 20 (-106n, 0 snap) cpu 0 | f64 37 | gen 0.6s
   2     0     100               0    0.0473653367    0.0397317228      1.31117971     0.169564709     0.219586189     0.215636557
   2     1      50    0.0122373209    0.0698771444    0.0589876549      1.37327917     0.287810142     0.323951161     0.320144558
          wgpu 1d 201g 397c x3w 11ms | egraph 79g->251v+0snap 36ms | graft 19 (-60n, 0 snap) cpu 0 | f64 20 | gen 0.3s | dropped inexpr 1 oversz 0 unbuild 0 {}
   3     0     100               0    0.0473653367    0.0397317228      1.31117971     0.169564709     0.219586189     0.215636557
   3     1      50   0.00282153591    0.0225523305    0.0164067731     0.405219307     0.169029481     0.104552836    0.0890447184
          wgpu 1d 177g 381c x3w 6ms | egraph 62g->235v+0snap 23ms | graft 24 (-83n, 0 snap) cpu 0 | f64 20 | gen 0.3s
   4     0     100               0    0.0473653367    0.0397317228      1.31117971     0.169564709     0.219586189     0.215636557
   4     1      50   0.00282153591    0.0225523305    0.0164067731     0.405219307     0.169029481     0.104552836    0.0890447184
          wgpu 1d 179g 397c x3w 27ms | egraph 55g->251v+0snap 47ms | graft 23 (-70n, 0 snap) cpu 0 | f64 20 | gen 0.4s
   5     0     100               0    0.0473653367    0.0397317228      1.31117971     0.169564709     0.219586189     0.215636557
   5     1      50   0.00282151777    0.0225523305    0.0164067731     0.405219307     0.169029481     0.104552836    0.0890447184
          wgpu 1d 191g 423c x3w 10ms | egraph 60g->277v+0snap 19ms | graft 19 (-77n, 0 snap) cpu 0 | f64 21 | gen 0.4s
   6     0     100               0    0.0473653367    0.0397317228      1.31117971     0.169564709     0.219586189     0.215636557
   6     1      50   0.00282151777    0.0225523305    0.0164067731     0.405219307     0.169029481     0.104552836    0.0890447184
          wgpu 1d 206g 403c x3w 22ms | egraph 69g->257v+0snap 38ms | graft 24 (-58n, 0 snap) cpu 0 | f64 20 | gen 0.4s
   7     0     100               0    0.0473653367    0.0397317228      1.31117971     0.169564709     0.219586189     0.215636557
   7     1      50   0.00282151777    0.0225523305    0.0164067731     0.405219307     0.169029481     0.104552836    0.0890447184
          wgpu 1d 149g 380c x3w 13ms | egraph 48g->234v+0snap 30ms | graft 21 (-62n, 0 snap) cpu 0 | f64 20 | gen 0.4s
   8     0     100               0    0.0473653367    0.0397317228      1.31117971     0.169564709     0.219586189     0.215636557
   8     1      50   0.00282151777    0.0225523305    0.0164067731     0.405219307     0.169029481     0.104552836    0.0890447184
          wgpu 1d 171g 370c x3w 22ms | egraph 62g->224v+0snap 67ms | graft 22 (-58n, 0 snap) cpu 0 | f64 20 | gen 0.4s
   9     0     100               0    0.0473653367    0.0397317228      1.31117971     0.169564709     0.219586189     0.215636557
   9     1      50   0.00282151777    0.0225523305    0.0164067731     0.405219307     0.169029481     0.104552836    0.0890447184
          wgpu 1d 196g 397c x3w 38ms | egraph 53g->251v+0snap 26ms | graft 20 (-72n, 0 snap) cpu 0 | f64 20 | gen 0.3s | dropped inexpr 1 oversz 0 unbuild 0 {}
  10     0     100               0    0.0473653367    0.0397317228      1.31117971     0.169564709     0.219586189     0.215636557
  10     1      50   0.00282151777    0.0225523305    0.0164067731     0.405219307     0.169029481     0.104552836    0.0890447184
          wgpu 1d 188g 406c x3w 23ms | egraph 56g->260v+0snap 21ms | graft 20 (-59n, 0 snap) cpu 0 | f64 20 | gen 0.3s | dropped inexpr 2 oversz 0 unbuild 0 {}
--------- pump migration: intra (promote-2 + intake-reset) ---------
  11     0     100               0    0.0473653367    0.0397317228      1.31117971     0.169564709     0.219586189     0.215636557
  11     1      50               0    0.0473653367    0.0397317228      1.31117971     0.169564709     0.219586189     0.215636557
          wgpu 2d 440g 595c x3w 15ms | egraph 159g->369v+0snap 92ms | graft 46 (-349n, 0 snap) cpu 0 | f64 30 | gen 0.4s | dropped inexpr 2 oversz 0 unbuild 0 {}
  12     0     100               0    0.0473653367    0.0397317228      1.31117971     0.169564709     0.219586189     0.215636557
  12     1      50               0    0.0225523305    0.0164067731     0.405219307     0.169029481     0.104552836    0.0890447184
          wgpu 1d 197g 432c x3w 35ms | egraph 53g->286v+0snap 38ms | graft 17 (-61n, 0 snap) cpu 0 | f64 20 | gen 0.5s | dropped inexpr 2 oversz 0 unbuild 0 {}
  13     0     100               0    0.0473653367    0.0397317228      1.31117971     0.169564709     0.219586189     0.215636557
  13     1      50               0    0.0473653367    0.0397317228      1.31117971     0.169564709     0.219586189     0.215636557
          wgpu 1d 166g 410c x3w 6ms | egraph 40g->264v+0snap 16ms | graft 11 (-50n, 0 snap) cpu 0 | f64 20 | gen 0.3s
  14     0     100               0    0.0473653367    0.0397317228      1.31117971     0.169564709     0.219586189     0.215636557
  14     1      50               0    0.0473653367    0.0397317228      1.31117971     0.169564709     0.219586189     0.215636557
          wgpu 1d 219g 415c x3w 28ms | egraph 57g->269v+0snap 25ms | graft 18 (-50n, 0 snap) cpu 0 | f64 20 | gen 0.4s | dropped inexpr 3 oversz 0 unbuild 0 {}
  15     0     100               0    0.0473653367    0.0397317228      1.31117971     0.169564709     0.219586189     0.215636557
  15     1      50               0    0.0473653367    0.0397317228      1.31117971     0.169564709     0.219586189     0.215636557
          wgpu 1d 190g 406c x3w 14ms | egraph 42g->260v+0snap 20ms | graft 13 (-43n, 0 snap) cpu 0 | f64 20 | gen 0.3s | dropped inexpr 3 oversz 0 unbuild 0 {}
  16     0     100               0    0.0473653367    0.0397317228      1.31117971     0.169564709     0.219586189     0.215636557
  16     1      50               0    0.0473653367    0.0397317228      1.31117971     0.169564709     0.219586189     0.215636557
          wgpu 1d 167g 399c x3w 6ms | egraph 49g->253v+0snap 34ms | graft 10 (-36n, 0 snap) cpu 0 | f64 20 | gen 0.3s | dropped inexpr 2 oversz 0 unbuild 0 {}
  17     0     100               0    0.0473653367    0.0397317228      1.31117971     0.169564709     0.219586189     0.215636557
  17     1      50               0    0.0473653367    0.0397317228      1.31117971     0.169564709     0.219586189     0.215636557
          wgpu 1d 161g 385c x3w 7ms | egraph 37g->239v+0snap 16ms | graft 17 (-47n, 0 snap) cpu 0 | f64 20 | gen 0.3s | dropped inexpr 1 oversz 0 unbuild 0 {}
  18     0     100               0    0.0473653367    0.0397317228      1.31117971     0.169564709     0.219586189     0.215636557
  18     1      50               0    0.0473653367    0.0397317228      1.31117971     0.169564709     0.219586189     0.215636557
          wgpu 1d 148g 375c x3w 6ms | egraph 24g->229v+0snap 22ms | graft 13 (-46n, 0 snap) cpu 0 | f64 20 | gen 0.3s
  19     0     100               0    0.0473653367    0.0397317228      1.31117971     0.169564709     0.219586189     0.215636557
  19     1      50               0    0.0473653367    0.0397317228      1.31117971     0.169564709     0.219586189     0.215636557
          wgpu 1d 180g 370c x3w 6ms | egraph 39g->224v+0snap 21ms | graft 12 (-42n, 0 snap) cpu 0 | f64 20 | gen 0.4s
  20     0     100               0    0.0473653367    0.0397317228      1.31117971     0.169564709     0.219586189     0.215636557
  20     1      50               0    0.0225523305    0.0164067731     0.405219307     0.169029481     0.104552836    0.0890447184
          wgpu 1d 180g 374c x3w 7ms | egraph 42g->228v+0snap 27ms | graft 14 (-39n, 0 snap) cpu 0 | f64 20 | gen 0.5s | dropped inexpr 1 oversz 0 unbuild 0 {}
--------- pump migration: intra (promote-2 + intake-reset) ---------
  21     0     100               0    0.0473653367    0.0397317228      1.31117971     0.169564709     0.219586189     0.215636557
  21     1      50               0    0.0225523305    0.0164067731     0.405219307     0.169029481     0.104552836    0.0890447184
          wgpu 2d 378g 500c x3w 54ms | egraph 122g->274v+0snap 58ms | graft 24 (-84n, 0 snap) cpu 0 | f64 30 | gen 0.5s | dropped inexpr 2 oversz 0 unbuild 0 {}
  22     0     100               0    0.0473653367    0.0397317228      1.31117971     0.169564709     0.219586189     0.215636557
  22     1      50               0    0.0473653367    0.0397317228      1.31117971     0.169564709     0.219586189     0.215636557
          wgpu 1d 163g 378c x3w 6ms | egraph 35g->232v+0snap 13ms | graft 11 (-30n, 0 snap) cpu 0 | f64 20 | gen 0.3s | dropped inexpr 1 oversz 0 unbuild 0 {}
  23     0     100               0    0.0473653367    0.0397317228      1.31117971     0.169564709     0.219586189     0.215636557
  23     1      50               0    0.0473653367    0.0397317228      1.31117971     0.169564709     0.219586189     0.215636557
          wgpu 1d 172g 371c x3w 7ms | egraph 29g->225v+0snap 16ms | graft 9 (-24n, 0 snap) cpu 0 | f64 20 | gen 0.4s | dropped inexpr 1 oversz 0 unbuild 0 {}
  24     0     100               0    0.0473653367    0.0397317228      1.31117971     0.169564709     0.219586189     0.215636557
  24     1      50               0    0.0473653367    0.0397317228      1.31117971     0.169564709     0.219586189     0.215636557
          wgpu 1d 175g 385c x3w 7ms | egraph 38g->239v+0snap 41ms | graft 21 (-69n, 0 snap) cpu 0 | f64 20 | gen 0.4s | dropped inexpr 1 oversz 0 unbuild 0 {}
  25     0     100               0    0.0473653367    0.0397317228      1.31117971     0.169564709     0.219586189     0.215636557
  25     1      50               0    0.0473653367    0.0397317228      1.31117971     0.169564709     0.219586189     0.215636557
          wgpu 1d 136g 364c x3w 7ms | egraph 29g->218v+0snap 106ms | graft 15 (-44n, 0 snap) cpu 0 | f64 20 | gen 0.3s
  26     0     100               0    0.0473653367    0.0397317228      1.31117971     0.169564709     0.219586189     0.215636557
  26     1      50               0    0.0473653367    0.0397317228      1.31117971     0.169564709     0.219586189     0.215636557
          wgpu 1d 174g 390c x3w 12ms | egraph 27g->244v+0snap 20ms | graft 14 (-41n, 0 snap) cpu 0 | f64 20 | gen 0.4s | dropped inexpr 1 oversz 0 unbuild 0 {}
  27     0     100               0    0.0473653367    0.0397317228      1.31117971     0.169564709     0.219586189     0.215636557
  27     1      50               0    0.0473653367    0.0397317228      1.31117971     0.169564709     0.219586189     0.215636557
          wgpu 1d 181g 377c x3w 6ms | egraph 35g->231v+0snap 16ms | graft 17 (-51n, 0 snap) cpu 0 | f64 20 | gen 0.3s
  28     0     100               0    0.0473653367    0.0397317228      1.31117971     0.169564709     0.219586189     0.215636557
  28     1      50               0    0.0473653367    0.0397317228      1.31117971     0.169564709     0.219586189     0.215636557
          wgpu 1d 162g 360c x3w 10ms | egraph 35g->214v+0snap 28ms | graft 12 (-30n, 0 snap) cpu 0 | f64 20 | gen 0.3s
  29     0     100               0    0.0473653367    0.0397317228      1.31117971     0.169564709     0.219586189     0.215636557
  29     1      50               0    0.0473653367    0.0397317228      1.31117971     0.169564709     0.219586189     0.215636557
          wgpu 1d 176g 384c x3w 6ms | egraph 37g->238v+0snap 25ms | graft 19 (-69n, 0 snap) cpu 0 | f64 20 | gen 0.3s
  30     0     100               0    0.0473653367    0.0397317228      1.31117971     0.169564709     0.219586189     0.215636557
  30     1      50               0    0.0473653367    0.0397317228      1.31117971     0.169564709     0.219586189     0.215636557
          wgpu 1d 183g 364c x3w 21ms | egraph 28g->218v+0snap 14ms | graft 13 (-44n, 0 snap) cpu 0 | f64 20 | gen 0.3s | dropped inexpr 1 oversz 0 unbuild 0 {}
--------- pump migration: intra (promote-2 + intake-reset) ---------
  31     0     100               0    0.0473653367    0.0397317228      1.31117971     0.169564709     0.219586189     0.215636557
  31     1      50               0    0.0473653367    0.0397317228      1.31117971     0.169564709     0.219586189     0.215636557
          wgpu 2d 367g 509c x3w 22ms | egraph 128g->283v+0snap 55ms | graft 23 (-82n, 0 snap) cpu 0 | f64 30 | gen 0.3s | dropped inexpr 6 oversz 0 unbuild 0 {}
  32     0     100               0    0.0473653367    0.0397317228      1.31117971     0.169564709     0.219586189     0.215636557
  32     1      50               0    0.0473653367    0.0397317228      1.31117971     0.169564709     0.219586189     0.215636557
          wgpu 1d 161g 369c x3w 6ms | egraph 25g->223v+0snap 14ms | graft 15 (-55n, 0 snap) cpu 0 | f64 20 | gen 0.3s
  33     0     100               0    0.0473653367    0.0397317228      1.31117971     0.169564709     0.219586189     0.215636557
  33     1      50               0    0.0473653367    0.0397317228      1.31117971     0.169564709     0.219586189     0.215636557
          wgpu 1d 166g 357c x3w 6ms | egraph 29g->211v+0snap 23ms | graft 19 (-49n, 0 snap) cpu 0 | f64 20 | gen 0.3s
  34     0     100               0    0.0473653367    0.0397317228      1.31117971     0.169564709     0.219586189     0.215636557
  34     1      50               0    0.0473653367    0.0397317228      1.31117971     0.169564709     0.219586189     0.215636557
          wgpu 1d 149g 379c x3w 12ms | egraph 24g->233v+0snap 12ms | graft 24 (-80n, 0 snap) cpu 0 | f64 20 | gen 0.3s
  35     0     100               0    0.0473653367    0.0397317228      1.31117971     0.169564709     0.219586189     0.215636557
  35     1      50               0    0.0473653367    0.0397317228      1.31117971     0.169564709     0.219586189     0.215636557
          wgpu 1d 156g 356c x3w 6ms | egraph 40g->210v+0snap 27ms | graft 8 (-20n, 0 snap) cpu 0 | f64 20 | gen 0.3s
  36     0     100               0    0.0473653367    0.0397317228      1.31117971     0.169564709     0.219586189     0.215636557
  36     1      50               0    0.0473653367    0.0397317228      1.31117971     0.169564709     0.219586189     0.215636557
          wgpu 1d 164g 364c x3w 8ms | egraph 28g->218v+0snap 14ms | graft 16 (-55n, 0 snap) cpu 0 | f64 20 | gen 0.2s
  37     0     100               0    0.0473653367    0.0397317228      1.31117971     0.169564709     0.219586189     0.215636557
  37     1      50               0    0.0473653367    0.0397317228      1.31117971     0.169564709     0.219586189     0.215636557
          wgpu 1d 173g 354c x3w 15ms | egraph 43g->208v+0snap 17ms | graft 23 (-80n, 0 snap) cpu 0 | f64 20 | gen 0.5s
  38     0     100               0    0.0473653367    0.0397317228      1.31117971     0.169564709     0.219586189     0.215636557
  38     1      50               0    0.0473653367    0.0397317228      1.31117971     0.169564709     0.219586189     0.215636557
          wgpu 1d 157g 363c x3w 6ms | egraph 31g->217v+0snap 17ms | graft 13 (-45n, 0 snap) cpu 0 | f64 20 | gen 0.3s | dropped inexpr 1 oversz 0 unbuild 0 {}
  39     0     100               0    0.0473653367    0.0397317228      1.31117971     0.169564709     0.219586189     0.215636557
  39     1      50               0    0.0473653367    0.0397317228      1.31117971     0.169564709     0.219586189     0.215636557
          wgpu 1d 146g 359c x3w 7ms | egraph 27g->213v+0snap 10ms | graft 15 (-42n, 0 snap) cpu 0 | f64 20 | gen 0.3s
  40     0     100               0    0.0473653367    0.0397317228      1.31117971     0.169564709     0.219586189     0.215636557
  40     1      50               0    0.0473653367    0.0397317228      1.31117971     0.169564709     0.219586189     0.215636557
          wgpu 1d 173g 364c x3w 6ms | egraph 23g->218v+0snap 12ms | graft 15 (-62n, 0 snap) cpu 0 | f64 20 | gen 0.2s
--------- pump migration: intra (promote-2 + intake-reset) ---------
  41     0     100               0    0.0473653367    0.0397317228      1.31117971     0.169564709     0.219586189     0.215636557
  41     1      50               0    0.0473653367    0.0397317228      1.31117971     0.169564709     0.219586189     0.215636557
          wgpu 2d 342g 476c x3w 14ms | egraph 103g->250v+0snap 40ms | graft 24 (-104n, 0 snap) cpu 0 | f64 30 | gen 0.3s | dropped inexpr 3 oversz 0 unbuild 0 {}
  42     0     100               0    0.0473653367    0.0397317228      1.31117971     0.169564709     0.219586189     0.215636557
  42     1      50               0    0.0473653367    0.0397317228      1.31117971     0.169564709     0.219586189     0.215636557
          wgpu 1d 159g 360c x3w 14ms | egraph 40g->214v+0snap 45ms | graft 14 (-49n, 0 snap) cpu 0 | f64 20 | gen 0.3s
  43     0     100               0    0.0473653367    0.0397317228      1.31117971     0.169564709     0.219586189     0.215636557
  43     1      50               0    0.0473653367    0.0397317228      1.31117971     0.169564709     0.219586189     0.215636557
          wgpu 1d 158g 380c x3w 17ms | egraph 22g->234v+0snap 18ms | graft 16 (-45n, 0 snap) cpu 0 | f64 20 | gen 0.5s
  44     0     100               0    0.0473653367    0.0397317228      1.31117971     0.169564709     0.219586189     0.215636557
  44     1      50               0    0.0473653367    0.0397317228      1.31117971     0.169564709     0.219586189     0.215636557
          wgpu 1d 148g 387c x3w 9ms | egraph 15g->241v+0snap 39ms | graft 17 (-80n, 0 snap) cpu 0 | f64 20 | gen 0.4s
  45     0     100               0    0.0473653367    0.0397317228      1.31117971     0.169564709     0.219586189     0.215636557
  45     1      50               0    0.0473653367    0.0397317228      1.31117971     0.169564709     0.219586189     0.215636557
          wgpu 1d 164g 362c x3w 6ms | egraph 32g->216v+0snap 21ms | graft 17 (-63n, 0 snap) cpu 0 | f64 20 | gen 0.2s
  46     0     100               0    0.0473653367    0.0397317228      1.31117971     0.169564709     0.219586189     0.215636557
  46     1      50               0    0.0473653367    0.0397317228      1.31117971     0.169564709     0.219586189     0.215636557
          wgpu 1d 161g 386c x3w 7ms | egraph 24g->240v+0snap 18ms | graft 14 (-57n, 0 snap) cpu 0 | f64 20 | gen 0.3s
  47     0     100               0    0.0473653367    0.0397317228      1.31117971     0.169564709     0.219586189     0.215636557
  47     1      50               0    0.0473653367    0.0397317228      1.31117971     0.169564709     0.219586189     0.215636557
          wgpu 1d 149g 361c x3w 6ms | egraph 22g->215v+0snap 13ms | graft 15 (-49n, 0 snap) cpu 0 | f64 20 | gen 0.2s
  48     0     100               0    0.0473653367    0.0397317228      1.31117971     0.169564709     0.219586189     0.215636557
  48     1      50               0    0.0473653367    0.0397317228      1.31117971     0.169564709     0.219586189     0.215636557
          wgpu 1d 151g 348c x3w 6ms | egraph 28g->202v+0snap 21ms | graft 17 (-42n, 0 snap) cpu 0 | f64 20 | gen 0.3s
  49     0     100               0    0.0473653367    0.0397317228      1.31117971     0.169564709     0.219586189     0.215636557
  49     1      50               0    0.0473653367    0.0397317228      1.31117971     0.169564709     0.219586189     0.215636557
          wgpu 1d 130g 344c x3w 8ms | egraph 17g->198v+0snap 35ms | graft 20 (-85n, 0 snap) cpu 0 | f64 20 | gen 0.4s
  50     0     100               0    0.0473653367    0.0397317228      1.31117971     0.169564709     0.219586189     0.215636557
  50     1      50               0    0.0473653367    0.0397317228      1.31117971     0.169564709     0.219586189     0.215636557
          wgpu 1d 168g 360c x3w 25ms | egraph 26g->214v+0snap 10ms | graft 15 (-48n, 0 snap) cpu 0 | f64 20 | gen 0.3s | dropped inexpr 1 oversz 0 unbuild 0 {}
--------- pump migration: intra (promote-2 + intake-reset) ---------
  51     0     100               0    0.0473653367    0.0397317228      1.31117971     0.169564709     0.219586189     0.215636557
  51     1      50               0    0.0473653367    0.0397317228      1.31117971     0.169564709     0.219586189     0.215636557
          wgpu 2d 321g 470c x3w 10ms | egraph 95g->244v+0snap 50ms | graft 29 (-113n, 0 snap) cpu 0 | f64 30 | gen 0.2s | dropped inexpr 2 oversz 0 unbuild 0 {}
  52     0     100               0    0.0622139299    0.0602069248      1.32577053     0.241580533      0.28842442     0.326761919
  52     1      50               0    0.0473653367    0.0397317228      1.31117971     0.169564709     0.219586189     0.215636557
          wgpu 1d 132g 320c x3w 6ms | egraph 32g->174v+0snap 14ms | graft 12 (-41n, 0 snap) cpu 0 | f64 20 | gen 0.3s
  53     0     100               0    0.0622139299    0.0602069248      1.32577053     0.241580533      0.28842442     0.326761919
  53     1      50               0    0.0473653367    0.0397317228      1.31117971     0.169564709     0.219586189     0.215636557
          wgpu 1d 137g 257c x3w 6ms | egraph 40g->111v+0snap 15ms | graft 12 (-35n, 0 snap) cpu 0 | f64 20 | gen 0.3s
  54     0     100               0    0.0622139299    0.0602069248      1.32577053     0.241580533      0.28842442     0.326761919
  54     1      50               0    0.0473653367    0.0397317228      1.31117971     0.169564709     0.219586189     0.215636557
          wgpu 1d 133g 250c x3w 6ms | egraph 39g->104v+0snap 29ms | graft 14 (-45n, 0 snap) cpu 0 | f64 20 | gen 0.2s
  55     0     100               0    0.0622139299    0.0602069248      1.32577053     0.241580533      0.28842442     0.326761919
  55     1      50               0    0.0473653367    0.0397317228      1.31117971     0.169564709     0.219586189     0.215636557
          wgpu 1d 128g 218c x3w 4ms | egraph 35g->72v+0snap 16ms | graft 8 (-25n, 0 snap) cpu 0 | f64 20 | gen 0.3s | dropped inexpr 2 oversz 0 unbuild 0 {}
  56     0     100               0    0.0622139299    0.0602069248      1.32577053     0.241580533      0.28842442     0.326761919
  56     1      50               0    0.0473653367    0.0397317228      1.31117971     0.169564709     0.219586189     0.215636557
          wgpu 1d 139g 237c x3w 13ms | egraph 46g->91v+0snap 26ms | graft 17 (-49n, 0 snap) cpu 0 | f64 20 | gen 0.2s | dropped inexpr 1 oversz 0 unbuild 0 {}
  57     0     100               0    0.0622139299    0.0602069248      1.32577053     0.241580533      0.28842442     0.326761919
  57     1      50               0    0.0473653367    0.0397317228      1.31117971     0.169564709     0.219586189     0.215636557
          wgpu 1d 145g 245c x3w 5ms | egraph 33g->99v+0snap 17ms | graft 14 (-60n, 0 snap) cpu 0 | f64 20 | gen 0.2s
  58     0     100               0    0.0622139299    0.0602069248      1.32577053     0.241580533      0.28842442     0.326761919
  58     1      50               0    0.0473653367    0.0397317228      1.31117971     0.169564709     0.219586189     0.215636557
          wgpu 1d 133g 250c x3w 7ms | egraph 29g->104v+0snap 32ms | graft 9 (-31n, 0 snap) cpu 0 | f64 20 | gen 0.3s
  59     0     100               0    0.0622139299    0.0602069248      1.32577053     0.241580533      0.28842442     0.326761919
  59     1      50               0    0.0473653367    0.0397317228      1.31117971     0.169564709     0.219586189     0.215636557
          wgpu 1d 135g 267c x3w 5ms | egraph 25g->121v+0snap 13ms | graft 10 (-38n, 0 snap) cpu 0 | f64 20 | gen 0.2s
  60     0     100               0    0.0622139299    0.0602069248      1.32577053     0.241580533      0.28842442     0.326761919
  60     1      50               0    0.0473653367    0.0397317228      1.31117971     0.169564709     0.219586189     0.215636557
          wgpu 1d 149g 257c x3w 5ms | egraph 35g->111v+0snap 46ms | graft 9 (-30n, 0 snap) cpu 0 | f64 20 | gen 0.3s
--------- pump migration: intra (promote-2 + intake-reset) + cross ---------
  61     0     100               0    0.0622139299    0.0602069248      1.32577053     0.241580533      0.28842442     0.326761919
  61     1      50               0    0.0473653367    0.0397317228      1.31117971     0.169564709     0.219586189     0.215636557
          wgpu 2d 318g 403c x3w 41ms | egraph 98g->177v+0snap 66ms | graft 27 (-108n, 0 snap) cpu 0 | f64 30 | gen 0.3s | dropped inexpr 2 oversz 0 unbuild 0 {}
  62     0     100               0    0.0622139299    0.0602069248      1.32577053     0.241580533      0.28842442     0.326761919
  62     1      50               0    0.0622139299    0.0602069248      1.32577053     0.241580533      0.28842442     0.326761919
          wgpu 1d 143g 235c x3w 11ms | egraph 30g->89v+0snap 18ms | graft 9 (-25n, 0 snap) cpu 0 | f64 20 | gen 0.3s
  63     0     100               0    0.0622139299    0.0602069248      1.32577053     0.241580533      0.28842442     0.326761919
  63     1      50               0    0.0335455852     0.027324242      1.06057159     0.107984908     0.155517678     0.148297256
          wgpu 1d 137g 239c x3w 6ms | egraph 30g->93v+0snap 17ms | graft 9 (-25n, 0 snap) cpu 0 | f64 20 | gen 0.3s
  64     0     100               0    0.0622139299    0.0602069248      1.32577053     0.241580533      0.28842442     0.326761919
  64     1      50               0    0.0335455852     0.027324242      1.06057159     0.107984908     0.155517678     0.148297256
          wgpu 1d 134g 239c x3w 4ms | egraph 35g->93v+0snap 16ms | graft 9 (-31n, 0 snap) cpu 0 | f64 20 | gen 0.2s
  65     0     100               0    0.0622139299    0.0602069248      1.32577053     0.241580533      0.28842442     0.326761919
  65     1      50               0    0.0335455852     0.027324242      1.06057159     0.107984908     0.155517678     0.148297256
          wgpu 1d 136g 236c x3w 5ms | egraph 32g->90v+0snap 18ms | graft 10 (-29n, 0 snap) cpu 0 | f64 20 | gen 0.3s
  66     0     100               0    0.0622139299    0.0602069248      1.32577053     0.241580533      0.28842442     0.326761919
  66     1      50               0    0.0335455852     0.027324242      1.06057159     0.107984908     0.155517678     0.148297256
          wgpu 1d 135g 236c x3w 5ms | egraph 39g->90v+0snap 33ms | graft 9 (-35n, 0 snap) cpu 0 | f64 20 | gen 0.2s
  67     0     100               0    0.0622139299    0.0602069248      1.32577053     0.241580533      0.28842442     0.326761919
  67     1      50               0    0.0335455852     0.027324242      1.06057159     0.107984908     0.155517678     0.148297256
          wgpu 1d 139g 257c x3w 11ms | egraph 39g->111v+0snap 18ms | graft 10 (-29n, 0 snap) cpu 0 | f64 20 | gen 0.3s
  68     0     100               0    0.0622139299    0.0602069248      1.32577053     0.241580533      0.28842442     0.326761919
  68     1      50               0    0.0335455852     0.027324242      1.06057159     0.107984908     0.155517678     0.148297256
          wgpu 1d 123g 219c x3w 5ms | egraph 35g->73v+0snap 23ms | graft 7 (-24n, 0 snap) cpu 0 | f64 20 | gen 0.2s
  69     0     100               0    0.0622139299    0.0602069248      1.32577053     0.241580533      0.28842442     0.326761919
  69     1      50               0    0.0335455852     0.027324242      1.06057159     0.107984908     0.155517678     0.148297256
          wgpu 1d 104g 213c x3w 9ms | egraph 19g->67v+0snap 14ms | graft 6 (-23n, 0 snap) cpu 0 | f64 20 | gen 0.2s
  70     0     100               0    0.0622139299    0.0602069248      1.32577053     0.241580533      0.28842442     0.326761919
  70     1      50               0    0.0335455852     0.027324242      1.06057159     0.107984908     0.155517678     0.148297256
          wgpu 1d 140g 228c x3w 5ms | egraph 30g->82v+0snap 26ms | graft 6 (-22n, 0 snap) cpu 0 | f64 20 | gen 0.3s
--------- pump migration: intra (promote-2 + intake-reset) ---------
  71     0     100               0    0.0622139299    0.0602069248      1.32577053     0.241580533      0.28842442     0.326761919
  71     1      50               0    0.0298351039    0.0238117084     0.965861236     0.101752647     0.138315849     0.129233632
          wgpu 2d 356g 401c x3w 9ms | egraph 120g->175v+0snap 69ms | graft 26 (-130n, 0 snap) cpu 0 | f64 30 | gen 0.2s | dropped inexpr 3 oversz 0 unbuild 0 {}
  72     0     100               0    0.0622139299    0.0602069248      1.32577053     0.241580533      0.28842442     0.326761919
  72     1      50               0    0.0298351039    0.0238117084     0.965861236     0.101752647     0.138315849     0.129233632
          wgpu 1d 106g 210c x3w 5ms | egraph 31g->64v+0snap 12ms | graft 3 (-6n, 0 snap) cpu 0 | f64 20 | gen 0.2s
  73     0     100               0    0.0622139299    0.0602069248      1.32577053     0.241580533      0.28842442     0.326761919
  73     1      50               0    0.0298351039    0.0238117084     0.965861236     0.101752647     0.138315849     0.129233632
          wgpu 1d 133g 228c x3w 5ms | egraph 34g->82v+0snap 13ms | graft 7 (-37n, 0 snap) cpu 0 | f64 20 | gen 0.2s
  74     0     100               0    0.0622139299    0.0602069248      1.32577053     0.241580533      0.28842442     0.326761919
  74     1      50               0    0.0298351039    0.0238117084     0.965861236     0.101752647     0.138315849     0.129233632
          wgpu 1d 98g 210c x3w 4ms | egraph 22g->64v+0snap 18ms | graft 5 (-13n, 0 snap) cpu 0 | f64 20 | gen 0.3s
  75     0     100               0    0.0622139299    0.0602069248      1.32577053     0.241580533      0.28842442     0.326761919
  75     1      50               0    0.0298351039    0.0238117084     0.965861236     0.101752647     0.138315849     0.129233632
          wgpu 1d 125g 213c x3w 18ms | egraph 27g->67v+0snap 18ms | graft 4 (-13n, 0 snap) cpu 0 | f64 20 | gen 0.2s
  76     0     100               0    0.0622139299    0.0602069248      1.32577053     0.241580533      0.28842442     0.326761919
  76     1      50               0    0.0298351039    0.0238117084     0.965861236     0.101752647     0.138315849     0.129233632
          wgpu 1d 123g 215c x3w 25ms | egraph 29g->69v+0snap 22ms | graft 7 (-37n, 0 snap) cpu 0 | f64 20 | gen 0.2s
  77     0     100               0    0.0622139299    0.0602069248      1.32577053     0.241580533      0.28842442     0.326761919
  77     1      50               0    0.0298351039    0.0238117084     0.965861236     0.101752647     0.138315849     0.129233632
          wgpu 1d 141g 228c x3w 4ms | egraph 31g->82v+0snap 18ms | graft 8 (-27n, 0 snap) cpu 0 | f64 20 | gen 0.2s
  78     0     100               0    0.0622139299    0.0602069248      1.32577053     0.241580533      0.28842442     0.326761919
  78     1      50               0    0.0298351039    0.0238117084     0.965861236     0.101752647     0.138315849     0.129233632
          wgpu 1d 129g 224c x3w 25ms | egraph 25g->78v+0snap 11ms | graft 8 (-22n, 0 snap) cpu 0 | f64 20 | gen 0.3s
  79     0     100               0    0.0622139299    0.0602069248      1.32577053     0.241580533      0.28842442     0.326761919
  79     1      50               0    0.0242598012    0.0183909992     0.777997919     0.261147683     0.112468688    0.0998137377
          wgpu 1d 107g 216c x3w 5ms | egraph 20g->70v+0snap 8ms | graft 7 (-21n, 0 snap) cpu 0 | f64 20 | gen 0.2s
  80     0     100               0    0.0622139299    0.0602069248      1.32577053     0.241580533      0.28842442     0.326761919
  80     1      50               0    0.0298351039    0.0238117084     0.965861236     0.101752647     0.138315849     0.129233632
          wgpu 1d 113g 214c x3w 11ms | egraph 20g->68v+0snap 8ms | graft 4 (-9n, 0 snap) cpu 0 | f64 20 | gen 0.2s
--------- pump migration: intra (promote-2 + intake-reset) ---------
  81     0     100               0    0.0622139299    0.0602069248      1.32577053     0.241580533      0.28842442     0.326761919
  81     1      50               0    0.0622139299    0.0602069248      1.32577053     0.241580533      0.28842442     0.326761919
          wgpu 2d 281g 320c x3w 8ms | egraph 93g->94v+0snap 36ms | graft 14 (-43n, 0 snap) cpu 0 | f64 30 | gen 0.3s | dropped inexpr 4 oversz 0 unbuild 0 {}
  82     0     100               0    0.0622139299    0.0602069248      1.32577053     0.241580533      0.28842442     0.326761919
  82     1      50               0    0.0622139299    0.0602069248      1.32577053     0.241580533      0.28842442     0.326761919
          wgpu 1d 116g 192c x3w 4ms | egraph 19g->46v+0snap 7ms | graft 4 (-12n, 0 snap) cpu 0 | f64 20 | gen 0.2s
  83     0     100               0    0.0622139299    0.0602069248      1.32577053     0.241580533      0.28842442     0.326761919
  83     1      50               0    0.0242598012    0.0183909992     0.777997919     0.261147683     0.112468688    0.0998137377
          wgpu 1d 117g 206c x3w 4ms | egraph 22g->60v+0snap 10ms | graft 4 (-8n, 0 snap) cpu 0 | f64 20 | gen 0.2s
  84     0     100               0    0.0622139299    0.0602069248      1.32577053     0.241580533      0.28842442     0.326761919
  84     1      50               0    0.0242598012    0.0183909992     0.777997919     0.261147683     0.112468688    0.0998137377
          wgpu 1d 121g 229c x3w 12ms | egraph 27g->83v+0snap 31ms | graft 8 (-38n, 0 snap) cpu 0 | f64 20 | gen 0.2s
  85     0     100               0    0.0622139299    0.0602069248      1.32577053     0.241580533      0.28842442     0.326761919
  85     1      50               0    0.0242598012    0.0183909992     0.777997919     0.261147683     0.112468688    0.0998137377
          wgpu 1d 134g 226c x3w 5ms | egraph 28g->80v+0snap 18ms | graft 7 (-27n, 0 snap) cpu 0 | f64 20 | gen 0.2s
  86     0     100               0    0.0622139299    0.0602069248      1.32577053     0.241580533      0.28842442     0.326761919
  86     1      50               0    0.0242598012    0.0183909992     0.777997919     0.261147683     0.112468688    0.0998137377
          wgpu 1d 121g 218c x3w 6ms | egraph 27g->72v+0snap 18ms | graft 2 (-9n, 0 snap) cpu 0 | f64 20 | gen 0.2s | dropped inexpr 1 oversz 0 unbuild 0 {}
  87     0     100               0    0.0622139299    0.0602069248      1.32577053     0.241580533      0.28842442     0.326761919
  87     1      50               0    0.0242598012    0.0183909992     0.777997919     0.261147683     0.112468688    0.0998137377
          wgpu 1d 116g 229c x3w 11ms | egraph 22g->83v+0snap 10ms | graft 4 (-15n, 0 snap) cpu 0 | f64 20 | gen 0.2s
  88     0     100               0    0.0622139299    0.0602069248      1.32577053     0.241580533      0.28842442     0.326761919
  88     1      50               0    0.0242598012    0.0183909992     0.777997919     0.261147683     0.112468688    0.0998137377
          wgpu 1d 126g 223c x3w 7ms | egraph 33g->77v+0snap 17ms | graft 5 (-24n, 0 snap) cpu 0 | f64 20 | gen 0.2s | dropped inexpr 1 oversz 0 unbuild 0 {}
  89     0     100               0    0.0622139299    0.0602069248      1.32577053     0.241580533      0.28842442     0.326761919
  89     1      50               0    0.0242598012    0.0183909992     0.777997919     0.261147683     0.112468688    0.0998137377
          wgpu 1d 108g 222c x3w 4ms | egraph 20g->76v+0snap 14ms | graft 9 (-40n, 0 snap) cpu 0 | f64 20 | gen 0.2s
  90     0     100               0    0.0622139299    0.0602069248      1.32577053     0.241580533      0.28842442     0.326761919
  90     1      50               0    0.0242598012    0.0183909992     0.777997919     0.261147683     0.112468688    0.0998137377
          wgpu 1d 118g 229c x3w 4ms | egraph 30g->83v+0snap 35ms | graft 8 (-27n, 0 snap) cpu 0 | f64 20 | gen 0.2s | dropped inexpr 1 oversz 0 unbuild 0 {}
--------- pump migration: intra (promote-2 + intake-reset) + cross ---------
  91     0     100               0    0.0622139299    0.0602069248      1.32577053     0.241580533      0.28842442     0.326761919
  91     1      50               0    0.0622139299    0.0602069248      1.32577053     0.241580533      0.28842442     0.326761919
          wgpu 2d 300g 363c x3w 9ms | egraph 90g->137v+0snap 40ms | graft 27 (-105n, 0 snap) cpu 0 | f64 30 | gen 0.2s | dropped inexpr 1 oversz 0 unbuild 0 {}
  92     0     100               0    0.0622139299    0.0602069248      1.32577053     0.241580533      0.28842442     0.326761919
  92     1      50               0    0.0622139299    0.0602069248      1.32577053     0.241580533      0.28842442     0.326761919
          wgpu 1d 95g 194c x3w 8ms | egraph 14g->48v+0snap 7ms | graft 5 (-15n, 0 snap) cpu 0 | f64 20 | gen 0.2s
  93     0     100               0    0.0622139299    0.0602069248      1.32577053     0.241580533      0.28842442     0.326761919
  93     1      50               0    0.0622139299    0.0602069248      1.32577053     0.241580533      0.28842442     0.326761919
          wgpu 1d 121g 199c x3w 4ms | egraph 20g->53v+0snap 9ms | graft 6 (-21n, 0 snap) cpu 0 | f64 20 | gen 0.2s | dropped inexpr 2 oversz 0 unbuild 0 {}
  94     0     100               0    0.0622139299    0.0602069248      1.32577053     0.241580533      0.28842442     0.326761919
  94     1      50               0    0.0622139299    0.0602069248      1.32577053     0.241580533      0.28842442     0.326761919
          wgpu 1d 108g 182c x3w 4ms | egraph 13g->36v+0snap 7ms | graft 3 (-10n, 0 snap) cpu 0 | f64 20 | gen 0.3s
  95     0     100               0    0.0622139299    0.0602069248      1.32577053     0.241580533      0.28842442     0.326761919
  95     1      50               0    0.0622139299    0.0602069248      1.32577053     0.241580533      0.28842442     0.326761919
          wgpu 1d 109g 182c x3w 4ms | egraph 19g->36v+0snap 8ms | graft 4 (-10n, 0 snap) cpu 0 | f64 20 | gen 0.2s | dropped inexpr 1 oversz 0 unbuild 0 {}
  96     0     100               0    0.0622139299    0.0602069248      1.32577053     0.241580533      0.28842442     0.326761919
  96     1      50               0    0.0622139299    0.0602069248      1.32577053     0.241580533      0.28842442     0.326761919
          wgpu 1d 113g 187c x3w 4ms | egraph 20g->41v+0snap 20ms | graft 5 (-12n, 0 snap) cpu 0 | f64 20 | gen 0.2s
  97     0     100               0    0.0622139299    0.0602069248      1.32577053     0.241580533      0.28842442     0.326761919
  97     1      50               0    0.0622139299    0.0602069248      1.32577053     0.241580533      0.28842442     0.326761919
          wgpu 1d 114g 201c x3w 4ms | egraph 17g->55v+0snap 9ms | graft 4 (-9n, 0 snap) cpu 0 | f64 20 | gen 0.2s
  98     0     100               0    0.0622139299    0.0602069248      1.32577053     0.241580533      0.28842442     0.326761919
  98     1      50               0    0.0622139299    0.0602069248      1.32577053     0.241580533      0.28842442     0.326761919
          wgpu 1d 112g 192c x3w 6ms | egraph 21g->46v+0snap 9ms | graft 2 (-8n, 0 snap) cpu 0 | f64 20 | gen 0.2s
  99     0     100               0    0.0622139299    0.0602069248      1.32577053     0.241580533      0.28842442     0.326761919
  99     1      50               0    0.0622139299    0.0602069248      1.32577053     0.241580533      0.28842442     0.326761919
          wgpu 1d 122g 197c x3w 4ms | egraph 20g->51v+0snap 20ms | graft 4 (-13n, 0 snap) cpu 0 | f64 20 | gen 0.2s
 100     0     100               0    0.0622139299    0.0602069248      1.32577053     0.241580533      0.28842442     0.326761919
 100     1      50               0    0.0622139299    0.0602069248      1.32577053     0.241580533      0.28842442     0.326761919
          wgpu 1d 132g 213c x3w 5ms | egraph 20g->67v+0snap 14ms | graft 2 (-6n, 0 snap) cpu 0 | f64 20 | gen 0.2s
--------- pump migration: intra (promote-2 + intake-reset) ---------
 101     0     100               0    0.0622139299    0.0602069248      1.32577053     0.241580533      0.28842442     0.326761919
 101     1      50               0    0.0622139299    0.0602069248      1.32577053     0.241580533      0.28842442     0.326761919
          wgpu 2d 329g 383c x3w 11ms | egraph 106g->157v+0snap 58ms | graft 16 (-102n, 0 snap) cpu 0 | f64 30 | gen 0.2s | dropped inexpr 2 oversz 0 unbuild 0 {}
 102     0     100               0    0.0622139299    0.0602069248      1.32577053     0.241580533      0.28842442     0.326761919
 102     1      50               0    0.0622139299    0.0602069248      1.32577053     0.241580533      0.28842442     0.326761919
          wgpu 1d 125g 212c x3w 10ms | egraph 18g->66v+0snap 13ms | graft 4 (-8n, 0 snap) cpu 0 | f64 20 | gen 0.2s
 103     0     100               0    0.0622139299    0.0602069248      1.32577053     0.241580533      0.28842442     0.326761919
 103     1      50               0    0.0622139299    0.0602069248      1.32577053     0.241580533      0.28842442     0.326761919
          wgpu 1d 131g 223c x3w 5ms | egraph 27g->77v+0snap 10ms | graft 3 (-19n, 0 snap) cpu 0 | f64 20 | gen 0.2s
 104     0     100               0    0.0622139299    0.0602069248      1.32577053     0.241580533      0.28842442     0.326761919
 104     1      50               0    0.0622139299    0.0602069248      1.32577053     0.241580533      0.28842442     0.326761919
          wgpu 1d 142g 238c x3w 5ms | egraph 30g->92v+0snap 11ms | graft 5 (-18n, 0 snap) cpu 0 | f64 20 | gen 0.2s
 105     0     100               0    0.0158550594    0.0131875842     0.315427466     0.235376829    0.0735042185    0.0715731678
 105     1      50               0    0.0622139299    0.0602069248      1.32577053     0.241580533      0.28842442     0.326761919
          wgpu 1d 151g 263c x3w 16ms | egraph 39g->117v+0snap 17ms | graft 8 (-19n, 0 snap) cpu 0 | f64 20 | gen 0.2s
 106     0     100               0    0.0158550594    0.0131875842     0.315427466     0.235376829    0.0735042185    0.0715731678
 106     1      50               0    0.0622139299    0.0602069248      1.32577053     0.241580533      0.28842442     0.326761919
          wgpu 1d 148g 242c x3w 5ms | egraph 37g->96v+0snap 12ms | graft 4 (-9n, 0 snap) cpu 0 | f64 20 | gen 0.2s | dropped inexpr 1 oversz 0 unbuild 0 {}
 107     0     100               0    0.0158550593    0.0131875854     0.315427406     0.235376687    0.0735042182    0.0715731743
 107     1      50               0    0.0622139299    0.0602069248      1.32577053     0.241580533      0.28842442     0.326761919
          wgpu 1d 162g 266c x3w 6ms | egraph 43g->120v+0snap 30ms | graft 11 (-43n, 0 snap) cpu 0 | f64 20 | gen 0.3s
 108     0     100               0    0.0158550593    0.0131875854     0.315427406     0.235376687    0.0735042182    0.0715731743
 108     1      50               0    0.0622139299    0.0602069248      1.32577053     0.241580533      0.28842442     0.326761919
          wgpu 1d 138g 252c x3w 11ms | egraph 28g->106v+0snap 11ms | graft 8 (-20n, 0 snap) cpu 0 | f64 20 | gen 0.2s
 109     0     100               0    0.0158550593    0.0131875854     0.315427406     0.235376687    0.0735042182    0.0715731743
 109     1      50               0    0.0622139299    0.0602069248      1.32577053     0.241580533      0.28842442     0.326761919
          wgpu 1d 155g 282c x3w 15ms | egraph 29g->136v+0snap 13ms | graft 10 (-49n, 0 snap) cpu 0 | f64 20 | gen 0.2s
 110     0     100               0    0.0158550593    0.0131875854     0.315427406     0.235376687    0.0735042182    0.0715731743
 110     1      50               0    0.0622139299    0.0602069248      1.32577053     0.241580533      0.28842442     0.326761919
          wgpu 1d 158g 276c x3w 5ms | egraph 32g->130v+0snap 21ms | graft 6 (-19n, 0 snap) cpu 0 | f64 20 | gen 0.2s
--------- pump migration: intra (promote-2 + intake-reset) ---------
 111     0     100               0    0.0158550593    0.0131875854     0.315427406     0.235376687    0.0735042182    0.0715731743
 111     1      50               0    0.0622139299    0.0602069248      1.32577053     0.241580533      0.28842442     0.326761919
          wgpu 2d 355g 414c x3w 11ms | egraph 91g->188v+0snap 35ms | graft 16 (-122n, 0 snap) cpu 0 | f64 30 | gen 0.2s
 112     0     100               0    0.0158550593    0.0131875854     0.315427406     0.235376687    0.0735042182    0.0715731743
 112     1      50               0    0.0622139299    0.0602069248      1.32577053     0.241580533      0.28842442     0.326761919
          wgpu 1d 156g 282c x3w 7ms | egraph 25g->136v+0snap 11ms | graft 6 (-15n, 0 snap) cpu 0 | f64 20 | gen 0.2s
 113     0     100               0    0.0158550593    0.0131875854     0.315427406     0.235376687    0.0735042182    0.0715731743
 113     1      50               0    0.0622139299    0.0602069248      1.32577053     0.241580533      0.28842442     0.326761919
          wgpu 1d 145g 273c x3w 11ms | egraph 26g->127v+0snap 13ms | graft 11 (-32n, 0 snap) cpu 0 | f64 20 | gen 0.4s
 114     0     100               0    0.0158550593    0.0131875854     0.315427406     0.235376687    0.0735042182    0.0715731743
 114     1      50               0    0.0622139299    0.0602069248      1.32577053     0.241580533      0.28842442     0.326761919
          wgpu 1d 112g 242c x3w 4ms | egraph 22g->96v+0snap 18ms | graft 7 (-18n, 0 snap) cpu 0 | f64 20 | gen 0.2s
 115     0     100               0    0.0158550593    0.0131875854     0.315427406     0.235376687    0.0735042182    0.0715731743
 115     1      50               0    0.0622139299    0.0602069248      1.32577053     0.241580533      0.28842442     0.326761919
          wgpu 1d 126g 244c x3w 11ms | egraph 21g->98v+0snap 11ms | graft 10 (-22n, 0 snap) cpu 0 | f64 20 | gen 0.2s
 116     0     100               0    0.0158550593    0.0131875854     0.315427406     0.235376687    0.0735042182    0.0715731743
 116     1      50               0    0.0622139299    0.0602069248      1.32577053     0.241580533      0.28842442     0.326761919
          wgpu 1d 148g 264c x3w 8ms | egraph 22g->118v+0snap 15ms | graft 8 (-23n, 0 snap) cpu 0 | f64 20 | gen 0.3s
 117     0     100               0    0.0158550593    0.0131875854     0.315427406     0.235376687    0.0735042182    0.0715731743
 117     1      50               0    0.0622139299    0.0602069248      1.32577053     0.241580533      0.28842442     0.326761919
          wgpu 1d 155g 255c x3w 5ms | egraph 21g->109v+0snap 10ms | graft 12 (-37n, 0 snap) cpu 0 | f64 20 | gen 0.2s
 118     0     100               0    0.0158550593    0.0131875854     0.315427406     0.235376687    0.0735042182    0.0715731743
 118     1      50               0    0.0622139299    0.0602069248      1.32577053     0.241580533      0.28842442     0.326761919
          wgpu 1d 148g 278c x3w 5ms | egraph 19g->132v+0snap 11ms | graft 13 (-30n, 0 snap) cpu 0 | f64 20 | gen 0.2s
 119     0     100               0    0.0158550593    0.0131875854     0.315427406     0.235376687    0.0735042182    0.0715731743
 119     1      50               0    0.0622139299    0.0602069248      1.32577053     0.241580533      0.28842442     0.326761919
          wgpu 1d 150g 260c x3w 5ms | egraph 23g->114v+0snap 9ms | graft 10 (-24n, 0 snap) cpu 0 | f64 20 | gen 0.3s
 120     0     100               0    0.0158550593    0.0131875854     0.315427406     0.235376687    0.0735042182    0.0715731743
 120     1      50               0    0.0622139299    0.0602069248      1.32577053     0.241580533      0.28842442     0.326761919
          wgpu 1d 138g 244c x3w 18ms | egraph 19g->98v+0snap 15ms | graft 7 (-20n, 0 snap) cpu 0 | f64 20 | gen 0.2s
--------- pump migration: intra (promote-2 + intake-reset) + cross ---------
 121     0     100               0    0.0158550593    0.0131875854     0.315427406     0.235376687    0.0735042182    0.0715731743
 121     1      50               0    0.0622139299    0.0602069248      1.32577053     0.241580533      0.28842442     0.326761919
          wgpu 2d 304g 361c x3w 19ms | egraph 80g->135v+0snap 36ms | graft 16 (-58n, 0 snap) cpu 0 | f64 30 | gen 0.2s | dropped inexpr 3 oversz 0 unbuild 0 {}
 122     0     100               0    0.0158550593    0.0131875854     0.315427406     0.235376687    0.0735042182    0.0715731743
 122     1      50               0    0.0158550593    0.0131875854     0.315427406     0.235376687    0.0735042182    0.0715731743
          wgpu 1d 117g 246c x3w 5ms | egraph 17g->100v+0snap 8ms | graft 3 (-8n, 0 snap) cpu 0 | f64 20 | gen 0.2s
 123     0     100               0    0.0158550593    0.0131875854     0.315427406     0.235376687    0.0735042182    0.0715731743
 123     1      50               0    0.0622139299    0.0602069248      1.32577053     0.241580533      0.28842442     0.326761919
          wgpu 1d 133g 254c x3w 10ms | egraph 22g->108v+0snap 13ms | graft 8 (-58n, 0 snap) cpu 0 | f64 20 | gen 0.2s
 124     0     100               0    0.0158550593    0.0131875854     0.315427406     0.235376687    0.0735042182    0.0715731743
 124     1      50               0    0.0158550593    0.0131875854     0.315427406     0.235376687    0.0735042182    0.0715731743
          wgpu 1d 127g 242c x3w 11ms | egraph 20g->96v+0snap 9ms | graft 5 (-26n, 0 snap) cpu 0 | f64 20 | gen 0.3s
 125     0     100               0    0.0158550593    0.0131875854     0.315427406     0.235376687    0.0735042182    0.0715731743
 125     1      50               0    0.0158550593    0.0131875854     0.315427406     0.235376687    0.0735042182    0.0715731743
          wgpu 1d 132g 237c x3w 5ms | egraph 23g->91v+0snap 10ms | graft 2 (-5n, 0 snap) cpu 0 | f64 20 | gen 0.3s | dropped inexpr 1 oversz 0 unbuild 0 {}
 126     0     100               0    0.0158550593    0.0131875854     0.315427406     0.235376687    0.0735042182    0.0715731743
 126     1      50               0    0.0158550593    0.0131875854     0.315427406     0.235376687    0.0735042182    0.0715731743
          wgpu 1d 121g 245c x3w 4ms | egraph 21g->99v+0snap 10ms | graft 4 (-9n, 0 snap) cpu 0 | f64 20 | gen 0.3s
 127     0     100               0    0.0158550593    0.0131875854     0.315427406     0.235376687    0.0735042182    0.0715731743
 127     1      50               0    0.0158550593    0.0131875854     0.315427406     0.235376687    0.0735042182    0.0715731743
          wgpu 1d 136g 259c x3w 4ms | egraph 27g->113v+0snap 17ms | graft 7 (-24n, 0 snap) cpu 0 | f64 20 | gen 0.2s
 128     0     100               0    0.0158550593    0.0131875854     0.315427406     0.235376687    0.0735042182    0.0715731743
 128     1      50               0    0.0158550593    0.0131875854     0.315427406     0.235376687    0.0735042182    0.0715731743
          wgpu 1d 125g 256c x3w 5ms | egraph 29g->110v+0snap 13ms | graft 6 (-20n, 0 snap) cpu 0 | f64 20 | gen 0.3s
 129     0     100               0    0.0158550593    0.0131875854     0.315427406     0.235376687    0.0735042182    0.0715731743
 129     1      50               0    0.0158550593    0.0131875854     0.315427406     0.235376687    0.0735042182    0.0715731743
          wgpu 1d 141g 244c x3w 4ms | egraph 24g->98v+0snap 11ms | graft 5 (-17n, 0 snap) cpu 0 | f64 20 | gen 0.3s
 130     0     100               0    0.0158550593    0.0131875854     0.315427406     0.235376687    0.0735042182    0.0715731743
 130     1      50               0    0.0158550593    0.0131875854     0.315427406     0.235376687    0.0735042182    0.0715731743
          wgpu 1d 131g 245c x3w 4ms | egraph 35g->99v+0snap 13ms | graft 2 (-12n, 0 snap) cpu 0 | f64 20 | gen 0.2s
--------- pump migration: intra (promote-2 + intake-reset) ---------
 131     0     100               0    0.0240859413     0.014451505     0.408386074     0.110057211     0.111662672    0.0784328632
 131     1      50               0    0.0158550593    0.0131875854     0.315427406     0.235376687    0.0735042182    0.0715731743
          wgpu 2d 369g 381c x3w 9ms | egraph 141g->155v+0snap 42ms | graft 22 (-75n, 0 snap) cpu 0 | f64 30 | gen 0.2s | dropped inexpr 1 oversz 0 unbuild 0 {}
 132     0     100               0   0.00211782258   0.00217854898     0.150740061   0.00584345117   0.00981824729    0.0118236706
 132     1      50               0    0.0158550593    0.0131875854     0.315427406     0.235376687    0.0735042182    0.0715731743
          wgpu 1d 127g 189c x3w 4ms | egraph 55g->43v+0snap 39ms | graft 1 (-2n, 0 snap) cpu 0 | f64 20 | gen 0.4s
 133     0     100               0   0.00211782258   0.00217854898     0.150740061   0.00584345117   0.00981824729    0.0118236706
 133     1      50               0    0.0158550593    0.0131875854     0.315427406     0.235376687    0.0735042182    0.0715731743
          wgpu 1d 156g 213c x3w 13ms | egraph 62g->67v+0snap 27ms | graft 6 (-21n, 0 snap) cpu 0 | f64 20 | gen 0.3s
 134     0     100               0   0.00211782258   0.00217854898     0.150740061   0.00584345117   0.00981824729    0.0118236706
 134     1      50               0    0.0158550593    0.0131875854     0.315427406     0.235376687    0.0735042182    0.0715731743
          wgpu 1d 158g 241c x3w 5ms | egraph 54g->95v+0snap 28ms | graft 11 (-32n, 0 snap) cpu 0 | f64 20 | gen 0.2s
 135     0     100               0   0.00211782258   0.00217854898     0.150740061   0.00584345117   0.00981824729    0.0118236706
 135     1      50               0    0.0158550593    0.0131875854     0.315427406     0.235376687    0.0735042182    0.0715731743
          wgpu 1d 147g 215c x3w 5ms | egraph 52g->69v+0snap 18ms | graft 5 (-17n, 0 snap) cpu 0 | f64 20 | gen 0.3s
 136     0     100               0   0.00211782258   0.00217854898     0.150740061   0.00584345117   0.00981824729    0.0118236706
 136     1      50               0    0.0158550594    0.0131875842     0.315427466     0.235376829    0.0735042185    0.0715731678
          wgpu 1d 157g 212c x3w 4ms | egraph 50g->66v+0snap 17ms | graft 8 (-23n, 0 snap) cpu 0 | f64 20 | gen 0.4s | dropped inexpr 1 oversz 0 unbuild 0 {}
 137     0     100               0   0.00211782258   0.00217854898     0.150740061   0.00584345117   0.00981824729    0.0118236706
 137     1      50               0    0.0158550594    0.0131875842     0.315427466     0.235376829    0.0735042185    0.0715731678
          wgpu 1d 185g 211c x3w 5ms | egraph 58g->65v+0snap 21ms | graft 8 (-49n, 0 snap) cpu 0 | f64 20 | gen 0.3s
 138     0     100               0  0.000578223569  0.000601008685    0.0588989927  0.000585824981   0.00268065042   0.00326186318
 138     1      50               0    0.0158550594    0.0131875842     0.315427466     0.235376829    0.0735042185    0.0715731678
          wgpu 1d 193g 237c x3w 5ms | egraph 68g->91v+0snap 32ms | graft 14 (-52n, 0 snap) cpu 0 | f64 20 | gen 0.4s
 139     0     100               0  0.000143073162   0.00015924898    0.0366302603  0.000295033835  0.000663288653  0.000864294309
 139     1      50               0    0.0158550594    0.0131875842     0.315427466     0.235376829    0.0735042185    0.0715731678
          wgpu 1d 201g 266c x3w 6ms | egraph 72g->120v+0snap 33ms | graft 25 (-138n, 0 snap) cpu 0 | f64 20 | gen 0.6s
 140     0     100               0  0.000143073162   0.00015924898    0.0366302603  0.000295033835  0.000663288653  0.000864294309
 140     1      50               0    0.0158550594    0.0131875842     0.315427466     0.235376829    0.0735042185    0.0715731678
          wgpu 1d 228g 296c x3w 5ms | egraph 88g->150v+0snap 31ms | graft 29 (-90n, 0 snap) cpu 0 | f64 20 | gen 0.3s
--------- pump migration: intra (promote-2 + intake-reset) ---------
 141     0     100               0  5.05629302e-05  4.77526057e-05    0.0145699272  0.000122971744  0.000234410265  0.000259168412
 141     1      50               0  0.000143073162   0.00015924898    0.0366302603  0.000295033835  0.000663288653  0.000864294309
          wgpu 2d 412g 457c x3w 10ms | egraph 169g->231v+0snap 66ms | graft 44 (-148n, 0 snap) cpu 0 | f64 30 | gen 0.5s | dropped inexpr 1 oversz 0 unbuild 0 {}
 142     0     100               0  5.05629302e-05  4.77526057e-05    0.0145699272  0.000122971744  0.000234410265  0.000259168412
 142     1      50               0  0.000143073162   0.00015924898    0.0366302603  0.000295033835  0.000663288653  0.000864294309
          wgpu 1d 267g 326c x3w 6ms | egraph 111g->180v+0snap 35ms | graft 41 (-130n, 0 snap) cpu 0 | f64 20 | gen 0.6s
 143     0     100               0  2.49317048e-32  1.78504817e-32   8.8817842e-16  5.56603384e-32   1.1558364e-31   9.6880179e-32
 143     1      50               0  0.000143073162   0.00015924898    0.0366302603  0.000295033835  0.000663288653  0.000864294309
          wgpu 1d 234g 347c x3w 22ms | egraph 91g->201v+0snap 48ms | graft 35 (-117n, 0 snap) cpu 0 | f64 20 | gen 0.8s

*** Early stop at generation 143: best val_R² = 1.0000000000 ≥ 0.9999999990, holdout_R² = 1.0000000000 confirmed

This sub-run: 2026-09-19 06:19:17.128091 → 2026-09-19 06:20:00.372808
Now at generation 143 (HOF size: 31)
[join] 158 dispatches, 24,424 genes, 130,092 candidates scored in 1.41s GPU+host; e-graph 6,265 trees -> 21,216 variants + 0 snaps in 3.55s; 1,824 grafts (0 snap), 6,629 nodes removed; cpu-path individuals 0, f64-rejected 0, snaps refused for naming an input 0
[join]   inexpressible:     68  no pset token for semantic id "pow" with arity 2
[join]   inexpressible:      1  no pset token for semantic id "div" with arity 2
  HFF-chosen LSM kept: a=-0.0596831, b=0.182973
Chromosome wrapper: id=0  →  identity
hof[0] runtime val: mse=1.785e-32  R²=1.000000
Pre-snap expression (after sympify + LSM compose):
  0.159154943091895*q*v/r - 0.0198943678864869*log(9) + 0.0437123940707573

Per-level snap results (before MSE scoring):
  strict      →  q*v/(2*pi*r)
  default     →  q*v/(2*pi*r)
  aggressive  →  q*v/(2*pi*r)

Snap-level comparison (sorted by holdout MSE, lowest first)
------------------------------------------------------------------------------------------
  level       MSE            R²         expression                                        
------------------------------------------------------------------------------------------
★ strict      3.859e-33      1.0000     q*v/(2*pi*r)                                      
  default     3.859e-33      1.0000     q*v/(2*pi*r)                                      
  aggressive  3.859e-33      1.0000     q*v/(2*pi*r)                                      

Winning snap level: 'strict'  →  q*v/(2*pi*r)

Canonical discovered expression: q*v/(2*pi*r)
[38;2;0;50;255m
############################################################ [38;2;255;255;255m
[38;2;0;50;255m Equation Recovery: II_34_2A [38;2;255;255;255m
[38;2;0;50;255m Truth: q*v/(2*pi*r) [38;2;255;255;255m
[38;2;0;50;255m [38;2;255;255;255m
[38;2;255;0;255m     Exact recovery     : True [38;2;255;255;255m
[38;2;255;0;255m     Numerical recovery : True (max rel_err 0.00e+00 on 10k samples) [38;2;255;255;255m
[38;2;255;0;255m     Discovered         : q*v/(2*pi*r) [38;2;255;255;255m
[38;2;255;0;255m     LSM (a, b)         : (-0.0596831, 0.182973) [38;2;255;255;255m
[38;2;0;50;255m
############################################################ [38;2;255;255;255m
In-range holdout : MSE=2.205e-32  MAE=8.916e-17  R²=1.0000
Extrapolation    : MSE=5.566e-32  MAE=1.28e-16  R²=1.0000

Top 10 HOF models (north_pole=truenorth) (★ = Pareto-optimal)
(deduped HOF: 12 unique chromosomes from 31 raw HOF entries)
 ----------------------------------------------------------------------------------------------------------------
       model     wrapper      length   train_mse     val_mse     max_err    train_r2      val_r2 angular_distance
 ----------------------------------------------------------------------------------------------------------------
★           0    identity          16      0.0000      0.0000      0.0000      1.0000      1.0000      0.0000
            1     log_abs          13      0.0159      0.0132      0.3154      0.9265      0.9284      0.3377
           27     log_abs          18      0.0226      0.0164      0.4052      0.8954      0.9110      0.4532
           25     log_abs          16      0.0226      0.0164      0.4052      0.8954      0.9110      0.4532
            9     log_abs           9      0.0243      0.0184      0.7780      0.8875      0.9002      0.5863
            6     log_abs           9      0.0243      0.0184      0.7780      0.8875      0.9002      0.5863
           15     log_abs           9      0.0298      0.0238      0.9659      0.8617      0.8708      0.7388
           18     log_abs           9      0.0298      0.0238      0.9659      0.8617      0.8708      0.7388
           16     log_abs           9      0.0298      0.0238      0.9659      0.8617      0.8708      0.7388
           22     log_abs           9      0.0335      0.0273      1.0606      0.8445      0.8517      0.8321

Pareto-optimal in top 10: 1    Pareto-optimal in full HOF: 1 / 12

Recovery sweep across 12/12 unique HOF chromosomes (capped):
  Structural / exact     : 1/12  (8.3%)
  Numerical (≤1e-6 err)  : 1/12  (8.3%)
{
    "date": "2026/09/19",
    "seed": "5",
    "task": "equation_recovery",
    "north_pole_method": "truenorth",
    "hff_include_val": true,
    "problem": "II_34_2a",
    "truth_expr": "q*v/(2*pi*r)",
    "final_terminal_inputs": [
        "q",
        "v",
        "r"
    ],
    "wide_primitives": true,
    "head_length": "48",
    "n_genes": "3",
    "rnc_array_length": "10",
    "tournament size": "intake=8, champion=5",
    "population size": "150",
    "population per island": "intake=100, champion=50",
    "gpu_join": true,
    "eclass_k": 8,
    "number of elites": "2",
    "number of generations": "400",
    "number of islands": "2",
    "migration FREQ": "30",
    "wrapper_id": 0,
    "wrapper_name": "identity",
    "recovery_exact": true,
    "recovery_numerical": true,
    "recovery_max_rel_err": 0.0,
    "discovered_expr": "q*v/(2*pi*r)",
    "holdout_mse": 2.204708303837288e-32,
    "holdout_r2": 1.0,
    "extrap_mse": 5.566033835776331e-32,
    "extrap_r2": 1.0,
    "hof_size": 12,
    "hof_exact_recoveries": 1,
    "hof_numerical_recoveries": 1
}
