/opt/anaconda3/lib/python3.12/site-packages/geppy/__init__.py:26: UserWarning: pkg_resources is deprecated as an API. See https://setuptools.pypa.io/en/latest/pkg_resources.html. The pkg_resources package is slated for removal as early as 2025-11-30. Refrain from using this package or pin to Setuptools<81.
  from pkg_resources import get_distribution, DistributionNotFound
hff library OK (test fitness: (0.1415394733244273,))
registry: ['circle_area', 'gravity', 'coulomb', 'pendulum', 'keplers3', 'ideal_gas', 'I_6_2a', 'I_6_2', 'I_6_2b', 'I_8_14', 'I_9_18', 'I_10_7', 'I_11_19', 'I_12_1', 'I_12_2', 'I_12_4', 'I_12_5', 'I_12_11', 'I_13_4', 'I_13_12', 'I_14_3', 'I_14_4', 'I_15_3x', 'I_15_3t', 'I_15_1', 'I_16_6', 'I_18_4', 'I_18_12', 'I_18_14', 'I_24_6', 'I_25_13', 'I_26_2', 'I_27_6', 'I_29_4', 'I_29_16', 'I_30_3', 'I_30_5', 'I_32_5', 'I_32_17', 'I_34_8', 'I_34_1', 'I_34_14', 'I_34_27', 'I_37_4', 'I_38_12', 'I_39_1', 'I_39_11', 'I_39_22', 'I_40_1', 'I_41_16', 'I_43_16', 'I_43_31', 'I_43_43', 'I_44_4', 'I_47_23', 'I_48_2', 'I_50_26', 'II_2_42', 'II_3_24', 'II_4_23', 'II_6_11', 'II_6_15a', 'II_6_15b', 'II_8_7', 'II_8_31', 'II_10_9', 'II_11_3', 'II_11_17', 'II_11_20', 'II_11_27', 'II_11_28', 'II_13_17', 'II_13_23', 'II_13_34', 'II_15_4', 'II_15_5', 'II_21_32', 'II_24_17', 'II_27_16', 'II_27_18', 'II_34_2a', 'II_34_2', 'II_34_11', 'II_34_29a', 'II_34_29b', 'II_35_18', 'II_35_21', 'II_36_38', 'II_37_1', 'II_38_3', 'II_38_14', 'III_4_32', 'III_4_33', 'III_7_38', 'III_8_54', 'III_9_52', 'III_10_19', 'III_12_43', 'III_13_18', 'III_14_14', 'III_15_12', 'III_15_14', 'III_15_27', 'III_17_37', 'III_19_51', 'III_21_20', 'test_1', 'test_2', 'test_3', 'test_4', 'test_5', 'test_6', 'test_7', 'test_8', 'test_9', 'test_10', 'test_11', 'test_12', 'test_13', 'test_14', 'test_15', 'test_16', 'test_17', 'test_18', 'test_19', 'test_20']
[feynman override] head_length=48 (keep n_genes=3, avgval linker)
Selected problem: II_34_29b
  Description : Feynman I-III II.34.29b: E_n = g_*mom*B*Jz/(h/(2*pi))
  Variables   : ['g_', 'h', 'Jz', 'mom', 'B']
  Train range : {'g_': (1.0, 5.0), 'h': (1.0, 5.0), 'Jz': (1.0, 5.0), 'mom': (1.0, 5.0), 'B': (1.0, 5.0)}
  Extrap range: {'g_': (1.0, 7.5), 'h': (1.0, 7.5), 'Jz': (1.0, 7.5), 'mom': (1.0, 7.5), 'B': (1.0, 7.5)}
  Truth       : g_*mom*B*Jz/(h/(2*pi))
  ✓ cache hit  (data/equations/II_34_29b, key=ad0b6cb8fb03672c)
  train           (800, 6)  target range=[5.818, 2505]
  val             (200, 6)  target range=[7.37, 2011]
  holdout         (200, 6)  target range=[8.482, 1454]
  extrapolation   (200, 6)  target range=[8.611, 4363]
(skipping pairplot — too many variables: 5)
Wide primitive set enabled: sin, cos, exp, log added.
[E22 rules] variable pattern tags: {'no_pattern'}
[E22/23 rules] static candidate count: 1
[E22/23 rules] allowed to take a fitness slot (exact): 0
  [sum_sq_all/sum_sq] a=6.1691 b=-1.1680e+02 1-R²_va=8.4953e-01
[fuller] denoise + snap IN THE JOIN (every gene, every generation, K=8); mutation operators: physics=0.2 concretize=0.05
Wrapper scope: per_island  (island → wrapper map: ['identity', 'identity'])
[wgpu] process pool disabled — Metal cannot survive fork(); the population is evaluated in one dispatch instead
Genes: head_length=48, n_genes=3, rnc_array_length=10
Population: (per-island, see below), elites: 2, generations: 400, migration FREQ: 30
  pump per-island sizes: intake=100 (tournsize=8), champion=50 (tournsize=5)
Initialising evolution at 2026-09-19 06:19:34.517170
 gen  deme   evals     min fitness          mse_tr          mse_va         max_err      mse_extrap  one_minus_r2_tr  one_minus_r2_va
   0     0     100    0.0797665533      30929.7309      34465.1953      1519.38454      500139.394     0.652115598     0.651177455
   0     1      50    0.0124514508       28834.789      33453.7269       1481.9065      480665.765     0.607946306     0.632067003
          wgpu 1d 325g 285c x3w 13ms | egraph 199g->135v+0snap 109ms | graft 36 (-122n, 0 snap) cpu 0 | f64 30 | gen 0.0s | dropped inexpr 5 oversz 0 unbuild 0 {}
Extending evolution: gen 1 → 400 (+400 generations)
   1     0     100               0      24849.4327      28413.0815      1396.64482      412805.849     0.523919937     0.536830212
   1     1      50   0.00382170124      25542.3304      29123.8256      1433.56222      595747.512     0.538528838     0.550258847
          wgpu 1d 133g 218c x3w 13ms | egraph 61g->72v+0snap 47ms | graft 7 (-20n, 0 snap) cpu 0 | f64 30 | gen 0.3s | dropped inexpr 1 oversz 0 unbuild 0 {}
   2     0     100               0      24849.4327      28413.0815      1396.64482      412805.849     0.523919937     0.536830212
   2     1      50   0.00382170124      25542.3304      29123.8256      1433.56222      595747.512     0.538528838     0.550258847
          wgpu 1d 94g 188c x3w 4ms | egraph 44g->42v+0snap 55ms | graft 8 (-16n, 0 snap) cpu 0 | f64 38 | gen 0.3s
   3     0     100               0      24849.4332      28413.0818      1396.64488      412805.851     0.523919947     0.536830217
   3     1      50   0.00382170124      25542.3304      29123.8256      1433.56222      595747.512     0.538528838     0.550258847
          wgpu 1d 94g 212c x3w 5ms | egraph 41g->66v+0snap 21ms | graft 32 (-71n, 0 snap) cpu 0 | f64 20 | gen 0.3s
   4     0     100               0      24849.4332      28413.0818      1396.64488      412805.851     0.523919947     0.536830217
   4     1      50   0.00382170124      25542.3304      29123.8256      1433.56222      595747.512     0.538528838     0.550258847
          wgpu 1d 99g 213c x3w 6ms | egraph 34g->67v+0snap 17ms | graft 19 (-48n, 0 snap) cpu 0 | f64 20 | gen 0.2s | dropped inexpr 1 oversz 0 unbuild 0 {}
   5     0     100               0      24849.4327      28413.0815      1396.64482      412805.849     0.523919937     0.536830212
   5     1      50               0      20212.2718      22645.9893      1324.95032      395586.809     0.426151064     0.427868102
          wgpu 1d 103g 213c x3w 20ms | egraph 44g->67v+0snap 22ms | graft 34 (-78n, 0 snap) cpu 0 | f64 20 | gen 0.3s
   6     0     100               0      24849.4327      28413.0815      1396.64482      412805.849     0.523919937     0.536830212
   6     1      50               0      20212.2718      22645.9893      1324.95032      395586.809     0.426151064     0.427868102
          wgpu 1d 121g 226c x3w 5ms | egraph 44g->80v+0snap 23ms | graft 22 (-68n, 0 snap) cpu 0 | f64 20 | gen 0.2s | dropped inexpr 1 oversz 0 unbuild 0 {}
   7     0     100               0      24849.4327      28413.0815      1396.64482      412805.849     0.523919937     0.536830212
   7     1      50               0      17043.1888      18297.5923      1266.94048      365677.137     0.359334819      0.34571049
          wgpu 1d 119g 226c x3w 5ms | egraph 43g->80v+0snap 19ms | graft 13 (-41n, 0 snap) cpu 0 | f64 20 | gen 0.5s
   8     0     100               0      24849.4327      28413.0815      1396.64482      412805.849     0.523919937     0.536830212
   8     1      50               0      17043.1888      18297.5923      1266.94048      365677.137     0.359334819      0.34571049
          wgpu 1d 133g 260c x3w 5ms | egraph 44g->114v+0snap 22ms | graft 25 (-83n, 0 snap) cpu 0 | f64 20 | gen 0.2s
   9     0     100               0      24849.4327      28413.0815      1396.64482      412805.849     0.523919937     0.536830212
   9     1      50               0      17043.1888      18297.5923      1266.94048      365677.137     0.359334819      0.34571049
          wgpu 1d 121g 238c x3w 5ms | egraph 35g->92v+0snap 34ms | graft 19 (-58n, 0 snap) cpu 0 | f64 20 | gen 0.4s | dropped inexpr 1 oversz 0 unbuild 0 {}
  10     0     100               0      22567.0649       25045.323      1288.38397       433888.45     0.475798999     0.473200558
  10     1      50               0      17043.1888      18297.5923      1266.94048      365677.137     0.359334819      0.34571049
          wgpu 1d 138g 266c x3w 6ms | egraph 46g->120v+0snap 20ms | graft 31 (-116n, 0 snap) cpu 0 | f64 20 | gen 0.3s
--------- pump migration: intra (promote-2 + intake-reset) ---------
  11     0     100               0      17161.7045      18353.8203      1259.35549      369753.978     0.361833579      0.34677285
  11     1      50               0      17043.1892      18297.5928       1266.9405      365677.136     0.359334827     0.345710501
          wgpu 2d 332g 419c x3w 13ms | egraph 139g->193v+0snap 63ms | graft 45 (-132n, 0 snap) cpu 0 | f64 30 | gen 0.3s | dropped inexpr 4 oversz 0 unbuild 0 {}
  12     0     100               0      17161.7045      18353.8203      1259.35549      369753.978     0.361833579      0.34677285
  12     1      50               0      17043.1888      18297.5923      1266.94048      365677.137     0.359334819      0.34571049
          wgpu 1d 141g 230c x3w 13ms | egraph 56g->84v+0snap 24ms | graft 12 (-39n, 0 snap) cpu 0 | f64 20 | gen 0.4s | dropped inexpr 2 oversz 0 unbuild 0 {}
  13     0     100               0      17161.7045      18353.8203      1259.35549      369753.978     0.361833579      0.34677285
  13     1      50               0      17043.1888      18297.5923      1266.94048      365677.137     0.359334819      0.34571049
          wgpu 1d 165g 301c x3w 6ms | egraph 60g->155v+0snap 24ms | graft 22 (-62n, 0 snap) cpu 0 | f64 20 | gen 0.3s | dropped inexpr 1 oversz 0 unbuild 0 {}
  14     0     100               0      17161.7045      18353.8203      1259.35549      369753.978     0.361833579      0.34677285
  14     1      50               0      17043.1888      18297.5923      1266.94048      365677.137     0.359334819      0.34571049
          wgpu 1d 152g 282c x3w 14ms | egraph 46g->136v+0snap 41ms | graft 18 (-48n, 0 snap) cpu 0 | f64 20 | gen 0.3s | dropped inexpr 5 oversz 0 unbuild 0 {}
  15     0     100               0      17161.7045      18353.8203      1259.35549      369753.978     0.361833579      0.34677285
  15     1      50               0      17043.1888      18297.5923      1266.94048      365677.137     0.359334819      0.34571049
          wgpu 1d 146g 286c x3w 18ms | egraph 43g->140v+0snap 20ms | graft 16 (-45n, 0 snap) cpu 0 | f64 20 | gen 0.3s
  16     0     100               0      17161.7045      18353.8203      1259.35549      369753.978     0.361833579      0.34677285
  16     1      50               0      17043.1888      18297.5923      1266.94048      365677.137     0.359334819      0.34571049
          wgpu 1d 169g 288c x3w 5ms | egraph 55g->142v+0snap 23ms | graft 19 (-60n, 0 snap) cpu 0 | f64 20 | gen 0.4s
  17     0     100               0      17161.7045      18353.8203      1259.35549      369753.978     0.361833579      0.34677285
  17     1      50               0      17043.1888      18297.5923      1266.94048      365677.137     0.359334819      0.34571049
          wgpu 1d 139g 294c x3w 5ms | egraph 31g->148v+0snap 11ms | graft 23 (-78n, 0 snap) cpu 0 | f64 20 | gen 0.3s
  18     0     100               0      17161.7045      18353.8203      1259.35549      369753.978     0.361833579      0.34677285
  18     1      50               0      17043.1888      18297.5923      1266.94048      365677.137     0.359334819      0.34571049
          wgpu 1d 131g 283c x3w 4ms | egraph 33g->137v+0snap 17ms | graft 18 (-52n, 0 snap) cpu 0 | f64 20 | gen 0.3s
  19     0     100               0      17161.7045      18353.8203      1259.35549      369753.978     0.361833579      0.34677285
  19     1      50               0      17043.1888      18297.5923      1266.94048      365677.137     0.359334819      0.34571049
          wgpu 1d 159g 292c x3w 21ms | egraph 46g->146v+0snap 26ms | graft 21 (-70n, 0 snap) cpu 0 | f64 20 | gen 0.3s
  20     0     100               0      17161.7045      18353.8203      1259.35549      369753.978     0.361833579      0.34677285
  20     1      50               0      17043.1888      18297.5923      1266.94048      365677.137     0.359334819      0.34571049
          wgpu 1d 155g 299c x3w 8ms | egraph 36g->153v+0snap 13ms | graft 13 (-42n, 0 snap) cpu 0 | f64 20 | gen 0.3s
--------- pump migration: intra (promote-2 + intake-reset) ---------
  21     0     100               0      17161.7045      18353.8203      1259.35549      369753.978     0.361833579      0.34677285
  21     1      50               0      17043.1888      18297.5923      1266.94048      365677.137     0.359334819      0.34571049
          wgpu 2d 371g 469c x3w 11ms | egraph 118g->243v+0snap 55ms | graft 42 (-157n, 0 snap) cpu 0 | f64 30 | gen 0.2s | dropped inexpr 3 oversz 0 unbuild 0 {}
  22     0     100               0      17161.7045      18353.8203      1259.35549      369753.978     0.361833579      0.34677285
  22     1      50               0      17161.7045      18353.8203      1259.35549      369753.978     0.361833579      0.34677285
          wgpu 1d 165g 289c x3w 6ms | egraph 34g->143v+0snap 27ms | graft 25 (-93n, 0 snap) cpu 0 | f64 20 | gen 0.3s
  23     0     100               0      17161.7045      18353.8203      1259.35549      369753.978     0.361833579      0.34677285
  23     1      50               0      17043.1888      18297.5923      1266.94048      365677.137     0.359334819      0.34571049
          wgpu 1d 139g 256c x3w 5ms | egraph 25g->110v+0snap 14ms | graft 18 (-46n, 0 snap) cpu 0 | f64 20 | gen 0.2s
  24     0     100               0      17161.7045      18353.8203      1259.35549      369753.978     0.361833579      0.34677285
  24     1      50               0      17161.7045      18353.8203      1259.35549      369753.978     0.361833579      0.34677285
          wgpu 1d 148g 269c x3w 5ms | egraph 31g->123v+0snap 12ms | graft 16 (-44n, 0 snap) cpu 0 | f64 20 | gen 0.3s
  25     0     100               0      16650.1659      17035.1458      1245.90966      365865.924     0.351048412     0.321858118
  25     1      50               0      17161.7045      18353.8203      1259.35549      369753.978     0.361833579      0.34677285
          wgpu 1d 139g 317c x3w 18ms | egraph 29g->171v+0snap 11ms | graft 19 (-63n, 0 snap) cpu 0 | f64 20 | gen 0.3s
  26     0     100               0      16650.1659      17035.1458      1245.90966      365865.924     0.351048412     0.321858118
  26     1      50               0      17161.7045      18353.8203      1259.35549      369753.978     0.361833579      0.34677285
          wgpu 1d 135g 331c x3w 5ms | egraph 29g->185v+0snap 12ms | graft 15 (-36n, 0 snap) cpu 0 | f64 20 | gen 0.4s | dropped inexpr 5 oversz 0 unbuild 0 {}
  27     0     100               0      16650.1659      17035.1458      1245.90966      365865.924     0.351048412     0.321858118
  27     1      50               0      17161.7045      18353.8203      1259.35549      369753.978     0.361833579      0.34677285
          wgpu 1d 167g 356c x3w 6ms | egraph 40g->210v+0snap 17ms | graft 20 (-77n, 0 snap) cpu 0 | f64 20 | gen 0.3s | dropped inexpr 3 oversz 0 unbuild 0 {}
  28     0     100               0      16650.1659      17035.1458      1245.90966      365865.924     0.351048412     0.321858118
  28     1      50               0      17161.7045      18353.8203      1259.35549      369753.978     0.361833579      0.34677285
          wgpu 1d 130g 323c x3w 5ms | egraph 33g->177v+0snap 13ms | graft 16 (-46n, 0 snap) cpu 0 | f64 20 | gen 0.3s | dropped inexpr 1 oversz 0 unbuild 0 {}
  29     0     100               0      16650.1659      17035.1458      1245.90966      365865.924     0.351048412     0.321858118
  29     1      50               0      17161.7045      18353.8203      1259.35549      369753.978     0.361833579      0.34677285
          wgpu 1d 167g 326c x3w 5ms | egraph 49g->180v+0snap 19ms | graft 22 (-55n, 0 snap) cpu 0 | f64 20 | gen 0.3s | dropped inexpr 1 oversz 0 unbuild 0 {}
  30     0     100               0      16650.1659      17035.1458      1245.90966      365865.924     0.351048412     0.321858118
  30     1      50               0      17161.7045      18353.8203      1259.35549      369753.978     0.361833579      0.34677285
          wgpu 1d 166g 371c x3w 6ms | egraph 43g->225v+0snap 17ms | graft 25 (-76n, 0 snap) cpu 0 | f64 20 | gen 0.3s | dropped inexpr 1 oversz 0 unbuild 0 {}
--------- pump migration: intra (promote-2 + intake-reset) ---------
  31     0     100               0      16650.1659      17035.1458      1245.90966      365865.924     0.351048412     0.321858118
  31     1      50               0      16650.1659      17035.1458      1245.90966      365865.924     0.351048412     0.321858118
          wgpu 2d 306g 451c x3w 16ms | egraph 102g->225v+0snap 67ms | graft 31 (-93n, 0 snap) cpu 0 | f64 30 | gen 0.3s | dropped inexpr 4 oversz 0 unbuild 0 {}
  32     0     100               0      16650.1659      17035.1458      1245.90966      365865.924     0.351048412     0.321858118
  32     1      50               0      16650.1659      17035.1458      1245.90966      365865.924     0.351048412     0.321858118
          wgpu 1d 178g 398c x3w 6ms | egraph 37g->252v+0snap 17ms | graft 25 (-96n, 0 snap) cpu 0 | f64 20 | gen 0.3s
  33     0     100               0      16650.1659      17035.1458      1245.90966      365865.924     0.351048412     0.321858118
  33     1      50               0      16650.1659      17035.1458      1245.90966      365865.924     0.351048412     0.321858118
          wgpu 1d 138g 389c x3w 11ms | egraph 28g->243v+0snap 34ms | graft 21 (-59n, 0 snap) cpu 0 | f64 20 | gen 0.3s | dropped inexpr 1 oversz 0 unbuild 0 {}
  34     0     100               0      16650.1659      17035.1458      1245.90966      365865.924     0.351048412     0.321858118
  34     1      50               0      16650.1659      17035.1458      1245.90966      365865.924     0.351048412     0.321858118
          wgpu 1d 157g 376c x3w 6ms | egraph 25g->230v+0snap 49ms | graft 22 (-56n, 0 snap) cpu 0 | f64 20 | gen 0.4s | dropped inexpr 1 oversz 0 unbuild 0 {}
  35     0     100               0      16650.1659      17035.1458      1245.90966      365865.924     0.351048412     0.321858118
  35     1      50               0      16650.1659      17035.1458      1245.90966      365865.924     0.351048412     0.321858118
          wgpu 1d 148g 370c x3w 11ms | egraph 30g->224v+0snap 16ms | graft 18 (-59n, 0 snap) cpu 0 | f64 20 | gen 0.3s | dropped inexpr 2 oversz 0 unbuild 0 {}
  36     0     100               0      16650.1659      17035.1458      1245.90966      365865.924     0.351048412     0.321858118
  36     1      50               0      16650.1659      17035.1458      1245.90966      365865.924     0.351048412     0.321858118
          wgpu 1d 158g 417c x3w 13ms | egraph 30g->271v+0snap 11ms | graft 27 (-88n, 0 snap) cpu 0 | f64 20 | gen 0.3s | dropped inexpr 2 oversz 0 unbuild 0 {}
  37     0     100               0      16650.1659      17035.1458      1245.90966      365865.924     0.351048412     0.321858118
  37     1      50               0      16650.1659      17035.1458      1245.90966      365865.924     0.351048412     0.321858118
          wgpu 1d 162g 451c x3w 18ms | egraph 30g->305v+0snap 13ms | graft 33 (-121n, 0 snap) cpu 0 | f64 20 | gen 0.3s | dropped inexpr 1 oversz 0 unbuild 0 {}
  38     0     100               0      16650.1659      17035.1458      1245.90966      365865.924     0.351048412     0.321858118
  38     1      50               0      16650.1659      17035.1458      1245.90966      365865.924     0.351048412     0.321858118
          wgpu 1d 149g 447c x3w 5ms | egraph 24g->301v+0snap 38ms | graft 22 (-58n, 0 snap) cpu 0 | f64 20 | gen 0.4s | dropped inexpr 3 oversz 0 unbuild 0 {}
  39     0     100               0      16650.1659      17035.1458      1245.90966      365865.924     0.351048412     0.321858118
  39     1      50               0      16650.1659      17035.1458      1245.90966      365865.924     0.351048412     0.321858118
          wgpu 1d 135g 434c x3w 5ms | egraph 28g->288v+0snap 10ms | graft 21 (-55n, 0 snap) cpu 0 | f64 20 | gen 0.3s | dropped inexpr 1 oversz 0 unbuild 0 {}
  40     0     100               0      16650.1659      17035.1458      1245.90966      365865.924     0.351048412     0.321858118
  40     1      50               0      16650.1659      17035.1458      1245.90966      365865.924     0.351048412     0.321858118
          wgpu 1d 161g 447c x3w 6ms | egraph 33g->301v+0snap 13ms | graft 24 (-66n, 0 snap) cpu 0 | f64 20 | gen 0.3s | dropped inexpr 1 oversz 0 unbuild 0 {}
--------- pump migration: intra (promote-2 + intake-reset) ---------
  41     0     100               0      16650.1659      17035.1458      1245.90966      365865.924     0.351048412     0.321858118
  41     1      50               0      16650.1659      17035.1458      1245.90966      365865.924     0.351048412     0.321858118
          wgpu 2d 343g 585c x3w 17ms | egraph 96g->359v+0snap 62ms | graft 47 (-151n, 0 snap) cpu 0 | f64 30 | gen 0.3s | dropped inexpr 1 oversz 0 unbuild 0 {}
  42     0     100               0      16650.1659      17035.1458      1245.90966      365865.924     0.351048412     0.321858118
  42     1      50               0      16650.1659      17035.1458      1245.90966      365865.924     0.351048412     0.321858118
          wgpu 1d 145g 422c x3w 5ms | egraph 22g->276v+0snap 10ms | graft 17 (-62n, 0 snap) cpu 0 | f64 20 | gen 0.3s | dropped inexpr 3 oversz 0 unbuild 0 {}
  43     0     100               0      16650.1659      17035.1458      1245.90966      365865.924     0.351048412     0.321858118
  43     1      50               0      16650.1659      17035.1458      1245.90966      365865.924     0.351048412     0.321858118
          wgpu 1d 135g 378c x3w 5ms | egraph 35g->232v+0snap 16ms | graft 22 (-65n, 0 snap) cpu 0 | f64 20 | gen 0.3s | dropped inexpr 1 oversz 0 unbuild 0 {}
  44     0     100               0      16650.1659      17035.1458      1245.90966      365865.924     0.351048412     0.321858118
  44     1      50               0      16650.1659      17035.1458      1245.90966      365865.924     0.351048412     0.321858118
          wgpu 1d 142g 391c x3w 5ms | egraph 19g->245v+0snap 15ms | graft 23 (-59n, 0 snap) cpu 0 | f64 20 | gen 0.3s | dropped inexpr 2 oversz 0 unbuild 0 {}
  45     0     100               0      16650.1659      17035.1458      1245.90966      365865.924     0.351048412     0.321858118
  45     1      50               0      16650.1659      17035.1458      1245.90966      365865.924     0.351048412     0.321858118
          wgpu 1d 130g 380c x3w 6ms | egraph 22g->234v+0snap 20ms | graft 14 (-44n, 0 snap) cpu 0 | f64 20 | gen 0.3s | dropped inexpr 1 oversz 0 unbuild 0 {}
  46     0     100               0      16650.1659      17035.1458      1245.90966      365865.924     0.351048412     0.321858118
  46     1      50               0      16650.1659      17035.1458      1245.90966      365865.924     0.351048412     0.321858118
          wgpu 1d 136g 394c x3w 6ms | egraph 20g->248v+0snap 18ms | graft 19 (-52n, 0 snap) cpu 0 | f64 20 | gen 0.3s | dropped inexpr 3 oversz 0 unbuild 0 {}
  47     0     100               0      16650.1659      17035.1458      1245.90966      365865.924     0.351048412     0.321858118
  47     1      50               0      16650.1659      17035.1458      1245.90966      365865.924     0.351048412     0.321858118
          wgpu 1d 148g 386c x3w 5ms | egraph 24g->240v+0snap 10ms | graft 18 (-51n, 0 snap) cpu 0 | f64 20 | gen 0.3s | dropped inexpr 4 oversz 0 unbuild 0 {}
  48     0     100               0      16650.1659      17035.1458      1245.90966      365865.924     0.351048412     0.321858118
  48     1      50               0      16650.1659      17035.1458      1245.90966      365865.924     0.351048412     0.321858118
          wgpu 1d 159g 418c x3w 5ms | egraph 27g->272v+0snap 12ms | graft 27 (-68n, 0 snap) cpu 0 | f64 20 | gen 0.3s | dropped inexpr 2 oversz 0 unbuild 0 {}
  49     0     100               0      16650.1659      17035.1458      1245.90966      365865.924     0.351048412     0.321858118
  49     1      50               0      16650.1659      17035.1458      1245.90966      365865.924     0.351048412     0.321858118
          wgpu 1d 161g 433c x3w 8ms | egraph 23g->287v+0snap 12ms | graft 27 (-97n, 0 snap) cpu 0 | f64 20 | gen 0.4s
  50     0     100               0      16650.1659      17035.1458      1245.90966      365865.924     0.351048412     0.321858118
  50     1      50               0      16650.1659      17035.1458      1245.90966      365865.924     0.351048412     0.321858118
          wgpu 1d 164g 431c x3w 6ms | egraph 26g->285v+0snap 12ms | graft 21 (-70n, 0 snap) cpu 0 | f64 20 | gen 0.3s | dropped inexpr 2 oversz 0 unbuild 0 {}
--------- pump migration: intra (promote-2 + intake-reset) ---------
  51     0     100               0      16650.1659      17035.1458      1245.90966      365865.924     0.351048412     0.321858118
  51     1      50               0      16650.1661      17035.1462       1245.9097      365865.928     0.351048415     0.321858125
          wgpu 2d 346g 530c x3w 10ms | egraph 116g->304v+0snap 44ms | graft 43 (-152n, 0 snap) cpu 0 | f64 30 | gen 0.3s | dropped inexpr 7 oversz 0 unbuild 0 {}
  52     0     100               0      16650.1659      17035.1458      1245.90966      365865.924     0.351048412     0.321858118
  52     1      50               0      16650.1661      17035.1462       1245.9097      365865.928     0.351048415     0.321858125
          wgpu 1d 183g 434c x3w 20ms | egraph 34g->288v+0snap 15ms | graft 28 (-70n, 0 snap) cpu 0 | f64 20 | gen 0.3s | dropped inexpr 1 oversz 0 unbuild 0 {}
  53     0     100               0      16650.1659      17035.1458      1245.90966      365865.924     0.351048412     0.321858118
  53     1      50               0      16650.1661      17035.1462       1245.9097      365865.928     0.351048415     0.321858125
          wgpu 1d 154g 417c x3w 11ms | egraph 22g->271v+0snap 18ms | graft 22 (-62n, 0 snap) cpu 0 | f64 20 | gen 0.3s
  54     0     100               0      16650.1659      17035.1458      1245.90966      365865.924     0.351048412     0.321858118
  54     1      50               0      16650.1661      17035.1462       1245.9097      365865.928     0.351048415     0.321858125
          wgpu 1d 159g 431c x3w 6ms | egraph 26g->285v+0snap 28ms | graft 25 (-74n, 0 snap) cpu 0 | f64 20 | gen 0.3s | dropped inexpr 1 oversz 0 unbuild 0 {}
  55     0     100               0      16650.1659      17035.1458      1245.90966      365865.924     0.351048412     0.321858118
  55     1      50               0      16650.1661      17035.1462       1245.9097      365865.928     0.351048415     0.321858125
          wgpu 1d 120g 420c x3w 7ms | egraph 20g->274v+0snap 8ms | graft 18 (-51n, 0 snap) cpu 0 | f64 20 | gen 0.3s
  56     0     100               0      16650.1659      17035.1458      1245.90966      365865.924     0.351048412     0.321858118
  56     1      50               0      16650.1661      17035.1462       1245.9097      365865.928     0.351048415     0.321858125
          wgpu 1d 149g 427c x3w 6ms | egraph 23g->281v+0snap 10ms | graft 25 (-81n, 0 snap) cpu 0 | f64 20 | gen 0.4s
  57     0     100               0      16650.1659      17035.1458      1245.90966      365865.924     0.351048412     0.321858118
  57     1      50               0      16650.1661      17035.1462       1245.9097      365865.928     0.351048415     0.321858125
          wgpu 1d 160g 423c x3w 7ms | egraph 30g->277v+0snap 37ms | graft 21 (-59n, 0 snap) cpu 0 | f64 20 | gen 0.4s | dropped inexpr 1 oversz 0 unbuild 0 {}
  58     0     100               0      16650.1659      17035.1458      1245.90966      365865.924     0.351048412     0.321858118
  58     1      50               0      16650.1661      17035.1462       1245.9097      365865.928     0.351048415     0.321858125
          wgpu 1d 172g 448c x3w 6ms | egraph 38g->302v+0snap 17ms | graft 29 (-93n, 0 snap) cpu 0 | f64 20 | gen 0.3s | dropped inexpr 2 oversz 0 unbuild 0 {}
  59     0     100               0      16650.1659      17035.1458      1245.90966      365865.924     0.351048412     0.321858118
  59     1      50               0      16650.1661      17035.1462       1245.9097      365865.928     0.351048415     0.321858125
          wgpu 1d 156g 419c x3w 6ms | egraph 28g->273v+0snap 26ms | graft 21 (-64n, 0 snap) cpu 0 | f64 20 | gen 0.3s | dropped inexpr 2 oversz 0 unbuild 0 {}
  60     0     100               0      16650.1659      17035.1458      1245.90966      365865.924     0.351048412     0.321858118
  60     1      50               0      16650.1661      17035.1462       1245.9097      365865.928     0.351048415     0.321858125
          wgpu 1d 146g 433c x3w 6ms | egraph 16g->287v+0snap 7ms | graft 23 (-74n, 0 snap) cpu 0 | f64 20 | gen 0.3s
--------- pump migration: intra (promote-2 + intake-reset) + cross ---------
  61     0     100               0      16650.1659      17035.1458      1245.90966      365865.924     0.351048412     0.321858118
  61     1      50               0      16650.1659      17035.1458      1245.90966      365865.924     0.351048412     0.321858118
          wgpu 2d 361g 588c x3w 31ms | egraph 108g->362v+0snap 47ms | graft 38 (-148n, 0 snap) cpu 0 | f64 30 | gen 0.3s | dropped inexpr 6 oversz 0 unbuild 0 {}
  62     0     100               0      16650.1659      17035.1458      1245.90966      365865.924     0.351048412     0.321858118
  62     1      50               0      16650.1659      17035.1458      1245.90966      365865.924     0.351048412     0.321858118
          wgpu 1d 159g 437c x3w 6ms | egraph 27g->291v+0snap 13ms | graft 26 (-89n, 0 snap) cpu 0 | f64 20 | gen 0.3s
  63     0     100               0      16650.1659      17035.1458      1245.90966      365865.924     0.351048412     0.321858118
  63     1      50               0      16650.1659      17035.1458      1245.90966      365865.924     0.351048412     0.321858118
          wgpu 1d 156g 425c x3w 5ms | egraph 27g->279v+0snap 11ms | graft 26 (-105n, 0 snap) cpu 0 | f64 20 | gen 0.3s | dropped inexpr 1 oversz 0 unbuild 0 {}
  64     0     100               0      16650.1659      17035.1458      1245.90966      365865.924     0.351048412     0.321858118
  64     1      50               0      16650.1659      17035.1458      1245.90966      365865.924     0.351048412     0.321858118
          wgpu 1d 137g 416c x3w 5ms | egraph 22g->270v+0snap 9ms | graft 18 (-59n, 0 snap) cpu 0 | f64 20 | gen 0.3s | dropped inexpr 3 oversz 0 unbuild 0 {}
  65     0     100               0      16650.1659      17035.1458      1245.90966      365865.924     0.351048412     0.321858118
  65     1      50               0      16650.1659      17035.1458      1245.90966      365865.924     0.351048412     0.321858118
          wgpu 1d 162g 439c x3w 6ms | egraph 18g->293v+0snap 17ms | graft 28 (-87n, 0 snap) cpu 0 | f64 20 | gen 0.3s | dropped inexpr 1 oversz 0 unbuild 0 {}
  66     0     100               0      16650.1659      17035.1458      1245.90966      365865.924     0.351048412     0.321858118
  66     1      50               0      16650.1659      17035.1458      1245.90966      365865.924     0.351048412     0.321858118
          wgpu 1d 176g 462c x3w 6ms | egraph 32g->316v+0snap 11ms | graft 28 (-109n, 0 snap) cpu 0 | f64 20 | gen 0.3s | dropped inexpr 1 oversz 0 unbuild 0 {}
  67     0     100               0      16650.1659      17035.1458      1245.90966      365865.924     0.351048412     0.321858118
  67     1      50               0      16650.1659      17035.1458      1245.90966      365865.924     0.351048412     0.321858118
          wgpu 1d 186g 424c x3w 6ms | egraph 31g->278v+0snap 12ms | graft 32 (-111n, 0 snap) cpu 0 | f64 20 | gen 0.3s | dropped inexpr 3 oversz 0 unbuild 0 {}
  68     0     100               0      16650.1659      17035.1458      1245.90966      365865.924     0.351048412     0.321858118
  68     1      50               0      16650.1659      17035.1458      1245.90966      365865.924     0.351048412     0.321858118
          wgpu 1d 172g 420c x3w 5ms | egraph 28g->274v+0snap 9ms | graft 33 (-102n, 0 snap) cpu 0 | f64 20 | gen 0.3s | dropped inexpr 1 oversz 0 unbuild 0 {}
  69     0     100               0      16650.1659      17035.1458      1245.90966      365865.924     0.351048412     0.321858118
  69     1      50               0      16650.1659      17035.1458      1245.90966      365865.924     0.351048412     0.321858118
          wgpu 1d 179g 416c x3w 6ms | egraph 39g->270v+0snap 18ms | graft 27 (-83n, 0 snap) cpu 0 | f64 20 | gen 0.3s | dropped inexpr 3 oversz 0 unbuild 0 {}
  70     0     100               0      16650.1659      17035.1458      1245.90966      365865.924     0.351048412     0.321858118
  70     1      50               0      16650.1659      17035.1458      1245.90966      365865.924     0.351048412     0.321858118
          wgpu 1d 186g 437c x3w 5ms | egraph 33g->291v+0snap 12ms | graft 26 (-93n, 0 snap) cpu 0 | f64 20 | gen 0.3s | dropped inexpr 3 oversz 0 unbuild 0 {}
--------- pump migration: intra (promote-2 + intake-reset) ---------
  71     0     100               0      16650.1659      17035.1458      1245.90966      365865.924     0.351048412     0.321858118
  71     1      50               0      16650.1659      17035.1458      1245.90966      365865.924     0.351048412     0.321858118
          wgpu 2d 374g 611c x3w 10ms | egraph 116g->385v+0snap 75ms | graft 49 (-229n, 0 snap) cpu 0 | f64 30 | gen 0.4s | dropped inexpr 8 oversz 0 unbuild 0 {}
  72     0     100               0      16650.1659      17035.1458      1245.90966      365865.924     0.351048412     0.321858118
  72     1      50               0      16650.1659      17035.1458      1245.90966      365865.924     0.351048412     0.321858118
          wgpu 1d 164g 440c x3w 6ms | egraph 30g->294v+0snap 12ms | graft 20 (-77n, 0 snap) cpu 0 | f64 20 | gen 0.3s | dropped inexpr 1 oversz 0 unbuild 0 {}
  73     0     100               0      16650.1659      17035.1458      1245.90966      365865.924     0.351048412     0.321858118
  73     1      50               0      16650.1659      17035.1458      1245.90966      365865.924     0.351048412     0.321858118
          wgpu 1d 171g 438c x3w 5ms | egraph 33g->292v+0snap 12ms | graft 25 (-98n, 0 snap) cpu 0 | f64 20 | gen 0.3s
  74     0     100               0      16650.1659      17035.1458      1245.90966      365865.924     0.351048412     0.321858118
  74     1      50               0      16650.1659      17035.1458      1245.90966      365865.924     0.351048412     0.321858118
          wgpu 1d 174g 430c x3w 5ms | egraph 33g->284v+0snap 12ms | graft 17 (-65n, 0 snap) cpu 0 | f64 20 | gen 0.3s | dropped inexpr 3 oversz 0 unbuild 0 {}
  75     0     100               0      16650.1659      17035.1458      1245.90966      365865.924     0.351048412     0.321858118
  75     1      50               0      16650.1659      17035.1458      1245.90966      365865.924     0.351048412     0.321858118
          wgpu 1d 142g 420c x3w 5ms | egraph 16g->274v+0snap 7ms | graft 19 (-75n, 0 snap) cpu 0 | f64 20 | gen 0.3s
  76     0     100               0      16650.1659      17035.1458      1245.90966      365865.924     0.351048412     0.321858118
  76     1      50               0      16650.1659      17035.1458      1245.90966      365865.924     0.351048412     0.321858118
          wgpu 1d 176g 411c x3w 5ms | egraph 34g->265v+0snap 12ms | graft 34 (-127n, 0 snap) cpu 0 | f64 20 | gen 0.2s | dropped inexpr 4 oversz 0 unbuild 0 {}
  77     0     100               0      16650.1659      17035.1458      1245.90966      365865.924     0.351048412     0.321858118
  77     1      50               0      16650.1659      17035.1458      1245.90966      365865.924     0.351048412     0.321858118
          wgpu 1d 154g 396c x3w 5ms | egraph 23g->250v+0snap 8ms | graft 23 (-74n, 0 snap) cpu 0 | f64 20 | gen 0.3s | dropped inexpr 1 oversz 0 unbuild 0 {}
  78     0     100               0      16650.1659      17035.1458      1245.90966      365865.924     0.351048412     0.321858118
  78     1      50               0      16650.1659      17035.1458      1245.90966      365865.924     0.351048412     0.321858118
          wgpu 1d 151g 417c x3w 17ms | egraph 24g->271v+0snap 9ms | graft 25 (-85n, 0 snap) cpu 0 | f64 20 | gen 0.3s | dropped inexpr 1 oversz 0 unbuild 0 {}
  79     0     100               0      16650.1659      17035.1458      1245.90966      365865.924     0.351048412     0.321858118
  79     1      50               0      16650.1659      17035.1458      1245.90966      365865.924     0.351048412     0.321858118
          wgpu 1d 167g 428c x3w 21ms | egraph 25g->282v+0snap 8ms | graft 26 (-80n, 0 snap) cpu 0 | f64 20 | gen 0.3s
  80     0     100               0      16650.1659      17035.1458      1245.90966      365865.924     0.351048412     0.321858118
  80     1      50               0      16650.1659      17035.1458      1245.90966      365865.924     0.351048412     0.321858118
          wgpu 1d 152g 416c x3w 5ms | egraph 24g->270v+0snap 8ms | graft 21 (-79n, 0 snap) cpu 0 | f64 20 | gen 0.3s | dropped inexpr 1 oversz 0 unbuild 0 {}
--------- pump migration: intra (promote-2 + intake-reset) ---------
  81     0     100               0      16650.1659      17035.1458      1245.90966      365865.924     0.351048412     0.321858118
  81     1      50               0      16650.1659      17035.1458      1245.90966      365865.924     0.351048412     0.321858118
          wgpu 2d 423g 601c x3w 11ms | egraph 134g->375v+0snap 64ms | graft 53 (-186n, 0 snap) cpu 0 | f64 30 | gen 0.3s | dropped inexpr 4 oversz 0 unbuild 0 {}
  82     0     100               0      27122.6921      31238.6043      1342.73249      359481.351     0.571848834     0.590214988
  82     1      50               0      16650.1659      17035.1458      1245.90966      365865.924     0.351048412     0.321858118
          wgpu 1d 202g 435c x3w 15ms | egraph 48g->289v+0snap 41ms | graft 30 (-115n, 0 snap) cpu 0 | f64 20 | gen 0.4s
  83     0     100               0      27122.6921      31238.6043      1342.73249      359481.351     0.571848834     0.590214988
  83     1      50               0      16650.1659      17035.1458      1245.90966      365865.924     0.351048412     0.321858118
          wgpu 1d 217g 440c x3w 9ms | egraph 54g->294v+0snap 29ms | graft 30 (-133n, 0 snap) cpu 0 | f64 20 | gen 0.3s | dropped inexpr 4 oversz 0 unbuild 0 {}
  84     0     100               0      27122.6921      31238.6043      1342.73249      359481.351     0.571848834     0.590214988
  84     1      50               0      16650.1659      17035.1458      1245.90966      365865.924     0.351048412     0.321858118
          wgpu 1d 194g 429c x3w 6ms | egraph 45g->283v+0snap 20ms | graft 34 (-149n, 0 snap) cpu 0 | f64 20 | gen 0.3s
  85     0     100               0      106.768204      112.081422      22.0389291      252.689935   0.00225107718   0.00211764056
  85     1      50               0      16650.1659      17035.1458      1245.90966      365865.924     0.351048412     0.321858118
          wgpu 1d 212g 412c x3w 7ms | egraph 66g->266v+0snap 25ms | graft 27 (-99n, 0 snap) cpu 0 | f64 20 | gen 0.2s
  86     0     100               0      27122.6921      31238.6043      1342.73249      359481.351     0.571848834     0.590214988
  86     1      50               0      16650.1659      17035.1458      1245.90966      365865.924     0.351048412     0.321858118
          wgpu 1d 163g 369c x3w 5ms | egraph 56g->223v+0snap 20ms | graft 20 (-50n, 0 snap) cpu 0 | f64 20 | gen 0.2s | dropped inexpr 1 oversz 0 unbuild 0 {}
  87     0     100               0  5.45200014e-27  4.34293172e-27  3.41060513e-13    6.773155e-26  1.14948764e-31  8.20543507e-32
  87     1      50               0      16650.1659      17035.1458      1245.90966      365865.924     0.351048412     0.321858118
          wgpu 1d 183g 386c x3w 5ms | egraph 52g->240v+0snap 19ms | graft 19 (-63n, 0 snap) cpu 0 | f64 20 | gen 0.4s | dropped inexpr 1 oversz 0 unbuild 0 {}

*** Early stop at generation 87: best val_R² = 1.0000000000 ≥ 0.9999999990, holdout_R² = 1.0000000000 confirmed

This sub-run: 2026-09-19 06:19:34.827596 → 2026-09-19 06:20:01.823805
Now at generation 87 (HOF size: 31)
[join] 96 dispatches, 15,289 genes, 100,647 candidates scored in 0.74s GPU+host; e-graph 3,823 trees -> 20,057 variants + 0 snaps in 2.05s; 2,159 grafts (0 snap), 7,062 nodes removed; cpu-path individuals 0, f64-rejected 0, snaps refused for naming an input 0
[join]   inexpressible:    129  no pset token for semantic id "pow" with arity 2
[join]   inexpressible:      5  no pset token for semantic id "neg" with arity 1
[join]   inexpressible:      1  no pset token for semantic id "sqrt" with arity 1
  HFF-chosen LSM kept: a=18.8496, b=-31.4159
Chromosome wrapper: id=0  →  identity
hof[0] runtime val: mse=2.375e-27  R²=1.000000
Pre-snap expression (after sympify + LSM compose):
  6.28318530717959*B*Jz*g_*mom/h - 7.105427357601e-15

Per-level snap results (before MSE scoring):
  strict      →  2*pi*B*Jz*g_*mom/h
  default     →  2*pi*B*Jz*g_*mom/h
  aggressive  →  2*pi*B*Jz*g_*mom/h

Snap-level comparison (sorted by holdout MSE, lowest first)
------------------------------------------------------------------------------------------
  level       MSE            R²         expression                                        
------------------------------------------------------------------------------------------
★ strict      7.38e-28       1.0000     2*pi*B*Jz*g_*mom/h                                
  default     7.38e-28       1.0000     2*pi*B*Jz*g_*mom/h                                
  aggressive  7.38e-28       1.0000     2*pi*B*Jz*g_*mom/h                                

Winning snap level: 'strict'  →  2*pi*B*Jz*g_*mom/h

Canonical discovered expression: 2*pi*B*Jz*g_*mom/h
[38;2;0;50;255m
############################################################ [38;2;255;255;255m
[38;2;0;50;255m Equation Recovery: II_34_29B [38;2;255;255;255m
[38;2;0;50;255m Truth: g_*mom*B*Jz/(h/(2*pi)) [38;2;255;255;255m
[38;2;0;50;255m [38;2;255;255;255m
[38;2;255;0;255m     Exact recovery     : True [38;2;255;255;255m
[38;2;255;0;255m     Numerical recovery : True (max rel_err 0.00e+00 on 10k samples) [38;2;255;255;255m
[38;2;255;0;255m     Discovered         : 2*pi*B*Jz*g_*mom/h [38;2;255;255;255m
[38;2;255;0;255m     LSM (a, b)         : (18.8496, -31.4159) [38;2;255;255;255m
[38;2;0;50;255m
############################################################ [38;2;255;255;255m
In-range holdout : MSE=2.269e-27  MAE=2.641e-14  R²=1.0000
Extrapolation    : MSE=4.592e-26  MAE=9.82e-14  R²=1.0000

Top 10 HOF models (north_pole=truenorth) (★ = Pareto-optimal)
(deduped HOF: 4 unique chromosomes from 31 raw HOF entries)
 ----------------------------------------------------------------------------------------------------------------
       model     wrapper      length   train_mse     val_mse     max_err    train_r2      val_r2 angular_distance
 ----------------------------------------------------------------------------------------------------------------
★           0    identity          15      0.0000      0.0000      0.0000      1.0000      1.0000      0.0000
            1    identity           5  24849.4327  28413.0815   1396.6448      0.4761      0.4632      1.5708
           28    identity           5  24849.4327  28413.0815   1396.6448      0.4761      0.4632      1.5708
           10    identity           5  24849.4327  28413.0815   1396.6448      0.4761      0.4632      1.5708

Pareto-optimal in top 4: 1    Pareto-optimal in full HOF: 1 / 4

Recovery sweep across 4/4 unique HOF chromosomes (capped):
  Structural / exact     : 1/4  (25.0%)
  Numerical (≤1e-6 err)  : 1/4  (25.0%)
{
    "date": "2026/09/19",
    "seed": "5",
    "task": "equation_recovery",
    "north_pole_method": "truenorth",
    "hff_include_val": true,
    "problem": "II_34_29b",
    "truth_expr": "g_*mom*B*Jz/(h/(2*pi))",
    "final_terminal_inputs": [
        "g_",
        "h",
        "Jz",
        "mom",
        "B"
    ],
    "wide_primitives": true,
    "head_length": "48",
    "n_genes": "3",
    "rnc_array_length": "10",
    "tournament size": "intake=8, champion=5",
    "population size": "150",
    "population per island": "intake=100, champion=50",
    "gpu_join": true,
    "eclass_k": 8,
    "number of elites": "2",
    "number of generations": "400",
    "number of islands": "2",
    "migration FREQ": "30",
    "wrapper_id": 0,
    "wrapper_name": "identity",
    "recovery_exact": true,
    "recovery_numerical": true,
    "recovery_max_rel_err": 0.0,
    "discovered_expr": "2*pi*B*Jz*g_*mom/h",
    "holdout_mse": 2.2690321761234052e-27,
    "holdout_r2": 1.0,
    "extrap_mse": 4.592379003293087e-26,
    "extrap_r2": 1.0,
    "hof_size": 4,
    "hof_exact_recoveries": 1,
    "hof_numerical_recoveries": 1
}
