/opt/anaconda3/lib/python3.12/site-packages/geppy/__init__.py:26: UserWarning: pkg_resources is deprecated as an API. See https://setuptools.pypa.io/en/latest/pkg_resources.html. The pkg_resources package is slated for removal as early as 2025-11-30. Refrain from using this package or pin to Setuptools<81.
  from pkg_resources import get_distribution, DistributionNotFound
hff library OK (test fitness: (0.1415394733244273,))
registry: ['circle_area', 'gravity', 'coulomb', 'pendulum', 'keplers3', 'ideal_gas', 'I_6_2a', 'I_6_2', 'I_6_2b', 'I_8_14', 'I_9_18', 'I_10_7', 'I_11_19', 'I_12_1', 'I_12_2', 'I_12_4', 'I_12_5', 'I_12_11', 'I_13_4', 'I_13_12', 'I_14_3', 'I_14_4', 'I_15_3x', 'I_15_3t', 'I_15_1', 'I_16_6', 'I_18_4', 'I_18_12', 'I_18_14', 'I_24_6', 'I_25_13', 'I_26_2', 'I_27_6', 'I_29_4', 'I_29_16', 'I_30_3', 'I_30_5', 'I_32_5', 'I_32_17', 'I_34_8', 'I_34_1', 'I_34_14', 'I_34_27', 'I_37_4', 'I_38_12', 'I_39_1', 'I_39_11', 'I_39_22', 'I_40_1', 'I_41_16', 'I_43_16', 'I_43_31', 'I_43_43', 'I_44_4', 'I_47_23', 'I_48_2', 'I_50_26', 'II_2_42', 'II_3_24', 'II_4_23', 'II_6_11', 'II_6_15a', 'II_6_15b', 'II_8_7', 'II_8_31', 'II_10_9', 'II_11_3', 'II_11_17', 'II_11_20', 'II_11_27', 'II_11_28', 'II_13_17', 'II_13_23', 'II_13_34', 'II_15_4', 'II_15_5', 'II_21_32', 'II_24_17', 'II_27_16', 'II_27_18', 'II_34_2a', 'II_34_2', 'II_34_11', 'II_34_29a', 'II_34_29b', 'II_35_18', 'II_35_21', 'II_36_38', 'II_37_1', 'II_38_3', 'II_38_14', 'III_4_32', 'III_4_33', 'III_7_38', 'III_8_54', 'III_9_52', 'III_10_19', 'III_12_43', 'III_13_18', 'III_14_14', 'III_15_12', 'III_15_14', 'III_15_27', 'III_17_37', 'III_19_51', 'III_21_20', 'test_1', 'test_2', 'test_3', 'test_4', 'test_5', 'test_6', 'test_7', 'test_8', 'test_9', 'test_10', 'test_11', 'test_12', 'test_13', 'test_14', 'test_15', 'test_16', 'test_17', 'test_18', 'test_19', 'test_20']
Selected problem: circle_area
  Description : Area of a circle:  A = π·r²
  Variables   : ['r']
  Train range : {'r': (0.1, 5.0)}
  Extrap range: {'r': (5.0, 10.0)}
  Truth       : pi * r**2
  ✓ cache hit  (data/equations/circle_area, key=7afc75183ce38ebf)
  train           (800, 2)  target range=[0.03235, 78.46]
  val             (200, 2)  target range=[0.032, 77.34]
  holdout         (200, 2)  target range=[0.0376, 76.77]
  extrapolation   (200, 2)  target range=[78.99, 313.6]
  saved figure → data/figures/circle_area/eda_pairplot.png
[E22 rules] variable pattern tags: {'no_pattern'}
[E22/23 rules] static candidate count: 2
[E22/23 rules] allowed to take a fitness slot (exact): 2
  [sum_sq_all/sum_sq] a=3.1416 b=-4.3051e-17 1-R²_va=8.6348e-32
  [power_law/r^2] a=3.1416 b=-4.3051e-17 1-R²_va=8.6348e-32
[fuller] denoise + snap IN THE JOIN (every gene, every generation, K=8); mutation operators: physics=0.2 concretize=0.05
Wrapper scope: per_island  (island → wrapper map: ['identity', 'identity'])
[wgpu] process pool disabled — Metal cannot survive fork(); the population is evaluated in one dispatch instead
Genes: head_length=16, n_genes=3, rnc_array_length=10
Population: (per-island, see below), elites: 2, generations: 400, migration FREQ: 30
  pump per-island sizes: intake=100 (tournsize=8), champion=50 (tournsize=5)
Initialising evolution at 2026-09-19 07:09:15.876084
 gen  deme   evals     min fitness          mse_tr          mse_va         max_err      mse_extrap  one_minus_r2_tr  one_minus_r2_va
   0     0     100               0  4.28092745e-29  3.94771504e-29  2.13162821e-14  1.47321352e-27  7.67495544e-32   8.6347554e-32
   0     1      50               0  4.28092745e-29  3.94771504e-29  2.13162821e-14  1.47321352e-27  7.67495544e-32   8.6347554e-32
          wgpu 1d 485g 450c x3w 10ms | egraph 211g->300v+0snap 192ms | graft 41 (-211n, 0 snap) cpu 0 | f64 2 | gen 0.0s | dropped inexpr 18 oversz 0 unbuild 0 {}
Extending evolution: gen 1 → 400 (+400 generations)
   1     0     100               0  4.28092745e-29  3.94771504e-29  2.13162821e-14  1.47321352e-27  7.67495544e-32   8.6347554e-32
   1     1      50               0  4.28092745e-29  3.94771504e-29  2.13162821e-14  1.47321352e-27  7.67495544e-32   8.6347554e-32
          wgpu 1d 400g 423c x3w 6ms | egraph 110g->277v+0snap 26ms | graft 23 (-121n, 0 snap) cpu 0 | f64 1 | gen 0.3s | dropped inexpr 11 oversz 0 unbuild 1 {'length': 1}

*** Early stop at generation 1: best val_R² = 1.0000000000 ≥ 0.9999999990, holdout_R² = 1.0000000000 confirmed

This sub-run: 2026-09-19 07:09:16.199635 → 2026-09-19 07:09:16.462998
Now at generation 1 (HOF size: 31)
[join] 2 dispatches, 885 genes, 2,619 candidates scored in 0.02s GPU+host; e-graph 321 trees -> 577 variants + 0 snaps in 0.22s; 64 grafts (0 snap), 332 nodes removed; cpu-path individuals 0, f64-rejected 0, snaps refused for naming an input 0
[join]   inexpressible:     29  no pset token for semantic id "pow" with arity 2
[join]   unbuildable:      1  length
  HFF-chosen LSM kept: a=-0.523599, b=1.0472
Chromosome wrapper: id=0  →  identity
hof[0] runtime val: mse=3.017e-29  R²=1.000000
Pre-snap expression (after sympify + LSM compose):
  3.14159265358979*r**2 + 2.44249065417534e-15

Per-level snap results (before MSE scoring):
  strict      →  pi*r**2
  default     →  pi*r**2
  aggressive  →  pi*r**2

Snap-level comparison (sorted by holdout MSE, lowest first)
------------------------------------------------------------------------------------------
  level       MSE            R²         expression                                        
------------------------------------------------------------------------------------------
★ strict      1.315e-29      1.0000     pi*r**2                                           
  default     1.315e-29      1.0000     pi*r**2                                           
  aggressive  1.315e-29      1.0000     pi*r**2                                           

Winning snap level: 'strict'  →  pi*r**2

Canonical discovered expression: pi*r**2
[38;2;0;50;255m
############################################################ [38;2;255;255;255m
[38;2;0;50;255m Equation Recovery: CIRCLE_AREA [38;2;255;255;255m
[38;2;0;50;255m Truth: pi * r**2 [38;2;255;255;255m
[38;2;0;50;255m [38;2;255;255;255m
[38;2;255;0;255m     Exact recovery     : True [38;2;255;255;255m
[38;2;255;0;255m     Numerical recovery : True (max rel_err 0.00e+00 on 10k samples) [38;2;255;255;255m
[38;2;255;0;255m     Discovered         : pi*r**2 [38;2;255;255;255m
[38;2;255;0;255m     LSM (a, b)         : (-0.523599, 1.0472) [38;2;255;255;255m
[38;2;0;50;255m
############################################################ [38;2;255;255;255m
In-range holdout : MSE=3.084e-29  MAE=3.627e-15  R²=1.0000
Extrapolation    : MSE=1.714e-27  MAE=2.665e-14  R²=1.0000

Top 10 HOF models (north_pole=truenorth) (★ = Pareto-optimal)
(deduped HOF: 2 unique chromosomes from 31 raw HOF entries)
 ----------------------------------------------------------------------------------------------------------------
       model     wrapper      length   train_mse     val_mse     max_err    train_r2      val_r2 angular_distance
 ----------------------------------------------------------------------------------------------------------------
★           0    identity          24      0.0000      0.0000      0.0000      1.0000      1.0000      0.0000
            1        rule           1      0.0000      0.0000      0.0000      1.0000      1.0000      0.6435

Pareto-optimal in top 2: 1    Pareto-optimal in full HOF: 1 / 2

Recovery sweep across 2/2 unique HOF chromosomes (capped):
  Structural / exact     : 2/2  (100.0%)
  Numerical (≤1e-6 err)  : 2/2  (100.0%)
{
    "date": "2026/09/19",
    "seed": "5",
    "task": "equation_recovery",
    "north_pole_method": "truenorth",
    "hff_include_val": true,
    "problem": "circle_area",
    "truth_expr": "pi * r**2",
    "final_terminal_inputs": [
        "r"
    ],
    "wide_primitives": false,
    "head_length": "16",
    "n_genes": "3",
    "rnc_array_length": "10",
    "tournament size": "intake=8, champion=5",
    "population size": "150",
    "population per island": "intake=100, champion=50",
    "gpu_join": true,
    "eclass_k": 8,
    "number of elites": "2",
    "number of generations": "400",
    "number of islands": "2",
    "migration FREQ": "30",
    "wrapper_id": 0,
    "wrapper_name": "identity",
    "recovery_exact": true,
    "recovery_numerical": true,
    "recovery_max_rel_err": 0.0,
    "discovered_expr": "pi*r**2",
    "holdout_mse": 3.0842420871365484e-29,
    "holdout_r2": 1.0,
    "extrap_mse": 1.713532103884873e-27,
    "extrap_r2": 1.0,
    "hof_size": 2,
    "hof_exact_recoveries": 2,
    "hof_numerical_recoveries": 2
}
