/opt/anaconda3/lib/python3.12/site-packages/geppy/__init__.py:26: UserWarning: pkg_resources is deprecated as an API. See https://setuptools.pypa.io/en/latest/pkg_resources.html. The pkg_resources package is slated for removal as early as 2025-11-30. Refrain from using this package or pin to Setuptools<81.
  from pkg_resources import get_distribution, DistributionNotFound
hff library OK (test fitness: (0.1415394733244273,))
registry: ['circle_area', 'gravity', 'coulomb', 'pendulum', 'keplers3', 'ideal_gas', 'I_6_2a', 'I_6_2', 'I_6_2b', 'I_8_14', 'I_9_18', 'I_10_7', 'I_11_19', 'I_12_1', 'I_12_2', 'I_12_4', 'I_12_5', 'I_12_11', 'I_13_4', 'I_13_12', 'I_14_3', 'I_14_4', 'I_15_3x', 'I_15_3t', 'I_15_1', 'I_16_6', 'I_18_4', 'I_18_12', 'I_18_14', 'I_24_6', 'I_25_13', 'I_26_2', 'I_27_6', 'I_29_4', 'I_29_16', 'I_30_3', 'I_30_5', 'I_32_5', 'I_32_17', 'I_34_8', 'I_34_1', 'I_34_14', 'I_34_27', 'I_37_4', 'I_38_12', 'I_39_1', 'I_39_11', 'I_39_22', 'I_40_1', 'I_41_16', 'I_43_16', 'I_43_31', 'I_43_43', 'I_44_4', 'I_47_23', 'I_48_2', 'I_50_26', 'II_2_42', 'II_3_24', 'II_4_23', 'II_6_11', 'II_6_15a', 'II_6_15b', 'II_8_7', 'II_8_31', 'II_10_9', 'II_11_3', 'II_11_17', 'II_11_20', 'II_11_27', 'II_11_28', 'II_13_17', 'II_13_23', 'II_13_34', 'II_15_4', 'II_15_5', 'II_21_32', 'II_24_17', 'II_27_16', 'II_27_18', 'II_34_2a', 'II_34_2', 'II_34_11', 'II_34_29a', 'II_34_29b', 'II_35_18', 'II_35_21', 'II_36_38', 'II_37_1', 'II_38_3', 'II_38_14', 'III_4_32', 'III_4_33', 'III_7_38', 'III_8_54', 'III_9_52', 'III_10_19', 'III_12_43', 'III_13_18', 'III_14_14', 'III_15_12', 'III_15_14', 'III_15_27', 'III_17_37', 'III_19_51', 'III_21_20', 'test_1', 'test_2', 'test_3', 'test_4', 'test_5', 'test_6', 'test_7', 'test_8', 'test_9', 'test_10', 'test_11', 'test_12', 'test_13', 'test_14', 'test_15', 'test_16', 'test_17', 'test_18', 'test_19', 'test_20']
[feynman override] head_length=48 (keep n_genes=3, avgval linker)
Selected problem: I_12_11
  Description : Feynman I-III I.12.11: F = q*(Ef+B*v*sin(theta))
  Variables   : ['q', 'Ef', 'B', 'v', 'theta']
  Train range : {'q': (1.0, 5.0), 'Ef': (1.0, 5.0), 'B': (1.0, 5.0), 'v': (1.0, 5.0), 'theta': (1.0, 5.0)}
  Extrap range: {'q': (1.0, 7.5), 'Ef': (1.0, 7.5), 'B': (1.0, 7.5), 'v': (1.0, 7.5), 'theta': (1.0, 7.5)}
  Truth       : q*(Ef+B*v*sin(theta))
  ✓ cache hit  (data/equations/I_12_11, key=30f2b870f8b56f4e)
  train           (800, 6)  target range=[-81, 112.8]
  val             (200, 6)  target range=[-84.94, 104.9]
  holdout         (200, 6)  target range=[-69.26, 88.45]
  extrapolation   (200, 6)  target range=[-148, 258]
(skipping pairplot — too many variables: 5)
Wide primitive set enabled: sin, cos, exp, log added.
[E22 rules] variable pattern tags: {'has_gaussian_input'}
[E22/23 rules] static candidate count: 8
[E22/23 rules] allowed to take a fitness slot (exact): 1
  [sum_sq_all/sum_sq] a=-0.2974 b=2.6521e+01 1-R²_va=9.4053e-01
  [gaussian_density/N(theta;0,1)] a=201.1472 b=3.0111e+00 1-R²_va=6.6394e-01
  [angle_diff_trig/sin(2*theta/2)] a=25.5221 b=9.4753e+00 1-R²_va=3.4914e-01
  [angle_diff_trig/sin(2*theta/2)^2] a=2.9885 b=9.5305e+00 1-R²_va=9.9684e-01
  [angle_diff_trig/sin(3*theta/2)] a=3.6931 b=1.1467e+01 1-R²_va=9.8487e-01
  [angle_diff_trig/sin(3*theta/2)^2] a=7.4605 b=7.6862e+00 1-R²_va=9.8515e-01
  [sum_with_product/Ef+B*v*sin(theta)] a=3.0545 b=-3.1169e-01 1-R²_va=1.4040e-01
  [sum_with_product/q*(Ef+B*v*sin(theta))] a=1.0000 b=-1.5379e-16 1-R²_va=2.6488e-31
[fuller] denoise + snap IN THE JOIN (every gene, every generation, K=8); mutation operators: physics=0.2 concretize=0.05
Wrapper scope: per_island  (island → wrapper map: ['identity', 'identity'])
[wgpu] process pool disabled — Metal cannot survive fork(); the population is evaluated in one dispatch instead
Genes: head_length=48, n_genes=3, rnc_array_length=10
Population: (per-island, see below), elites: 2, generations: 400, migration FREQ: 30
  pump per-island sizes: intake=100 (tournsize=8), champion=50 (tournsize=5)
Initialising evolution at 2026-09-19 07:09:23.157697
 gen  deme   evals     min fitness          mse_tr          mse_va         max_err      mse_extrap  one_minus_r2_tr  one_minus_r2_va
   0     0     100               0  1.69425772e-28  1.87368393e-28  5.68434189e-14  9.84122815e-28  2.72666748e-31  2.64881368e-31
   0     1      50               0  1.69425772e-28  1.87368393e-28  5.68434189e-14  9.84122815e-28  2.72666748e-31  2.64881368e-31
          wgpu 1d 300g 245c x3w 10ms | egraph 199g->95v+0snap 102ms | graft 17 (-58n, 0 snap) cpu 0 | f64 0 | gen 0.0s | dropped inexpr 5 oversz 0 unbuild 0 {}
Extending evolution: gen 1 → 400 (+400 generations)
   1     0     100               0  1.69425772e-28  1.87368393e-28  5.68434189e-14  9.84122815e-28  2.72666748e-31  2.64881368e-31
   1     1      50               0  1.69425772e-28  1.87368393e-28  5.68434189e-14  9.84122815e-28  2.72666748e-31  2.64881368e-31
          wgpu 1d 224g 217c x3w 4ms | egraph 85g->71v+0snap 17ms | graft 10 (-31n, 0 snap) cpu 0 | f64 0 | gen 0.2s | dropped inexpr 4 oversz 0 unbuild 0 {}
  early-stop: rule q*(Ef+B*v*sin(theta)) confirmed on holdout (R²=1.0000000000)

*** Early stop at generation 1: best val_R² = 1.0000000000 ≥ 0.9999999990, holdout_R² = 1.0000000000 confirmed

This sub-run: 2026-09-19 07:09:23.362897 → 2026-09-19 07:09:23.536368
Now at generation 1 (HOF size: 31)
[join] 2 dispatches, 524 genes, 1,386 candidates scored in 0.01s GPU+host; e-graph 284 trees -> 166 variants + 0 snaps in 0.12s; 27 grafts (0 snap), 89 nodes removed; cpu-path individuals 0, f64-rejected 0, snaps refused for naming an input 0
[join]   inexpressible:      9  no pset token for semantic id "pow" with arity 2
>>> hof[0] won via static RULE: sum_with_product/q*(Ef+B*v*sin(theta))
    rule sym_expr: q*(B*v*sin(theta) + Ef)
  HFF-chosen LSM kept: a=1, b=-1.53793e-16
Chromosome wrapper: id=0  →  identity
hof[0] runtime val (rule): mse=1.874e-28  R²=1.000000
Pre-snap expression (after sympify + LSM compose):
  1.0*q*(B*v*sin(theta) + Ef) - 1.53793211771643e-16

Per-level snap results (before MSE scoring):
  strict      →  q*(B*v*sin(theta) + Ef)
  default     →  q*(B*v*sin(theta) + Ef)
  aggressive  →  q*(B*v*sin(theta) + Ef)

Snap-level comparison (sorted by holdout MSE, lowest first)
------------------------------------------------------------------------------------------
  level       MSE            R²         expression                                        
------------------------------------------------------------------------------------------
★ strict      1.023e-29      1.0000     q*(B*v*sin(theta) + Ef)                           
  default     1.023e-29      1.0000     q*(B*v*sin(theta) + Ef)                           
  aggressive  1.023e-29      1.0000     q*(B*v*sin(theta) + Ef)                           

Winning snap level: 'strict'  →  q*(B*v*sin(theta) + Ef)

Canonical discovered expression: q*(B*v*sin(theta) + Ef)
[38;2;0;50;255m
############################################################ [38;2;255;255;255m
[38;2;0;50;255m Equation Recovery: I_12_11 [38;2;255;255;255m
[38;2;0;50;255m Truth: q*(Ef+B*v*sin(theta)) [38;2;255;255;255m
[38;2;0;50;255m [38;2;255;255;255m
[38;2;255;0;255m     Exact recovery     : True [38;2;255;255;255m
[38;2;255;0;255m     Numerical recovery : True (max rel_err 0.00e+00 on 10k samples) [38;2;255;255;255m
[38;2;255;0;255m     Discovered         : q*(B*v*sin(theta) + Ef) [38;2;255;255;255m
[38;2;255;0;255m     LSM (a, b)         : (1, -1.53793e-16) [38;2;255;255;255m
[38;2;0;50;255m
############################################################ [38;2;255;255;255m
In-range holdout : MSE=1.609e-28  MAE=9.161e-15  R²=1.0000
Extrapolation    : MSE=9.841e-28  MAE=2.221e-14  R²=1.0000

Top 10 HOF models (north_pole=truenorth) (★ = Pareto-optimal)
(deduped HOF: 1 unique chromosomes from 31 raw HOF entries)
 ----------------------------------------------------------------------------------------------------------------
       model     wrapper      length   train_mse     val_mse     max_err    train_r2      val_r2 angular_distance
 ----------------------------------------------------------------------------------------------------------------
★           0        rule           5      0.0000      0.0000      0.0000      1.0000      1.0000      0.0000

Pareto-optimal in top 1: 1    Pareto-optimal in full HOF: 1 / 1

Recovery sweep across 1/1 unique HOF chromosomes (capped):
  Structural / exact     : 1/1  (100.0%)
  Numerical (≤1e-6 err)  : 1/1  (100.0%)
{
    "date": "2026/09/19",
    "seed": "5",
    "task": "equation_recovery",
    "north_pole_method": "truenorth",
    "hff_include_val": true,
    "problem": "I_12_11",
    "truth_expr": "q*(Ef+B*v*sin(theta))",
    "final_terminal_inputs": [
        "q",
        "Ef",
        "B",
        "v",
        "theta"
    ],
    "wide_primitives": true,
    "head_length": "48",
    "n_genes": "3",
    "rnc_array_length": "10",
    "tournament size": "intake=8, champion=5",
    "population size": "150",
    "population per island": "intake=100, champion=50",
    "gpu_join": true,
    "eclass_k": 8,
    "number of elites": "2",
    "number of generations": "400",
    "number of islands": "2",
    "migration FREQ": "30",
    "wrapper_id": 0,
    "wrapper_name": "identity",
    "recovery_exact": true,
    "recovery_numerical": true,
    "recovery_max_rel_err": 0.0,
    "discovered_expr": "q*(B*v*sin(theta) + Ef)",
    "holdout_mse": 1.6088451464921125e-28,
    "holdout_r2": 1.0,
    "extrap_mse": 9.8412281524269e-28,
    "extrap_r2": 1.0,
    "hof_size": 1,
    "hof_exact_recoveries": 1,
    "hof_numerical_recoveries": 1
}
