/opt/anaconda3/lib/python3.12/site-packages/geppy/__init__.py:26: UserWarning: pkg_resources is deprecated as an API. See https://setuptools.pypa.io/en/latest/pkg_resources.html. The pkg_resources package is slated for removal as early as 2025-11-30. Refrain from using this package or pin to Setuptools<81.
  from pkg_resources import get_distribution, DistributionNotFound
hff library OK (test fitness: (0.1415394733244273,))
registry: ['circle_area', 'gravity', 'coulomb', 'pendulum', 'keplers3', 'ideal_gas', 'I_6_2a', 'I_6_2', 'I_6_2b', 'I_8_14', 'I_9_18', 'I_10_7', 'I_11_19', 'I_12_1', 'I_12_2', 'I_12_4', 'I_12_5', 'I_12_11', 'I_13_4', 'I_13_12', 'I_14_3', 'I_14_4', 'I_15_3x', 'I_15_3t', 'I_15_1', 'I_16_6', 'I_18_4', 'I_18_12', 'I_18_14', 'I_24_6', 'I_25_13', 'I_26_2', 'I_27_6', 'I_29_4', 'I_29_16', 'I_30_3', 'I_30_5', 'I_32_5', 'I_32_17', 'I_34_8', 'I_34_1', 'I_34_14', 'I_34_27', 'I_37_4', 'I_38_12', 'I_39_1', 'I_39_11', 'I_39_22', 'I_40_1', 'I_41_16', 'I_43_16', 'I_43_31', 'I_43_43', 'I_44_4', 'I_47_23', 'I_48_2', 'I_50_26', 'II_2_42', 'II_3_24', 'II_4_23', 'II_6_11', 'II_6_15a', 'II_6_15b', 'II_8_7', 'II_8_31', 'II_10_9', 'II_11_3', 'II_11_17', 'II_11_20', 'II_11_27', 'II_11_28', 'II_13_17', 'II_13_23', 'II_13_34', 'II_15_4', 'II_15_5', 'II_21_32', 'II_24_17', 'II_27_16', 'II_27_18', 'II_34_2a', 'II_34_2', 'II_34_11', 'II_34_29a', 'II_34_29b', 'II_35_18', 'II_35_21', 'II_36_38', 'II_37_1', 'II_38_3', 'II_38_14', 'III_4_32', 'III_4_33', 'III_7_38', 'III_8_54', 'III_9_52', 'III_10_19', 'III_12_43', 'III_13_18', 'III_14_14', 'III_15_12', 'III_15_14', 'III_15_27', 'III_17_37', 'III_19_51', 'III_21_20', 'test_1', 'test_2', 'test_3', 'test_4', 'test_5', 'test_6', 'test_7', 'test_8', 'test_9', 'test_10', 'test_11', 'test_12', 'test_13', 'test_14', 'test_15', 'test_16', 'test_17', 'test_18', 'test_19', 'test_20']
[feynman override] head_length=48 (keep n_genes=3, avgval linker)
Selected problem: I_9_18
  Description : Feynman I-III I.9.18: F = G*m1*m2/((x2-x1)**2+(y2-y1)**2+(z2-z1)**2)
  Variables   : ['m1', 'm2', 'G', 'x1', 'x2', 'y1', 'y2', 'z1', 'z2']
  Train range : {'m1': (1.0, 2.0), 'm2': (1.0, 2.0), 'G': (1.0, 2.0), 'x1': (3.0, 4.0), 'x2': (1.0, 2.0), 'y1': (3.0, 4.0), 'y2': (1.0, 2.0), 'z1': (3.0, 4.0), 'z2': (1.0, 2.0)}
  Extrap range: {'m1': (1.0, 3.0), 'm2': (1.0, 3.0), 'G': (1.0, 3.0), 'x1': (3.0, 6.0), 'x2': (1.0, 3.0), 'y1': (3.0, 6.0), 'y2': (1.0, 3.0), 'z1': (3.0, 6.0), 'z2': (1.0, 3.0)}
  Truth       : G*m1*m2/((x2-x1)**2+(y2-y1)**2+(z2-z1)**2)
  ✓ cache hit  (data/equations/I_9_18, key=57cde356a59438da)
  train           (800, 10)  target range=[0.0825, 0.8343]
  val             (200, 10)  target range=[0.09466, 0.89]
  holdout         (200, 10)  target range=[0.09962, 0.8783]
  extrapolation   (200, 10)  target range=[0.07483, 2.683]
(skipping pairplot — too many variables: 9)
Wide primitive set enabled: sin, cos, exp, log added.
[E22 rules] variable pattern tags: {'paired_numbered', 'x_y_pairs', 'x_y_z_triples'}
  x_y_pairs: [('x1', 'y1'), ('x2', 'y2')]
  x_y_z_triples: [('x1', 'y1', 'z1'), ('x2', 'y2', 'z2')]
[E22/23 rules] static candidate count: 18
[E22/23 rules] allowed to take a fitness slot (exact): 1
  [pairwise_xy_product/x1*y1] a=-0.0301 b=6.5487e-01 1-R²_va=9.7023e-01
  [pairwise_xy_product/x2*y2] a=0.0783 b=1.0919e-01 1-R²_va=9.0635e-01
  [pairwise_xy_product/x1*y1+x2*y2] a=-0.0134 b=4.7956e-01 1-R²_va=1.0075e+00
  [sum_sq_all/sum_sq] a=0.0036 b=1.0024e-01 1-R²_va=9.7229e-01
  [prefix_sum_sq/m1^2+m2^2] a=0.0670 b=-3.0910e-02 1-R²_va=6.4478e-01
  [prefix_sum_sq/x1^2+x2^2] a=-0.0047 b=3.5405e-01 1-R²_va=1.0004e+00
  [prefix_sum_sq/y1^2+y2^2] a=-0.0093 b=4.2171e-01 1-R²_va=1.0155e+00
  [prefix_sum_sq/z1^2+z2^2] a=-0.0051 b=3.5917e-01 1-R²_va=1.0062e+00
  [euclidean_distance/(x1-x2)^2+(y1-y2)^2] a=-0.0279 b=5.1886e-01 1-R²_va=8.8926e-01
  [euclidean_distance/sqrt((x1-x2)^2+(y1-y2)^2)] a=-0.1627 b=7.5132e-01 1-R²_va=8.9615e-01
  [euclidean_distance/||p1-p2||^2] a=-0.0264 b=6.1411e-01 1-R²_va=7.2748e-01
  [euclidean_distance/1/||p1-p2||^2] a=3.6748 b=-2.5775e-02 1-R²_va=6.9682e-01
  [euclidean_distance/m1*m2/||p1-p2||^2] a=1.4621 b=2.2161e-03 1-R²_va=2.4683e-01
  [euclidean_distance/G*m1*m2/||p1-p2||^2] a=1.0000 b=-3.4304e-17 1-R²_va=1.2786e-30
  [harmonic/1/(1/m1+1/m2)] a=0.7926 b=-3.0151e-01 1-R²_va=6.3550e-01
  [harmonic/1/(1/x1+1/x2)] a=0.2023 b=7.5102e-02 1-R²_va=9.4941e-01
  [harmonic/1/(1/y1+1/y2)] a=0.1447 b=1.3393e-01 1-R²_va=9.7587e-01
  [harmonic/1/(1/z1+1/z2)] a=0.1556 b=1.2324e-01 1-R²_va=9.2783e-01
[fuller] denoise + snap IN THE JOIN (every gene, every generation, K=8); mutation operators: physics=0.2 concretize=0.05
Wrapper scope: per_island  (island → wrapper map: ['identity', 'identity'])
[wgpu] process pool disabled — Metal cannot survive fork(); the population is evaluated in one dispatch instead
Genes: head_length=48, n_genes=3, rnc_array_length=10
Population: (per-island, see below), elites: 2, generations: 400, migration FREQ: 30
  pump per-island sizes: intake=100 (tournsize=8), champion=50 (tournsize=5)
Initialising evolution at 2026-09-19 07:09:19.357442
 gen  deme   evals     min fitness          mse_tr          mse_va         max_err      mse_extrap  one_minus_r2_tr  one_minus_r2_va
   0     0     100               0  2.09719326e-32  1.77821112e-32  3.33066907e-16  6.88365881e-32  1.33605622e-30   1.2786449e-30
   0     1      50               0  2.09719326e-32  1.77821112e-32  3.33066907e-16  6.88365881e-32  1.33605622e-30   1.2786449e-30
          wgpu 1d 284g 229c x3w 8ms | egraph 198g->79v+0snap 55ms | graft 21 (-69n, 0 snap) cpu 0 | f64 0 | gen 0.0s
Extending evolution: gen 1 → 400 (+400 generations)
   1     0     100               0  2.09719326e-32  1.77821112e-32  3.33066907e-16  6.88365881e-32  1.33605622e-30   1.2786449e-30
   1     1      50               0  2.09719326e-32  1.77821112e-32  3.33066907e-16  6.88365881e-32  1.33605622e-30   1.2786449e-30
          wgpu 1d 245g 243c x3w 5ms | egraph 76g->93v+4snap 18ms | graft 13 (-40n, 0 snap) cpu 0 | f64 0 | gen 0.2s | dropped inexpr 2 oversz 0 unbuild 0 {}
  early-stop: rule G*m1*m2/||p1-p2||^2 confirmed on holdout (R²=1.0000000000)

*** Early stop at generation 1: best val_R² = 1.0000000000 ≥ 0.9999999990, holdout_R² = 1.0000000000 confirmed

This sub-run: 2026-09-19 07:09:19.514001 → 2026-09-19 07:09:19.678366
Now at generation 1 (HOF size: 31)
[join] 2 dispatches, 529 genes, 1,416 candidates scored in 0.01s GPU+host; e-graph 274 trees -> 172 variants + 4 snaps in 0.07s; 34 grafts (0 snap), 109 nodes removed; cpu-path individuals 0, f64-rejected 0, snaps refused for naming an input 0
[join]   inexpressible:      2  no pset token for semantic id "pow" with arity 2
>>> hof[0] won via static RULE: euclidean_distance/G*m1*m2/||p1-p2||^2
    rule sym_expr: G*m1*m2/((x1 - x2)**2 + (y1 - y2)**2 + (z1 - z2)**2)
  HFF-chosen LSM kept: a=1, b=-3.43039e-17
Chromosome wrapper: id=0  →  identity
hof[0] runtime val (rule): mse=1.710e-32  R²=1.000000
Pre-snap expression (after sympify + LSM compose):
  1.0*G*m1*m2/((x1 - x2)**2 + (y1 - y2)**2 + (z1 - z2)**2) - 3.43038800160693e-17

Per-level snap results (before MSE scoring):
  strict      →  G*m1*m2/((x1 - x2)**2 + (y1 - y2)**2 + (z1 - z2)**2)
  default     →  G*m1*m2/((x1 - x2)**2 + (y1 - y2)**2 + (z1 - z2)**2)
  aggressive  →  G*m1*m2/((x1 - x2)**2 + (y1 - y2)**2 + (z1 - z2)**2)

Snap-level comparison (sorted by holdout MSE, lowest first)
------------------------------------------------------------------------------------------
  level       MSE            R²         expression                                        
------------------------------------------------------------------------------------------
★ strict      5.318e-33      1.0000     G*m1*m2/((x1 - x2)**2 + (y1 - y2)**2 + (z1 - z2)**
  default     5.318e-33      1.0000     G*m1*m2/((x1 - x2)**2 + (y1 - y2)**2 + (z1 - z2)**
  aggressive  5.318e-33      1.0000     G*m1*m2/((x1 - x2)**2 + (y1 - y2)**2 + (z1 - z2)**

Winning snap level: 'strict'  →  G*m1*m2/((x1 - x2)**2 + (y1 - y2)**2 + (z1 - z2)**2)

Canonical discovered expression: G*m1*m2/((x1 - x2)**2 + (y1 - y2)**2 + (z1 - z2)**2)
[38;2;0;50;255m
############################################################ [38;2;255;255;255m
[38;2;0;50;255m Equation Recovery: I_9_18 [38;2;255;255;255m
[38;2;0;50;255m Truth: G*m1*m2/((x2-x1)**2+(y2-y1)**2+(z2-z1)**2) [38;2;255;255;255m
[38;2;0;50;255m [38;2;255;255;255m
[38;2;255;0;255m     Exact recovery     : True [38;2;255;255;255m
[38;2;255;0;255m     Numerical recovery : True (max rel_err 0.00e+00 on 10k samples) [38;2;255;255;255m
[38;2;255;0;255m     Discovered         : G*m1*m2/((x1 - x2)**2 + (y1 - y2)**2 + (z1 - z2)**2) [38;2;255;255;255m
[38;2;255;0;255m     LSM (a, b)         : (1, -3.43039e-17) [38;2;255;255;255m
[38;2;0;50;255m
############################################################ [38;2;255;255;255m
In-range holdout : MSE=2.112e-32  MAE=1.239e-16  R²=1.0000
Extrapolation    : MSE=6.613e-32  MAE=1.817e-16  R²=1.0000

Top 10 HOF models (north_pole=truenorth) (★ = Pareto-optimal)
(deduped HOF: 1 unique chromosomes from 31 raw HOF entries)
 ----------------------------------------------------------------------------------------------------------------
       model     wrapper      length   train_mse     val_mse     max_err    train_r2      val_r2 angular_distance
 ----------------------------------------------------------------------------------------------------------------
★           0        rule          11      0.0000      0.0000      0.0000      1.0000      1.0000      0.0000

Pareto-optimal in top 1: 1    Pareto-optimal in full HOF: 1 / 1

Recovery sweep across 1/1 unique HOF chromosomes (capped):
  Structural / exact     : 1/1  (100.0%)
  Numerical (≤1e-6 err)  : 1/1  (100.0%)
{
    "date": "2026/09/19",
    "seed": "5",
    "task": "equation_recovery",
    "north_pole_method": "truenorth",
    "hff_include_val": true,
    "problem": "I_9_18",
    "truth_expr": "G*m1*m2/((x2-x1)**2+(y2-y1)**2+(z2-z1)**2)",
    "final_terminal_inputs": [
        "m1",
        "m2",
        "G",
        "x1",
        "x2",
        "y1",
        "y2",
        "z1",
        "z2"
    ],
    "wide_primitives": true,
    "head_length": "48",
    "n_genes": "3",
    "rnc_array_length": "10",
    "tournament size": "intake=8, champion=5",
    "population size": "150",
    "population per island": "intake=100, champion=50",
    "gpu_join": true,
    "eclass_k": 8,
    "number of elites": "2",
    "number of generations": "400",
    "number of islands": "2",
    "migration FREQ": "30",
    "wrapper_id": 0,
    "wrapper_name": "identity",
    "recovery_exact": true,
    "recovery_numerical": true,
    "recovery_max_rel_err": 0.0,
    "discovered_expr": "G*m1*m2/((x1 - x2)**2 + (y1 - y2)**2 + (z1 - z2)**2)",
    "holdout_mse": 2.112263666506701e-32,
    "holdout_r2": 1.0,
    "extrap_mse": 6.612969353545233e-32,
    "extrap_r2": 1.0,
    "hof_size": 1,
    "hof_exact_recoveries": 1,
    "hof_numerical_recoveries": 1
}
