/opt/anaconda3/lib/python3.12/site-packages/geppy/__init__.py:26: UserWarning: pkg_resources is deprecated as an API. See https://setuptools.pypa.io/en/latest/pkg_resources.html. The pkg_resources package is slated for removal as early as 2025-11-30. Refrain from using this package or pin to Setuptools<81.
  from pkg_resources import get_distribution, DistributionNotFound
hff library OK (test fitness: (0.1415394733244273,))
registry: ['circle_area', 'gravity', 'coulomb', 'pendulum', 'keplers3', 'ideal_gas', 'I_6_2a', 'I_6_2', 'I_6_2b', 'I_8_14', 'I_9_18', 'I_10_7', 'I_11_19', 'I_12_1', 'I_12_2', 'I_12_4', 'I_12_5', 'I_12_11', 'I_13_4', 'I_13_12', 'I_14_3', 'I_14_4', 'I_15_3x', 'I_15_3t', 'I_15_1', 'I_16_6', 'I_18_4', 'I_18_12', 'I_18_14', 'I_24_6', 'I_25_13', 'I_26_2', 'I_27_6', 'I_29_4', 'I_29_16', 'I_30_3', 'I_30_5', 'I_32_5', 'I_32_17', 'I_34_8', 'I_34_1', 'I_34_14', 'I_34_27', 'I_37_4', 'I_38_12', 'I_39_1', 'I_39_11', 'I_39_22', 'I_40_1', 'I_41_16', 'I_43_16', 'I_43_31', 'I_43_43', 'I_44_4', 'I_47_23', 'I_48_2', 'I_50_26', 'II_2_42', 'II_3_24', 'II_4_23', 'II_6_11', 'II_6_15a', 'II_6_15b', 'II_8_7', 'II_8_31', 'II_10_9', 'II_11_3', 'II_11_17', 'II_11_20', 'II_11_27', 'II_11_28', 'II_13_17', 'II_13_23', 'II_13_34', 'II_15_4', 'II_15_5', 'II_21_32', 'II_24_17', 'II_27_16', 'II_27_18', 'II_34_2a', 'II_34_2', 'II_34_11', 'II_34_29a', 'II_34_29b', 'II_35_18', 'II_35_21', 'II_36_38', 'II_37_1', 'II_38_3', 'II_38_14', 'III_4_32', 'III_4_33', 'III_7_38', 'III_8_54', 'III_9_52', 'III_10_19', 'III_12_43', 'III_13_18', 'III_14_14', 'III_15_12', 'III_15_14', 'III_15_27', 'III_17_37', 'III_19_51', 'III_21_20', 'test_1', 'test_2', 'test_3', 'test_4', 'test_5', 'test_6', 'test_7', 'test_8', 'test_9', 'test_10', 'test_11', 'test_12', 'test_13', 'test_14', 'test_15', 'test_16', 'test_17', 'test_18', 'test_19', 'test_20']
[feynman override] head_length=48 (keep n_genes=3, avgval linker)
Selected problem: II_27_16
  Description : Feynman I-III II.27.16: flux = epsilon*c*Ef**2
  Variables   : ['epsilon', 'c', 'Ef']
  Train range : {'epsilon': (1.0, 5.0), 'c': (1.0, 5.0), 'Ef': (1.0, 5.0)}
  Extrap range: {'epsilon': (1.0, 7.5), 'c': (1.0, 7.5), 'Ef': (1.0, 7.5)}
  Truth       : epsilon*c*Ef**2
  ✓ cache hit  (data/equations/II_27_16, key=f3f631c0700319a7)
  train           (800, 4)  target range=[1.7, 495.8]
  val             (200, 4)  target range=[3.194, 471.9]
  holdout         (200, 4)  target range=[2.372, 469.7]
  extrapolation   (200, 4)  target range=[6.092, 2057]
  saved figure → data/figures/II_27_16/eda_pairplot.png
Wide primitive set enabled: sin, cos, exp, log added.
[E22 rules] variable pattern tags: {'no_pattern'}
[E22/23 rules] static candidate count: 2
[E22/23 rules] allowed to take a fitness slot (exact): 1
  [sum_sq_all/sum_sq] a=6.1128 b=-9.8996e+01 1-R²_va=2.4654e-01
  [power_law/epsilon^1*c^1*Ef^2] a=1.0000 b=8.6048e-16 1-R²_va=4.3217e-31
[fuller] denoise + snap IN THE JOIN (every gene, every generation, K=8); mutation operators: physics=0.2 concretize=0.05
Wrapper scope: per_island  (island → wrapper map: ['identity', 'identity'])
[wgpu] process pool disabled — Metal cannot survive fork(); the population is evaluated in one dispatch instead
Genes: head_length=48, n_genes=3, rnc_array_length=10
Population: (per-island, see below), elites: 2, generations: 400, migration FREQ: 30
  pump per-island sizes: intake=100 (tournsize=8), champion=50 (tournsize=5)
Initialising evolution at 2026-09-19 07:17:54.322302
 gen  deme   evals     min fitness          mse_tr          mse_va         max_err      mse_extrap  one_minus_r2_tr  one_minus_r2_va
   0     0     100               0  3.07890809e-27  3.63647522e-27  2.84217094e-13  7.00858738e-26  4.09458999e-31  4.32172139e-31
   0     1      50               0  3.07890809e-27  3.63647522e-27  2.84217094e-13  7.00858738e-26  4.09458999e-31  4.32172139e-31
          wgpu 1d 364g 333c x3w 12ms | egraph 187g->183v+0snap 76ms | graft 42 (-199n, 0 snap) cpu 0 | f64 0 | gen 0.0s | dropped inexpr 2 oversz 0 unbuild 0 {}
Extending evolution: gen 1 → 400 (+400 generations)
   1     0     100               0  3.07890809e-27  3.63647522e-27  2.84217094e-13  7.00858738e-26  4.09458999e-31  4.32172139e-31
   1     1      50               0  3.07890809e-27  3.63647522e-27  2.84217094e-13  7.00858738e-26  4.09458999e-31  4.32172139e-31
          wgpu 1d 274g 296c x3w 5ms | egraph 90g->150v+0snap 25ms | graft 27 (-143n, 0 snap) cpu 0 | f64 0 | gen 0.3s | dropped inexpr 12 oversz 0 unbuild 0 {}
  early-stop: rule epsilon^1*c^1*Ef^2 confirmed on holdout (R²=1.0000000000)

*** Early stop at generation 1: best val_R² = 1.0000000000 ≥ 0.9999999990, holdout_R² = 1.0000000000 confirmed

This sub-run: 2026-09-19 07:17:54.519069 → 2026-09-19 07:17:54.863075
Now at generation 1 (HOF size: 31)
[join] 2 dispatches, 638 genes, 1,887 candidates scored in 0.02s GPU+host; e-graph 277 trees -> 333 variants + 0 snaps in 0.10s; 69 grafts (0 snap), 342 nodes removed; cpu-path individuals 0, f64-rejected 0, snaps refused for naming an input 2
[join]   inexpressible:      7  no pset token for semantic id "pow" with arity 2
[join]   inexpressible:      7  no pset token for semantic id "sqrt" with arity 1
>>> hof[0] won via static RULE: power_law/epsilon^1*c^1*Ef^2
    rule sym_expr: Ef**2*c*epsilon
  HFF-chosen LSM kept: a=1, b=8.60482e-16
Chromosome wrapper: id=0  →  identity
hof[0] runtime val (rule): mse=3.522e-27  R²=1.000000
Pre-snap expression (after sympify + LSM compose):
  1.0*Ef**2*c*epsilon + 8.60482284823641e-16

Per-level snap results (before MSE scoring):
  strict      →  Ef**2*c*epsilon
  default     →  Ef**2*c*epsilon
  aggressive  →  Ef**2*c*epsilon

Snap-level comparison (sorted by holdout MSE, lowest first)
------------------------------------------------------------------------------------------
  level       MSE            R²         expression                                        
------------------------------------------------------------------------------------------
★ strict      1.38e-28       1.0000     Ef**2*c*epsilon                                   
  default     1.38e-28       1.0000     Ef**2*c*epsilon                                   
  aggressive  1.38e-28       1.0000     Ef**2*c*epsilon                                   

Winning snap level: 'strict'  →  Ef**2*c*epsilon

Canonical discovered expression: Ef**2*c*epsilon
[38;2;0;50;255m
############################################################ [38;2;255;255;255m
[38;2;0;50;255m Equation Recovery: II_27_16 [38;2;255;255;255m
[38;2;0;50;255m Truth: epsilon*c*Ef**2 [38;2;255;255;255m
[38;2;0;50;255m [38;2;255;255;255m
[38;2;255;0;255m     Exact recovery     : True [38;2;255;255;255m
[38;2;255;0;255m     Numerical recovery : True (max rel_err 0.00e+00 on 10k samples) [38;2;255;255;255m
[38;2;255;0;255m     Discovered         : Ef**2*c*epsilon [38;2;255;255;255m
[38;2;255;0;255m     LSM (a, b)         : (1, 8.60482e-16) [38;2;255;255;255m
[38;2;0;50;255m
############################################################ [38;2;255;255;255m
In-range holdout : MSE=4.15e-27  MAE=4.471e-14  R²=1.0000
Extrapolation    : MSE=5.853e-26  MAE=1.556e-13  R²=1.0000

Top 10 HOF models (north_pole=truenorth) (★ = Pareto-optimal)
(deduped HOF: 1 unique chromosomes from 31 raw HOF entries)
 ----------------------------------------------------------------------------------------------------------------
       model     wrapper      length   train_mse     val_mse     max_err    train_r2      val_r2 angular_distance
 ----------------------------------------------------------------------------------------------------------------
★           0        rule           3      0.0000      0.0000      0.0000      1.0000      1.0000      0.0000

Pareto-optimal in top 1: 1    Pareto-optimal in full HOF: 1 / 1

Recovery sweep across 1/1 unique HOF chromosomes (capped):
  Structural / exact     : 1/1  (100.0%)
  Numerical (≤1e-6 err)  : 1/1  (100.0%)
{
    "date": "2026/09/19",
    "seed": "5",
    "task": "equation_recovery",
    "north_pole_method": "truenorth",
    "hff_include_val": true,
    "problem": "II_27_16",
    "truth_expr": "epsilon*c*Ef**2",
    "final_terminal_inputs": [
        "epsilon",
        "c",
        "Ef"
    ],
    "wide_primitives": true,
    "head_length": "48",
    "n_genes": "3",
    "rnc_array_length": "10",
    "tournament size": "intake=8, champion=5",
    "population size": "150",
    "population per island": "intake=100, champion=50",
    "gpu_join": true,
    "eclass_k": 8,
    "number of elites": "2",
    "number of generations": "400",
    "number of islands": "2",
    "migration FREQ": "30",
    "wrapper_id": 0,
    "wrapper_name": "identity",
    "recovery_exact": true,
    "recovery_numerical": true,
    "recovery_max_rel_err": 0.0,
    "discovered_expr": "Ef**2*c*epsilon",
    "holdout_mse": 4.149629242515984e-27,
    "holdout_r2": 1.0,
    "extrap_mse": 5.853341605852666e-26,
    "extrap_r2": 1.0,
    "hof_size": 1,
    "hof_exact_recoveries": 1,
    "hof_numerical_recoveries": 1
}
