/opt/anaconda3/lib/python3.12/site-packages/geppy/__init__.py:26: UserWarning: pkg_resources is deprecated as an API. See https://setuptools.pypa.io/en/latest/pkg_resources.html. The pkg_resources package is slated for removal as early as 2025-11-30. Refrain from using this package or pin to Setuptools<81.
  from pkg_resources import get_distribution, DistributionNotFound
hff library OK (test fitness: (0.1415394733244273,))
registry: ['circle_area', 'gravity', 'coulomb', 'pendulum', 'keplers3', 'ideal_gas', 'I_6_2a', 'I_6_2', 'I_6_2b', 'I_8_14', 'I_9_18', 'I_10_7', 'I_11_19', 'I_12_1', 'I_12_2', 'I_12_4', 'I_12_5', 'I_12_11', 'I_13_4', 'I_13_12', 'I_14_3', 'I_14_4', 'I_15_3x', 'I_15_3t', 'I_15_1', 'I_16_6', 'I_18_4', 'I_18_12', 'I_18_14', 'I_24_6', 'I_25_13', 'I_26_2', 'I_27_6', 'I_29_4', 'I_29_16', 'I_30_3', 'I_30_5', 'I_32_5', 'I_32_17', 'I_34_8', 'I_34_1', 'I_34_14', 'I_34_27', 'I_37_4', 'I_38_12', 'I_39_1', 'I_39_11', 'I_39_22', 'I_40_1', 'I_41_16', 'I_43_16', 'I_43_31', 'I_43_43', 'I_44_4', 'I_47_23', 'I_48_2', 'I_50_26', 'II_2_42', 'II_3_24', 'II_4_23', 'II_6_11', 'II_6_15a', 'II_6_15b', 'II_8_7', 'II_8_31', 'II_10_9', 'II_11_3', 'II_11_17', 'II_11_20', 'II_11_27', 'II_11_28', 'II_13_17', 'II_13_23', 'II_13_34', 'II_15_4', 'II_15_5', 'II_21_32', 'II_24_17', 'II_27_16', 'II_27_18', 'II_34_2a', 'II_34_2', 'II_34_11', 'II_34_29a', 'II_34_29b', 'II_35_18', 'II_35_21', 'II_36_38', 'II_37_1', 'II_38_3', 'II_38_14', 'III_4_32', 'III_4_33', 'III_7_38', 'III_8_54', 'III_9_52', 'III_10_19', 'III_12_43', 'III_13_18', 'III_14_14', 'III_15_12', 'III_15_14', 'III_15_27', 'III_17_37', 'III_19_51', 'III_21_20', 'test_1', 'test_2', 'test_3', 'test_4', 'test_5', 'test_6', 'test_7', 'test_8', 'test_9', 'test_10', 'test_11', 'test_12', 'test_13', 'test_14', 'test_15', 'test_16', 'test_17', 'test_18', 'test_19', 'test_20']
Selected problem: keplers3
  Description : Kepler's third law (period from semi-major axis, fixed M):  T² = (4π²/GM)·a³
  Variables   : ['a']
  Train range : {'a': (10000000000.0, 100000000000.0)}
  Extrap range: {'a': (100000000000.0, 500000000000.0)}
  Truth       : sqrt((4 * pi**2 / (G * 1.989e30)) * a**3)
  ✓ cache hit  (data/equations/keplers3, key=fb15ae6e4756bd06)
  train           (800, 2)  target range=[5.475e+05, 1.723e+07]
  val             (200, 2)  target range=[5.467e+05, 1.706e+07]
  holdout         (200, 2)  target range=[5.595e+05, 1.698e+07]
  extrapolation   (200, 2)  target range=[1.754e+07, 1.924e+08]
  saved figure → data/figures/keplers3/eda_pairplot.png
[E22 rules] variable pattern tags: {'no_pattern'}
[E22/23 rules] static candidate count: 2
[E22/23 rules] allowed to take a fitness slot (exact): 1
  [sum_sq_all/sum_sq] a=0.0000 b=3.1223e-37 1-R²_va=4.3724e-02
  [power_law/a^3/2] a=0.0000 b=2.7019e-26 1-R²_va=4.0548e-31
[fuller] denoise + snap IN THE JOIN (every gene, every generation, K=8); mutation operators: physics=0.2 concretize=0.05
Wrapper scope: per_island  (island → wrapper map: ['identity', 'identity'])
[wgpu] process pool disabled — Metal cannot survive fork(); the population is evaluated in one dispatch instead
Genes: head_length=16, n_genes=3, rnc_array_length=10
Population: (per-island, see below), elites: 2, generations: 400, migration FREQ: 30
  pump per-island sizes: intake=100 (tournsize=8), champion=50 (tournsize=5)
Initialising evolution at 2026-09-19 07:09:15.876162
 gen  deme   evals     min fitness          mse_tr          mse_va         max_err      mse_extrap  one_minus_r2_tr  one_minus_r2_va
   0     0     100               0  1.01041205e-17  8.50888641e-18   7.4505806e-09  1.27453603e-15    4.141118e-31  4.05480716e-31
   0     1      50               0  1.01041205e-17  8.50888641e-18   7.4505806e-09  1.27453603e-15    4.141118e-31  4.05480716e-31
          wgpu 1d 488g 476c x3w 12ms | egraph 211g->326v+0snap 188ms | graft 4 (-49n, 0 snap) cpu 0 | f64 0 | gen 0.0s | dropped inexpr 18 oversz 0 unbuild 0 {}
Extending evolution: gen 1 → 400 (+400 generations)
   1     0     100               0  1.01041205e-17  8.50888641e-18   7.4505806e-09  1.27453603e-15    4.141118e-31  4.05480716e-31
   1     1      50               0  1.01041205e-17  8.50888641e-18   7.4505806e-09  1.27453603e-15    4.141118e-31  4.05480716e-31
          wgpu 1d 386g 436c x3w 77ms | egraph 91g->287v+0snap 17ms | graft 0 (-0n, 0 snap) cpu 0 | f64 0 | gen 0.5s | dropped inexpr 7 oversz 0 unbuild 0 {}
  early-stop: rule a^3/2 confirmed on holdout (R²=1.0000000000)

*** Early stop at generation 1: best val_R² = 1.0000000000 ≥ 0.9999999990, holdout_R² = 1.0000000000 confirmed

This sub-run: 2026-09-19 07:09:16.193573 → 2026-09-19 07:09:16.671555
Now at generation 1 (HOF size: 31)
[join] 2 dispatches, 874 genes, 2,736 candidates scored in 0.09s GPU+host; e-graph 302 trees -> 613 variants + 0 snaps in 0.21s; 4 grafts (0 snap), 49 nodes removed; cpu-path individuals 0, f64-rejected 0, snaps refused for naming an input 0
[join]   inexpressible:     25  no pset token for semantic id "pow" with arity 2
>>> hof[0] won via static RULE: power_law/a^3/2
    rule sym_expr: a**(3/2)
  HFF-chosen LSM kept: a=5.4533e-10, b=2.70189e-26
Chromosome wrapper: id=0  →  identity
hof[0] runtime val (rule): mse=8.509e-18  R²=1.000000
Pre-snap expression (after sympify + LSM compose):
  5.45330282489419e-10*a**(3/2) + 2.70189152103136e-26

Per-level snap results (before MSE scoring):
  strict      →  2*pi*a**(3/2)*sqrt(1/(G*M_sun))
  default     →  2*pi*a**(3/2)*sqrt(1/(G*M_sun))
  aggressive  →  2*pi*a**(3/2)*sqrt(1/(G*M_sun))

Snap-level comparison (sorted by holdout MSE, lowest first)
------------------------------------------------------------------------------------------
  level       MSE            R²         expression                                        
------------------------------------------------------------------------------------------
★ strict      inf            —          2*pi*a**(3/2)*sqrt(1/(G*M_sun))                   
               note: TypeError: loop of ufunc does not support argument 0 of type Mul which has no callable sqrt method
  default     inf            —          2*pi*a**(3/2)*sqrt(1/(G*M_sun))                   
               note: TypeError: loop of ufunc does not support argument 0 of type Mul which has no callable sqrt method
  aggressive  inf            —          2*pi*a**(3/2)*sqrt(1/(G*M_sun))                   
               note: TypeError: loop of ufunc does not support argument 0 of type Mul which has no callable sqrt method

Winning snap level: 'strict'  →  2*pi*a**(3/2)*sqrt(1/(G*M_sun))

Canonical discovered expression: 2*pi*a**(3/2)*sqrt(1/(G*M_sun))
[38;2;0;50;255m
############################################################ [38;2;255;255;255m
[38;2;0;50;255m Equation Recovery: KEPLERS3 [38;2;255;255;255m
[38;2;0;50;255m Truth: sqrt((4 * pi**2 / (G * 1.989e30)) * a**3) [38;2;255;255;255m
[38;2;0;50;255m [38;2;255;255;255m
[38;2;255;0;255m     Exact recovery     : True [38;2;255;255;255m
[38;2;255;0;255m     Numerical recovery : True (max rel_err 3.79e-16 on 10k samples) [38;2;255;255;255m
[38;2;255;0;255m     Discovered         : 2*pi*a**(3/2)*sqrt(1/(G*M_sun)) [38;2;255;255;255m
[38;2;255;0;255m     LSM (a, b)         : (5.4533e-10, 2.70189e-26) [38;2;255;255;255m
[38;2;0;50;255m
############################################################ [38;2;255;255;255m
In-range holdout : MSE=8.717e-18  MAE=2.307e-09  R²=1.0000
Extrapolation    : MSE=1.275e-15  MAE=2.924e-08  R²=1.0000

Top 10 HOF models (north_pole=truenorth) (★ = Pareto-optimal)
(deduped HOF: 1 unique chromosomes from 31 raw HOF entries)
 ----------------------------------------------------------------------------------------------------------------
       model     wrapper      length   train_mse     val_mse     max_err    train_r2      val_r2 angular_distance
 ----------------------------------------------------------------------------------------------------------------
★           0        rule           2      0.0000      0.0000      0.0000      1.0000      1.0000      0.0000

Pareto-optimal in top 1: 1    Pareto-optimal in full HOF: 1 / 1

Recovery sweep across 1/1 unique HOF chromosomes (capped):
  Structural / exact     : 1/1  (100.0%)
  Numerical (≤1e-6 err)  : 1/1  (100.0%)
{
    "date": "2026/09/19",
    "seed": "5",
    "task": "equation_recovery",
    "north_pole_method": "truenorth",
    "hff_include_val": true,
    "problem": "keplers3",
    "truth_expr": "sqrt((4 * pi**2 / (G * 1.989e30)) * a**3)",
    "final_terminal_inputs": [
        "a"
    ],
    "wide_primitives": false,
    "head_length": "16",
    "n_genes": "3",
    "rnc_array_length": "10",
    "tournament size": "intake=8, champion=5",
    "population size": "150",
    "population per island": "intake=100, champion=50",
    "gpu_join": true,
    "eclass_k": 8,
    "number of elites": "2",
    "number of generations": "400",
    "number of islands": "2",
    "migration FREQ": "30",
    "wrapper_id": 0,
    "wrapper_name": "identity",
    "recovery_exact": true,
    "recovery_numerical": true,
    "recovery_max_rel_err": 3.7871911506964057e-16,
    "discovered_expr": "2*pi*a**(3/2)*sqrt(1/(G*M_sun))",
    "holdout_mse": 8.716646653604553e-18,
    "holdout_r2": 1.0,
    "extrap_mse": 1.2745360322696798e-15,
    "extrap_r2": 1.0,
    "hof_size": 1,
    "hof_exact_recoveries": 1,
    "hof_numerical_recoveries": 1
}
