/opt/anaconda3/lib/python3.12/site-packages/geppy/__init__.py:26: UserWarning: pkg_resources is deprecated as an API. See https://setuptools.pypa.io/en/latest/pkg_resources.html. The pkg_resources package is slated for removal as early as 2025-11-30. Refrain from using this package or pin to Setuptools<81.
  from pkg_resources import get_distribution, DistributionNotFound
hff library OK (test fitness: (0.1415394733244273,))
registry: ['circle_area', 'gravity', 'coulomb', 'pendulum', 'keplers3', 'ideal_gas', 'I_6_2a', 'I_6_2', 'I_6_2b', 'I_8_14', 'I_9_18', 'I_10_7', 'I_11_19', 'I_12_1', 'I_12_2', 'I_12_4', 'I_12_5', 'I_12_11', 'I_13_4', 'I_13_12', 'I_14_3', 'I_14_4', 'I_15_3x', 'I_15_3t', 'I_15_1', 'I_16_6', 'I_18_4', 'I_18_12', 'I_18_14', 'I_24_6', 'I_25_13', 'I_26_2', 'I_27_6', 'I_29_4', 'I_29_16', 'I_30_3', 'I_30_5', 'I_32_5', 'I_32_17', 'I_34_8', 'I_34_1', 'I_34_14', 'I_34_27', 'I_37_4', 'I_38_12', 'I_39_1', 'I_39_11', 'I_39_22', 'I_40_1', 'I_41_16', 'I_43_16', 'I_43_31', 'I_43_43', 'I_44_4', 'I_47_23', 'I_48_2', 'I_50_26', 'II_2_42', 'II_3_24', 'II_4_23', 'II_6_11', 'II_6_15a', 'II_6_15b', 'II_8_7', 'II_8_31', 'II_10_9', 'II_11_3', 'II_11_17', 'II_11_20', 'II_11_27', 'II_11_28', 'II_13_17', 'II_13_23', 'II_13_34', 'II_15_4', 'II_15_5', 'II_21_32', 'II_24_17', 'II_27_16', 'II_27_18', 'II_34_2a', 'II_34_2', 'II_34_11', 'II_34_29a', 'II_34_29b', 'II_35_18', 'II_35_21', 'II_36_38', 'II_37_1', 'II_38_3', 'II_38_14', 'III_4_32', 'III_4_33', 'III_7_38', 'III_8_54', 'III_9_52', 'III_10_19', 'III_12_43', 'III_13_18', 'III_14_14', 'III_15_12', 'III_15_14', 'III_15_27', 'III_17_37', 'III_19_51', 'III_21_20', 'test_1', 'test_2', 'test_3', 'test_4', 'test_5', 'test_6', 'test_7', 'test_8', 'test_9', 'test_10', 'test_11', 'test_12', 'test_13', 'test_14', 'test_15', 'test_16', 'test_17', 'test_18', 'test_19', 'test_20']
Selected problem: pendulum
  Description : Simple pendulum period:  T = 2π·√(L/g)
  Variables   : ['L']
  Train range : {'L': (0.05, 2.0)}
  Extrap range: {'L': (2.0, 5.0)}
  Truth       : 2 * pi * sqrt(L / g)
  ✓ cache hit  (data/equations/pendulum, key=2c625977bb7d857e)
  train           (800, 2)  target range=[0.4513, 2.837]
  val             (200, 2)  target range=[0.4503, 2.827]
  holdout         (200, 2)  target range=[0.4651, 2.821]
  extrapolation   (200, 2)  target range=[2.844, 4.484]
  saved figure → data/figures/pendulum/eda_pairplot.png
[E22 rules] variable pattern tags: {'no_pattern'}
[E22/23 rules] static candidate count: 2
[E22/23 rules] allowed to take a fitness slot (exact): 1
  [sum_sq_all/sum_sq] a=0.4725 b=1.2921e+00 1-R²_va=1.7177e-01
  [power_law/L^1/2] a=2.0064 b=1.2208e-16 1-R²_va=4.4363e-31
[fuller] denoise + snap IN THE JOIN (every gene, every generation, K=8); mutation operators: physics=0.2 concretize=0.05
Wrapper scope: per_island  (island → wrapper map: ['identity', 'identity'])
[wgpu] process pool disabled — Metal cannot survive fork(); the population is evaluated in one dispatch instead
Genes: head_length=16, n_genes=3, rnc_array_length=10
Population: (per-island, see below), elites: 2, generations: 400, migration FREQ: 30
  pump per-island sizes: intake=100 (tournsize=8), champion=50 (tournsize=5)
Initialising evolution at 2026-09-19 07:09:15.869921
 gen  deme   evals     min fitness          mse_tr          mse_va         max_err      mse_extrap  one_minus_r2_tr  one_minus_r2_va
   0     0     100               0   1.4294252e-31  1.61654856e-31  1.33226763e-15  3.34279809e-31  3.76159566e-31  4.43629022e-31
   0     1      50               0   1.4294252e-31  1.61654856e-31  1.33226763e-15  3.34279809e-31  3.76159566e-31  4.43629022e-31
          wgpu 1d 501g 468c x3w 11ms | egraph 211g->318v+0snap 193ms | graft 55 (-273n, 0 snap) cpu 0 | f64 13 | gen 0.0s | dropped inexpr 18 oversz 0 unbuild 0 {}
Extending evolution: gen 1 → 400 (+400 generations)
   1     0     100               0   1.4294252e-31  1.61654856e-31  1.33226763e-15  3.34279809e-31  3.76159566e-31  4.43629022e-31
   1     1      50               0   1.4294252e-31  1.61654856e-31  1.33226763e-15  3.34279809e-31  3.76159566e-31  4.43629022e-31
          wgpu 1d 380g 395c x3w 6ms | egraph 111g->248v+0snap 20ms | graft 32 (-148n, 0 snap) cpu 0 | f64 9 | gen 0.2s | dropped inexpr 11 oversz 0 unbuild 0 {}

*** Early stop at generation 1: best val_R² = 1.0000000000 ≥ 0.9999999990, holdout_R² = 1.0000000000 confirmed

This sub-run: 2026-09-19 07:09:16.208394 → 2026-09-19 07:09:16.441345
Now at generation 1 (HOF size: 31)
[join] 2 dispatches, 881 genes, 2,589 candidates scored in 0.02s GPU+host; e-graph 322 trees -> 566 variants + 0 snaps in 0.21s; 87 grafts (0 snap), 421 nodes removed; cpu-path individuals 0, f64-rejected 0, snaps refused for naming an input 0
[join]   inexpressible:     29  no pset token for semantic id "pow" with arity 2
  HFF-chosen LSM kept: a=2.45734, b=4.44089e-16
Chromosome wrapper: id=2  →  sqrt_abs
hof[0] runtime val: mse=7.101e-32  R²=1.000000
Pre-snap expression (after sympify + LSM compose):
  0.819113163670284*sqrt(6)*sqrt(Abs(L)) + 4.44089209850063e-16

Per-level snap results (before MSE scoring):
  strict      →  0.638659913562117*pi*sqrt(L)
  default     →  0.638659913562117*pi*sqrt(L)
  aggressive  →  0.638659913562117*pi*sqrt(L)

Snap-level comparison (sorted by holdout MSE, lowest first)
------------------------------------------------------------------------------------------
  level       MSE            R²         expression                                        
------------------------------------------------------------------------------------------
★ strict      1.303e-30      1.0000     0.638659913562117*pi*sqrt(L)                      
  default     1.303e-30      1.0000     0.638659913562117*pi*sqrt(L)                      
  aggressive  1.303e-30      1.0000     0.638659913562117*pi*sqrt(L)                      

Winning snap level: 'strict'  →  0.638659913562117*pi*sqrt(L)

Canonical discovered expression: 0.638659913562117*pi*sqrt(L)
[38;2;0;50;255m
############################################################ [38;2;255;255;255m
[38;2;0;50;255m Equation Recovery: PENDULUM [38;2;255;255;255m
[38;2;0;50;255m Truth: 2 * pi * sqrt(L / g) [38;2;255;255;255m
[38;2;0;50;255m [38;2;255;255;255m
[38;2;255;0;255m     Exact recovery     : True [38;2;255;255;255m
[38;2;255;0;255m     Numerical recovery : True (max rel_err 0.00e+00 on 10k samples) [38;2;255;255;255m
[38;2;255;0;255m     Discovered         : 0.638659913562117*pi*sqrt(L) [38;2;255;255;255m
[38;2;255;0;255m     LSM (a, b)         : (2.45734, 4.44089e-16) [38;2;255;255;255m
[38;2;0;50;255m
############################################################ [38;2;255;255;255m
In-range holdout : MSE=6.553e-32  MAE=1.751e-16  R²=1.0000
Extrapolation    : MSE=3.165e-31  MAE=3.93e-16  R²=1.0000

Top 10 HOF models (north_pole=truenorth) (★ = Pareto-optimal)
(deduped HOF: 2 unique chromosomes from 31 raw HOF entries)
 ----------------------------------------------------------------------------------------------------------------
       model     wrapper      length   train_mse     val_mse     max_err    train_r2      val_r2 angular_distance
 ----------------------------------------------------------------------------------------------------------------
★           0    sqrt_abs           5      0.0000      0.0000      0.0000      1.0000      1.0000      0.0000
            1        rule           2      0.0000      0.0000      0.0000      1.0000      1.0000      0.6435

Pareto-optimal in top 2: 1    Pareto-optimal in full HOF: 1 / 2

Recovery sweep across 2/2 unique HOF chromosomes (capped):
  Structural / exact     : 2/2  (100.0%)
  Numerical (≤1e-6 err)  : 2/2  (100.0%)
{
    "date": "2026/09/19",
    "seed": "5",
    "task": "equation_recovery",
    "north_pole_method": "truenorth",
    "hff_include_val": true,
    "problem": "pendulum",
    "truth_expr": "2 * pi * sqrt(L / g)",
    "final_terminal_inputs": [
        "L"
    ],
    "wide_primitives": false,
    "head_length": "16",
    "n_genes": "3",
    "rnc_array_length": "10",
    "tournament size": "intake=8, champion=5",
    "population size": "150",
    "population per island": "intake=100, champion=50",
    "gpu_join": true,
    "eclass_k": 8,
    "number of elites": "2",
    "number of generations": "400",
    "number of islands": "2",
    "migration FREQ": "30",
    "wrapper_id": 2,
    "wrapper_name": "sqrt_abs",
    "recovery_exact": true,
    "recovery_numerical": true,
    "recovery_max_rel_err": 0.0,
    "discovered_expr": "0.638659913562117*pi*sqrt(L)",
    "holdout_mse": 6.552784042783131e-32,
    "holdout_r2": 1.0,
    "extrap_mse": 3.16530438219931e-31,
    "extrap_r2": 1.0,
    "hof_size": 2,
    "hof_exact_recoveries": 2,
    "hof_numerical_recoveries": 2
}
