/opt/anaconda3/lib/python3.12/site-packages/geppy/__init__.py:26: UserWarning: pkg_resources is deprecated as an API. See https://setuptools.pypa.io/en/latest/pkg_resources.html. The pkg_resources package is slated for removal as early as 2025-11-30. Refrain from using this package or pin to Setuptools<81.
  from pkg_resources import get_distribution, DistributionNotFound
hff library OK (test fitness: (0.1415394733244273,))
registry: ['circle_area', 'gravity', 'coulomb', 'pendulum', 'keplers3', 'ideal_gas', 'I_6_2a', 'I_6_2', 'I_6_2b', 'I_8_14', 'I_9_18', 'I_10_7', 'I_11_19', 'I_12_1', 'I_12_2', 'I_12_4', 'I_12_5', 'I_12_11', 'I_13_4', 'I_13_12', 'I_14_3', 'I_14_4', 'I_15_3x', 'I_15_3t', 'I_15_1', 'I_16_6', 'I_18_4', 'I_18_12', 'I_18_14', 'I_24_6', 'I_25_13', 'I_26_2', 'I_27_6', 'I_29_4', 'I_29_16', 'I_30_3', 'I_30_5', 'I_32_5', 'I_32_17', 'I_34_8', 'I_34_1', 'I_34_14', 'I_34_27', 'I_37_4', 'I_38_12', 'I_39_1', 'I_39_11', 'I_39_22', 'I_40_1', 'I_41_16', 'I_43_16', 'I_43_31', 'I_43_43', 'I_44_4', 'I_47_23', 'I_48_2', 'I_50_26', 'II_2_42', 'II_3_24', 'II_4_23', 'II_6_11', 'II_6_15a', 'II_6_15b', 'II_8_7', 'II_8_31', 'II_10_9', 'II_11_3', 'II_11_17', 'II_11_20', 'II_11_27', 'II_11_28', 'II_13_17', 'II_13_23', 'II_13_34', 'II_15_4', 'II_15_5', 'II_21_32', 'II_24_17', 'II_27_16', 'II_27_18', 'II_34_2a', 'II_34_2', 'II_34_11', 'II_34_29a', 'II_34_29b', 'II_35_18', 'II_35_21', 'II_36_38', 'II_37_1', 'II_38_3', 'II_38_14', 'III_4_32', 'III_4_33', 'III_7_38', 'III_8_54', 'III_9_52', 'III_10_19', 'III_12_43', 'III_13_18', 'III_14_14', 'III_15_12', 'III_15_14', 'III_15_27', 'III_17_37', 'III_19_51', 'III_21_20', 'test_1', 'test_2', 'test_3', 'test_4', 'test_5', 'test_6', 'test_7', 'test_8', 'test_9', 'test_10', 'test_11', 'test_12', 'test_13', 'test_14', 'test_15', 'test_16', 'test_17', 'test_18', 'test_19', 'test_20']
[feynman override] head_length=48 (keep n_genes=3, avgval linker)
Selected problem: I_13_4
  Description : Feynman I-III I.13.4: K = 1/2*m*(v**2+u**2+w**2)
  Variables   : ['m', 'v', 'u', 'w']
  Train range : {'m': (1.0, 5.0), 'v': (1.0, 5.0), 'u': (1.0, 5.0), 'w': (1.0, 5.0)}
  Extrap range: {'m': (1.0, 7.5), 'v': (1.0, 7.5), 'u': (1.0, 7.5), 'w': (1.0, 7.5)}
  Truth       : 1/2*m*(v**2+u**2+w**2)
  ✓ cache hit  (data/equations/I_13_4, key=65543e739a6b6c38)
  train           (800, 5)  target range=[3.466, 146.3]
  val             (200, 5)  target range=[4.128, 128.3]
  holdout         (200, 5)  target range=[3.463, 123.5]
  extrapolation   (200, 5)  target range=[12.48, 428.6]
  saved figure → data/figures/I_13_4/eda_pairplot.png
Wide primitive set enabled: sin, cos, exp, log added.
[E22 rules] variable pattern tags: {'no_pattern'}
[E22/23 rules] static candidate count: 2
  [sum_sq_all/sum_sq] a=1.7716 b=-2.6260e+01 1-R²_va=1.1362e-01
  [kinetic_energy/m*(v^2+u^2+w^2)/2] a=1.0000 b=7.9188e-16 1-R²_va=2.5912e-31
[fuller] gene operators ACTIVE (denoise=0.2 physics=0.2 snap=1.0 concretize=0.05)
Wrapper scope: per_island  (island → wrapper map: ['identity', 'identity'])
Genes: head_length=48, n_genes=3, rnc_array_length=10
Population size: 25, tournament: 3, elites: 2, generations: 400, migration FREQ: 30
  pump per-island sizes: intake=500 (tournsize=40), champion=250 (tournsize=25)
Initialising evolution at 2026-09-19 01:53:51.236667
objc[11830]: +[NSCheapMutableString initialize] may have been in progress in another thread when fork() was called.
objc[11830]: +[NSCheapMutableString initialize] may have been in progress in another thread when fork() was called. We cannot safely call it or ignore it in the fork() child process. Crashing instead. Set a breakpoint on objc_initializeAfterForkError to debug.
objc[11835]: +[NSCheapMutableString initialize] may have been in progress in another thread when fork() was called.
objc[11835]: +[NSCheapMutableString initialize] may have been in progress in another thread when fork() was called. We cannot safely call it or ignore it in the fork() child process. Crashing instead. Set a breakpoint on objc_initializeAfterForkError to debug.
objc[11839]: +[NSCheapMutableString initialize] may have been in progress in another thread when fork() was called.
objc[11839]: +[NSCheapMutableString initialize] may have been in progress in another thread when fork() was called. We cannot safely call it or ignore it in the fork() child process. Crashing instead. Set a breakpoint on objc_initializeAfterForkError to debug.
objc[11844]: +[NSCheapMutableString initialize] may have been in progress in another thread when fork() was called.
objc[11844]: +[NSCheapMutableString initialize] may have been in progress in another thread when fork() was called. We cannot safely call it or ignore it in the fork() child process. Crashing instead. Set a breakpoint on objc_initializeAfterForkError to debug.
objc[11850]: +[NSCheapMutableString initialize] may have been in progress in another thread when fork() was called.
objc[11850]: +[NSCheapMutableString initialize] may have been in progress in another thread when fork() was called. We cannot safely call it or ignore it in the fork() child process. Crashing instead. Set a breakpoint on objc_initializeAfterForkError to debug.
objc[11855]: +[NSCheapMutableString initialize] may have been in progress in another thread when fork() was called.
objc[11855]: +[NSCheapMutableString initialize] may have been in progress in another thread when fork() was called. We cannot safely call it or ignore it in the fork() child process. Crashing instead. Set a breakpoint on objc_initializeAfterForkError to debug.
objc[11859]: +[NSCheapMutableString initialize] may have been in progress in another thread when fork() was called.
objc[11859]: +[NSCheapMutableString initialize] may have been in progress in another thread when fork() was called. We cannot safely call it or ignore it in the fork() child process. Crashing instead. Set a breakpoint on objc_initializeAfterForkError to debug.
objc[11863]: +[NSCheapMutableString initialize] may have been in progress in another thread when fork() was called.
objc[11863]: +[NSCheapMutableString initialize] may have been in progress in another thread when fork() was called. We cannot safely call it or ignore it in the fork() child process. Crashing instead. Set a breakpoint on objc_initializeAfterForkError to debug.
objc[11868]: +[NSCheapMutableString initialize] may have been in progress in another thread when fork() was called.
objc[11868]: +[NSCheapMutableString initialize] may have been in progress in another thread when fork() was called. We cannot safely call it or ignore it in the fork() child process. Crashing instead. Set a breakpoint on objc_initializeAfterForkError to debug.
objc[11870]: +[NSCheapMutableString initialize] may have been in progress in another thread when fork() was called.
objc[11870]: +[NSCheapMutableString initialize] may have been in progress in another thread when fork() was called. We cannot safely call it or ignore it in the fork() child process. Crashing instead. Set a breakpoint on objc_initializeAfterForkError to debug.
objc[11872]: +[NSCheapMutableString initialize] may have been in progress in another thread when fork() was called.
objc[11872]: +[NSCheapMutableString initialize] may have been in progress in another thread when fork() was called. We cannot safely call it or ignore it in the fork() child process. Crashing instead. Set a breakpoint on objc_initializeAfterForkError to debug.
objc[11875]: +[NSCheapMutableString initialize] may have been in progress in another thread when fork() was called.
objc[11875]: +[NSCheapMutableString initialize] may have been in progress in another thread when fork() was called. We cannot safely call it or ignore it in the fork() child process. Crashing instead. Set a breakpoint on objc_initializeAfterForkError to debug.
objc[11876]: +[NSCheapMutableString initialize] may have been in progress in another thread when fork() was called.
objc[11876]: +[NSCheapMutableString initialize] may have been in progress in another thread when fork() was called. We cannot safely call it or ignore it in the fork() child process. Crashing instead. Set a breakpoint on objc_initializeAfterForkError to debug.
objc[11815]: +[NSCheapMutableString initialize] may have been in progress in another thread when fork() was called.
objc[11815]: +[NSCheapMutableString initialize] may have been in progress in another thread when fork() was called. We cannot safely call it or ignore it in the fork() child process. Crashing instead. Set a breakpoint on objc_initializeAfterForkError to debug.
objc[11884]: +[NSCheapMutableString initialize] may have been in progress in another thread when fork() was called.
objc[11884]: +[NSCheapMutableString initialize] may have been in progress in another thread when fork() was called. We cannot safely call it or ignore it in the fork() child process. Crashing instead. Set a breakpoint on objc_initializeAfterForkError to debug.
objc[11885]: +[NSCheapMutableString initialize] may have been in progress in another thread when fork() was called.
objc[11885]: +[NSCheapMutableString initialize] may have been in progress in another thread when fork() was called. We cannot safely call it or ignore it in the fork() child process. Crashing instead. Set a breakpoint on objc_initializeAfterForkError to debug.
objc[11887]: +[NSCheapMutableString initialize] may have been in progress in another thread when fork() was called.
objc[11887]: +[NSCheapMutableString initialize] may have been in progress in another thread when fork() was called. We cannot safely call it or ignore it in the fork() child process. Crashing instead. Set a breakpoint on objc_initializeAfterForkError to debug.
objc[11896]: +[NSCheapMutableString initialize] may have been in progress in another thread when fork() was called.
objc[11896]: +[NSCheapMutableString initialize] may have been in progress in another thread when fork() was called. We cannot safely call it or ignore it in the fork() child process. Crashing instead. Set a breakpoint on objc_initializeAfterForkError to debug.
objc[11898]: +[NSCheapMutableString initialize] may have been in progress in another thread when fork() was called.
objc[11898]: +[NSCheapMutableString initialize] may have been in progress in another thread when fork() was called. We cannot safely call it or ignore it in the fork() child process. Crashing instead. Set a breakpoint on objc_initializeAfterForkError to debug.
objc[11916]: +[NSCheapMutableString initialize] may have been in progress in another thread when fork() was called.
objc[11916]: +[NSCheapMutableString initialize] may have been in progress in another thread when fork() was called. We cannot safely call it or ignore it in the fork() child process. Crashing instead. Set a breakpoint on objc_initializeAfterForkError to debug.
objc[11919]: +[NSCheapMutableString initialize] may have been in progress in another thread when fork() was called.
objc[11919]: +[NSCheapMutableString initialize] may have been in progress in another thread when fork() was called. We cannot safely call it or ignore it in the fork() child process. Crashing instead. Set a breakpoint on objc_initializeAfterForkError to debug.
objc[11920]: +[NSCheapMutableString initialize] may have been in progress in another thread when fork() was called.
objc[11920]: +[NSCheapMutableString initialize] may have been in progress in another thread when fork() was called. We cannot safely call it or ignore it in the fork() child process. Crashing instead. Set a breakpoint on objc_initializeAfterForkError to debug.
objc[11921]: +[NSCheapMutableString initialize] may have been in progress in another thread when fork() was called.
objc[11921]: +[NSCheapMutableString initialize] may have been in progress in another thread when fork() was called. We cannot safely call it or ignore it in the fork() child process. Crashing instead. Set a breakpoint on objc_initializeAfterForkError to debug.
objc[11926]: +[NSCheapMutableString initialize] may have been in progress in another thread when fork() was called.
objc[11926]: +[NSCheapMutableString initialize] may have been in progress in another thread when fork() was called. We cannot safely call it or ignore it in the fork() child process. Crashing instead. Set a breakpoint on objc_initializeAfterForkError to debug.
objc[11934]: +[NSCheapMutableString initialize] may have been in progress in another thread when fork() was called.
objc[11934]: +[NSCheapMutableString initialize] may have been in progress in another thread when fork() was called. We cannot safely call it or ignore it in the fork() child process. Crashing instead. Set a breakpoint on objc_initializeAfterForkError to debug.
objc[11936]: +[NSCheapMutableString initialize] may have been in progress in another thread when fork() was called.
objc[11936]: +[NSCheapMutableString initialize] may have been in progress in another thread when fork() was called. We cannot safely call it or ignore it in the fork() child process. Crashing instead. Set a breakpoint on objc_initializeAfterForkError to debug.
objc[11938]: +[NSCheapMutableString initialize] may have been in progress in another thread when fork() was called.
objc[11938]: +[NSCheapMutableString initialize] may have been in progress in another thread when fork() was called. We cannot safely call it or ignore it in the fork() child process. Crashing instead. Set a breakpoint on objc_initializeAfterForkError to debug.
objc[11951]: +[NSCheapMutableString initialize] may have been in progress in another thread when fork() was called.
objc[11951]: +[NSCheapMutableString initialize] may have been in progress in another thread when fork() was called. We cannot safely call it or ignore it in the fork() child process. Crashing instead. Set a breakpoint on objc_initializeAfterForkError to debug.
objc[11952]: +[NSCheapMutableString initialize] may have been in progress in another thread when fork() was called.
objc[11952]: +[NSCheapMutableString initialize] may have been in progress in another thread when fork() was called. We cannot safely call it or ignore it in the fork() child process. Crashing instead. Set a breakpoint on objc_initializeAfterForkError to debug.
objc[11967]: +[NSCheapMutableString initialize] may have been in progress in another thread when fork() was called.
objc[11967]: +[NSCheapMutableString initialize] may have been in progress in another thread when fork() was called. We cannot safely call it or ignore it in the fork() child process. Crashing instead. Set a breakpoint on objc_initializeAfterForkError to debug.
objc[11969]: +[NSCheapMutableString initialize] may have been in progress in another thread when fork() was called.
objc[11969]: +[NSCheapMutableString initialize] may have been in progress in another thread when fork() was called. We cannot safely call it or ignore it in the fork() child process. Crashing instead. Set a breakpoint on objc_initializeAfterForkError to debug.
objc[11970]: +[NSCheapMutableString initialize] may have been in progress in another thread when fork() was called.
objc[11970]: +[NSCheapMutableString initialize] may have been in progress in another thread when fork() was called. We cannot safely call it or ignore it in the fork() child process. Crashing instead. Set a breakpoint on objc_initializeAfterForkError to debug.
objc[11972]: +[NSCheapMutableString initialize] may have been in progress in another thread when fork() was called.
objc[11972]: +[NSCheapMutableString initialize] may have been in progress in another thread when fork() was called. We cannot safely call it or ignore it in the fork() child process. Crashing instead. Set a breakpoint on objc_initializeAfterForkError to debug.
objc[11973]: +[NSCheapMutableString initialize] may have been in progress in another thread when fork() was called.
objc[11973]: +[NSCheapMutableString initialize] may have been in progress in another thread when fork() was called. We cannot safely call it or ignore it in the fork() child process. Crashing instead. Set a breakpoint on objc_initializeAfterForkError to debug.
objc[11974]: +[NSCheapMutableString initialize] may have been in progress in another thread when fork() was called.
objc[11974]: +[NSCheapMutableString initialize] may have been in progress in another thread when fork() was called. We cannot safely call it or ignore it in the fork() child process. Crashing instead. Set a breakpoint on objc_initializeAfterForkError to debug.
objc[11979]: +[NSCheapMutableString initialize] may have been in progress in another thread when fork() was called.
objc[11979]: +[NSCheapMutableString initialize] may have been in progress in another thread when fork() was called. We cannot safely call it or ignore it in the fork() child process. Crashing instead. Set a breakpoint on objc_initializeAfterForkError to debug.
objc[11980]: +[NSCheapMutableString initialize] may have been in progress in another thread when fork() was called.
objc[11980]: +[NSCheapMutableString initialize] may have been in progress in another thread when fork() was called. We cannot safely call it or ignore it in the fork() child process. Crashing instead. Set a breakpoint on objc_initializeAfterForkError to debug.
objc[11981]: +[NSCheapMutableString initialize] may have been in progress in another thread when fork() was called.
objc[11981]: +[NSCheapMutableString initialize] may have been in progress in another thread when fork() was called. We cannot safely call it or ignore it in the fork() child process. Crashing instead. Set a breakpoint on objc_initializeAfterForkError to debug.
objc[11982]: +[NSCheapMutableString initialize] may have been in progress in another thread when fork() was called.
objc[11982]: +[NSCheapMutableString initialize] may have been in progress in another thread when fork() was called. We cannot safely call it or ignore it in the fork() child process. Crashing instead. Set a breakpoint on objc_initializeAfterForkError to debug.
objc[11983]: +[NSCheapMutableString initialize] may have been in progress in another thread when fork() was called.
objc[11983]: +[NSCheapMutableString initialize] may have been in progress in another thread when fork() was called. We cannot safely call it or ignore it in the fork() child process. Crashing instead. Set a breakpoint on objc_initializeAfterForkError to debug.
objc[11995]: +[NSCheapMutableString initialize] may have been in progress in another thread when fork() was called.
objc[11995]: +[NSCheapMutableString initialize] may have been in progress in another thread when fork() was called. We cannot safely call it or ignore it in the fork() child process. Crashing instead. Set a breakpoint on objc_initializeAfterForkError to debug.
objc[11996]: +[NSCheapMutableString initialize] may have been in progress in another thread when fork() was called.
objc[11996]: +[NSCheapMutableString initialize] may have been in progress in another thread when fork() was called. We cannot safely call it or ignore it in the fork() child process. Crashing instead. Set a breakpoint on objc_initializeAfterForkError to debug.
objc[11997]: +[NSCheapMutableString initialize] may have been in progress in another thread when fork() was called.
objc[11997]: +[NSCheapMutableString initialize] may have been in progress in another thread when fork() was called. We cannot safely call it or ignore it in the fork() child process. Crashing instead. Set a breakpoint on objc_initializeAfterForkError to debug.
objc[11998]: +[NSCheapMutableString initialize] may have been in progress in another thread when fork() was called.
objc[11998]: +[NSCheapMutableString initialize] may have been in progress in another thread when fork() was called. We cannot safely call it or ignore it in the fork() child process. Crashing instead. Set a breakpoint on objc_initializeAfterForkError to debug.
objc[12000]: +[NSCheapMutableString initialize] may have been in progress in another thread when fork() was called.
objc[12000]: +[NSCheapMutableString initialize] may have been in progress in another thread when fork() was called. We cannot safely call it or ignore it in the fork() child process. Crashing instead. Set a breakpoint on objc_initializeAfterForkError to debug.
objc[12009]: +[NSCheapMutableString initialize] may have been in progress in another thread when fork() was called.
objc[12009]: +[NSCheapMutableString initialize] may have been in progress in another thread when fork() was called. We cannot safely call it or ignore it in the fork() child process. Crashing instead. Set a breakpoint on objc_initializeAfterForkError to debug.
objc[12017]: +[NSCheapMutableString initialize] may have been in progress in another thread when fork() was called.
objc[12017]: +[NSCheapMutableString initialize] may have been in progress in another thread when fork() was called. We cannot safely call it or ignore it in the fork() child process. Crashing instead. Set a breakpoint on objc_initializeAfterForkError to debug.
objc[12016]: +[NSCheapMutableString initialize] may have been in progress in another thread when fork() was called.
objc[12016]: +[NSCheapMutableString initialize] may have been in progress in another thread when fork() was called. We cannot safely call it or ignore it in the fork() child process. Crashing instead. Set a breakpoint on objc_initializeAfterForkError to debug.
objc[12018]: +[NSCheapMutableString initialize] may have been in progress in another thread when fork() was called.
objc[12018]: +[NSCheapMutableString initialize] may have been in progress in another thread when fork() was called. We cannot safely call it or ignore it in the fork() child process. Crashing instead. Set a breakpoint on objc_initializeAfterForkError to debug.
objc[12020]: +[NSCheapMutableString initialize] may have been in progress in another thread when fork() was called.
objc[12020]: +[NSCheapMutableString initialize] may have been in progress in another thread when fork() was called. We cannot safely call it or ignore it in the fork() child process. Crashing instead. Set a breakpoint on objc_initializeAfterForkError to debug.
objc[12027]: +[NSCheapMutableString initialize] may have been in progress in another thread when fork() was called.
objc[12027]: +[NSCheapMutableString initialize] may have been in progress in another thread when fork() was called. We cannot safely call it or ignore it in the fork() child process. Crashing instead. Set a breakpoint on objc_initializeAfterForkError to debug.
objc[12028]: +[NSCheapMutableString initialize] may have been in progress in another thread when fork() was called.
objc[12028]: +[NSCheapMutableString initialize] may have been in progress in another thread when fork() was called. We cannot safely call it or ignore it in the fork() child process. Crashing instead. Set a breakpoint on objc_initializeAfterForkError to debug.
objc[12029]: +[NSCheapMutableString initialize] may have been in progress in another thread when fork() was called.
objc[12029]: +[NSCheapMutableString initialize] may have been in progress in another thread when fork() was called. We cannot safely call it or ignore it in the fork() child process. Crashing instead. Set a breakpoint on objc_initializeAfterForkError to debug.
objc[12031]: +[NSCheapMutableString initialize] may have been in progress in another thread when fork() was called.
objc[12031]: +[NSCheapMutableString initialize] may have been in progress in another thread when fork() was called. We cannot safely call it or ignore it in the fork() child process. Crashing instead. Set a breakpoint on objc_initializeAfterForkError to debug.
objc[12047]: +[NSCheapMutableString initialize] may have been in progress in another thread when fork() was called.
objc[12047]: +[NSCheapMutableString initialize] may have been in progress in another thread when fork() was called. We cannot safely call it or ignore it in the fork() child process. Crashing instead. Set a breakpoint on objc_initializeAfterForkError to debug.
objc[12048]: +[NSCheapMutableString initialize] may have been in progress in another thread when fork() was called.
objc[12048]: +[NSCheapMutableString initialize] may have been in progress in another thread when fork() was called. We cannot safely call it or ignore it in the fork() child process. Crashing instead. Set a breakpoint on objc_initializeAfterForkError to debug.
