/opt/anaconda3/lib/python3.12/site-packages/geppy/__init__.py:26: UserWarning: pkg_resources is deprecated as an API. See https://setuptools.pypa.io/en/latest/pkg_resources.html. The pkg_resources package is slated for removal as early as 2025-11-30. Refrain from using this package or pin to Setuptools<81.
  from pkg_resources import get_distribution, DistributionNotFound
hff library OK (test fitness: (0.1415394733244273,))
registry: ['circle_area', 'gravity', 'coulomb', 'pendulum', 'keplers3', 'ideal_gas', 'I_6_2a', 'I_6_2', 'I_6_2b', 'I_8_14', 'I_9_18', 'I_10_7', 'I_11_19', 'I_12_1', 'I_12_2', 'I_12_4', 'I_12_5', 'I_12_11', 'I_13_4', 'I_13_12', 'I_14_3', 'I_14_4', 'I_15_3x', 'I_15_3t', 'I_15_1', 'I_16_6', 'I_18_4', 'I_18_12', 'I_18_14', 'I_24_6', 'I_25_13', 'I_26_2', 'I_27_6', 'I_29_4', 'I_29_16', 'I_30_3', 'I_30_5', 'I_32_5', 'I_32_17', 'I_34_8', 'I_34_1', 'I_34_14', 'I_34_27', 'I_37_4', 'I_38_12', 'I_39_1', 'I_39_11', 'I_39_22', 'I_40_1', 'I_41_16', 'I_43_16', 'I_43_31', 'I_43_43', 'I_44_4', 'I_47_23', 'I_48_2', 'I_50_26', 'II_2_42', 'II_3_24', 'II_4_23', 'II_6_11', 'II_6_15a', 'II_6_15b', 'II_8_7', 'II_8_31', 'II_10_9', 'II_11_3', 'II_11_17', 'II_11_20', 'II_11_27', 'II_11_28', 'II_13_17', 'II_13_23', 'II_13_34', 'II_15_4', 'II_15_5', 'II_21_32', 'II_24_17', 'II_27_16', 'II_27_18', 'II_34_2a', 'II_34_2', 'II_34_11', 'II_34_29a', 'II_34_29b', 'II_35_18', 'II_35_21', 'II_36_38', 'II_37_1', 'II_38_3', 'II_38_14', 'III_4_32', 'III_4_33', 'III_7_38', 'III_8_54', 'III_9_52', 'III_10_19', 'III_12_43', 'III_13_18', 'III_14_14', 'III_15_12', 'III_15_14', 'III_15_27', 'III_17_37', 'III_19_51', 'III_21_20', 'test_1', 'test_2', 'test_3', 'test_4', 'test_5', 'test_6', 'test_7', 'test_8', 'test_9', 'test_10', 'test_11', 'test_12', 'test_13', 'test_14', 'test_15', 'test_16', 'test_17', 'test_18', 'test_19', 'test_20']
[feynman override] head_length=48 (keep n_genes=3, avgval linker)
Selected problem: I_14_3
  Description : Feynman I-III I.14.3: U = m*g*z
  Variables   : ['m', 'g', 'z']
  Train range : {'m': (1.0, 5.0), 'g': (1.0, 5.0), 'z': (1.0, 5.0)}
  Extrap range: {'m': (1.0, 7.5), 'g': (1.0, 7.5), 'z': (1.0, 7.5)}
  Truth       : m*g*z
  ✓ cache hit  (data/equations/I_14_3, key=8a1f90d1a09f3679)
  train           (800, 4)  target range=[1.665, 103.6]
  val             (200, 4)  target range=[2.599, 97.39]
  holdout         (200, 4)  target range=[2.309, 96.07]
  extrapolation   (200, 4)  target range=[4.279, 295.7]
  saved figure → data/figures/I_14_3/eda_pairplot.png
Wide primitive set enabled: sin, cos, exp, log added.
[E22 rules] variable pattern tags: {'no_pattern'}
[E22/23 rules] static candidate count: 1
  [sum_sq_all/sum_sq] a=1.4384 b=-1.7630e+01 1-R²_va=1.5694e-01
[fuller] gene operators ACTIVE (denoise=0.2 physics=0.2 snap=1.0 concretize=0.05)
Wrapper scope: per_island  (island → wrapper map: ['identity', 'identity'])
Genes: head_length=48, n_genes=3, rnc_array_length=10
Population size: 25, tournament: 3, elites: 2, generations: 400, migration FREQ: 30
  pump per-island sizes: intake=500 (tournsize=40), champion=250 (tournsize=25)
Initialising evolution at 2026-09-19 01:52:15.447189
objc[11029]: +[NSCheapMutableString initialize] may have been in progress in another thread when fork() was called.
objc[11029]: +[NSCheapMutableString initialize] may have been in progress in another thread when fork() was called. We cannot safely call it or ignore it in the fork() child process. Crashing instead. Set a breakpoint on objc_initializeAfterForkError to debug.
objc[11032]: +[NSCheapMutableString initialize] may have been in progress in another thread when fork() was called.
objc[11032]: +[NSCheapMutableString initialize] may have been in progress in another thread when fork() was called. We cannot safely call it or ignore it in the fork() child process. Crashing instead. Set a breakpoint on objc_initializeAfterForkError to debug.
objc[11034]: +[NSCheapMutableString initialize] may have been in progress in another thread when fork() was called.
objc[11034]: +[NSCheapMutableString initialize] may have been in progress in another thread when fork() was called. We cannot safely call it or ignore it in the fork() child process. Crashing instead. Set a breakpoint on objc_initializeAfterForkError to debug.
objc[11036]: +[NSCheapMutableString initialize] may have been in progress in another thread when fork() was called.
objc[11036]: +[NSCheapMutableString initialize] may have been in progress in another thread when fork() was called. We cannot safely call it or ignore it in the fork() child process. Crashing instead. Set a breakpoint on objc_initializeAfterForkError to debug.
objc[11037]: +[NSCheapMutableString initialize] may have been in progress in another thread when fork() was called.
objc[11037]: +[NSCheapMutableString initialize] may have been in progress in another thread when fork() was called. We cannot safely call it or ignore it in the fork() child process. Crashing instead. Set a breakpoint on objc_initializeAfterForkError to debug.
objc[11039]: +[NSCheapMutableString initialize] may have been in progress in another thread when fork() was called.
objc[11039]: +[NSCheapMutableString initialize] may have been in progress in another thread when fork() was called. We cannot safely call it or ignore it in the fork() child process. Crashing instead. Set a breakpoint on objc_initializeAfterForkError to debug.
objc[11041]: +[NSCheapMutableString initialize] may have been in progress in another thread when fork() was called.
objc[11041]: +[NSCheapMutableString initialize] may have been in progress in another thread when fork() was called. We cannot safely call it or ignore it in the fork() child process. Crashing instead. Set a breakpoint on objc_initializeAfterForkError to debug.
objc[11044]: +[NSCheapMutableString initialize] may have been in progress in another thread when fork() was called.
objc[11044]: +[NSCheapMutableString initialize] may have been in progress in another thread when fork() was called. We cannot safely call it or ignore it in the fork() child process. Crashing instead. Set a breakpoint on objc_initializeAfterForkError to debug.
objc[11047]: +[NSCheapMutableString initialize] may have been in progress in another thread when fork() was called.
objc[11047]: +[NSCheapMutableString initialize] may have been in progress in another thread when fork() was called. We cannot safely call it or ignore it in the fork() child process. Crashing instead. Set a breakpoint on objc_initializeAfterForkError to debug.
objc[11051]: +[NSCheapMutableString initialize] may have been in progress in another thread when fork() was called.
objc[11051]: +[NSCheapMutableString initialize] may have been in progress in another thread when fork() was called. We cannot safely call it or ignore it in the fork() child process. Crashing instead. Set a breakpoint on objc_initializeAfterForkError to debug.
objc[11049]: +[NSCheapMutableString initialize] may have been in progress in another thread when fork() was called.
objc[11049]: +[NSCheapMutableString initialize] may have been in progress in another thread when fork() was called. We cannot safely call it or ignore it in the fork() child process. Crashing instead. Set a breakpoint on objc_initializeAfterForkError to debug.
objc[11053]: +[NSCheapMutableString initialize] may have been in progress in another thread when fork() was called.
objc[11053]: +[NSCheapMutableString initialize] may have been in progress in another thread when fork() was called. We cannot safely call it or ignore it in the fork() child process. Crashing instead. Set a breakpoint on objc_initializeAfterForkError to debug.
objc[11054]: +[NSCheapMutableString initialize] may have been in progress in another thread when fork() was called.
objc[11054]: +[NSCheapMutableString initialize] may have been in progress in another thread when fork() was called. We cannot safely call it or ignore it in the fork() child process. Crashing instead. Set a breakpoint on objc_initializeAfterForkError to debug.
objc[11026]: +[NSCheapMutableString initialize] may have been in progress in another thread when fork() was called.
objc[11026]: +[NSCheapMutableString initialize] may have been in progress in another thread when fork() was called. We cannot safely call it or ignore it in the fork() child process. Crashing instead. Set a breakpoint on objc_initializeAfterForkError to debug.
objc[11119]: +[NSCheapMutableString initialize] may have been in progress in another thread when fork() was called.
objc[11119]: +[NSCheapMutableString initialize] may have been in progress in another thread when fork() was called. We cannot safely call it or ignore it in the fork() child process. Crashing instead. Set a breakpoint on objc_initializeAfterForkError to debug.
objc[11128]: +[NSCheapMutableString initialize] may have been in progress in another thread when fork() was called.
objc[11128]: +[NSCheapMutableString initialize] may have been in progress in another thread when fork() was called. We cannot safely call it or ignore it in the fork() child process. Crashing instead. Set a breakpoint on objc_initializeAfterForkError to debug.
objc[11137]: +[NSCheapMutableString initialize] may have been in progress in another thread when fork() was called.
objc[11137]: +[NSCheapMutableString initialize] may have been in progress in another thread when fork() was called. We cannot safely call it or ignore it in the fork() child process. Crashing instead. Set a breakpoint on objc_initializeAfterForkError to debug.
objc[11146]: +[NSCheapMutableString initialize] may have been in progress in another thread when fork() was called.
objc[11146]: +[NSCheapMutableString initialize] may have been in progress in another thread when fork() was called. We cannot safely call it or ignore it in the fork() child process. Crashing instead. Set a breakpoint on objc_initializeAfterForkError to debug.
objc[11139]: +[NSCheapMutableString initialize] may have been in progress in another thread when fork() was called.
objc[11139]: +[NSCheapMutableString initialize] may have been in progress in another thread when fork() was called. We cannot safely call it or ignore it in the fork() child process. Crashing instead. Set a breakpoint on objc_initializeAfterForkError to debug.
objc[11147]: +[NSCheapMutableString initialize] may have been in progress in another thread when fork() was called.
objc[11147]: +[NSCheapMutableString initialize] may have been in progress in another thread when fork() was called. We cannot safely call it or ignore it in the fork() child process. Crashing instead. Set a breakpoint on objc_initializeAfterForkError to debug.
objc[11149]: +[NSCheapMutableString initialize] may have been in progress in another thread when fork() was called.
objc[11149]: +[NSCheapMutableString initialize] may have been in progress in another thread when fork() was called. We cannot safely call it or ignore it in the fork() child process. Crashing instead. Set a breakpoint on objc_initializeAfterForkError to debug.
objc[11154]: +[NSCheapMutableString initialize] may have been in progress in another thread when fork() was called.
objc[11154]: +[NSCheapMutableString initialize] may have been in progress in another thread when fork() was called. We cannot safely call it or ignore it in the fork() child process. Crashing instead. Set a breakpoint on objc_initializeAfterForkError to debug.
objc[11155]: +[NSCheapMutableString initialize] may have been in progress in another thread when fork() was called.
objc[11155]: +[NSCheapMutableString initialize] may have been in progress in another thread when fork() was called. We cannot safely call it or ignore it in the fork() child process. Crashing instead. Set a breakpoint on objc_initializeAfterForkError to debug.
objc[11178]: +[NSCheapMutableString initialize] may have been in progress in another thread when fork() was called.
objc[11178]: +[NSCheapMutableString initialize] may have been in progress in another thread when fork() was called. We cannot safely call it or ignore it in the fork() child process. Crashing instead. Set a breakpoint on objc_initializeAfterForkError to debug.
objc[11179]: +[NSCheapMutableString initialize] may have been in progress in another thread when fork() was called.
objc[11179]: +[NSCheapMutableString initialize] may have been in progress in another thread when fork() was called. We cannot safely call it or ignore it in the fork() child process. Crashing instead. Set a breakpoint on objc_initializeAfterForkError to debug.
objc[11182]: +[NSCheapMutableString initialize] may have been in progress in another thread when fork() was called.
objc[11182]: +[NSCheapMutableString initialize] may have been in progress in another thread when fork() was called. We cannot safely call it or ignore it in the fork() child process. Crashing instead. Set a breakpoint on objc_initializeAfterForkError to debug.
objc[11181]: +[NSCheapMutableString initialize] may have been in progress in another thread when fork() was called.
objc[11181]: +[NSCheapMutableString initialize] may have been in progress in another thread when fork() was called. We cannot safely call it or ignore it in the fork() child process. Crashing instead. Set a breakpoint on objc_initializeAfterForkError to debug.
objc[11188]: +[NSCheapMutableString initialize] may have been in progress in another thread when fork() was called.
objc[11188]: +[NSCheapMutableString initialize] may have been in progress in another thread when fork() was called. We cannot safely call it or ignore it in the fork() child process. Crashing instead. Set a breakpoint on objc_initializeAfterForkError to debug.
objc[11206]: +[NSCheapMutableString initialize] may have been in progress in another thread when fork() was called.
objc[11206]: +[NSCheapMutableString initialize] may have been in progress in another thread when fork() was called. We cannot safely call it or ignore it in the fork() child process. Crashing instead. Set a breakpoint on objc_initializeAfterForkError to debug.
objc[11210]: +[NSCheapMutableString initialize] may have been in progress in another thread when fork() was called.
objc[11210]: +[NSCheapMutableString initialize] may have been in progress in another thread when fork() was called. We cannot safely call it or ignore it in the fork() child process. Crashing instead. Set a breakpoint on objc_initializeAfterForkError to debug.
objc[11227]: +[NSCheapMutableString initialize] may have been in progress in another thread when fork() was called.
objc[11227]: +[NSCheapMutableString initialize] may have been in progress in another thread when fork() was called. We cannot safely call it or ignore it in the fork() child process. Crashing instead. Set a breakpoint on objc_initializeAfterForkError to debug.
objc[11232]: +[NSCheapMutableString initialize] may have been in progress in another thread when fork() was called.
objc[11232]: +[NSCheapMutableString initialize] may have been in progress in another thread when fork() was called. We cannot safely call it or ignore it in the fork() child process. Crashing instead. Set a breakpoint on objc_initializeAfterForkError to debug.
objc[11234]: +[NSCheapMutableString initialize] may have been in progress in another thread when fork() was called.
objc[11234]: +[NSCheapMutableString initialize] may have been in progress in another thread when fork() was called. We cannot safely call it or ignore it in the fork() child process. Crashing instead. Set a breakpoint on objc_initializeAfterForkError to debug.
objc[11240]: +[NSCheapMutableString initialize] may have been in progress in another thread when fork() was called.
objc[11240]: +[NSCheapMutableString initialize] may have been in progress in another thread when fork() was called. We cannot safely call it or ignore it in the fork() child process. Crashing instead. Set a breakpoint on objc_initializeAfterForkError to debug.
objc[11241]: +[NSCheapMutableString initialize] may have been in progress in another thread when fork() was called.
objc[11241]: +[NSCheapMutableString initialize] may have been in progress in another thread when fork() was called. We cannot safely call it or ignore it in the fork() child process. Crashing instead. Set a breakpoint on objc_initializeAfterForkError to debug.
objc[11255]: +[NSCheapMutableString initialize] may have been in progress in another thread when fork() was called.
objc[11255]: +[NSCheapMutableString initialize] may have been in progress in another thread when fork() was called. We cannot safely call it or ignore it in the fork() child process. Crashing instead. Set a breakpoint on objc_initializeAfterForkError to debug.
objc[11258]: +[NSCheapMutableString initialize] may have been in progress in another thread when fork() was called.
objc[11258]: +[NSCheapMutableString initialize] may have been in progress in another thread when fork() was called. We cannot safely call it or ignore it in the fork() child process. Crashing instead. Set a breakpoint on objc_initializeAfterForkError to debug.
objc[11261]: +[NSCheapMutableString initialize] may have been in progress in another thread when fork() was called.
objc[11261]: +[NSCheapMutableString initialize] may have been in progress in another thread when fork() was called. We cannot safely call it or ignore it in the fork() child process. Crashing instead. Set a breakpoint on objc_initializeAfterForkError to debug.
objc[11262]: +[NSCheapMutableString initialize] may have been in progress in another thread when fork() was called.
objc[11262]: +[NSCheapMutableString initialize] may have been in progress in another thread when fork() was called. We cannot safely call it or ignore it in the fork() child process. Crashing instead. Set a breakpoint on objc_initializeAfterForkError to debug.
objc[11268]: +[NSCheapMutableString initialize] may have been in progress in another thread when fork() was called.
objc[11268]: +[NSCheapMutableString initialize] may have been in progress in another thread when fork() was called. We cannot safely call it or ignore it in the fork() child process. Crashing instead. Set a breakpoint on objc_initializeAfterForkError to debug.
objc[11272]: +[NSCheapMutableString initialize] may have been in progress in another thread when fork() was called.
objc[11272]: +[NSCheapMutableString initialize] may have been in progress in another thread when fork() was called. We cannot safely call it or ignore it in the fork() child process. Crashing instead. Set a breakpoint on objc_initializeAfterForkError to debug.
objc[11274]: +[NSCheapMutableString initialize] may have been in progress in another thread when fork() was called.
objc[11274]: +[NSCheapMutableString initialize] may have been in progress in another thread when fork() was called. We cannot safely call it or ignore it in the fork() child process. Crashing instead. Set a breakpoint on objc_initializeAfterForkError to debug.
objc[11275]: +[NSCheapMutableString initialize] may have been in progress in another thread when fork() was called.
objc[11275]: +[NSCheapMutableString initialize] may have been in progress in another thread when fork() was called. We cannot safely call it or ignore it in the fork() child process. Crashing instead. Set a breakpoint on objc_initializeAfterForkError to debug.
objc[11277]: +[NSCheapMutableString initialize] may have been in progress in another thread when fork() was called.
objc[11277]: +[NSCheapMutableString initialize] may have been in progress in another thread when fork() was called. We cannot safely call it or ignore it in the fork() child process. Crashing instead. Set a breakpoint on objc_initializeAfterForkError to debug.
objc[11281]: +[NSCheapMutableString initialize] may have been in progress in another thread when fork() was called.
objc[11281]: +[NSCheapMutableString initialize] may have been in progress in another thread when fork() was called. We cannot safely call it or ignore it in the fork() child process. Crashing instead. Set a breakpoint on objc_initializeAfterForkError to debug.
objc[11282]: +[NSCheapMutableString initialize] may have been in progress in another thread when fork() was called.
objc[11282]: +[NSCheapMutableString initialize] may have been in progress in another thread when fork() was called. We cannot safely call it or ignore it in the fork() child process. Crashing instead. Set a breakpoint on objc_initializeAfterForkError to debug.
objc[11283]: +[NSCheapMutableString initialize] may have been in progress in another thread when fork() was called.
objc[11283]: +[NSCheapMutableString initialize] may have been in progress in another thread when fork() was called. We cannot safely call it or ignore it in the fork() child process. Crashing instead. Set a breakpoint on objc_initializeAfterForkError to debug.
objc[11284]: +[NSCheapMutableString initialize] may have been in progress in another thread when fork() was called.
objc[11284]: +[NSCheapMutableString initialize] may have been in progress in another thread when fork() was called. We cannot safely call it or ignore it in the fork() child process. Crashing instead. Set a breakpoint on objc_initializeAfterForkError to debug.
objc[11285]: +[NSCheapMutableString initialize] may have been in progress in another thread when fork() was called.
objc[11285]: +[NSCheapMutableString initialize] may have been in progress in another thread when fork() was called. We cannot safely call it or ignore it in the fork() child process. Crashing instead. Set a breakpoint on objc_initializeAfterForkError to debug.
objc[11288]: +[NSCheapMutableString initialize] may have been in progress in another thread when fork() was called.
objc[11288]: +[NSCheapMutableString initialize] may have been in progress in another thread when fork() was called. We cannot safely call it or ignore it in the fork() child process. Crashing instead. Set a breakpoint on objc_initializeAfterForkError to debug.
objc[11293]: +[NSCheapMutableString initialize] may have been in progress in another thread when fork() was called.
objc[11293]: +[NSCheapMutableString initialize] may have been in progress in another thread when fork() was called. We cannot safely call it or ignore it in the fork() child process. Crashing instead. Set a breakpoint on objc_initializeAfterForkError to debug.
objc[11298]: +[NSCheapMutableString initialize] may have been in progress in another thread when fork() was called.
objc[11298]: +[NSCheapMutableString initialize] may have been in progress in another thread when fork() was called. We cannot safely call it or ignore it in the fork() child process. Crashing instead. Set a breakpoint on objc_initializeAfterForkError to debug.
objc[11300]: +[NSCheapMutableString initialize] may have been in progress in another thread when fork() was called.
objc[11300]: +[NSCheapMutableString initialize] may have been in progress in another thread when fork() was called. We cannot safely call it or ignore it in the fork() child process. Crashing instead. Set a breakpoint on objc_initializeAfterForkError to debug.
objc[11307]: +[NSCheapMutableString initialize] may have been in progress in another thread when fork() was called.
objc[11307]: +[NSCheapMutableString initialize] may have been in progress in another thread when fork() was called. We cannot safely call it or ignore it in the fork() child process. Crashing instead. Set a breakpoint on objc_initializeAfterForkError to debug.
objc[11314]: +[NSCheapMutableString initialize] may have been in progress in another thread when fork() was called.
objc[11314]: +[NSCheapMutableString initialize] may have been in progress in another thread when fork() was called. We cannot safely call it or ignore it in the fork() child process. Crashing instead. Set a breakpoint on objc_initializeAfterForkError to debug.
objc[11315]: +[NSCheapMutableString initialize] may have been in progress in another thread when fork() was called.
objc[11315]: +[NSCheapMutableString initialize] may have been in progress in another thread when fork() was called. We cannot safely call it or ignore it in the fork() child process. Crashing instead. Set a breakpoint on objc_initializeAfterForkError to debug.
