/opt/anaconda3/lib/python3.12/site-packages/geppy/__init__.py:26: UserWarning: pkg_resources is deprecated as an API. See https://setuptools.pypa.io/en/latest/pkg_resources.html. The pkg_resources package is slated for removal as early as 2025-11-30. Refrain from using this package or pin to Setuptools<81.
  from pkg_resources import get_distribution, DistributionNotFound
hff library OK (test fitness: (0.1415394733244273,))
registry: ['circle_area', 'gravity', 'coulomb', 'pendulum', 'keplers3', 'ideal_gas', 'I_6_2a', 'I_6_2', 'I_6_2b', 'I_8_14', 'I_9_18', 'I_10_7', 'I_11_19', 'I_12_1', 'I_12_2', 'I_12_4', 'I_12_5', 'I_12_11', 'I_13_4', 'I_13_12', 'I_14_3', 'I_14_4', 'I_15_3x', 'I_15_3t', 'I_15_1', 'I_16_6', 'I_18_4', 'I_18_12', 'I_18_14', 'I_24_6', 'I_25_13', 'I_26_2', 'I_27_6', 'I_29_4', 'I_29_16', 'I_30_3', 'I_30_5', 'I_32_5', 'I_32_17', 'I_34_8', 'I_34_1', 'I_34_14', 'I_34_27', 'I_37_4', 'I_38_12', 'I_39_1', 'I_39_11', 'I_39_22', 'I_40_1', 'I_41_16', 'I_43_16', 'I_43_31', 'I_43_43', 'I_44_4', 'I_47_23', 'I_48_2', 'I_50_26', 'II_2_42', 'II_3_24', 'II_4_23', 'II_6_11', 'II_6_15a', 'II_6_15b', 'II_8_7', 'II_8_31', 'II_10_9', 'II_11_3', 'II_11_17', 'II_11_20', 'II_11_27', 'II_11_28', 'II_13_17', 'II_13_23', 'II_13_34', 'II_15_4', 'II_15_5', 'II_21_32', 'II_24_17', 'II_27_16', 'II_27_18', 'II_34_2a', 'II_34_2', 'II_34_11', 'II_34_29a', 'II_34_29b', 'II_35_18', 'II_35_21', 'II_36_38', 'II_37_1', 'II_38_3', 'II_38_14', 'III_4_32', 'III_4_33', 'III_7_38', 'III_8_54', 'III_9_52', 'III_10_19', 'III_12_43', 'III_13_18', 'III_14_14', 'III_15_12', 'III_15_14', 'III_15_27', 'III_17_37', 'III_19_51', 'III_21_20', 'test_1', 'test_2', 'test_3', 'test_4', 'test_5', 'test_6', 'test_7', 'test_8', 'test_9', 'test_10', 'test_11', 'test_12', 'test_13', 'test_14', 'test_15', 'test_16', 'test_17', 'test_18', 'test_19', 'test_20']
[feynman override] head_length=48 (keep n_genes=3, avgval linker)
Selected problem: I_14_4
  Description : Feynman I-III I.14.4: U = 1/2*k_spring*x**2
  Variables   : ['k_spring', 'x']
  Train range : {'k_spring': (1.0, 5.0), 'x': (1.0, 5.0)}
  Extrap range: {'k_spring': (1.0, 7.5), 'x': (1.0, 7.5)}
  Truth       : 1/2*k_spring*x**2
  ✓ cache hit  (data/equations/I_14_4, key=0798cb9061b9b618)
  train           (800, 3)  target range=[0.6414, 55.44]
  val             (200, 3)  target range=[0.8347, 51.87]
  holdout         (200, 3)  target range=[0.6474, 60.28]
  extrapolation   (200, 3)  target range=[0.9786, 171.6]
  saved figure → data/figures/I_14_4/eda_pairplot.png
Wide primitive set enabled: sin, cos, exp, log added.
[E22 rules] variable pattern tags: {'no_pattern'}
[E22/23 rules] static candidate count: 1
  [sum_sq_all/sum_sq] a=1.1685 b=-8.7475e+00 1-R²_va=2.3459e-01
[fuller] gene operators ACTIVE (denoise=0.2 physics=0.2 snap=1.0 concretize=0.05)
Wrapper scope: per_island  (island → wrapper map: ['identity', 'identity'])
Genes: head_length=48, n_genes=3, rnc_array_length=10
Population size: 25, tournament: 3, elites: 2, generations: 400, migration FREQ: 30
  pump per-island sizes: intake=500 (tournsize=40), champion=250 (tournsize=25)
Initialising evolution at 2026-09-19 01:52:15.163903
objc[10958]: +[NSCheapMutableString initialize] may have been in progress in another thread when fork() was called.
objc[10958]: +[NSCheapMutableString initialize] may have been in progress in another thread when fork() was called. We cannot safely call it or ignore it in the fork() child process. Crashing instead. Set a breakpoint on objc_initializeAfterForkError to debug.
objc[10961]: +[NSCheapMutableString initialize] may have been in progress in another thread when fork() was called.
objc[10961]: +[NSCheapMutableString initialize] may have been in progress in another thread when fork() was called. We cannot safely call it or ignore it in the fork() child process. Crashing instead. Set a breakpoint on objc_initializeAfterForkError to debug.
objc[10962]: +[NSCheapMutableString initialize] may have been in progress in another thread when fork() was called.
objc[10962]: +[NSCheapMutableString initialize] may have been in progress in another thread when fork() was called. We cannot safely call it or ignore it in the fork() child process. Crashing instead. Set a breakpoint on objc_initializeAfterForkError to debug.
objc[10963]: +[NSCheapMutableString initialize] may have been in progress in another thread when fork() was called.
objc[10963]: +[NSCheapMutableString initialize] may have been in progress in another thread when fork() was called. We cannot safely call it or ignore it in the fork() child process. Crashing instead. Set a breakpoint on objc_initializeAfterForkError to debug.
objc[10964]: +[NSCheapMutableString initialize] may have been in progress in another thread when fork() was called.
objc[10964]: +[NSCheapMutableString initialize] may have been in progress in another thread when fork() was called. We cannot safely call it or ignore it in the fork() child process. Crashing instead. Set a breakpoint on objc_initializeAfterForkError to debug.
objc[10965]: +[NSCheapMutableString initialize] may have been in progress in another thread when fork() was called.
objc[10965]: +[NSCheapMutableString initialize] may have been in progress in another thread when fork() was called. We cannot safely call it or ignore it in the fork() child process. Crashing instead. Set a breakpoint on objc_initializeAfterForkError to debug.
objc[10968]: +[NSCheapMutableString initialize] may have been in progress in another thread when fork() was called.
objc[10968]: +[NSCheapMutableString initialize] may have been in progress in another thread when fork() was called. We cannot safely call it or ignore it in the fork() child process. Crashing instead. Set a breakpoint on objc_initializeAfterForkError to debug.
objc[10971]: +[NSCheapMutableString initialize] may have been in progress in another thread when fork() was called.
objc[10971]: +[NSCheapMutableString initialize] may have been in progress in another thread when fork() was called. We cannot safely call it or ignore it in the fork() child process. Crashing instead. Set a breakpoint on objc_initializeAfterForkError to debug.
objc[10974]: +[NSCheapMutableString initialize] may have been in progress in another thread when fork() was called.
objc[10974]: +[NSCheapMutableString initialize] may have been in progress in another thread when fork() was called. We cannot safely call it or ignore it in the fork() child process. Crashing instead. Set a breakpoint on objc_initializeAfterForkError to debug.
objc[10977]: +[NSCheapMutableString initialize] may have been in progress in another thread when fork() was called.
objc[10977]: +[NSCheapMutableString initialize] may have been in progress in another thread when fork() was called. We cannot safely call it or ignore it in the fork() child process. Crashing instead. Set a breakpoint on objc_initializeAfterForkError to debug.
objc[10980]: +[NSCheapMutableString initialize] may have been in progress in another thread when fork() was called.
objc[10980]: +[NSCheapMutableString initialize] may have been in progress in another thread when fork() was called. We cannot safely call it or ignore it in the fork() child process. Crashing instead. Set a breakpoint on objc_initializeAfterForkError to debug.
objc[10983]: +[NSCheapMutableString initialize] may have been in progress in another thread when fork() was called.
objc[10983]: +[NSCheapMutableString initialize] may have been in progress in another thread when fork() was called. We cannot safely call it or ignore it in the fork() child process. Crashing instead. Set a breakpoint on objc_initializeAfterForkError to debug.
objc[10986]: +[NSCheapMutableString initialize] may have been in progress in another thread when fork() was called.
objc[10986]: +[NSCheapMutableString initialize] may have been in progress in another thread when fork() was called. We cannot safely call it or ignore it in the fork() child process. Crashing instead. Set a breakpoint on objc_initializeAfterForkError to debug.
objc[10957]: +[NSCheapMutableString initialize] may have been in progress in another thread when fork() was called.
objc[10957]: +[NSCheapMutableString initialize] may have been in progress in another thread when fork() was called. We cannot safely call it or ignore it in the fork() child process. Crashing instead. Set a breakpoint on objc_initializeAfterForkError to debug.
objc[11001]: +[NSCheapMutableString initialize] may have been in progress in another thread when fork() was called.
objc[11001]: +[NSCheapMutableString initialize] may have been in progress in another thread when fork() was called. We cannot safely call it or ignore it in the fork() child process. Crashing instead. Set a breakpoint on objc_initializeAfterForkError to debug.
objc[11002]: +[NSCheapMutableString initialize] may have been in progress in another thread when fork() was called.
objc[11002]: +[NSCheapMutableString initialize] may have been in progress in another thread when fork() was called. We cannot safely call it or ignore it in the fork() child process. Crashing instead. Set a breakpoint on objc_initializeAfterForkError to debug.
objc[11004]: +[NSCheapMutableString initialize] may have been in progress in another thread when fork() was called.
objc[11004]: +[NSCheapMutableString initialize] may have been in progress in another thread when fork() was called. We cannot safely call it or ignore it in the fork() child process. Crashing instead. Set a breakpoint on objc_initializeAfterForkError to debug.
objc[11005]: +[NSCheapMutableString initialize] may have been in progress in another thread when fork() was called.
objc[11005]: +[NSCheapMutableString initialize] may have been in progress in another thread when fork() was called. We cannot safely call it or ignore it in the fork() child process. Crashing instead. Set a breakpoint on objc_initializeAfterForkError to debug.
objc[11010]: +[NSCheapMutableString initialize] may have been in progress in another thread when fork() was called.
objc[11010]: +[NSCheapMutableString initialize] may have been in progress in another thread when fork() was called. We cannot safely call it or ignore it in the fork() child process. Crashing instead. Set a breakpoint on objc_initializeAfterForkError to debug.
objc[11013]: +[NSCheapMutableString initialize] may have been in progress in another thread when fork() was called.
objc[11013]: +[NSCheapMutableString initialize] may have been in progress in another thread when fork() was called. We cannot safely call it or ignore it in the fork() child process. Crashing instead. Set a breakpoint on objc_initializeAfterForkError to debug.
objc[11014]: +[NSCheapMutableString initialize] may have been in progress in another thread when fork() was called.
objc[11014]: +[NSCheapMutableString initialize] may have been in progress in another thread when fork() was called. We cannot safely call it or ignore it in the fork() child process. Crashing instead. Set a breakpoint on objc_initializeAfterForkError to debug.
objc[11015]: +[NSCheapMutableString initialize] may have been in progress in another thread when fork() was called.
objc[11015]: +[NSCheapMutableString initialize] may have been in progress in another thread when fork() was called. We cannot safely call it or ignore it in the fork() child process. Crashing instead. Set a breakpoint on objc_initializeAfterForkError to debug.
objc[11016]: +[NSCheapMutableString initialize] may have been in progress in another thread when fork() was called.
objc[11016]: +[NSCheapMutableString initialize] may have been in progress in another thread when fork() was called. We cannot safely call it or ignore it in the fork() child process. Crashing instead. Set a breakpoint on objc_initializeAfterForkError to debug.
objc[11019]: +[NSCheapMutableString initialize] may have been in progress in another thread when fork() was called.
objc[11019]: +[NSCheapMutableString initialize] may have been in progress in another thread when fork() was called. We cannot safely call it or ignore it in the fork() child process. Crashing instead. Set a breakpoint on objc_initializeAfterForkError to debug.
objc[11018]: +[NSCheapMutableString initialize] may have been in progress in another thread when fork() was called.
objc[11018]: +[NSCheapMutableString initialize] may have been in progress in another thread when fork() was called. We cannot safely call it or ignore it in the fork() child process. Crashing instead. Set a breakpoint on objc_initializeAfterForkError to debug.
objc[11021]: +[NSCheapMutableString initialize] may have been in progress in another thread when fork() was called.
objc[11021]: +[NSCheapMutableString initialize] may have been in progress in another thread when fork() was called. We cannot safely call it or ignore it in the fork() child process. Crashing instead. Set a breakpoint on objc_initializeAfterForkError to debug.
objc[11043]: +[NSCheapMutableString initialize] may have been in progress in another thread when fork() was called.
objc[11043]: +[NSCheapMutableString initialize] may have been in progress in another thread when fork() was called. We cannot safely call it or ignore it in the fork() child process. Crashing instead. Set a breakpoint on objc_initializeAfterForkError to debug.
objc[11059]: +[NSCheapMutableString initialize] may have been in progress in another thread when fork() was called.
objc[11059]: +[NSCheapMutableString initialize] may have been in progress in another thread when fork() was called. We cannot safely call it or ignore it in the fork() child process. Crashing instead. Set a breakpoint on objc_initializeAfterForkError to debug.
objc[11062]: +[NSCheapMutableString initialize] may have been in progress in another thread when fork() was called.
objc[11062]: +[NSCheapMutableString initialize] may have been in progress in another thread when fork() was called. We cannot safely call it or ignore it in the fork() child process. Crashing instead. Set a breakpoint on objc_initializeAfterForkError to debug.
objc[11071]: +[NSCheapMutableString initialize] may have been in progress in another thread when fork() was called.
objc[11071]: +[NSCheapMutableString initialize] may have been in progress in another thread when fork() was called. We cannot safely call it or ignore it in the fork() child process. Crashing instead. Set a breakpoint on objc_initializeAfterForkError to debug.
objc[11072]: +[NSCheapMutableString initialize] may have been in progress in another thread when fork() was called.
objc[11072]: +[NSCheapMutableString initialize] may have been in progress in another thread when fork() was called. We cannot safely call it or ignore it in the fork() child process. Crashing instead. Set a breakpoint on objc_initializeAfterForkError to debug.
objc[11073]: +[NSCheapMutableString initialize] may have been in progress in another thread when fork() was called.
objc[11073]: +[NSCheapMutableString initialize] may have been in progress in another thread when fork() was called. We cannot safely call it or ignore it in the fork() child process. Crashing instead. Set a breakpoint on objc_initializeAfterForkError to debug.
objc[11074]: +[NSCheapMutableString initialize] may have been in progress in another thread when fork() was called.
objc[11074]: +[NSCheapMutableString initialize] may have been in progress in another thread when fork() was called. We cannot safely call it or ignore it in the fork() child process. Crashing instead. Set a breakpoint on objc_initializeAfterForkError to debug.
objc[11075]: +[NSCheapMutableString initialize] may have been in progress in another thread when fork() was called.
objc[11075]: +[NSCheapMutableString initialize] may have been in progress in another thread when fork() was called. We cannot safely call it or ignore it in the fork() child process. Crashing instead. Set a breakpoint on objc_initializeAfterForkError to debug.
objc[11076]: +[NSCheapMutableString initialize] may have been in progress in another thread when fork() was called.
objc[11076]: +[NSCheapMutableString initialize] may have been in progress in another thread when fork() was called. We cannot safely call it or ignore it in the fork() child process. Crashing instead. Set a breakpoint on objc_initializeAfterForkError to debug.
objc[11082]: +[NSCheapMutableString initialize] may have been in progress in another thread when fork() was called.
objc[11082]: +[NSCheapMutableString initialize] may have been in progress in another thread when fork() was called. We cannot safely call it or ignore it in the fork() child process. Crashing instead. Set a breakpoint on objc_initializeAfterForkError to debug.
objc[11090]: +[NSCheapMutableString initialize] may have been in progress in another thread when fork() was called.
objc[11090]: +[NSCheapMutableString initialize] may have been in progress in another thread when fork() was called. We cannot safely call it or ignore it in the fork() child process. Crashing instead. Set a breakpoint on objc_initializeAfterForkError to debug.
objc[11093]: +[NSCheapMutableString initialize] may have been in progress in another thread when fork() was called.
objc[11093]: +[NSCheapMutableString initialize] may have been in progress in another thread when fork() was called. We cannot safely call it or ignore it in the fork() child process. Crashing instead. Set a breakpoint on objc_initializeAfterForkError to debug.
objc[11095]: +[NSCheapMutableString initialize] may have been in progress in another thread when fork() was called.
objc[11095]: +[NSCheapMutableString initialize] may have been in progress in another thread when fork() was called. We cannot safely call it or ignore it in the fork() child process. Crashing instead. Set a breakpoint on objc_initializeAfterForkError to debug.
objc[11100]: +[NSCheapMutableString initialize] may have been in progress in another thread when fork() was called.
objc[11100]: +[NSCheapMutableString initialize] may have been in progress in another thread when fork() was called. We cannot safely call it or ignore it in the fork() child process. Crashing instead. Set a breakpoint on objc_initializeAfterForkError to debug.
objc[11104]: +[NSCheapMutableString initialize] may have been in progress in another thread when fork() was called.
objc[11104]: +[NSCheapMutableString initialize] may have been in progress in another thread when fork() was called. We cannot safely call it or ignore it in the fork() child process. Crashing instead. Set a breakpoint on objc_initializeAfterForkError to debug.
objc[11105]: +[NSCheapMutableString initialize] may have been in progress in another thread when fork() was called.
objc[11105]: +[NSCheapMutableString initialize] may have been in progress in another thread when fork() was called. We cannot safely call it or ignore it in the fork() child process. Crashing instead. Set a breakpoint on objc_initializeAfterForkError to debug.
objc[11115]: +[NSCheapMutableString initialize] may have been in progress in another thread when fork() was called.
objc[11115]: +[NSCheapMutableString initialize] may have been in progress in another thread when fork() was called. We cannot safely call it or ignore it in the fork() child process. Crashing instead. Set a breakpoint on objc_initializeAfterForkError to debug.
objc[11116]: +[NSCheapMutableString initialize] may have been in progress in another thread when fork() was called.
objc[11116]: +[NSCheapMutableString initialize] may have been in progress in another thread when fork() was called. We cannot safely call it or ignore it in the fork() child process. Crashing instead. Set a breakpoint on objc_initializeAfterForkError to debug.
objc[11117]: +[NSCheapMutableString initialize] may have been in progress in another thread when fork() was called.
objc[11117]: +[NSCheapMutableString initialize] may have been in progress in another thread when fork() was called. We cannot safely call it or ignore it in the fork() child process. Crashing instead. Set a breakpoint on objc_initializeAfterForkError to debug.
objc[11125]: +[NSCheapMutableString initialize] may have been in progress in another thread when fork() was called.
objc[11125]: +[NSCheapMutableString initialize] may have been in progress in another thread when fork() was called. We cannot safely call it or ignore it in the fork() child process. Crashing instead. Set a breakpoint on objc_initializeAfterForkError to debug.
objc[11123]: +[NSCheapMutableString initialize] may have been in progress in another thread when fork() was called.
objc[11123]: +[NSCheapMutableString initialize] may have been in progress in another thread when fork() was called. We cannot safely call it or ignore it in the fork() child process. Crashing instead. Set a breakpoint on objc_initializeAfterForkError to debug.
objc[11138]: +[NSCheapMutableString initialize] may have been in progress in another thread when fork() was called.
objc[11138]: +[NSCheapMutableString initialize] may have been in progress in another thread when fork() was called. We cannot safely call it or ignore it in the fork() child process. Crashing instead. Set a breakpoint on objc_initializeAfterForkError to debug.
objc[11141]: +[NSCheapMutableString initialize] may have been in progress in another thread when fork() was called.
objc[11141]: +[NSCheapMutableString initialize] may have been in progress in another thread when fork() was called. We cannot safely call it or ignore it in the fork() child process. Crashing instead. Set a breakpoint on objc_initializeAfterForkError to debug.
objc[11140]: +[NSCheapMutableString initialize] may have been in progress in another thread when fork() was called.
objc[11140]: +[NSCheapMutableString initialize] may have been in progress in another thread when fork() was called. We cannot safely call it or ignore it in the fork() child process. Crashing instead. Set a breakpoint on objc_initializeAfterForkError to debug.
objc[11168]: +[NSCheapMutableString initialize] may have been in progress in another thread when fork() was called.
objc[11168]: +[NSCheapMutableString initialize] may have been in progress in another thread when fork() was called. We cannot safely call it or ignore it in the fork() child process. Crashing instead. Set a breakpoint on objc_initializeAfterForkError to debug.
objc[11170]: +[NSCheapMutableString initialize] may have been in progress in another thread when fork() was called.
objc[11170]: +[NSCheapMutableString initialize] may have been in progress in another thread when fork() was called. We cannot safely call it or ignore it in the fork() child process. Crashing instead. Set a breakpoint on objc_initializeAfterForkError to debug.
objc[11172]: +[NSCheapMutableString initialize] may have been in progress in another thread when fork() was called.
objc[11172]: +[NSCheapMutableString initialize] may have been in progress in another thread when fork() was called. We cannot safely call it or ignore it in the fork() child process. Crashing instead. Set a breakpoint on objc_initializeAfterForkError to debug.
objc[11184]: +[NSCheapMutableString initialize] may have been in progress in another thread when fork() was called.
objc[11184]: +[NSCheapMutableString initialize] may have been in progress in another thread when fork() was called. We cannot safely call it or ignore it in the fork() child process. Crashing instead. Set a breakpoint on objc_initializeAfterForkError to debug.
objc[11185]: +[NSCheapMutableString initialize] may have been in progress in another thread when fork() was called.
objc[11185]: +[NSCheapMutableString initialize] may have been in progress in another thread when fork() was called. We cannot safely call it or ignore it in the fork() child process. Crashing instead. Set a breakpoint on objc_initializeAfterForkError to debug.
objc[11196]: +[NSCheapMutableString initialize] may have been in progress in another thread when fork() was called.
objc[11196]: +[NSCheapMutableString initialize] may have been in progress in another thread when fork() was called. We cannot safely call it or ignore it in the fork() child process. Crashing instead. Set a breakpoint on objc_initializeAfterForkError to debug.
