/opt/anaconda3/lib/python3.12/site-packages/geppy/__init__.py:26: UserWarning: pkg_resources is deprecated as an API. See https://setuptools.pypa.io/en/latest/pkg_resources.html. The pkg_resources package is slated for removal as early as 2025-11-30. Refrain from using this package or pin to Setuptools<81.
  from pkg_resources import get_distribution, DistributionNotFound
hff library OK (test fitness: (0.1415394733244273,))
registry: ['circle_area', 'gravity', 'coulomb', 'pendulum', 'keplers3', 'ideal_gas', 'I_6_2a', 'I_6_2', 'I_6_2b', 'I_8_14', 'I_9_18', 'I_10_7', 'I_11_19', 'I_12_1', 'I_12_2', 'I_12_4', 'I_12_5', 'I_12_11', 'I_13_4', 'I_13_12', 'I_14_3', 'I_14_4', 'I_15_3x', 'I_15_3t', 'I_15_1', 'I_16_6', 'I_18_4', 'I_18_12', 'I_18_14', 'I_24_6', 'I_25_13', 'I_26_2', 'I_27_6', 'I_29_4', 'I_29_16', 'I_30_3', 'I_30_5', 'I_32_5', 'I_32_17', 'I_34_8', 'I_34_1', 'I_34_14', 'I_34_27', 'I_37_4', 'I_38_12', 'I_39_1', 'I_39_11', 'I_39_22', 'I_40_1', 'I_41_16', 'I_43_16', 'I_43_31', 'I_43_43', 'I_44_4', 'I_47_23', 'I_48_2', 'I_50_26', 'II_2_42', 'II_3_24', 'II_4_23', 'II_6_11', 'II_6_15a', 'II_6_15b', 'II_8_7', 'II_8_31', 'II_10_9', 'II_11_3', 'II_11_17', 'II_11_20', 'II_11_27', 'II_11_28', 'II_13_17', 'II_13_23', 'II_13_34', 'II_15_4', 'II_15_5', 'II_21_32', 'II_24_17', 'II_27_16', 'II_27_18', 'II_34_2a', 'II_34_2', 'II_34_11', 'II_34_29a', 'II_34_29b', 'II_35_18', 'II_35_21', 'II_36_38', 'II_37_1', 'II_38_3', 'II_38_14', 'III_4_32', 'III_4_33', 'III_7_38', 'III_8_54', 'III_9_52', 'III_10_19', 'III_12_43', 'III_13_18', 'III_14_14', 'III_15_12', 'III_15_14', 'III_15_27', 'III_17_37', 'III_19_51', 'III_21_20', 'test_1', 'test_2', 'test_3', 'test_4', 'test_5', 'test_6', 'test_7', 'test_8', 'test_9', 'test_10', 'test_11', 'test_12', 'test_13', 'test_14', 'test_15', 'test_16', 'test_17', 'test_18', 'test_19', 'test_20']
[feynman override] head_length=48 (keep n_genes=3, avgval linker)
Selected problem: I_18_4
  Description : Feynman I-III I.18.4: r = (m1*r1+m2*r2)/(m1+m2)
  Variables   : ['m1', 'm2', 'r1', 'r2']
  Train range : {'m1': (1.0, 5.0), 'm2': (1.0, 5.0), 'r1': (1.0, 5.0), 'r2': (1.0, 5.0)}
  Extrap range: {'m1': (1.0, 7.5), 'm2': (1.0, 7.5), 'r1': (1.0, 7.5), 'r2': (1.0, 7.5)}
  Truth       : (m1*r1+m2*r2)/(m1+m2)
  ✓ cache hit  (data/equations/I_18_4, key=fdd19faf87ce2df8)
  train           (800, 5)  target range=[1.054, 4.903]
  val             (200, 5)  target range=[1.28, 4.584]
  holdout         (200, 5)  target range=[1.006, 4.79]
  extrapolation   (200, 5)  target range=[1.017, 7.114]
  saved figure → data/figures/I_18_4/eda_pairplot.png
Wide primitive set enabled: sin, cos, exp, log added.
[E22 rules] variable pattern tags: {'paired_numbered'}
[E22/23 rules] static candidate count: 8
  [sum_sq_all/sum_sq] a=0.0401 b=1.2922e+00 1-R²_va=5.8828e-01
  [prefix_sum_sq/m1^2+m2^2] a=-0.0009 b=2.9540e+00 1-R²_va=1.0012e+00
  [prefix_sum_sq/r1^2+r2^2] a=0.0811 b=1.3164e+00 1-R²_va=1.1668e-01
  [harmonic/1/(1/m1+1/m2)] a=0.0054 b=2.9280e+00 1-R²_va=1.0012e+00
  [harmonic/1/(1/r1+1/r2)] a=1.7816 b=5.1505e-01 1-R²_va=1.1839e-01
  [harmonic/(m1*r1+m2*r2)/(m1+m2)] a=1.0000 b=-4.1142e-17 1-R²_va=9.7391e-32
  [reciprocal_diff/1/r2-1/r1] a=0.2541 b=2.9404e+00 1-R²_va=1.0194e+00
  [reciprocal_diff/m1*m2*(1/r2-1/r1)] a=0.0129 b=2.9373e+00 1-R²_va=1.0101e+00
[fuller] gene operators ACTIVE (denoise=0.2 physics=0.2 snap=1.0 concretize=0.05)
Wrapper scope: per_island  (island → wrapper map: ['identity', 'identity'])
Genes: head_length=48, n_genes=3, rnc_array_length=10
Population size: 25, tournament: 3, elites: 2, generations: 400, migration FREQ: 30
  pump per-island sizes: intake=500 (tournsize=40), champion=250 (tournsize=25)
Initialising evolution at 2026-09-19 01:53:51.230999
objc[11816]: +[NSCheapMutableString initialize] may have been in progress in another thread when fork() was called.
objc[11816]: +[NSCheapMutableString initialize] may have been in progress in another thread when fork() was called. We cannot safely call it or ignore it in the fork() child process. Crashing instead. Set a breakpoint on objc_initializeAfterForkError to debug.
objc[11819]: +[NSCheapMutableString initialize] may have been in progress in another thread when fork() was called.
objc[11819]: +[NSCheapMutableString initialize] may have been in progress in another thread when fork() was called. We cannot safely call it or ignore it in the fork() child process. Crashing instead. Set a breakpoint on objc_initializeAfterForkError to debug.
objc[11822]: +[NSCheapMutableString initialize] may have been in progress in another thread when fork() was called.
objc[11822]: +[NSCheapMutableString initialize] may have been in progress in another thread when fork() was called. We cannot safely call it or ignore it in the fork() child process. Crashing instead. Set a breakpoint on objc_initializeAfterForkError to debug.
objc[11820]: +[NSCheapMutableString initialize] may have been in progress in another thread when fork() was called.
objc[11820]: +[NSCheapMutableString initialize] may have been in progress in another thread when fork() was called. We cannot safely call it or ignore it in the fork() child process. Crashing instead. Set a breakpoint on objc_initializeAfterForkError to debug.
objc[11824]: +[NSCheapMutableString initialize] may have been in progress in another thread when fork() was called.
objc[11824]: +[NSCheapMutableString initialize] may have been in progress in another thread when fork() was called. We cannot safely call it or ignore it in the fork() child process. Crashing instead. Set a breakpoint on objc_initializeAfterForkError to debug.
objc[11828]: +[NSCheapMutableString initialize] may have been in progress in another thread when fork() was called.
objc[11828]: +[NSCheapMutableString initialize] may have been in progress in another thread when fork() was called. We cannot safely call it or ignore it in the fork() child process. Crashing instead. Set a breakpoint on objc_initializeAfterForkError to debug.
objc[11832]: +[NSCheapMutableString initialize] may have been in progress in another thread when fork() was called.
objc[11832]: +[NSCheapMutableString initialize] may have been in progress in another thread when fork() was called. We cannot safely call it or ignore it in the fork() child process. Crashing instead. Set a breakpoint on objc_initializeAfterForkError to debug.
objc[11836]: +[NSCheapMutableString initialize] may have been in progress in another thread when fork() was called.
objc[11836]: +[NSCheapMutableString initialize] may have been in progress in another thread when fork() was called. We cannot safely call it or ignore it in the fork() child process. Crashing instead. Set a breakpoint on objc_initializeAfterForkError to debug.
objc[11840]: +[NSCheapMutableString initialize] may have been in progress in another thread when fork() was called.
objc[11840]: +[NSCheapMutableString initialize] may have been in progress in another thread when fork() was called. We cannot safely call it or ignore it in the fork() child process. Crashing instead. Set a breakpoint on objc_initializeAfterForkError to debug.
objc[11843]: +[NSCheapMutableString initialize] may have been in progress in another thread when fork() was called.
objc[11843]: +[NSCheapMutableString initialize] may have been in progress in another thread when fork() was called. We cannot safely call it or ignore it in the fork() child process. Crashing instead. Set a breakpoint on objc_initializeAfterForkError to debug.
objc[11848]: +[NSCheapMutableString initialize] may have been in progress in another thread when fork() was called.
objc[11848]: +[NSCheapMutableString initialize] may have been in progress in another thread when fork() was called. We cannot safely call it or ignore it in the fork() child process. Crashing instead. Set a breakpoint on objc_initializeAfterForkError to debug.
objc[11853]: +[NSCheapMutableString initialize] may have been in progress in another thread when fork() was called.
objc[11853]: +[NSCheapMutableString initialize] may have been in progress in another thread when fork() was called. We cannot safely call it or ignore it in the fork() child process. Crashing instead. Set a breakpoint on objc_initializeAfterForkError to debug.
objc[11860]: +[NSCheapMutableString initialize] may have been in progress in another thread when fork() was called.
objc[11860]: +[NSCheapMutableString initialize] may have been in progress in another thread when fork() was called. We cannot safely call it or ignore it in the fork() child process. Crashing instead. Set a breakpoint on objc_initializeAfterForkError to debug.
objc[11805]: +[NSCheapMutableString initialize] may have been in progress in another thread when fork() was called.
objc[11805]: +[NSCheapMutableString initialize] may have been in progress in another thread when fork() was called. We cannot safely call it or ignore it in the fork() child process. Crashing instead. Set a breakpoint on objc_initializeAfterForkError to debug.
objc[11886]: +[NSCheapMutableString initialize] may have been in progress in another thread when fork() was called.
objc[11886]: +[NSCheapMutableString initialize] may have been in progress in another thread when fork() was called. We cannot safely call it or ignore it in the fork() child process. Crashing instead. Set a breakpoint on objc_initializeAfterForkError to debug.
objc[11890]: +[NSCheapMutableString initialize] may have been in progress in another thread when fork() was called.
objc[11890]: +[NSCheapMutableString initialize] may have been in progress in another thread when fork() was called. We cannot safely call it or ignore it in the fork() child process. Crashing instead. Set a breakpoint on objc_initializeAfterForkError to debug.
objc[11901]: +[NSCheapMutableString initialize] may have been in progress in another thread when fork() was called.
objc[11901]: +[NSCheapMutableString initialize] may have been in progress in another thread when fork() was called. We cannot safely call it or ignore it in the fork() child process. Crashing instead. Set a breakpoint on objc_initializeAfterForkError to debug.
objc[11911]: +[NSCheapMutableString initialize] may have been in progress in another thread when fork() was called.
objc[11911]: +[NSCheapMutableString initialize] may have been in progress in another thread when fork() was called. We cannot safely call it or ignore it in the fork() child process. Crashing instead. Set a breakpoint on objc_initializeAfterForkError to debug.
objc[11910]: +[NSCheapMutableString initialize] may have been in progress in another thread when fork() was called.
objc[11910]: +[NSCheapMutableString initialize] may have been in progress in another thread when fork() was called. We cannot safely call it or ignore it in the fork() child process. Crashing instead. Set a breakpoint on objc_initializeAfterForkError to debug.
objc[11912]: +[NSCheapMutableString initialize] may have been in progress in another thread when fork() was called.
objc[11912]: +[NSCheapMutableString initialize] may have been in progress in another thread when fork() was called. We cannot safely call it or ignore it in the fork() child process. Crashing instead. Set a breakpoint on objc_initializeAfterForkError to debug.
objc[11913]: +[NSCheapMutableString initialize] may have been in progress in another thread when fork() was called.
objc[11913]: +[NSCheapMutableString initialize] may have been in progress in another thread when fork() was called. We cannot safely call it or ignore it in the fork() child process. Crashing instead. Set a breakpoint on objc_initializeAfterForkError to debug.
objc[11914]: +[NSCheapMutableString initialize] may have been in progress in another thread when fork() was called.
objc[11914]: +[NSCheapMutableString initialize] may have been in progress in another thread when fork() was called. We cannot safely call it or ignore it in the fork() child process. Crashing instead. Set a breakpoint on objc_initializeAfterForkError to debug.
objc[11915]: +[NSCheapMutableString initialize] may have been in progress in another thread when fork() was called.
objc[11915]: +[NSCheapMutableString initialize] may have been in progress in another thread when fork() was called. We cannot safely call it or ignore it in the fork() child process. Crashing instead. Set a breakpoint on objc_initializeAfterForkError to debug.
objc[11923]: +[NSCheapMutableString initialize] may have been in progress in another thread when fork() was called.
objc[11923]: +[NSCheapMutableString initialize] may have been in progress in another thread when fork() was called. We cannot safely call it or ignore it in the fork() child process. Crashing instead. Set a breakpoint on objc_initializeAfterForkError to debug.
objc[11929]: +[NSCheapMutableString initialize] may have been in progress in another thread when fork() was called.
objc[11929]: +[NSCheapMutableString initialize] may have been in progress in another thread when fork() was called. We cannot safely call it or ignore it in the fork() child process. Crashing instead. Set a breakpoint on objc_initializeAfterForkError to debug.
objc[11930]: +[NSCheapMutableString initialize] may have been in progress in another thread when fork() was called.
objc[11930]: +[NSCheapMutableString initialize] may have been in progress in another thread when fork() was called. We cannot safely call it or ignore it in the fork() child process. Crashing instead. Set a breakpoint on objc_initializeAfterForkError to debug.
objc[11933]: +[NSCheapMutableString initialize] may have been in progress in another thread when fork() was called.
objc[11933]: +[NSCheapMutableString initialize] may have been in progress in another thread when fork() was called. We cannot safely call it or ignore it in the fork() child process. Crashing instead. Set a breakpoint on objc_initializeAfterForkError to debug.
objc[11932]: +[NSCheapMutableString initialize] may have been in progress in another thread when fork() was called.
objc[11932]: +[NSCheapMutableString initialize] may have been in progress in another thread when fork() was called. We cannot safely call it or ignore it in the fork() child process. Crashing instead. Set a breakpoint on objc_initializeAfterForkError to debug.
objc[11941]: +[NSCheapMutableString initialize] may have been in progress in another thread when fork() was called.
objc[11941]: +[NSCheapMutableString initialize] may have been in progress in another thread when fork() was called. We cannot safely call it or ignore it in the fork() child process. Crashing instead. Set a breakpoint on objc_initializeAfterForkError to debug.
objc[11943]: +[NSCheapMutableString initialize] may have been in progress in another thread when fork() was called.
objc[11943]: +[NSCheapMutableString initialize] may have been in progress in another thread when fork() was called. We cannot safely call it or ignore it in the fork() child process. Crashing instead. Set a breakpoint on objc_initializeAfterForkError to debug.
objc[11945]: +[NSCheapMutableString initialize] may have been in progress in another thread when fork() was called.
objc[11945]: +[NSCheapMutableString initialize] may have been in progress in another thread when fork() was called. We cannot safely call it or ignore it in the fork() child process. Crashing instead. Set a breakpoint on objc_initializeAfterForkError to debug.
objc[11946]: +[NSCheapMutableString initialize] may have been in progress in another thread when fork() was called.
objc[11946]: +[NSCheapMutableString initialize] may have been in progress in another thread when fork() was called. We cannot safely call it or ignore it in the fork() child process. Crashing instead. Set a breakpoint on objc_initializeAfterForkError to debug.
objc[11948]: +[NSCheapMutableString initialize] may have been in progress in another thread when fork() was called.
objc[11948]: +[NSCheapMutableString initialize] may have been in progress in another thread when fork() was called. We cannot safely call it or ignore it in the fork() child process. Crashing instead. Set a breakpoint on objc_initializeAfterForkError to debug.
objc[11954]: +[NSCheapMutableString initialize] may have been in progress in another thread when fork() was called.
objc[11954]: +[NSCheapMutableString initialize] may have been in progress in another thread when fork() was called. We cannot safely call it or ignore it in the fork() child process. Crashing instead. Set a breakpoint on objc_initializeAfterForkError to debug.
objc[11955]: +[NSCheapMutableString initialize] may have been in progress in another thread when fork() was called.
objc[11955]: +[NSCheapMutableString initialize] may have been in progress in another thread when fork() was called. We cannot safely call it or ignore it in the fork() child process. Crashing instead. Set a breakpoint on objc_initializeAfterForkError to debug.
objc[11956]: +[NSCheapMutableString initialize] may have been in progress in another thread when fork() was called.
objc[11956]: +[NSCheapMutableString initialize] may have been in progress in another thread when fork() was called. We cannot safely call it or ignore it in the fork() child process. Crashing instead. Set a breakpoint on objc_initializeAfterForkError to debug.
objc[11957]: +[NSCheapMutableString initialize] may have been in progress in another thread when fork() was called.
objc[11957]: +[NSCheapMutableString initialize] may have been in progress in another thread when fork() was called. We cannot safely call it or ignore it in the fork() child process. Crashing instead. Set a breakpoint on objc_initializeAfterForkError to debug.
objc[11966]: +[NSCheapMutableString initialize] may have been in progress in another thread when fork() was called.
objc[11966]: +[NSCheapMutableString initialize] may have been in progress in another thread when fork() was called. We cannot safely call it or ignore it in the fork() child process. Crashing instead. Set a breakpoint on objc_initializeAfterForkError to debug.
objc[11968]: +[NSCheapMutableString initialize] may have been in progress in another thread when fork() was called.
objc[11968]: +[NSCheapMutableString initialize] may have been in progress in another thread when fork() was called. We cannot safely call it or ignore it in the fork() child process. Crashing instead. Set a breakpoint on objc_initializeAfterForkError to debug.
objc[11976]: +[NSCheapMutableString initialize] may have been in progress in another thread when fork() was called.
objc[11976]: +[NSCheapMutableString initialize] may have been in progress in another thread when fork() was called. We cannot safely call it or ignore it in the fork() child process. Crashing instead. Set a breakpoint on objc_initializeAfterForkError to debug.
objc[11977]: +[NSCheapMutableString initialize] may have been in progress in another thread when fork() was called.
objc[11977]: +[NSCheapMutableString initialize] may have been in progress in another thread when fork() was called. We cannot safely call it or ignore it in the fork() child process. Crashing instead. Set a breakpoint on objc_initializeAfterForkError to debug.
objc[11978]: +[NSCheapMutableString initialize] may have been in progress in another thread when fork() was called.
objc[11978]: +[NSCheapMutableString initialize] may have been in progress in another thread when fork() was called. We cannot safely call it or ignore it in the fork() child process. Crashing instead. Set a breakpoint on objc_initializeAfterForkError to debug.
objc[11986]: +[NSCheapMutableString initialize] may have been in progress in another thread when fork() was called.
objc[11986]: +[NSCheapMutableString initialize] may have been in progress in another thread when fork() was called. We cannot safely call it or ignore it in the fork() child process. Crashing instead. Set a breakpoint on objc_initializeAfterForkError to debug.
objc[11992]: +[NSCheapMutableString initialize] may have been in progress in another thread when fork() was called.
objc[11992]: +[NSCheapMutableString initialize] may have been in progress in another thread when fork() was called. We cannot safely call it or ignore it in the fork() child process. Crashing instead. Set a breakpoint on objc_initializeAfterForkError to debug.
objc[12001]: +[NSCheapMutableString initialize] may have been in progress in another thread when fork() was called.
objc[12001]: +[NSCheapMutableString initialize] may have been in progress in another thread when fork() was called. We cannot safely call it or ignore it in the fork() child process. Crashing instead. Set a breakpoint on objc_initializeAfterForkError to debug.
objc[12002]: +[NSCheapMutableString initialize] may have been in progress in another thread when fork() was called.
objc[12002]: +[NSCheapMutableString initialize] may have been in progress in another thread when fork() was called. We cannot safely call it or ignore it in the fork() child process. Crashing instead. Set a breakpoint on objc_initializeAfterForkError to debug.
objc[12010]: +[NSCheapMutableString initialize] may have been in progress in another thread when fork() was called.
objc[12010]: +[NSCheapMutableString initialize] may have been in progress in another thread when fork() was called. We cannot safely call it or ignore it in the fork() child process. Crashing instead. Set a breakpoint on objc_initializeAfterForkError to debug.
objc[12011]: +[NSCheapMutableString initialize] may have been in progress in another thread when fork() was called.
objc[12011]: +[NSCheapMutableString initialize] may have been in progress in another thread when fork() was called. We cannot safely call it or ignore it in the fork() child process. Crashing instead. Set a breakpoint on objc_initializeAfterForkError to debug.
objc[12012]: +[NSCheapMutableString initialize] may have been in progress in another thread when fork() was called.
objc[12012]: +[NSCheapMutableString initialize] may have been in progress in another thread when fork() was called. We cannot safely call it or ignore it in the fork() child process. Crashing instead. Set a breakpoint on objc_initializeAfterForkError to debug.
objc[12015]: +[NSCheapMutableString initialize] may have been in progress in another thread when fork() was called.
objc[12015]: +[NSCheapMutableString initialize] may have been in progress in another thread when fork() was called. We cannot safely call it or ignore it in the fork() child process. Crashing instead. Set a breakpoint on objc_initializeAfterForkError to debug.
objc[12022]: +[NSCheapMutableString initialize] may have been in progress in another thread when fork() was called.
objc[12022]: +[NSCheapMutableString initialize] may have been in progress in another thread when fork() was called. We cannot safely call it or ignore it in the fork() child process. Crashing instead. Set a breakpoint on objc_initializeAfterForkError to debug.
objc[12024]: +[NSCheapMutableString initialize] may have been in progress in another thread when fork() was called.
objc[12024]: +[NSCheapMutableString initialize] may have been in progress in another thread when fork() was called. We cannot safely call it or ignore it in the fork() child process. Crashing instead. Set a breakpoint on objc_initializeAfterForkError to debug.
objc[12025]: +[NSCheapMutableString initialize] may have been in progress in another thread when fork() was called.
objc[12025]: +[NSCheapMutableString initialize] may have been in progress in another thread when fork() was called. We cannot safely call it or ignore it in the fork() child process. Crashing instead. Set a breakpoint on objc_initializeAfterForkError to debug.
objc[12026]: +[NSCheapMutableString initialize] may have been in progress in another thread when fork() was called.
objc[12026]: +[NSCheapMutableString initialize] may have been in progress in another thread when fork() was called. We cannot safely call it or ignore it in the fork() child process. Crashing instead. Set a breakpoint on objc_initializeAfterForkError to debug.
objc[12030]: +[NSCheapMutableString initialize] may have been in progress in another thread when fork() was called.
objc[12030]: +[NSCheapMutableString initialize] may have been in progress in another thread when fork() was called. We cannot safely call it or ignore it in the fork() child process. Crashing instead. Set a breakpoint on objc_initializeAfterForkError to debug.
objc[12043]: +[NSCheapMutableString initialize] may have been in progress in another thread when fork() was called.
objc[12043]: +[NSCheapMutableString initialize] may have been in progress in another thread when fork() was called. We cannot safely call it or ignore it in the fork() child process. Crashing instead. Set a breakpoint on objc_initializeAfterForkError to debug.
