/opt/anaconda3/lib/python3.12/site-packages/geppy/__init__.py:26: UserWarning: pkg_resources is deprecated as an API. See https://setuptools.pypa.io/en/latest/pkg_resources.html. The pkg_resources package is slated for removal as early as 2025-11-30. Refrain from using this package or pin to Setuptools<81.
  from pkg_resources import get_distribution, DistributionNotFound
hff library OK (test fitness: (0.1415394733244273,))
registry: ['circle_area', 'gravity', 'coulomb', 'pendulum', 'keplers3', 'ideal_gas', 'I_6_2a', 'I_6_2', 'I_6_2b', 'I_8_14', 'I_9_18', 'I_10_7', 'I_11_19', 'I_12_1', 'I_12_2', 'I_12_4', 'I_12_5', 'I_12_11', 'I_13_4', 'I_13_12', 'I_14_3', 'I_14_4', 'I_15_3x', 'I_15_3t', 'I_15_1', 'I_16_6', 'I_18_4', 'I_18_12', 'I_18_14', 'I_24_6', 'I_25_13', 'I_26_2', 'I_27_6', 'I_29_4', 'I_29_16', 'I_30_3', 'I_30_5', 'I_32_5', 'I_32_17', 'I_34_8', 'I_34_1', 'I_34_14', 'I_34_27', 'I_37_4', 'I_38_12', 'I_39_1', 'I_39_11', 'I_39_22', 'I_40_1', 'I_41_16', 'I_43_16', 'I_43_31', 'I_43_43', 'I_44_4', 'I_47_23', 'I_48_2', 'I_50_26', 'II_2_42', 'II_3_24', 'II_4_23', 'II_6_11', 'II_6_15a', 'II_6_15b', 'II_8_7', 'II_8_31', 'II_10_9', 'II_11_3', 'II_11_17', 'II_11_20', 'II_11_27', 'II_11_28', 'II_13_17', 'II_13_23', 'II_13_34', 'II_15_4', 'II_15_5', 'II_21_32', 'II_24_17', 'II_27_16', 'II_27_18', 'II_34_2a', 'II_34_2', 'II_34_11', 'II_34_29a', 'II_34_29b', 'II_35_18', 'II_35_21', 'II_36_38', 'II_37_1', 'II_38_3', 'II_38_14', 'III_4_32', 'III_4_33', 'III_7_38', 'III_8_54', 'III_9_52', 'III_10_19', 'III_12_43', 'III_13_18', 'III_14_14', 'III_15_12', 'III_15_14', 'III_15_27', 'III_17_37', 'III_19_51', 'III_21_20', 'test_1', 'test_2', 'test_3', 'test_4', 'test_5', 'test_6', 'test_7', 'test_8', 'test_9', 'test_10', 'test_11', 'test_12', 'test_13', 'test_14', 'test_15', 'test_16', 'test_17', 'test_18', 'test_19', 'test_20']
[feynman override] head_length=48 (keep n_genes=3, avgval linker)
Selected problem: I_25_13
  Description : Feynman I-III I.25.13: Volt = q/C
  Variables   : ['q', 'C']
  Train range : {'q': (1.0, 5.0), 'C': (1.0, 5.0)}
  Extrap range: {'q': (1.0, 7.5), 'C': (1.0, 7.5)}
  Truth       : q/C
  ✓ cache hit  (data/equations/I_25_13, key=cd26a50629106e0f)
  train           (800, 3)  target range=[0.2141, 4.602]
  val             (200, 3)  target range=[0.2083, 4.507]
  holdout         (200, 3)  target range=[0.2324, 3.492]
  extrapolation   (200, 3)  target range=[0.1583, 6.703]
  saved figure → data/figures/I_25_13/eda_pairplot.png
Wide primitive set enabled: sin, cos, exp, log added.
[E22 rules] variable pattern tags: {'no_pattern'}
[E22/23 rules] static candidate count: 1
  [sum_sq_all/sum_sq] a=-0.0042 b=1.3350e+00 1-R²_va=1.0143e+00
[fuller] gene operators ACTIVE (denoise=0.2 physics=0.2 snap=1.0 concretize=0.05)
Wrapper scope: per_island  (island → wrapper map: ['identity', 'identity'])
Genes: head_length=48, n_genes=3, rnc_array_length=10
Population size: 25, tournament: 3, elites: 2, generations: 400, migration FREQ: 30
  pump per-island sizes: intake=500 (tournsize=40), champion=250 (tournsize=25)
Initialising evolution at 2026-09-19 01:53:50.618148
objc[11686]: +[NSCheapMutableString initialize] may have been in progress in another thread when fork() was called.
objc[11686]: +[NSCheapMutableString initialize] may have been in progress in another thread when fork() was called. We cannot safely call it or ignore it in the fork() child process. Crashing instead. Set a breakpoint on objc_initializeAfterForkError to debug.
objc[11688]: +[NSCheapMutableString initialize] may have been in progress in another thread when fork() was called.
objc[11688]: +[NSCheapMutableString initialize] may have been in progress in another thread when fork() was called. We cannot safely call it or ignore it in the fork() child process. Crashing instead. Set a breakpoint on objc_initializeAfterForkError to debug.
objc[11690]: +[NSCheapMutableString initialize] may have been in progress in another thread when fork() was called.
objc[11690]: +[NSCheapMutableString initialize] may have been in progress in another thread when fork() was called. We cannot safely call it or ignore it in the fork() child process. Crashing instead. Set a breakpoint on objc_initializeAfterForkError to debug.
objc[11692]: +[NSCheapMutableString initialize] may have been in progress in another thread when fork() was called.
objc[11692]: +[NSCheapMutableString initialize] may have been in progress in another thread when fork() was called. We cannot safely call it or ignore it in the fork() child process. Crashing instead. Set a breakpoint on objc_initializeAfterForkError to debug.
objc[11694]: +[NSCheapMutableString initialize] may have been in progress in another thread when fork() was called.
objc[11694]: +[NSCheapMutableString initialize] may have been in progress in another thread when fork() was called. We cannot safely call it or ignore it in the fork() child process. Crashing instead. Set a breakpoint on objc_initializeAfterForkError to debug.
objc[11696]: +[NSCheapMutableString initialize] may have been in progress in another thread when fork() was called.
objc[11696]: +[NSCheapMutableString initialize] may have been in progress in another thread when fork() was called. We cannot safely call it or ignore it in the fork() child process. Crashing instead. Set a breakpoint on objc_initializeAfterForkError to debug.
objc[11698]: +[NSCheapMutableString initialize] may have been in progress in another thread when fork() was called.
objc[11698]: +[NSCheapMutableString initialize] may have been in progress in another thread when fork() was called. We cannot safely call it or ignore it in the fork() child process. Crashing instead. Set a breakpoint on objc_initializeAfterForkError to debug.
objc[11699]: +[NSCheapMutableString initialize] may have been in progress in another thread when fork() was called.
objc[11699]: +[NSCheapMutableString initialize] may have been in progress in another thread when fork() was called. We cannot safely call it or ignore it in the fork() child process. Crashing instead. Set a breakpoint on objc_initializeAfterForkError to debug.
objc[11701]: +[NSCheapMutableString initialize] may have been in progress in another thread when fork() was called.
objc[11701]: +[NSCheapMutableString initialize] may have been in progress in another thread when fork() was called. We cannot safely call it or ignore it in the fork() child process. Crashing instead. Set a breakpoint on objc_initializeAfterForkError to debug.
objc[11703]: +[NSCheapMutableString initialize] may have been in progress in another thread when fork() was called.
objc[11703]: +[NSCheapMutableString initialize] may have been in progress in another thread when fork() was called. We cannot safely call it or ignore it in the fork() child process. Crashing instead. Set a breakpoint on objc_initializeAfterForkError to debug.
objc[11705]: +[NSCheapMutableString initialize] may have been in progress in another thread when fork() was called.
objc[11705]: +[NSCheapMutableString initialize] may have been in progress in another thread when fork() was called. We cannot safely call it or ignore it in the fork() child process. Crashing instead. Set a breakpoint on objc_initializeAfterForkError to debug.
objc[11707]: +[NSCheapMutableString initialize] may have been in progress in another thread when fork() was called.
objc[11707]: +[NSCheapMutableString initialize] may have been in progress in another thread when fork() was called. We cannot safely call it or ignore it in the fork() child process. Crashing instead. Set a breakpoint on objc_initializeAfterForkError to debug.
objc[11709]: +[NSCheapMutableString initialize] may have been in progress in another thread when fork() was called.
objc[11709]: +[NSCheapMutableString initialize] may have been in progress in another thread when fork() was called. We cannot safely call it or ignore it in the fork() child process. Crashing instead. Set a breakpoint on objc_initializeAfterForkError to debug.
objc[11683]: +[NSCheapMutableString initialize] may have been in progress in another thread when fork() was called.
objc[11683]: +[NSCheapMutableString initialize] may have been in progress in another thread when fork() was called. We cannot safely call it or ignore it in the fork() child process. Crashing instead. Set a breakpoint on objc_initializeAfterForkError to debug.
objc[11711]: +[NSCheapMutableString initialize] may have been in progress in another thread when fork() was called.
objc[11711]: +[NSCheapMutableString initialize] may have been in progress in another thread when fork() was called. We cannot safely call it or ignore it in the fork() child process. Crashing instead. Set a breakpoint on objc_initializeAfterForkError to debug.
objc[11712]: +[NSCheapMutableString initialize] may have been in progress in another thread when fork() was called.
objc[11712]: +[NSCheapMutableString initialize] may have been in progress in another thread when fork() was called. We cannot safely call it or ignore it in the fork() child process. Crashing instead. Set a breakpoint on objc_initializeAfterForkError to debug.
objc[11713]: +[NSCheapMutableString initialize] may have been in progress in another thread when fork() was called.
objc[11713]: +[NSCheapMutableString initialize] may have been in progress in another thread when fork() was called. We cannot safely call it or ignore it in the fork() child process. Crashing instead. Set a breakpoint on objc_initializeAfterForkError to debug.
objc[11716]: +[NSCheapMutableString initialize] may have been in progress in another thread when fork() was called.
objc[11716]: +[NSCheapMutableString initialize] may have been in progress in another thread when fork() was called. We cannot safely call it or ignore it in the fork() child process. Crashing instead. Set a breakpoint on objc_initializeAfterForkError to debug.
objc[11722]: +[NSCheapMutableString initialize] may have been in progress in another thread when fork() was called.
objc[11722]: +[NSCheapMutableString initialize] may have been in progress in another thread when fork() was called. We cannot safely call it or ignore it in the fork() child process. Crashing instead. Set a breakpoint on objc_initializeAfterForkError to debug.
objc[11725]: +[NSCheapMutableString initialize] may have been in progress in another thread when fork() was called.
objc[11725]: +[NSCheapMutableString initialize] may have been in progress in another thread when fork() was called. We cannot safely call it or ignore it in the fork() child process. Crashing instead. Set a breakpoint on objc_initializeAfterForkError to debug.
objc[11728]: +[NSCheapMutableString initialize] may have been in progress in another thread when fork() was called.
objc[11728]: +[NSCheapMutableString initialize] may have been in progress in another thread when fork() was called. We cannot safely call it or ignore it in the fork() child process. Crashing instead. Set a breakpoint on objc_initializeAfterForkError to debug.
objc[11731]: +[NSCheapMutableString initialize] may have been in progress in another thread when fork() was called.
objc[11731]: +[NSCheapMutableString initialize] may have been in progress in another thread when fork() was called. We cannot safely call it or ignore it in the fork() child process. Crashing instead. Set a breakpoint on objc_initializeAfterForkError to debug.
objc[11732]: +[NSCheapMutableString initialize] may have been in progress in another thread when fork() was called.
objc[11732]: +[NSCheapMutableString initialize] may have been in progress in another thread when fork() was called. We cannot safely call it or ignore it in the fork() child process. Crashing instead. Set a breakpoint on objc_initializeAfterForkError to debug.
objc[11733]: +[NSCheapMutableString initialize] may have been in progress in another thread when fork() was called.
objc[11733]: +[NSCheapMutableString initialize] may have been in progress in another thread when fork() was called. We cannot safely call it or ignore it in the fork() child process. Crashing instead. Set a breakpoint on objc_initializeAfterForkError to debug.
objc[11741]: +[NSCheapMutableString initialize] may have been in progress in another thread when fork() was called.
objc[11741]: +[NSCheapMutableString initialize] may have been in progress in another thread when fork() was called. We cannot safely call it or ignore it in the fork() child process. Crashing instead. Set a breakpoint on objc_initializeAfterForkError to debug.
objc[11742]: +[NSCheapMutableString initialize] may have been in progress in another thread when fork() was called.
objc[11742]: +[NSCheapMutableString initialize] may have been in progress in another thread when fork() was called. We cannot safely call it or ignore it in the fork() child process. Crashing instead. Set a breakpoint on objc_initializeAfterForkError to debug.
objc[11743]: +[NSCheapMutableString initialize] may have been in progress in another thread when fork() was called.
objc[11743]: +[NSCheapMutableString initialize] may have been in progress in another thread when fork() was called. We cannot safely call it or ignore it in the fork() child process. Crashing instead. Set a breakpoint on objc_initializeAfterForkError to debug.
objc[11744]: +[NSCheapMutableString initialize] may have been in progress in another thread when fork() was called.
objc[11744]: +[NSCheapMutableString initialize] may have been in progress in another thread when fork() was called. We cannot safely call it or ignore it in the fork() child process. Crashing instead. Set a breakpoint on objc_initializeAfterForkError to debug.
objc[11745]: +[NSCheapMutableString initialize] may have been in progress in another thread when fork() was called.
objc[11745]: +[NSCheapMutableString initialize] may have been in progress in another thread when fork() was called. We cannot safely call it or ignore it in the fork() child process. Crashing instead. Set a breakpoint on objc_initializeAfterForkError to debug.
objc[11746]: +[NSCheapMutableString initialize] may have been in progress in another thread when fork() was called.
objc[11746]: +[NSCheapMutableString initialize] may have been in progress in another thread when fork() was called. We cannot safely call it or ignore it in the fork() child process. Crashing instead. Set a breakpoint on objc_initializeAfterForkError to debug.
objc[11748]: +[NSCheapMutableString initialize] may have been in progress in another thread when fork() was called.
objc[11748]: +[NSCheapMutableString initialize] may have been in progress in another thread when fork() was called. We cannot safely call it or ignore it in the fork() child process. Crashing instead. Set a breakpoint on objc_initializeAfterForkError to debug.
objc[11750]: +[NSCheapMutableString initialize] may have been in progress in another thread when fork() was called.
objc[11750]: +[NSCheapMutableString initialize] may have been in progress in another thread when fork() was called. We cannot safely call it or ignore it in the fork() child process. Crashing instead. Set a breakpoint on objc_initializeAfterForkError to debug.
objc[11752]: +[NSCheapMutableString initialize] may have been in progress in another thread when fork() was called.
objc[11752]: +[NSCheapMutableString initialize] may have been in progress in another thread when fork() was called. We cannot safely call it or ignore it in the fork() child process. Crashing instead. Set a breakpoint on objc_initializeAfterForkError to debug.
objc[11753]: +[NSCheapMutableString initialize] may have been in progress in another thread when fork() was called.
objc[11753]: +[NSCheapMutableString initialize] may have been in progress in another thread when fork() was called. We cannot safely call it or ignore it in the fork() child process. Crashing instead. Set a breakpoint on objc_initializeAfterForkError to debug.
objc[11756]: +[NSCheapMutableString initialize] may have been in progress in another thread when fork() was called.
objc[11756]: +[NSCheapMutableString initialize] may have been in progress in another thread when fork() was called. We cannot safely call it or ignore it in the fork() child process. Crashing instead. Set a breakpoint on objc_initializeAfterForkError to debug.
objc[11757]: +[NSCheapMutableString initialize] may have been in progress in another thread when fork() was called.
objc[11757]: +[NSCheapMutableString initialize] may have been in progress in another thread when fork() was called. We cannot safely call it or ignore it in the fork() child process. Crashing instead. Set a breakpoint on objc_initializeAfterForkError to debug.
objc[11758]: +[NSCheapMutableString initialize] may have been in progress in another thread when fork() was called.
objc[11758]: +[NSCheapMutableString initialize] may have been in progress in another thread when fork() was called. We cannot safely call it or ignore it in the fork() child process. Crashing instead. Set a breakpoint on objc_initializeAfterForkError to debug.
objc[11759]: +[NSCheapMutableString initialize] may have been in progress in another thread when fork() was called.
objc[11759]: +[NSCheapMutableString initialize] may have been in progress in another thread when fork() was called. We cannot safely call it or ignore it in the fork() child process. Crashing instead. Set a breakpoint on objc_initializeAfterForkError to debug.
objc[11760]: +[NSCheapMutableString initialize] may have been in progress in another thread when fork() was called.
objc[11760]: +[NSCheapMutableString initialize] may have been in progress in another thread when fork() was called. We cannot safely call it or ignore it in the fork() child process. Crashing instead. Set a breakpoint on objc_initializeAfterForkError to debug.
objc[11763]: +[NSCheapMutableString initialize] may have been in progress in another thread when fork() was called.
objc[11763]: +[NSCheapMutableString initialize] may have been in progress in another thread when fork() was called. We cannot safely call it or ignore it in the fork() child process. Crashing instead. Set a breakpoint on objc_initializeAfterForkError to debug.
objc[11766]: +[NSCheapMutableString initialize] may have been in progress in another thread when fork() was called.
objc[11766]: +[NSCheapMutableString initialize] may have been in progress in another thread when fork() was called. We cannot safely call it or ignore it in the fork() child process. Crashing instead. Set a breakpoint on objc_initializeAfterForkError to debug.
objc[11768]: +[NSCheapMutableString initialize] may have been in progress in another thread when fork() was called.
objc[11768]: +[NSCheapMutableString initialize] may have been in progress in another thread when fork() was called. We cannot safely call it or ignore it in the fork() child process. Crashing instead. Set a breakpoint on objc_initializeAfterForkError to debug.
objc[11771]: +[NSCheapMutableString initialize] may have been in progress in another thread when fork() was called.
objc[11771]: +[NSCheapMutableString initialize] may have been in progress in another thread when fork() was called. We cannot safely call it or ignore it in the fork() child process. Crashing instead. Set a breakpoint on objc_initializeAfterForkError to debug.
objc[11773]: +[NSCheapMutableString initialize] may have been in progress in another thread when fork() was called.
objc[11773]: +[NSCheapMutableString initialize] may have been in progress in another thread when fork() was called. We cannot safely call it or ignore it in the fork() child process. Crashing instead. Set a breakpoint on objc_initializeAfterForkError to debug.
objc[11774]: +[NSCheapMutableString initialize] may have been in progress in another thread when fork() was called.
objc[11774]: +[NSCheapMutableString initialize] may have been in progress in another thread when fork() was called. We cannot safely call it or ignore it in the fork() child process. Crashing instead. Set a breakpoint on objc_initializeAfterForkError to debug.
objc[11777]: +[NSCheapMutableString initialize] may have been in progress in another thread when fork() was called.
objc[11777]: +[NSCheapMutableString initialize] may have been in progress in another thread when fork() was called. We cannot safely call it or ignore it in the fork() child process. Crashing instead. Set a breakpoint on objc_initializeAfterForkError to debug.
objc[11779]: +[NSCheapMutableString initialize] may have been in progress in another thread when fork() was called.
objc[11779]: +[NSCheapMutableString initialize] may have been in progress in another thread when fork() was called. We cannot safely call it or ignore it in the fork() child process. Crashing instead. Set a breakpoint on objc_initializeAfterForkError to debug.
objc[11780]: +[NSCheapMutableString initialize] may have been in progress in another thread when fork() was called.
objc[11780]: +[NSCheapMutableString initialize] may have been in progress in another thread when fork() was called. We cannot safely call it or ignore it in the fork() child process. Crashing instead. Set a breakpoint on objc_initializeAfterForkError to debug.
objc[11788]: +[NSCheapMutableString initialize] may have been in progress in another thread when fork() was called.
objc[11788]: +[NSCheapMutableString initialize] may have been in progress in another thread when fork() was called. We cannot safely call it or ignore it in the fork() child process. Crashing instead. Set a breakpoint on objc_initializeAfterForkError to debug.
objc[11789]: +[NSCheapMutableString initialize] may have been in progress in another thread when fork() was called.
objc[11789]: +[NSCheapMutableString initialize] may have been in progress in another thread when fork() was called. We cannot safely call it or ignore it in the fork() child process. Crashing instead. Set a breakpoint on objc_initializeAfterForkError to debug.
objc[11790]: +[NSCheapMutableString initialize] may have been in progress in another thread when fork() was called.
objc[11790]: +[NSCheapMutableString initialize] may have been in progress in another thread when fork() was called. We cannot safely call it or ignore it in the fork() child process. Crashing instead. Set a breakpoint on objc_initializeAfterForkError to debug.
objc[11791]: +[NSCheapMutableString initialize] may have been in progress in another thread when fork() was called.
objc[11791]: +[NSCheapMutableString initialize] may have been in progress in another thread when fork() was called. We cannot safely call it or ignore it in the fork() child process. Crashing instead. Set a breakpoint on objc_initializeAfterForkError to debug.
objc[11792]: +[NSCheapMutableString initialize] may have been in progress in another thread when fork() was called.
objc[11792]: +[NSCheapMutableString initialize] may have been in progress in another thread when fork() was called. We cannot safely call it or ignore it in the fork() child process. Crashing instead. Set a breakpoint on objc_initializeAfterForkError to debug.
objc[11796]: +[NSCheapMutableString initialize] may have been in progress in another thread when fork() was called.
objc[11796]: +[NSCheapMutableString initialize] may have been in progress in another thread when fork() was called. We cannot safely call it or ignore it in the fork() child process. Crashing instead. Set a breakpoint on objc_initializeAfterForkError to debug.
objc[11797]: +[NSCheapMutableString initialize] may have been in progress in another thread when fork() was called.
objc[11797]: +[NSCheapMutableString initialize] may have been in progress in another thread when fork() was called. We cannot safely call it or ignore it in the fork() child process. Crashing instead. Set a breakpoint on objc_initializeAfterForkError to debug.
objc[11798]: +[NSCheapMutableString initialize] may have been in progress in another thread when fork() was called.
objc[11798]: +[NSCheapMutableString initialize] may have been in progress in another thread when fork() was called. We cannot safely call it or ignore it in the fork() child process. Crashing instead. Set a breakpoint on objc_initializeAfterForkError to debug.
