/opt/anaconda3/lib/python3.12/site-packages/geppy/__init__.py:26: UserWarning: pkg_resources is deprecated as an API. See https://setuptools.pypa.io/en/latest/pkg_resources.html. The pkg_resources package is slated for removal as early as 2025-11-30. Refrain from using this package or pin to Setuptools<81.
  from pkg_resources import get_distribution, DistributionNotFound
hff library OK (test fitness: (0.1415394733244273,))
registry: ['circle_area', 'gravity', 'coulomb', 'pendulum', 'keplers3', 'ideal_gas', 'I_6_2a', 'I_6_2', 'I_6_2b', 'I_8_14', 'I_9_18', 'I_10_7', 'I_11_19', 'I_12_1', 'I_12_2', 'I_12_4', 'I_12_5', 'I_12_11', 'I_13_4', 'I_13_12', 'I_14_3', 'I_14_4', 'I_15_3x', 'I_15_3t', 'I_15_1', 'I_16_6', 'I_18_4', 'I_18_12', 'I_18_14', 'I_24_6', 'I_25_13', 'I_26_2', 'I_27_6', 'I_29_4', 'I_29_16', 'I_30_3', 'I_30_5', 'I_32_5', 'I_32_17', 'I_34_8', 'I_34_1', 'I_34_14', 'I_34_27', 'I_37_4', 'I_38_12', 'I_39_1', 'I_39_11', 'I_39_22', 'I_40_1', 'I_41_16', 'I_43_16', 'I_43_31', 'I_43_43', 'I_44_4', 'I_47_23', 'I_48_2', 'I_50_26', 'II_2_42', 'II_3_24', 'II_4_23', 'II_6_11', 'II_6_15a', 'II_6_15b', 'II_8_7', 'II_8_31', 'II_10_9', 'II_11_3', 'II_11_17', 'II_11_20', 'II_11_27', 'II_11_28', 'II_13_17', 'II_13_23', 'II_13_34', 'II_15_4', 'II_15_5', 'II_21_32', 'II_24_17', 'II_27_16', 'II_27_18', 'II_34_2a', 'II_34_2', 'II_34_11', 'II_34_29a', 'II_34_29b', 'II_35_18', 'II_35_21', 'II_36_38', 'II_37_1', 'II_38_3', 'II_38_14', 'III_4_32', 'III_4_33', 'III_7_38', 'III_8_54', 'III_9_52', 'III_10_19', 'III_12_43', 'III_13_18', 'III_14_14', 'III_15_12', 'III_15_14', 'III_15_27', 'III_17_37', 'III_19_51', 'III_21_20', 'test_1', 'test_2', 'test_3', 'test_4', 'test_5', 'test_6', 'test_7', 'test_8', 'test_9', 'test_10', 'test_11', 'test_12', 'test_13', 'test_14', 'test_15', 'test_16', 'test_17', 'test_18', 'test_19', 'test_20']
[feynman override] head_length=48 (keep n_genes=3, avgval linker)
Selected problem: I_18_12
  Description : Feynman I-III I.18.12: tau = r*F*sin(theta)
  Variables   : ['r', 'F', 'theta']
  Train range : {'r': (1.0, 5.0), 'F': (1.0, 5.0), 'theta': (0.0, 5.0)}
  Extrap range: {'r': (1.0, 7.5), 'F': (1.0, 7.5), 'theta': (0.0, 7.5)}
  Truth       : r*F*sin(theta)
  ✓ cache hit  (data/equations/I_18_12, key=bbcab631dbdd2f6c)
  train           (800, 4)  target range=[-21.66, 21.78]
  val             (200, 4)  target range=[-20.01, 19.58]
  holdout         (200, 4)  target range=[-19.46, 22.19]
  extrapolation   (200, 4)  target range=[-39.44, 38.31]
  saved figure → data/figures/I_18_12/eda_pairplot.png
Wide primitive set enabled: sin, cos, exp, log added.
[E22 rules] variable pattern tags: {'has_gaussian_input'}
[E22/23 rules] static candidate count: 6
[E22/23 rules] allowed to take a fitness slot (exact): 0
  [sum_sq_all/sum_sq] a=-0.1942 b=7.5382e+00 1-R²_va=8.2382e-01
  [gaussian_density/N(theta;0,1)] a=18.5199 b=-9.1613e-02 1-R²_va=8.5204e-01
  [angle_diff_trig/sin(2*theta/2)] a=9.0249 b=1.1468e-01 1-R²_va=2.3397e-01
  [angle_diff_trig/sin(2*theta/2)^2] a=1.0399 b=1.3913e+00 1-R²_va=1.0227e+00
  [angle_diff_trig/sin(3*theta/2)] a=2.1965 b=1.6618e+00 1-R²_va=9.8719e-01
  [angle_diff_trig/sin(3*theta/2)^2] a=1.9987 b=1.0088e+00 1-R²_va=1.0084e+00
[fuller] denoise + snap IN THE JOIN (every gene, every generation, K=8); mutation operators: physics=0.2 concretize=0.05
Wrapper scope: per_island  (island → wrapper map: ['identity', 'identity'])
[wgpu] process pool disabled — Metal cannot survive fork(); the population is evaluated in one dispatch instead
Genes: head_length=48, n_genes=3, rnc_array_length=10
Population: (per-island, see below), elites: 2, generations: 400, migration FREQ: 30
  pump per-island sizes: intake=100 (tournsize=8), champion=50 (tournsize=5)
Initialising evolution at 2026-09-19 06:45:22.435400
 gen  deme   evals     min fitness          mse_tr          mse_va         max_err      mse_extrap  one_minus_r2_tr  one_minus_r2_va
   0     0     100    0.0684701642      16.9574526      20.4727254      22.9337522       197.34558      0.31313508      0.34766845
   0     1      50               0      23.0732666      21.2741835       13.448262      189.967955     0.426069254     0.361278836
          wgpu 1d 324g 280c x3w 14ms | egraph 187g->130v+0snap 121ms | graft 23 (-122n, 0 snap) cpu 0 | f64 30 | gen 0.0s | dropped inexpr 2 oversz 0 unbuild 0 {}
Extending evolution: gen 1 → 400 (+400 generations)
   1     0     100  0.000707064212      14.0123684       13.777295      11.1401097      82.0853312     0.258751371     0.233966446
   1     1      50               0      23.0732666      21.2741835       13.448262      189.967955     0.426069254     0.361278836
          wgpu 1d 125g 214c x3w 9ms | egraph 50g->68v+0snap 72ms | graft 2 (-10n, 0 snap) cpu 0 | f64 33 | gen 0.3s
   2     0     100  0.000707064212      14.0123684       13.777295      11.1401097      82.0853312     0.258751371     0.233966446
   2     1      50               0      23.0732666      21.2741835       13.448262      189.967955     0.426069254     0.361278836
          wgpu 1d 95g 208c x3w 5ms | egraph 40g->62v+0snap 22ms | graft 3 (-17n, 0 snap) cpu 0 | f64 37 | gen 0.2s | dropped inexpr 1 oversz 0 unbuild 0 {}
   3     0     100  0.000707064212      14.0123684       13.777295      11.1401097      82.0853312     0.258751371     0.233966446
   3     1      50               0      23.0732666      21.2741835       13.448262      189.967955     0.426069254     0.361278836
          wgpu 1d 125g 255c x3w 8ms | egraph 56g->109v+0snap 51ms | graft 2 (-4n, 0 snap) cpu 0 | f64 32 | gen 0.3s | dropped inexpr 1 oversz 0 unbuild 0 {}
   4     0     100  0.000707064212      14.0123684       13.777295      11.1401097      82.0853312     0.258751371     0.233966446
   4     1      50               0      23.0732666      21.2741835       13.448262      189.967955     0.426069254     0.361278836
          wgpu 1d 99g 246c x3w 26ms | egraph 25g->100v+0snap 11ms | graft 2 (-6n, 0 snap) cpu 0 | f64 20 | gen 0.2s | dropped inexpr 1 oversz 0 unbuild 0 {}
   5     0     100  0.000707064212      14.0123684       13.777295      11.1401097      82.0853312     0.258751371     0.233966446
   5     1      50               0      23.0732666      21.2741835       13.448262      189.967955     0.426069254     0.361278836
          wgpu 1d 114g 256c x3w 6ms | egraph 42g->110v+0snap 15ms | graft 0 (-0n, 0 snap) cpu 0 | f64 21 | gen 0.2s
   6     0     100  0.000707064212      14.0123684       13.777295      11.1401097      82.0853312     0.258751371     0.233966446
   6     1      50               0      23.0732666      21.2741835       13.448262      189.967955     0.426069254     0.361278836
          wgpu 1d 139g 273c x3w 7ms | egraph 43g->127v+0snap 28ms | graft 3 (-18n, 0 snap) cpu 0 | f64 20 | gen 0.3s | dropped inexpr 1 oversz 0 unbuild 0 {}
   7     0     100  0.000707064212      14.0123684       13.777295      11.1401097      82.0853312     0.258751371     0.233966446
   7     1      50               0      23.0732666      21.2741835       13.448262      189.967955     0.426069254     0.361278836
          wgpu 1d 132g 251c x3w 7ms | egraph 36g->105v+0snap 18ms | graft 3 (-13n, 0 snap) cpu 0 | f64 21 | gen 0.2s | dropped inexpr 2 oversz 0 unbuild 0 {}
   8     0     100  0.000707064212      14.0123684       13.777295      11.1401097      82.0853312     0.258751371     0.233966446
   8     1      50               0      23.0732666      21.2741835       13.448262      189.967955     0.426069254     0.361278836
          wgpu 1d 111g 263c x3w 6ms | egraph 19g->117v+0snap 16ms | graft 1 (-24n, 0 snap) cpu 0 | f64 31 | gen 0.3s
   9     0     100  0.000707064212      14.0123684       13.777295      11.1401097      82.0853312     0.258751371     0.233966446
   9     1      50               0      17.3972828      16.0665112      12.0002891      182.909535     0.321256952     0.272841986
          wgpu 1d 111g 246c x3w 5ms | egraph 31g->100v+0snap 26ms | graft 1 (-5n, 0 snap) cpu 0 | f64 20 | gen 0.2s
  10     0     100  0.000707064212      14.0123684       13.777295      11.1401097      82.0853312     0.258751371     0.233966446
  10     1      50               0      17.3972828      16.0665112      12.0002891      182.909535     0.321256952     0.272841986
          wgpu 1d 110g 280c x3w 5ms | egraph 23g->134v+0snap 10ms | graft 2 (-9n, 0 snap) cpu 0 | f64 22 | gen 0.2s
--------- pump migration: intra (promote-2 + intake-reset) ---------
  11     0     100  0.000707064212      14.0123684       13.777295      11.1401097      82.0853312     0.258751371     0.233966446
  11     1      50               0      17.3972828      16.0665112      12.0002891      182.909535     0.321256952     0.272841986
          wgpu 2d 321g 416c x3w 28ms | egraph 112g->190v+0snap 42ms | graft 12 (-69n, 0 snap) cpu 0 | f64 30 | gen 0.2s | dropped inexpr 2 oversz 0 unbuild 0 {}
  12     0     100  0.000707064212      14.0123684       13.777295      11.1401097      82.0853312     0.258751371     0.233966446
  12     1      50               0      17.3972828      16.0665112      12.0002891      182.909535     0.321256952     0.272841986
          wgpu 1d 138g 285c x3w 5ms | egraph 28g->139v+0snap 21ms | graft 3 (-12n, 0 snap) cpu 0 | f64 20 | gen 0.2s
  13     0     100  0.000707064212      14.0123684       13.777295      11.1401097      82.0853312     0.258751371     0.233966446
  13     1      50               0      17.3972828      16.0665112      12.0002891      182.909535     0.321256952     0.272841986
          wgpu 1d 137g 276c x3w 18ms | egraph 35g->130v+0snap 16ms | graft 2 (-7n, 0 snap) cpu 0 | f64 20 | gen 0.2s
  14     0     100  0.000707064212      14.0123684       13.777295      11.1401097      82.0853312     0.258751371     0.233966446
  14     1      50               0      17.3972828      16.0665112      12.0002891      182.909535     0.321256952     0.272841986
          wgpu 1d 137g 242c x3w 12ms | egraph 30g->96v+0snap 13ms | graft 3 (-8n, 0 snap) cpu 0 | f64 20 | gen 0.4s | dropped inexpr 1 oversz 0 unbuild 0 {}
  15     0     100  0.000707064212      14.0123684       13.777295      11.1401097      82.0853312     0.258751371     0.233966446
  15     1      50               0      17.3972828      16.0665112      12.0002891      182.909535     0.321256952     0.272841986
          wgpu 1d 122g 246c x3w 4ms | egraph 25g->100v+0snap 25ms | graft 4 (-12n, 0 snap) cpu 0 | f64 20 | gen 0.2s | dropped inexpr 1 oversz 0 unbuild 0 {}
  16     0     100  0.000707064212      14.0123684       13.777295      11.1401097      82.0853312     0.258751371     0.233966446
  16     1      50               0      17.3972828      16.0665112      12.0002891      182.909535     0.321256952     0.272841986
          wgpu 1d 138g 253c x3w 7ms | egraph 39g->107v+0snap 39ms | graft 2 (-27n, 0 snap) cpu 0 | f64 20 | gen 0.2s | dropped inexpr 2 oversz 0 unbuild 0 {}
  17     0     100   0.00051739249      12.9522007      12.4919738      11.1691338      69.6431781     0.239174391     0.212139082
  17     1      50               0      17.3972828      16.0665112      12.0002891      182.909535     0.321256952     0.272841986
          wgpu 1d 134g 264c x3w 6ms | egraph 33g->118v+0snap 12ms | graft 7 (-37n, 0 snap) cpu 0 | f64 20 | gen 0.2s | dropped inexpr 7 oversz 0 unbuild 0 {}
  18     0     100   0.00051739249      12.9522007      12.4919738      11.1691338      69.6431781     0.239174391     0.212139082
  18     1      50               0      17.3972828      16.0665112      12.0002891      182.909535     0.321256952     0.272841986
          wgpu 1d 112g 244c x3w 5ms | egraph 32g->98v+0snap 38ms | graft 5 (-15n, 0 snap) cpu 0 | f64 20 | gen 0.2s | dropped inexpr 1 oversz 0 unbuild 0 {}
  19     0     100   0.00051739249      12.9522007      12.4919738      11.1691338      69.6431781     0.239174391     0.212139082
  19     1      50               0      17.3972828      16.0665112      12.0002891      182.909535     0.321256952     0.272841986
          wgpu 1d 139g 260c x3w 7ms | egraph 40g->114v+0snap 35ms | graft 6 (-27n, 0 snap) cpu 0 | f64 20 | gen 0.3s | dropped inexpr 2 oversz 0 unbuild 0 {}
  20     0     100   0.00051739249      12.9522007      12.4919738      11.1691338      69.6431781     0.239174391     0.212139082
  20     1      50               0      17.3972828      16.0665112      12.0002891      182.909535     0.321256952     0.272841986
          wgpu 1d 146g 248c x3w 5ms | egraph 47g->102v+0snap 29ms | graft 8 (-51n, 0 snap) cpu 0 | f64 20 | gen 0.2s
--------- pump migration: intra (promote-2 + intake-reset) ---------
  21     0     100   0.00051739249      12.9522007      12.4919738      11.1691338      69.6431781     0.239174391     0.212139082
  21     1      50               0      17.3972828      16.0665112      12.0002891      182.909535     0.321256952     0.272841986
          wgpu 2d 360g 435c x3w 11ms | egraph 123g->209v+0snap 66ms | graft 17 (-63n, 0 snap) cpu 0 | f64 30 | gen 0.2s | dropped inexpr 6 oversz 0 unbuild 0 {}
  22     0     100   0.00051739249      12.9522007      12.4919738      11.1691338      69.6431781     0.239174391     0.212139082
  22     1      50               0      17.3972828      16.0665112      12.0002891      182.909535     0.321256952     0.272841986
          wgpu 1d 136g 263c x3w 6ms | egraph 32g->117v+0snap 30ms | graft 5 (-59n, 0 snap) cpu 0 | f64 20 | gen 0.7s | dropped inexpr 1 oversz 0 unbuild 0 {}
  23     0     100   0.00051739249      12.9522007      12.4919738      11.1691338      69.6431781     0.239174391     0.212139082
  23     1      50               0      17.3972828      16.0665112      12.0002891      182.909535     0.321256952     0.272841986
          wgpu 1d 133g 267c x3w 24ms | egraph 23g->121v+0snap 19ms | graft 8 (-47n, 0 snap) cpu 0 | f64 20 | gen 0.2s | dropped inexpr 1 oversz 0 unbuild 0 {}
  24     0     100   0.00051739249      12.9522007      12.4919738      11.1691338      69.6431781     0.239174391     0.212139082
  24     1      50               0      17.3972828      16.0665112      12.0002891      182.909535     0.321256952     0.272841986
          wgpu 1d 129g 252c x3w 6ms | egraph 26g->106v+0snap 11ms | graft 1 (-2n, 0 snap) cpu 0 | f64 20 | gen 0.3s
  25     0     100   0.00051739249      12.9522007      12.4919738      11.1691338      69.6431781     0.239174391     0.212139082
  25     1      50               0      17.3972828      16.0665112      12.0002891      182.909535     0.321256952     0.272841986
          wgpu 1d 136g 291c x3w 5ms | egraph 23g->145v+0snap 15ms | graft 4 (-37n, 0 snap) cpu 0 | f64 20 | gen 0.2s
  26     0     100   0.00051739249      12.9522007      12.4919738      11.1691338      69.6431781     0.239174391     0.212139082
  26     1      50               0      17.3972828      16.0665112      12.0002891      182.909535     0.321256952     0.272841986
          wgpu 1d 168g 273c x3w 6ms | egraph 39g->127v+0snap 37ms | graft 7 (-18n, 0 snap) cpu 0 | f64 20 | gen 0.3s | dropped inexpr 2 oversz 0 unbuild 0 {}
  27     0     100   0.00051739249      12.9522007      12.4919738      11.1691338      69.6431781     0.239174391     0.212139082
  27     1      50               0      17.3972828      16.0665112      12.0002891      182.909535     0.321256952     0.272841986
          wgpu 1d 119g 246c x3w 5ms | egraph 22g->100v+0snap 43ms | graft 5 (-18n, 0 snap) cpu 0 | f64 20 | gen 0.3s
  28     0     100               0      8.35692264      5.77768983      6.25310674      39.3064784     0.154318322    0.0981169058
  28     1      50               0      17.3972828      16.0665112      12.0002891      182.909535     0.321256952     0.272841986
          wgpu 1d 148g 253c x3w 18ms | egraph 36g->107v+0snap 20ms | graft 5 (-29n, 0 snap) cpu 0 | f64 20 | gen 0.2s | dropped inexpr 1 oversz 0 unbuild 0 {}
  29     0     100               0      8.35692264      5.77768983      6.25310674      39.3064784     0.154318322    0.0981169058
  29     1      50               0      17.3972828      16.0665112      12.0002891      182.909535     0.321256952     0.272841986
          wgpu 1d 134g 228c x3w 5ms | egraph 34g->82v+0snap 15ms | graft 5 (-10n, 0 snap) cpu 0 | f64 20 | gen 0.2s | dropped inexpr 3 oversz 0 unbuild 0 {}
  30     0     100               0      8.35692264      5.77768983      6.25310674      39.3064784     0.154318322    0.0981169058
  30     1      50               0      17.3972828      16.0665112      12.0002891      182.909535     0.321256952     0.272841986
          wgpu 1d 118g 225c x3w 16ms | egraph 39g->79v+0snap 21ms | graft 8 (-62n, 0 snap) cpu 0 | f64 20 | gen 0.2s
--------- pump migration: intra (promote-2 + intake-reset) ---------
  31     0     100               0      8.35692264      5.77768983      6.25310674      39.3064784     0.154318322    0.0981169058
  31     1      50               0      17.3972828      16.0665112      12.0002891      182.909535     0.321256952     0.272841986
          wgpu 2d 307g 372c x3w 17ms | egraph 118g->146v+0snap 64ms | graft 19 (-90n, 0 snap) cpu 0 | f64 30 | gen 0.3s | dropped inexpr 6 oversz 0 unbuild 0 {}
  32     0     100               0      8.35692264      5.77768983      6.25310674      39.3064784     0.154318322    0.0981169058
  32     1      50               0      17.3972828      16.0665112      12.0002891      182.909535     0.321256952     0.272841986
          wgpu 1d 141g 229c x3w 6ms | egraph 45g->83v+0snap 21ms | graft 7 (-36n, 0 snap) cpu 0 | f64 20 | gen 0.3s
  33     0     100               0      8.35692264      5.77768983      6.25310674      39.3064784     0.154318322    0.0981169058
  33     1      50               0      17.3972828      16.0665112      12.0002891      182.909535     0.321256952     0.272841986
          wgpu 1d 159g 245c x3w 6ms | egraph 52g->99v+0snap 73ms | graft 8 (-85n, 0 snap) cpu 0 | f64 20 | gen 0.5s | dropped inexpr 1 oversz 0 unbuild 0 {}
  34     0     100               0      8.35692264      5.77768983      6.25310674      39.3064784     0.154318322    0.0981169058
  34     1      50               0      17.3972828      16.0665112      12.0002891      182.909535     0.321256952     0.272841986
          wgpu 1d 148g 246c x3w 5ms | egraph 45g->100v+0snap 22ms | graft 7 (-51n, 0 snap) cpu 0 | f64 20 | gen 0.3s
  35     0     100               0      8.35692264      5.77768983      6.25310674      39.3064784     0.154318322    0.0981169058
  35     1      50               0      17.3972828      16.0665112      12.0002891      182.909535     0.321256952     0.272841986
          wgpu 1d 149g 239c x3w 6ms | egraph 48g->93v+0snap 23ms | graft 7 (-40n, 0 snap) cpu 0 | f64 20 | gen 0.3s
  36     0     100               0      8.35692264      5.77768983      6.25310674      39.3064784     0.154318322    0.0981169058
  36     1      50               0      17.3972828      16.0665112      12.0002891      182.909535     0.321256952     0.272841986
          wgpu 1d 168g 242c x3w 6ms | egraph 41g->96v+0snap 28ms | graft 11 (-64n, 0 snap) cpu 0 | f64 21 | gen 0.3s | dropped inexpr 1 oversz 0 unbuild 0 {}
  37     0     100               0      8.35692264      5.77768983      6.25310674      39.3064784     0.154318322    0.0981169058
  37     1      50               0      17.3972828      16.0665112      12.0002891      182.909535     0.321256952     0.272841986
          wgpu 1d 160g 254c x3w 5ms | egraph 39g->108v+0snap 21ms | graft 6 (-56n, 0 snap) cpu 0 | f64 20 | gen 0.3s | dropped inexpr 2 oversz 0 unbuild 0 {}
  38     0     100               0      8.35692264      5.77768983      6.25310674      39.3064784     0.154318322    0.0981169058
  38     1      50               0      17.3972828      16.0665112      12.0002891      182.909535     0.321256952     0.272841986
          wgpu 1d 176g 303c x3w 6ms | egraph 45g->157v+0snap 55ms | graft 10 (-62n, 0 snap) cpu 0 | f64 20 | gen 0.3s | dropped inexpr 10 oversz 0 unbuild 0 {}
  39     0     100               0      8.35692264      5.77768983      6.25310674      39.3064784     0.154318322    0.0981169058
  39     1      50               0      17.3972828      16.0665112      12.0002891      182.909535     0.321256952     0.272841986
          wgpu 1d 176g 297c x3w 20ms | egraph 46g->151v+0snap 56ms | graft 13 (-108n, 0 snap) cpu 0 | f64 20 | gen 0.3s | dropped inexpr 11 oversz 0 unbuild 0 {}
  40     0     100               0      8.35692264      5.77768983      6.25310674      39.3064784     0.154318322    0.0981169058
  40     1      50               0      17.3972828      16.0665112      12.0002891      182.909535     0.321256952     0.272841986
          wgpu 1d 178g 282c x3w 6ms | egraph 48g->136v+0snap 34ms | graft 11 (-85n, 0 snap) cpu 0 | f64 20 | gen 0.3s | dropped inexpr 7 oversz 0 unbuild 0 {}
--------- pump migration: intra (promote-2 + intake-reset) ---------
  41     0     100               0      3.57039485      3.33965563      4.93573097      17.2236286    0.0659306502    0.0567141342
  41     1      50               0      8.35692264      5.77768983      6.25310674      39.3064784     0.154318322    0.0981169058
          wgpu 2d 335g 385c x3w 13ms | egraph 117g->159v+0snap 63ms | graft 18 (-116n, 0 snap) cpu 0 | f64 30 | gen 0.3s | dropped inexpr 5 oversz 0 unbuild 0 {}
  42     0     100               0      3.57039485      3.33965563      4.93573097      17.2236286    0.0659306502    0.0567141342
  42     1      50               0      8.35692264      5.77768983      6.25310674      39.3064784     0.154318322    0.0981169058
          wgpu 1d 212g 254c x3w 7ms | egraph 73g->108v+0snap 50ms | graft 18 (-111n, 0 snap) cpu 0 | f64 20 | gen 0.4s | dropped inexpr 11 oversz 0 unbuild 0 {}
  43     0     100               0      3.57039485      3.33965563      4.93573097      17.2236286    0.0659306502    0.0567141342
  43     1      50               0      8.35692264      5.77768983      6.25310674      39.3064784     0.154318322    0.0981169058
          wgpu 1d 177g 233c x3w 6ms | egraph 41g->87v+0snap 30ms | graft 6 (-44n, 0 snap) cpu 0 | f64 20 | gen 0.4s | dropped inexpr 6 oversz 0 unbuild 0 {}
  44     0     100               0      3.57039485      3.33965563      4.93573097      17.2236286    0.0659306502    0.0567141342
  44     1      50               0      8.35692264      5.77768983      6.25310674      39.3064784     0.154318322    0.0981169058
          wgpu 1d 169g 226c x3w 5ms | egraph 49g->80v+0snap 26ms | graft 11 (-38n, 0 snap) cpu 0 | f64 20 | gen 0.3s | dropped inexpr 6 oversz 0 unbuild 0 {}
  45     0     100               0      3.57039485      3.33965563      4.93573097      17.2236286    0.0659306502    0.0567141342
  45     1      50               0      8.35692264      5.77768983      6.25310674      39.3064784     0.154318322    0.0981169058
          wgpu 1d 196g 232c x3w 21ms | egraph 56g->86v+0snap 28ms | graft 13 (-84n, 0 snap) cpu 0 | f64 20 | gen 0.3s | dropped inexpr 6 oversz 0 unbuild 0 {}
  46     0     100               0      3.57039485      3.33965563      4.93573097      17.2236286    0.0659306502    0.0567141342
  46     1      50               0      8.35692264      5.77768983      6.25310674      39.3064784     0.154318322    0.0981169058
          wgpu 1d 187g 237c x3w 7ms | egraph 65g->91v+0snap 46ms | graft 14 (-126n, 0 snap) cpu 0 | f64 20 | gen 0.3s | dropped inexpr 4 oversz 0 unbuild 0 {}
  47     0     100               0      3.57039485      3.33965563      4.93573097      17.2236286    0.0659306502    0.0567141342
  47     1      50               0      8.35692264      5.77768983      6.25310674      39.3064784     0.154318322    0.0981169058
          wgpu 1d 168g 222c x3w 7ms | egraph 50g->76v+0snap 39ms | graft 17 (-103n, 0 snap) cpu 0 | f64 20 | gen 0.3s | dropped inexpr 2 oversz 0 unbuild 0 {}
  48     0     100               0      3.57039485      3.33965563      4.93573097      17.2236286    0.0659306502    0.0567141342
  48     1      50               0      8.35692264      5.77768983      6.25310674      39.3064784     0.154318322    0.0981169058
          wgpu 1d 182g 231c x3w 6ms | egraph 57g->85v+0snap 38ms | graft 14 (-103n, 0 snap) cpu 0 | f64 20 | gen 0.4s | dropped inexpr 2 oversz 0 unbuild 0 {}
  49     0     100               0      3.57039485      3.33965563      4.93573097      17.2236286    0.0659306502    0.0567141342
  49     1      50               0      8.35692264      5.77768983      6.25310674      39.3064784     0.154318322    0.0981169058
          wgpu 1d 188g 237c x3w 5ms | egraph 56g->91v+0snap 47ms | graft 13 (-109n, 0 snap) cpu 0 | f64 20 | gen 0.3s | dropped inexpr 4 oversz 0 unbuild 0 {}
  50     0     100               0      3.57039485      3.33965563      4.93573097      17.2236286    0.0659306502    0.0567141342
  50     1      50               0      8.35692264      5.77768983      6.25310674      39.3064784     0.154318322    0.0981169058
          wgpu 1d 169g 225c x3w 10ms | egraph 49g->79v+0snap 47ms | graft 13 (-77n, 0 snap) cpu 0 | f64 20 | gen 0.3s | dropped inexpr 2 oversz 0 unbuild 0 {}
--------- pump migration: intra (promote-2 + intake-reset) ---------
  51     0     100               0      3.57039485      3.33965563      4.93573097      17.2236286    0.0659306502    0.0567141342
  51     1      50               0      8.35692264      5.77768983      6.25310674      39.3064784     0.154318322    0.0981169058
          wgpu 2d 290g 337c x3w 51ms | egraph 89g->111v+0snap 99ms | graft 26 (-172n, 0 snap) cpu 0 | f64 30 | gen 0.3s | dropped inexpr 2 oversz 0 unbuild 0 {}
  52     0     100               0      3.57039485      3.33965563      4.93573097      17.2236286    0.0659306502    0.0567141342
  52     1      50               0      8.35692264      5.77768983      6.25310674      39.3064784     0.154318322    0.0981169058
          wgpu 1d 159g 222c x3w 6ms | egraph 36g->76v+0snap 27ms | graft 22 (-184n, 0 snap) cpu 0 | f64 20 | gen 0.3s | dropped inexpr 1 oversz 0 unbuild 0 {}
  53     0     100               0      3.57039485      3.33965563      4.93573097      17.2236286    0.0659306502    0.0567141342
  53     1      50               0        3.880707      3.73475295      5.85451277       21.263005    0.0716608517    0.0634236891
          wgpu 1d 154g 207c x3w 20ms | egraph 45g->61v+0snap 48ms | graft 11 (-72n, 0 snap) cpu 0 | f64 20 | gen 0.3s
  54     0     100               0      3.57039485      3.33965563      4.93573097      17.2236286    0.0659306502    0.0567141342
  54     1      50               0        3.880707      3.73475295      5.85451277       21.263005    0.0716608517    0.0634236891
          wgpu 1d 183g 213c x3w 6ms | egraph 47g->67v+0snap 28ms | graft 17 (-90n, 0 snap) cpu 0 | f64 20 | gen 0.4s
  55     0     100               0      3.57039485      3.33965563      4.93573097      17.2236286    0.0659306502    0.0567141342
  55     1      50               0        3.880707      3.73475295      5.85451277       21.263005    0.0716608517    0.0634236891
          wgpu 1d 188g 231c x3w 6ms | egraph 66g->85v+0snap 30ms | graft 23 (-137n, 0 snap) cpu 0 | f64 20 | gen 0.3s
  56     0     100               0      3.57039485      3.33965563      4.93573097      17.2236286    0.0659306502    0.0567141342
  56     1      50               0        3.880707      3.73475295      5.85451277       21.263005    0.0716608517    0.0634236891
          wgpu 1d 175g 204c x3w 5ms | egraph 43g->58v+0snap 36ms | graft 10 (-59n, 0 snap) cpu 0 | f64 20 | gen 0.3s | dropped inexpr 1 oversz 0 unbuild 0 {}
  57     0     100               0      1.70360343      1.11127754      2.94328428      8.59627991    0.0314586163    0.0188717493
  57     1      50               0        3.880707      3.73475295      5.85451277       21.263005    0.0716608517    0.0634236891
          wgpu 1d 185g 209c x3w 19ms | egraph 54g->63v+0snap 55ms | graft 11 (-48n, 0 snap) cpu 0 | f64 20 | gen 0.4s | dropped inexpr 1 oversz 0 unbuild 0 {}
  58     0     100               0      1.70360343      1.11127754      2.94328428      8.59627991    0.0314586163    0.0188717493
  58     1      50               0        3.880707      3.73475295      5.85451277       21.263005    0.0716608517    0.0634236891
          wgpu 1d 165g 196c x3w 6ms | egraph 53g->50v+0snap 22ms | graft 10 (-45n, 0 snap) cpu 0 | f64 20 | gen 0.3s | dropped inexpr 1 oversz 0 unbuild 0 {}
  59     0     100               0      1.70360343      1.11127754      2.94328428      8.59627991    0.0314586163    0.0188717493
  59     1      50               0        3.880707      3.73475295      5.85451277       21.263005    0.0716608517    0.0634236891
          wgpu 1d 188g 197c x3w 6ms | egraph 61g->51v+0snap 34ms | graft 13 (-72n, 0 snap) cpu 0 | f64 20 | gen 0.3s | dropped inexpr 1 oversz 0 unbuild 0 {}
  60     0     100               0       1.7036034      1.11127764      2.94328429      8.59627862    0.0314586157     0.018871751
  60     1      50               0        3.880707      3.73475295      5.85451277       21.263005    0.0716608517    0.0634236891
          wgpu 1d 170g 191c x3w 5ms | egraph 54g->45v+0snap 24ms | graft 9 (-46n, 0 snap) cpu 0 | f64 20 | gen 0.3s
--------- pump migration: intra (promote-2 + intake-reset) + cross ---------
  61     0     100               0       1.7036034      1.11127764      2.94328429      8.59627862    0.0314586157     0.018871751
  61     1      50               0       1.7036034      1.11127764      2.94328429      8.59627862    0.0314586157     0.018871751
          wgpu 2d 359g 330c x3w 11ms | egraph 141g->104v+0snap 73ms | graft 22 (-162n, 0 snap) cpu 0 | f64 30 | gen 0.3s | dropped inexpr 5 oversz 0 unbuild 0 {}
  62     0     100               0       1.7036034      1.11127764      2.94328429      8.59627862    0.0314586157     0.018871751
  62     1      50               0      1.70360343      1.11127754      2.94328428      8.59627991    0.0314586163    0.0188717493
          wgpu 1d 203g 222c x3w 24ms | egraph 59g->76v+0snap 32ms | graft 17 (-84n, 0 snap) cpu 0 | f64 20 | gen 0.3s | dropped inexpr 2 oversz 0 unbuild 0 {}
  63     0     100               0       1.7036034      1.11127764      2.94328429      8.59627862    0.0314586157     0.018871751
  63     1      50               0      1.70360343      1.11127754      2.94328428      8.59627991    0.0314586163    0.0188717493
          wgpu 1d 190g 207c x3w 9ms | egraph 51g->61v+0snap 24ms | graft 16 (-71n, 0 snap) cpu 0 | f64 20 | gen 0.3s | dropped inexpr 1 oversz 0 unbuild 0 {}
  64     0     100               0       1.7036034      1.11127764      2.94328429      8.59627862    0.0314586157     0.018871751
  64     1      50               0      1.70360343      1.11127754      2.94328428      8.59627991    0.0314586163    0.0188717493
          wgpu 1d 169g 194c x3w 13ms | egraph 41g->48v+0snap 40ms | graft 12 (-59n, 0 snap) cpu 0 | f64 20 | gen 0.3s | dropped inexpr 1 oversz 0 unbuild 0 {}
  65     0     100               0       1.7036034      1.11127764      2.94328429      8.59627862    0.0314586157     0.018871751
  65     1      50               0      1.70360343      1.11127754      2.94328428      8.59627991    0.0314586163    0.0188717493
          wgpu 1d 176g 208c x3w 7ms | egraph 54g->62v+0snap 46ms | graft 11 (-47n, 0 snap) cpu 0 | f64 20 | gen 0.3s
  66     0     100               0       1.7036034      1.11127764      2.94328429      8.59627862    0.0314586157     0.018871751
  66     1      50               0      1.70360343      1.11127754      2.94328428      8.59627991    0.0314586163    0.0188717493
          wgpu 1d 167g 196c x3w 9ms | egraph 43g->50v+0snap 36ms | graft 11 (-51n, 0 snap) cpu 0 | f64 20 | gen 0.4s
  67     0     100               0      1.70360343      1.11127754      2.94328428      8.59627991    0.0314586163    0.0188717493
  67     1      50               0      1.70360343      1.11127754      2.94328428      8.59627991    0.0314586163    0.0188717493
          wgpu 1d 176g 208c x3w 6ms | egraph 41g->62v+0snap 23ms | graft 11 (-50n, 0 snap) cpu 0 | f64 20 | gen 0.3s
  68     0     100               0      1.70360343      1.11127754      2.94328428      8.59627991    0.0314586163    0.0188717493
  68     1      50               0      1.70360343      1.11127754      2.94328428      8.59627991    0.0314586163    0.0188717493
          wgpu 1d 155g 197c x3w 6ms | egraph 27g->51v+0snap 14ms | graft 10 (-53n, 0 snap) cpu 0 | f64 20 | gen 0.4s | dropped inexpr 1 oversz 0 unbuild 0 {}
  69     0     100               0      1.70360343      1.11127754      2.94328428      8.59627991    0.0314586163    0.0188717493
  69     1      50               0      1.70360343      1.11127754      2.94328428      8.59627991    0.0314586163    0.0188717493
          wgpu 1d 179g 205c x3w 6ms | egraph 34g->59v+0snap 36ms | graft 7 (-31n, 0 snap) cpu 0 | f64 20 | gen 0.3s
  70     0     100               0      1.70360343      1.11127754      2.94328428      8.59627991    0.0314586163    0.0188717493
  70     1      50               0      1.70360343      1.11127754      2.94328428      8.59627991    0.0314586163    0.0188717493
          wgpu 1d 199g 223c x3w 8ms | egraph 49g->77v+0snap 24ms | graft 14 (-82n, 0 snap) cpu 0 | f64 20 | gen 0.4s
--------- pump migration: intra (promote-2 + intake-reset) ---------
  71     0     100               0      1.70360343      1.11127754      2.94328428      8.59627991    0.0314586163    0.0188717493
  71     1      50               0      1.70360343      1.11127754      2.94328428      8.59627991    0.0314586163    0.0188717493
          wgpu 2d 349g 351c x3w 27ms | egraph 103g->125v+0snap 78ms | graft 21 (-146n, 0 snap) cpu 0 | f64 30 | gen 0.3s | dropped inexpr 2 oversz 0 unbuild 0 {}
  72     0     100               0      1.70360343      1.11127754      2.94328428      8.59627991    0.0314586163    0.0188717493
  72     1      50               0      1.70360343      1.11127754      2.94328428      8.59627991    0.0314586163    0.0188717493
          wgpu 1d 156g 193c x3w 5ms | egraph 36g->47v+0snap 35ms | graft 9 (-42n, 0 snap) cpu 0 | f64 20 | gen 0.3s
  73     0     100               0       1.7036034      1.11127764      2.94328429      8.59627862    0.0314586157     0.018871751
  73     1      50               0      1.70360343      1.11127754      2.94328428      8.59627991    0.0314586163    0.0188717493
          wgpu 1d 182g 217c x3w 5ms | egraph 41g->71v+0snap 25ms | graft 13 (-66n, 0 snap) cpu 0 | f64 20 | gen 0.3s
  74     0     100               0       1.7036034      1.11127764      2.94328429      8.59627862    0.0314586157     0.018871751
  74     1      50               0      1.70360343      1.11127754      2.94328428      8.59627991    0.0314586163    0.0188717493
          wgpu 1d 190g 214c x3w 15ms | egraph 44g->68v+0snap 20ms | graft 13 (-84n, 0 snap) cpu 0 | f64 20 | gen 0.3s
  75     0     100               0       1.7036034      1.11127764      2.94328429      8.59627862    0.0314586157     0.018871751
  75     1      50               0      1.70360343      1.11127754      2.94328428      8.59627991    0.0314586163    0.0188717493
          wgpu 1d 195g 218c x3w 6ms | egraph 45g->72v+0snap 34ms | graft 11 (-49n, 0 snap) cpu 0 | f64 20 | gen 0.4s | dropped inexpr 2 oversz 0 unbuild 0 {}
  76     0     100               0      1.70360343      1.11127754      2.94328428      8.59627991    0.0314586163    0.0188717493
  76     1      50               0      1.70360343      1.11127754      2.94328428      8.59627991    0.0314586163    0.0188717493
          wgpu 1d 177g 212c x3w 6ms | egraph 31g->66v+0snap 18ms | graft 14 (-89n, 0 snap) cpu 0 | f64 20 | gen 0.3s | dropped inexpr 1 oversz 0 unbuild 0 {}
  77     0     100               0      1.70360343      1.11127754      2.94328428      8.59627991    0.0314586163    0.0188717493
  77     1      50               0      1.70360343      1.11127754      2.94328428      8.59627991    0.0314586163    0.0188717493
          wgpu 1d 200g 214c x3w 12ms | egraph 43g->68v+0snap 32ms | graft 12 (-65n, 0 snap) cpu 0 | f64 20 | gen 0.4s | dropped inexpr 2 oversz 0 unbuild 0 {}
  78     0     100               0      1.70360343      1.11127754      2.94328428      8.59627991    0.0314586163    0.0188717493
  78     1      50               0      1.70360343      1.11127754      2.94328428      8.59627991    0.0314586163    0.0188717493
          wgpu 1d 192g 221c x3w 6ms | egraph 48g->75v+0snap 38ms | graft 22 (-118n, 0 snap) cpu 0 | f64 20 | gen 0.3s | dropped inexpr 1 oversz 0 unbuild 0 {}
  79     0     100               0      1.70360343      1.11127754      2.94328428      8.59627991    0.0314586163    0.0188717493
  79     1      50               0      1.70360343      1.11127754      2.94328428      8.59627991    0.0314586163    0.0188717493
          wgpu 1d 173g 201c x3w 5ms | egraph 40g->55v+0snap 19ms | graft 8 (-49n, 0 snap) cpu 0 | f64 20 | gen 0.3s
  80     0     100               0      1.70360343      1.11127754      2.94328428      8.59627991    0.0314586163    0.0188717493
  80     1      50               0      1.70360343      1.11127754      2.94328428      8.59627991    0.0314586163    0.0188717493
          wgpu 1d 166g 202c x3w 20ms | egraph 33g->56v+0snap 27ms | graft 10 (-61n, 0 snap) cpu 0 | f64 20 | gen 0.5s | dropped inexpr 2 oversz 0 unbuild 0 {}
--------- pump migration: intra (promote-2 + intake-reset) ---------
  81     0     100               0      1.70360343      1.11127754      2.94328428      8.59627991    0.0314586163    0.0188717493
  81     1      50               0      1.70360343      1.11127754      2.94328428      8.59627991    0.0314586163    0.0188717493
          wgpu 2d 371g 354c x3w 19ms | egraph 116g->128v+0snap 51ms | graft 20 (-107n, 0 snap) cpu 0 | f64 30 | gen 0.3s | dropped inexpr 2 oversz 0 unbuild 0 {}
  82     0     100               0      1.70360343      1.11127754      2.94328428      8.59627991    0.0314586163    0.0188717493
  82     1      50               0      1.70360343      1.11127754      2.94328428      8.59627991    0.0314586163    0.0188717493
          wgpu 1d 162g 198c x3w 5ms | egraph 40g->52v+0snap 25ms | graft 9 (-42n, 0 snap) cpu 0 | f64 20 | gen 0.3s | dropped inexpr 2 oversz 0 unbuild 0 {}
  83     0     100               0      1.70360343      1.11127754      2.94328428      8.59627991    0.0314586163    0.0188717493
  83     1      50               0      1.70360343      1.11127754      2.94328428      8.59627991    0.0314586163    0.0188717493
          wgpu 1d 200g 212c x3w 11ms | egraph 56g->66v+0snap 33ms | graft 13 (-60n, 0 snap) cpu 0 | f64 20 | gen 0.4s | dropped inexpr 2 oversz 0 unbuild 0 {}
  84     0     100               0      1.70360343      1.11127754      2.94328428      8.59627991    0.0314586163    0.0188717493
  84     1      50               0      1.70360343      1.11127754      2.94328428      8.59627991    0.0314586163    0.0188717493
          wgpu 1d 183g 204c x3w 28ms | egraph 57g->58v+0snap 22ms | graft 11 (-50n, 0 snap) cpu 0 | f64 20 | gen 0.3s | dropped inexpr 1 oversz 0 unbuild 0 {}
  85     0     100               0      1.70360343      1.11127754      2.94328428      8.59627991    0.0314586163    0.0188717493
  85     1      50               0      1.70360343      1.11127754      2.94328428      8.59627991    0.0314586163    0.0188717493
          wgpu 1d 157g 197c x3w 31ms | egraph 26g->51v+0snap 24ms | graft 19 (-102n, 0 snap) cpu 0 | f64 20 | gen 0.3s
  86     0     100               0      1.70360343      1.11127754      2.94328428      8.59627991    0.0314586163    0.0188717493
  86     1      50               0      1.70360343      1.11127754      2.94328428      8.59627991    0.0314586163    0.0188717493
          wgpu 1d 185g 206c x3w 5ms | egraph 47g->60v+0snap 39ms | graft 11 (-75n, 0 snap) cpu 0 | f64 20 | gen 0.5s | dropped inexpr 1 oversz 0 unbuild 0 {}
  87     0     100               0      1.70360343      1.11127754      2.94328428      8.59627991    0.0314586163    0.0188717493
  87     1      50               0      1.70360343      1.11127754      2.94328428      8.59627991    0.0314586163    0.0188717493
          wgpu 1d 177g 215c x3w 5ms | egraph 33g->69v+0snap 19ms | graft 13 (-60n, 0 snap) cpu 0 | f64 20 | gen 0.3s
  88     0     100               0      1.70360343      1.11127754      2.94328428      8.59627991    0.0314586163    0.0188717493
  88     1      50               0      1.70360343      1.11127754      2.94328428      8.59627991    0.0314586163    0.0188717493
          wgpu 1d 173g 199c x3w 5ms | egraph 35g->53v+0snap 33ms | graft 10 (-44n, 0 snap) cpu 0 | f64 20 | gen 0.4s
  89     0     100               0      1.70360343      1.11127754      2.94328428      8.59627991    0.0314586163    0.0188717493
  89     1      50               0      1.70360343      1.11127754      2.94328428      8.59627991    0.0314586163    0.0188717493
          wgpu 1d 181g 218c x3w 23ms | egraph 33g->72v+0snap 19ms | graft 11 (-61n, 0 snap) cpu 0 | f64 20 | gen 0.3s | dropped inexpr 1 oversz 0 unbuild 0 {}
  90     0     100               0       1.7036034      1.11127764      2.94328429      8.59627862    0.0314586157     0.018871751
  90     1      50               0      1.70360343      1.11127754      2.94328428      8.59627991    0.0314586163    0.0188717493
          wgpu 1d 177g 209c x3w 6ms | egraph 46g->63v+0snap 20ms | graft 13 (-101n, 0 snap) cpu 0 | f64 20 | gen 0.5s | dropped inexpr 1 oversz 0 unbuild 0 {}
--------- pump migration: intra (promote-2 + intake-reset) + cross ---------
  91     0     100               0       1.7036034      1.11127764      2.94328429      8.59627862    0.0314586157     0.018871751
  91     1      50               0      1.70360343      1.11127754      2.94328428      8.59627991    0.0314586163    0.0188717493
          wgpu 2d 355g 356c x3w 24ms | egraph 113g->130v+0snap 71ms | graft 23 (-142n, 0 snap) cpu 0 | f64 30 | gen 0.6s | dropped inexpr 10 oversz 0 unbuild 0 {}
  92     0     100               0       1.7036034      1.11127764      2.94328429      8.59627862    0.0314586157     0.018871751
  92     1      50               0      1.70360343      1.11127754      2.94328428      8.59627991    0.0314586163    0.0188717493
          wgpu 1d 175g 211c x3w 5ms | egraph 43g->65v+0snap 19ms | graft 10 (-68n, 0 snap) cpu 0 | f64 20 | gen 0.3s | dropped inexpr 6 oversz 0 unbuild 0 {}
  93     0     100               0       1.7036034      1.11127764      2.94328429      8.59627862    0.0314586157     0.018871751
  93     1      50               0      1.70360343      1.11127754      2.94328428      8.59627991    0.0314586163    0.0188717493
          wgpu 1d 190g 208c x3w 6ms | egraph 52g->62v+0snap 25ms | graft 9 (-37n, 0 snap) cpu 0 | f64 20 | gen 0.3s | dropped inexpr 4 oversz 0 unbuild 0 {}
  94     0     100               0     0.214237293     0.183157173      1.21068529     0.439182843   0.00395609019   0.00311038072
  94     1      50               0      1.70360343      1.11127754      2.94328428      8.59627991    0.0314586163    0.0188717493
          wgpu 1d 173g 199c x3w 22ms | egraph 42g->53v+0snap 17ms | graft 11 (-45n, 0 snap) cpu 0 | f64 20 | gen 0.3s | dropped inexpr 2 oversz 0 unbuild 0 {}
  95     0     100               0     0.214237293     0.183157173      1.21068529     0.439182843   0.00395609019   0.00311038072
  95     1      50               0      1.70360343      1.11127754      2.94328428      8.59627991    0.0314586163    0.0188717493
          wgpu 1d 169g 197c x3w 10ms | egraph 53g->51v+0snap 46ms | graft 7 (-22n, 0 snap) cpu 0 | f64 20 | gen 0.4s | dropped inexpr 3 oversz 0 unbuild 0 {}
  96     0     100               0     0.214237293     0.183157173      1.21068529     0.439182843   0.00395609019   0.00311038072
  96     1      50               0      1.70360343      1.11127754      2.94328428      8.59627991    0.0314586163    0.0188717493
          wgpu 1d 187g 217c x3w 5ms | egraph 64g->71v+0snap 33ms | graft 11 (-51n, 0 snap) cpu 0 | f64 20 | gen 0.3s | dropped inexpr 5 oversz 0 unbuild 0 {}
  97     0     100               0     0.214237293     0.183157173      1.21068529     0.439182843   0.00395609019   0.00311038072
  97     1      50               0      1.70360343      1.11127754      2.94328428      8.59627991    0.0314586163    0.0188717493
          wgpu 1d 179g 211c x3w 5ms | egraph 59g->65v+0snap 19ms | graft 10 (-42n, 0 snap) cpu 0 | f64 20 | gen 0.3s | dropped inexpr 10 oversz 0 unbuild 0 {}
  98     0     100               0     0.214237293     0.183157173      1.21068529     0.439182843   0.00395609019   0.00311038072
  98     1      50               0      1.70360343      1.11127754      2.94328428      8.59627991    0.0314586163    0.0188717493
          wgpu 1d 211g 235c x3w 6ms | egraph 63g->89v+0snap 74ms | graft 11 (-47n, 0 snap) cpu 0 | f64 20 | gen 0.4s | dropped inexpr 15 oversz 0 unbuild 0 {}
  99     0     100               0     0.214237293     0.183157173      1.21068529     0.439182843   0.00395609019   0.00311038072
  99     1      50               0      1.70360343      1.11127754      2.94328428      8.59627991    0.0314586163    0.0188717493
          wgpu 1d 185g 221c x3w 5ms | egraph 54g->75v+0snap 35ms | graft 12 (-94n, 0 snap) cpu 0 | f64 20 | gen 0.4s | dropped inexpr 6 oversz 0 unbuild 0 {}
 100     0     100               0     0.214237293     0.183157173      1.21068529     0.439182843   0.00395609019   0.00311038072
 100     1      50               0      1.70360343      1.11127754      2.94328428      8.59627991    0.0314586163    0.0188717493
          wgpu 1d 203g 243c x3w 6ms | egraph 66g->97v+0snap 28ms | graft 7 (-44n, 0 snap) cpu 0 | f64 20 | gen 0.3s | dropped inexpr 11 oversz 0 unbuild 0 {}
--------- pump migration: intra (promote-2 + intake-reset) ---------
 101     0     100               0     0.214237293     0.183157173      1.21068529     0.439182843   0.00395609019   0.00311038072
 101     1      50               0     0.214237293     0.183157173      1.21068529     0.439182843   0.00395609019   0.00311038072
          wgpu 2d 308g 326c x3w 16ms | egraph 104g->100v+0snap 62ms | graft 20 (-72n, 0 snap) cpu 0 | f64 30 | gen 0.2s | dropped inexpr 10 oversz 0 unbuild 0 {}
 102     0     100               0     0.214237293     0.183157173      1.21068529     0.439182843   0.00395609019   0.00311038072
 102     1      50               0     0.214237293     0.183157173      1.21068529     0.439182843   0.00395609019   0.00311038072
          wgpu 1d 171g 195c x3w 18ms | egraph 43g->49v+0snap 33ms | graft 7 (-19n, 0 snap) cpu 0 | f64 20 | gen 0.3s | dropped inexpr 6 oversz 0 unbuild 0 {}
 103     0     100               0     0.214237293     0.183157173      1.21068529     0.439182843   0.00395609019   0.00311038072
 103     1      50               0     0.214237293     0.183157173      1.21068529     0.439182843   0.00395609019   0.00311038072
          wgpu 1d 167g 203c x3w 5ms | egraph 43g->57v+0snap 19ms | graft 8 (-50n, 0 snap) cpu 0 | f64 20 | gen 0.3s | dropped inexpr 5 oversz 0 unbuild 0 {}
 104     0     100               0     0.214237293     0.183157173      1.21068529     0.439182843   0.00395609019   0.00311038072
 104     1      50               0     0.214237293     0.183157173      1.21068529     0.439182843   0.00395609019   0.00311038072
          wgpu 1d 168g 217c x3w 5ms | egraph 46g->71v+0snap 51ms | graft 5 (-12n, 0 snap) cpu 0 | f64 20 | gen 0.4s | dropped inexpr 8 oversz 0 unbuild 0 {}
 105     0     100               0     0.214237293     0.183157173      1.21068529     0.439182843   0.00395609019   0.00311038072
 105     1      50               0     0.214237293     0.183157173      1.21068529     0.439182843   0.00395609019   0.00311038072
          wgpu 1d 151g 201c x3w 5ms | egraph 32g->55v+0snap 38ms | graft 7 (-31n, 0 snap) cpu 0 | f64 20 | gen 0.3s | dropped inexpr 6 oversz 0 unbuild 0 {}
 106     0     100               0     0.214237293     0.183157173      1.21068529     0.439182843   0.00395609019   0.00311038072
 106     1      50               0     0.214237293     0.183157173      1.21068529     0.439182843   0.00395609019   0.00311038072
          wgpu 1d 192g 210c x3w 6ms | egraph 47g->64v+0snap 23ms | graft 3 (-8n, 0 snap) cpu 0 | f64 20 | gen 0.2s | dropped inexpr 11 oversz 0 unbuild 0 {}
 107     0     100               0     0.214237293     0.183157173      1.21068529     0.439182843   0.00395609019   0.00311038072
 107     1      50               0     0.214237293     0.183157173      1.21068529     0.439182843   0.00395609019   0.00311038072
          wgpu 1d 146g 191c x3w 6ms | egraph 35g->45v+0snap 32ms | graft 4 (-14n, 0 snap) cpu 0 | f64 20 | gen 0.3s | dropped inexpr 6 oversz 0 unbuild 0 {}
 108     0     100               0     0.214237293     0.183157173      1.21068529     0.439182843   0.00395609019   0.00311038072
 108     1      50               0     0.214237293     0.183157173      1.21068529     0.439182843   0.00395609019   0.00311038072
          wgpu 1d 195g 220c x3w 5ms | egraph 45g->74v+0snap 23ms | graft 11 (-42n, 0 snap) cpu 0 | f64 20 | gen 0.2s | dropped inexpr 9 oversz 0 unbuild 0 {}
 109     0     100               0     0.214237293     0.183157173      1.21068529     0.439182843   0.00395609019   0.00311038072
 109     1      50               0     0.214237293     0.183157173      1.21068529     0.439182843   0.00395609019   0.00311038072
          wgpu 1d 157g 204c x3w 5ms | egraph 39g->58v+0snap 37ms | graft 11 (-58n, 0 snap) cpu 0 | f64 20 | gen 0.5s | dropped inexpr 8 oversz 0 unbuild 0 {}
 110     0     100               0     0.214237293     0.183157173      1.21068529     0.439182843   0.00395609019   0.00311038072
 110     1      50               0     0.214237293     0.183157173      1.21068529     0.439182843   0.00395609019   0.00311038072
          wgpu 1d 166g 202c x3w 5ms | egraph 42g->56v+0snap 15ms | graft 8 (-28n, 0 snap) cpu 0 | f64 20 | gen 0.2s | dropped inexpr 4 oversz 0 unbuild 0 {}
--------- pump migration: intra (promote-2 + intake-reset) ---------
 111     0     100               0     0.214237293     0.183157173      1.21068529     0.439182843   0.00395609019   0.00311038072
 111     1      50               0     0.214237293     0.183157173      1.21068529     0.439182843   0.00395609019   0.00311038072
          wgpu 2d 393g 423c x3w 27ms | egraph 135g->197v+0snap 68ms | graft 22 (-120n, 0 snap) cpu 0 | f64 30 | gen 0.4s | dropped inexpr 10 oversz 0 unbuild 0 {}
 112     0     100               0     0.123235645    0.0993690567     0.797010785     0.665980093   0.00227566042   0.00168748837
 112     1      50               0     0.214237293     0.183157173      1.21068529     0.439182843   0.00395609019   0.00311038072
          wgpu 1d 173g 230c x3w 11ms | egraph 39g->84v+0snap 35ms | graft 6 (-19n, 0 snap) cpu 0 | f64 20 | gen 0.3s | dropped inexpr 5 oversz 0 unbuild 0 {}
 113     0     100               0     0.214237293     0.183157173      1.21068529     0.439182843   0.00395609019   0.00311038072
 113     1      50               0     0.214237293     0.183157173      1.21068529     0.439182843   0.00395609019   0.00311038072
          wgpu 1d 219g 254c x3w 5ms | egraph 70g->108v+0snap 32ms | graft 12 (-53n, 0 snap) cpu 0 | f64 20 | gen 0.3s | dropped inexpr 9 oversz 0 unbuild 0 {}
 114     0     100               0     0.123235645    0.0993690567     0.797010785     0.665980093   0.00227566042   0.00168748837
 114     1      50               0     0.214237293     0.183157173      1.21068529     0.439182843   0.00395609019   0.00311038072
          wgpu 1d 261g 280c x3w 6ms | egraph 72g->134v+0snap 28ms | graft 17 (-77n, 0 snap) cpu 0 | f64 20 | gen 0.6s | dropped inexpr 7 oversz 0 unbuild 0 {}
 115     0     100               0     0.123235645    0.0993690567     0.797010785     0.665980093   0.00227566042   0.00168748837
 115     1      50               0     0.214237293     0.183157173      1.21068529     0.439182843   0.00395609019   0.00311038072
          wgpu 1d 285g 309c x3w 15ms | egraph 92g->163v+0snap 33ms | graft 18 (-87n, 0 snap) cpu 0 | f64 20 | gen 0.3s | dropped inexpr 6 oversz 0 unbuild 0 {}
 116     0     100               0     0.123235645    0.0993690567     0.797010785     0.665980093   0.00227566042   0.00168748837
 116     1      50               0     0.214237293     0.183157173      1.21068529     0.439182843   0.00395609019   0.00311038072
          wgpu 1d 284g 327c x3w 9ms | egraph 70g->181v+0snap 32ms | graft 21 (-111n, 0 snap) cpu 0 | f64 20 | gen 0.3s | dropped inexpr 6 oversz 0 unbuild 0 {}
 117     0     100               0     0.123235645    0.0993690567     0.797010785     0.665980093   0.00227566042   0.00168748837
 117     1      50               0     0.214237293     0.183157173      1.21068529     0.439182843   0.00395609019   0.00311038072
          wgpu 1d 258g 314c x3w 6ms | egraph 74g->168v+0snap 29ms | graft 18 (-79n, 0 snap) cpu 0 | f64 20 | gen 0.3s | dropped inexpr 6 oversz 0 unbuild 0 {}
 118     0     100               0     0.123235645    0.0993690567     0.797010785     0.665980093   0.00227566042   0.00168748837
 118     1      50               0     0.214237293     0.183157173      1.21068529     0.439182843   0.00395609019   0.00311038072
          wgpu 1d 268g 292c x3w 7ms | egraph 67g->146v+0snap 39ms | graft 18 (-81n, 0 snap) cpu 0 | f64 20 | gen 0.5s | dropped inexpr 1 oversz 0 unbuild 0 {}
 119     0     100               0     0.123235645    0.0993690567     0.797010785     0.665980093   0.00227566042   0.00168748837
 119     1      50               0     0.214237293     0.183157173      1.21068529     0.439182843   0.00395609019   0.00311038072
          wgpu 1d 277g 298c x3w 6ms | egraph 70g->152v+0snap 26ms | graft 13 (-63n, 0 snap) cpu 0 | f64 20 | gen 0.4s | dropped inexpr 3 oversz 0 unbuild 0 {}
 120     0     100               0     0.123235645    0.0993690567     0.797010785     0.665980093   0.00227566042   0.00168748837
 120     1      50               0     0.214237293     0.183157173      1.21068529     0.439182843   0.00395609019   0.00311038072
          wgpu 1d 242g 294c x3w 13ms | egraph 58g->148v+0snap 26ms | graft 13 (-64n, 0 snap) cpu 0 | f64 20 | gen 0.3s | dropped inexpr 6 oversz 0 unbuild 0 {}
--------- pump migration: intra (promote-2 + intake-reset) + cross ---------
 121     0     100               0     0.123235645    0.0993690567     0.797010785     0.665980093   0.00227566042   0.00168748837
 121     1      50               0     0.214237293     0.183157173      1.21068529     0.439182843   0.00395609019   0.00311038072
          wgpu 2d 422g 460c x3w 19ms | egraph 120g->234v+0snap 55ms | graft 24 (-124n, 0 snap) cpu 0 | f64 30 | gen 0.4s | dropped inexpr 10 oversz 0 unbuild 0 {}
 122     0     100               0      22.6238319       21.458649      14.1887736      775.441953     0.417770025     0.364411435
 122     1      50               0     0.214237293     0.183157173      1.21068529     0.439182843   0.00395609019   0.00311038072
          wgpu 1d 258g 287c x3w 25ms | egraph 47g->141v+0snap 25ms | graft 16 (-69n, 0 snap) cpu 0 | f64 20 | gen 0.3s | dropped inexpr 4 oversz 0 unbuild 0 {}
 123     0     100               0      22.6238319       21.458649      14.1887736      775.441953     0.417770025     0.364411435
 123     1      50               0     0.214237293     0.183157173      1.21068529     0.439182843   0.00395609019   0.00311038072
          wgpu 1d 188g 226c x3w 5ms | egraph 48g->80v+0snap 16ms | graft 7 (-25n, 0 snap) cpu 0 | f64 20 | gen 0.3s | dropped inexpr 2 oversz 0 unbuild 0 {}
 124     0     100               0      22.6238319       21.458649      14.1887736      775.441953     0.417770025     0.364411435
 124     1      50               0     0.214237335     0.183157188      1.21068511     0.439182297   0.00395609096   0.00311038098
          wgpu 1d 141g 208c x3w 4ms | egraph 30g->62v+0snap 11ms | graft 5 (-27n, 0 snap) cpu 0 | f64 20 | gen 0.2s | dropped inexpr 2 oversz 0 unbuild 0 {}
 125     0     100               0    0.0857268241    0.0800584456     0.795242179     0.894791073   0.00158302527   0.00135955498
 125     1      50               0     0.214237293     0.183157173      1.21068529     0.439182843   0.00395609019   0.00311038072
          wgpu 1d 126g 177c x3w 4ms | egraph 24g->31v+0snap 21ms | graft 4 (-11n, 0 snap) cpu 0 | f64 20 | gen 0.2s
 126     0     100               0      22.6238319       21.458649      14.1887736      775.441953     0.417770025     0.364411435
 126     1      50               0     0.214237293     0.183157173      1.21068529     0.439182843   0.00395609019   0.00311038072
          wgpu 1d 189g 230c x3w 9ms | egraph 45g->84v+0snap 20ms | graft 8 (-35n, 0 snap) cpu 0 | f64 20 | gen 0.3s | dropped inexpr 4 oversz 0 unbuild 0 {}
 127     0     100               0    0.0857268241    0.0800584456     0.795242179     0.894791073   0.00158302527   0.00135955498
 127     1      50               0     0.214237293     0.183157173      1.21068529     0.439182843   0.00395609019   0.00311038072
          wgpu 1d 186g 243c x3w 9ms | egraph 40g->97v+0snap 17ms | graft 6 (-40n, 0 snap) cpu 0 | f64 20 | gen 0.4s | dropped inexpr 2 oversz 0 unbuild 0 {}
 128     0     100               0      22.6238319       21.458649      14.1887736      775.441953     0.417770025     0.364411435
 128     1      50               0     0.214237293     0.183157173      1.21068529     0.439182843   0.00395609019   0.00311038072
          wgpu 1d 163g 225c x3w 5ms | egraph 37g->79v+0snap 14ms | graft 9 (-47n, 0 snap) cpu 0 | f64 20 | gen 0.3s | dropped inexpr 1 oversz 0 unbuild 0 {}
 129     0     100               0      22.6238319       21.458649      14.1887736      775.441953     0.417770025     0.364411435
 129     1      50               0     0.214237293     0.183157173      1.21068529     0.439182843   0.00395609019   0.00311038072
          wgpu 1d 169g 221c x3w 4ms | egraph 33g->75v+0snap 16ms | graft 10 (-36n, 0 snap) cpu 0 | f64 20 | gen 0.2s
 130     0     100               0      22.6238319       21.458649      14.1887736      775.441953     0.417770025     0.364411435
 130     1      50               0     0.214237293     0.183157173      1.21068529     0.439182843   0.00395609019   0.00311038072
          wgpu 1d 154g 219c x3w 4ms | egraph 32g->73v+0snap 16ms | graft 10 (-55n, 0 snap) cpu 0 | f64 20 | gen 0.2s | dropped inexpr 2 oversz 0 unbuild 0 {}
--------- pump migration: intra (promote-2 + intake-reset) ---------
 131     0     100               0      22.6238319       21.458649      14.1887736      775.441953     0.417770025     0.364411435
 131     1      50               0     0.214237293     0.183157173      1.21068529     0.439182843   0.00395609019   0.00311038072
          wgpu 2d 409g 414c x3w 10ms | egraph 132g->188v+0snap 63ms | graft 24 (-109n, 0 snap) cpu 0 | f64 30 | gen 0.3s | dropped inexpr 4 oversz 0 unbuild 0 {}
 132     0     100               0      22.6238319       21.458649      14.1887736      775.441953     0.417770025     0.364411435
 132     1      50               0     0.214237293     0.183157173      1.21068529     0.439182843   0.00395609019   0.00311038072
          wgpu 1d 169g 212c x3w 4ms | egraph 43g->66v+0snap 18ms | graft 4 (-15n, 0 snap) cpu 0 | f64 20 | gen 0.2s | dropped inexpr 2 oversz 0 unbuild 0 {}
 133     0     100               0      22.6238319       21.458649      14.1887736      775.441953     0.417770025     0.364411435
 133     1      50               0     0.214237293     0.183157173      1.21068529     0.439182843   0.00395609019   0.00311038072
          wgpu 1d 156g 218c x3w 4ms | egraph 41g->72v+0snap 28ms | graft 10 (-35n, 0 snap) cpu 0 | f64 20 | gen 0.2s | dropped inexpr 1 oversz 0 unbuild 0 {}
 134     0     100               0      22.6238319       21.458649      14.1887736      775.441953     0.417770025     0.364411435
 134     1      50               0     0.214237293     0.183157173      1.21068529     0.439182843   0.00395609019   0.00311038072
          wgpu 1d 164g 208c x3w 4ms | egraph 46g->62v+0snap 22ms | graft 3 (-13n, 0 snap) cpu 0 | f64 20 | gen 0.3s | dropped inexpr 2 oversz 0 unbuild 0 {}
 135     0     100               0      22.6238319       21.458649      14.1887736      775.441953     0.417770025     0.364411435
 135     1      50               0     0.214237293     0.183157173      1.21068529     0.439182843   0.00395609019   0.00311038072
          wgpu 1d 177g 229c x3w 16ms | egraph 55g->83v+0snap 19ms | graft 5 (-16n, 0 snap) cpu 0 | f64 20 | gen 0.3s
 136     0     100               0      22.6238319       21.458649      14.1887736      775.441953     0.417770025     0.364411435
 136     1      50               0     0.214237293     0.183157173      1.21068529     0.439182843   0.00395609019   0.00311038072
          wgpu 1d 187g 252c x3w 5ms | egraph 53g->106v+0snap 20ms | graft 11 (-44n, 0 snap) cpu 0 | f64 20 | gen 0.2s | dropped inexpr 3 oversz 0 unbuild 0 {}
 137     0     100               0    0.0761227105    0.0599096182     0.576502365     0.832491959   0.00140567641   0.00101738697
 137     1      50               0     0.214237293     0.183157173      1.21068529     0.439182843   0.00395609019   0.00311038072
          wgpu 1d 178g 233c x3w 5ms | egraph 48g->87v+0snap 16ms | graft 6 (-28n, 0 snap) cpu 0 | f64 20 | gen 0.2s | dropped inexpr 1 oversz 0 unbuild 0 {}
 138     0     100               0  2.72291928e-30  2.63137497e-30  5.32907052e-15  4.53994266e-30  5.02812284e-32  4.46860904e-32
 138     1      50               0     0.214237293     0.183157173      1.21068529     0.439182843   0.00395609019   0.00311038072
          wgpu 1d 224g 284c x3w 5ms | egraph 76g->138v+0snap 24ms | graft 9 (-33n, 0 snap) cpu 0 | f64 20 | gen 0.3s | dropped inexpr 3 oversz 0 unbuild 0 {}

*** Early stop at generation 138: best val_R² = 1.0000000000 ≥ 0.9999999990, holdout_R² = 1.0000000000 confirmed

This sub-run: 2026-09-19 06:45:22.842022 → 2026-09-19 06:46:07.076673
Now at generation 138 (HOF size: 31)
[join] 152 dispatches, 26,279 genes, 102,948 candidates scored in 1.36s GPU+host; e-graph 7,333 trees -> 12,978 variants + 0 snaps in 4.58s; 1,465 grafts (0 snap), 7,954 nodes removed; cpu-path individuals 0, f64-rejected 0, snaps refused for naming an input 0
[join]   inexpressible:    408  no pset token for semantic id "pow" with arity 2
  HFF-chosen LSM kept: a=3, b=-6
Chromosome wrapper: id=0  →  identity
hof[0] runtime val: mse=2.631e-30  R²=1.000000
Pre-snap expression (after sympify + LSM compose):
  1.0*r*sin(theta)*Abs(F) + 8.88178419700125e-16

Per-level snap results (before MSE scoring):
  strict      →  F*r*sin(theta)
  default     →  F*r*sin(theta)
  aggressive  →  F*r*sin(theta)

Snap-level comparison (sorted by holdout MSE, lowest first)
------------------------------------------------------------------------------------------
  level       MSE            R²         expression                                        
------------------------------------------------------------------------------------------
★ strict      7.299e-31      1.0000     F*r*sin(theta)                                    
  default     7.299e-31      1.0000     F*r*sin(theta)                                    
  aggressive  7.299e-31      1.0000     F*r*sin(theta)                                    

Winning snap level: 'strict'  →  F*r*sin(theta)

Canonical discovered expression: F*r*sin(theta)
[38;2;0;50;255m
############################################################ [38;2;255;255;255m
[38;2;0;50;255m Equation Recovery: I_18_12 [38;2;255;255;255m
[38;2;0;50;255m Truth: r*F*sin(theta) [38;2;255;255;255m
[38;2;0;50;255m [38;2;255;255;255m
[38;2;255;0;255m     Exact recovery     : True [38;2;255;255;255m
[38;2;255;0;255m     Numerical recovery : True (max rel_err 0.00e+00 on 10k samples) [38;2;255;255;255m
[38;2;255;0;255m     Discovered         : F*r*sin(theta) [38;2;255;255;255m
[38;2;255;0;255m     LSM (a, b)         : (3, -6) [38;2;255;255;255m
[38;2;0;50;255m
############################################################ [38;2;255;255;255m
In-range holdout : MSE=2.515e-30  MAE=1.201e-15  R²=1.0000
Extrapolation    : MSE=4.54e-30  MAE=1.371e-15  R²=1.0000

Top 10 HOF models (north_pole=truenorth) (★ = Pareto-optimal)
(deduped HOF: 17 unique chromosomes from 31 raw HOF entries)
 ----------------------------------------------------------------------------------------------------------------
       model     wrapper      length   train_mse     val_mse     max_err    train_r2      val_r2 angular_distance
 ----------------------------------------------------------------------------------------------------------------
★           0    identity          23      0.0000      0.0000      0.0000      1.0000      1.0000      0.0000
            1    identity          21      1.7036      1.1113      2.9433      0.9685      0.9811      0.1605
            3    identity          21      1.7036      1.1113      2.9433      0.9685      0.9811      0.1605
           14    identity          21      3.6637      3.3072      4.8875      0.9323      0.9438      0.3051
           13    identity          21      3.6637      3.3072      4.8875      0.9323      0.9438      0.3051
           10    identity          21      3.5704      3.3397      4.9357      0.9341      0.9433      0.3057
            8    identity          21      3.5704      3.3397      4.9357      0.9341      0.9433      0.3057
           11    identity          21      3.5704      3.3397      4.9357      0.9341      0.9433      0.3057
           18    identity          15      4.3443      3.5265      5.5248      0.9198      0.9401      0.3450
           15    identity          15      4.3443      3.5265      5.5248      0.9198      0.9401      0.3450

Pareto-optimal in top 10: 1    Pareto-optimal in full HOF: 1 / 17

Recovery sweep across 12/17 unique HOF chromosomes (capped):
  Structural / exact     : 1/12  (8.3%)
  Numerical (≤1e-6 err)  : 1/12  (8.3%)
{
    "date": "2026/09/19",
    "seed": "5",
    "task": "equation_recovery",
    "north_pole_method": "truenorth",
    "hff_include_val": true,
    "problem": "I_18_12",
    "truth_expr": "r*F*sin(theta)",
    "final_terminal_inputs": [
        "r",
        "F",
        "theta"
    ],
    "wide_primitives": true,
    "head_length": "48",
    "n_genes": "3",
    "rnc_array_length": "10",
    "tournament size": "intake=8, champion=5",
    "population size": "150",
    "population per island": "intake=100, champion=50",
    "gpu_join": true,
    "eclass_k": 8,
    "number of elites": "2",
    "number of generations": "400",
    "number of islands": "2",
    "migration FREQ": "30",
    "wrapper_id": 0,
    "wrapper_name": "identity",
    "recovery_exact": true,
    "recovery_numerical": true,
    "recovery_max_rel_err": 0.0,
    "discovered_expr": "F*r*sin(theta)",
    "holdout_mse": 2.5151922849968155e-30,
    "holdout_r2": 1.0,
    "extrap_mse": 4.5399426577955325e-30,
    "extrap_r2": 1.0,
    "hof_size": 17,
    "hof_exact_recoveries": 1,
    "hof_numerical_recoveries": 1
}
