/opt/anaconda3/lib/python3.12/site-packages/geppy/__init__.py:26: UserWarning: pkg_resources is deprecated as an API. See https://setuptools.pypa.io/en/latest/pkg_resources.html. The pkg_resources package is slated for removal as early as 2025-11-30. Refrain from using this package or pin to Setuptools<81.
  from pkg_resources import get_distribution, DistributionNotFound
hff library OK (test fitness: (0.1415394733244273,))
registry: ['circle_area', 'gravity', 'coulomb', 'pendulum', 'keplers3', 'ideal_gas', 'I_6_2a', 'I_6_2', 'I_6_2b', 'I_8_14', 'I_9_18', 'I_10_7', 'I_11_19', 'I_12_1', 'I_12_2', 'I_12_4', 'I_12_5', 'I_12_11', 'I_13_4', 'I_13_12', 'I_14_3', 'I_14_4', 'I_15_3x', 'I_15_3t', 'I_15_1', 'I_16_6', 'I_18_4', 'I_18_12', 'I_18_14', 'I_24_6', 'I_25_13', 'I_26_2', 'I_27_6', 'I_29_4', 'I_29_16', 'I_30_3', 'I_30_5', 'I_32_5', 'I_32_17', 'I_34_8', 'I_34_1', 'I_34_14', 'I_34_27', 'I_37_4', 'I_38_12', 'I_39_1', 'I_39_11', 'I_39_22', 'I_40_1', 'I_41_16', 'I_43_16', 'I_43_31', 'I_43_43', 'I_44_4', 'I_47_23', 'I_48_2', 'I_50_26', 'II_2_42', 'II_3_24', 'II_4_23', 'II_6_11', 'II_6_15a', 'II_6_15b', 'II_8_7', 'II_8_31', 'II_10_9', 'II_11_3', 'II_11_17', 'II_11_20', 'II_11_27', 'II_11_28', 'II_13_17', 'II_13_23', 'II_13_34', 'II_15_4', 'II_15_5', 'II_21_32', 'II_24_17', 'II_27_16', 'II_27_18', 'II_34_2a', 'II_34_2', 'II_34_11', 'II_34_29a', 'II_34_29b', 'II_35_18', 'II_35_21', 'II_36_38', 'II_37_1', 'II_38_3', 'II_38_14', 'III_4_32', 'III_4_33', 'III_7_38', 'III_8_54', 'III_9_52', 'III_10_19', 'III_12_43', 'III_13_18', 'III_14_14', 'III_15_12', 'III_15_14', 'III_15_27', 'III_17_37', 'III_19_51', 'III_21_20', 'test_1', 'test_2', 'test_3', 'test_4', 'test_5', 'test_6', 'test_7', 'test_8', 'test_9', 'test_10', 'test_11', 'test_12', 'test_13', 'test_14', 'test_15', 'test_16', 'test_17', 'test_18', 'test_19', 'test_20']
[feynman override] head_length=48 (keep n_genes=3, avgval linker)
Selected problem: III_15_27
  Description : Feynman I-III III.15.27: k = 2*pi*alpha/(n*d)
  Variables   : ['alpha', 'n', 'd']
  Train range : {'alpha': (1.0, 5.0), 'n': (1.0, 5.0), 'd': (1.0, 5.0)}
  Extrap range: {'alpha': (1.0, 7.5), 'n': (1.0, 7.5), 'd': (1.0, 7.5)}
  Truth       : 2*pi*alpha/(n*d)
  ✓ cache hit  (data/equations/III_15_27, key=1b1b2124fa460bc5)
  train           (800, 4)  target range=[0.3098, 21.98]
  val             (200, 4)  target range=[0.3102, 18.63]
  holdout         (200, 4)  target range=[0.3907, 18.03]
  extrapolation   (200, 4)  target range=[0.1719, 12.39]
  saved figure → data/figures/III_15_27/eda_pairplot.png
Wide primitive set enabled: sin, cos, exp, log added.
[E22 rules] variable pattern tags: {'no_pattern'}
[E22/23 rules] static candidate count: 1
[E22/23 rules] allowed to take a fitness slot (exact): 0
  [sum_sq_all/sum_sq] a=-0.0766 b=5.6784e+00 1-R²_va=9.7117e-01
[fuller] gene operators ACTIVE (denoise=0.2 physics=0.2 snap=1.0 concretize=0.05)
Wrapper scope: per_island  (island → wrapper map: ['identity', 'identity'])
Genes: head_length=48, n_genes=3, rnc_array_length=10
Population: (per-island, see below), elites: 2, generations: 400, migration FREQ: 30
  pump per-island sizes: intake=100 (tournsize=8), champion=50 (tournsize=5)
Initialising evolution at 2026-09-19 06:27:59.184914
 gen  deme   evals     min fitness          mse_tr          mse_va         max_err      mse_extrap  one_minus_r2_tr  one_minus_r2_va
   0     0     100     0.118818885      2.53396088      2.09251889      5.83386405      3.53954351     0.298947459     0.367524121
   0     1      50               0      2.81959763      2.17754486      9.13031805      5.45337535      0.33264584     0.382457842
Extending evolution: gen 1 → 400 (+400 generations)
   1     0     100    0.0926621877      1.50757686     0.933004572      7.44674447      3.04113171     0.177858417     0.163870293
   1     1      50               0      2.81959763      2.17754486      9.13031805      5.45337535      0.33264584     0.382457842
   2     0     100    0.0880478601      1.50757686     0.933004572      7.44674447      3.04113171     0.177858417     0.163870293
   2     1      50               0      2.81959763      2.17754486      9.13031805      5.45337535      0.33264584     0.382457842
   3     0     100  0.000668212088      1.15834864     0.666614702      3.99656717      1.53726014     0.136657746     0.117082327
   3     1      50               0      2.81959763      2.17754486      9.13031805      5.45337535      0.33264584     0.382457842
   4     0     100  0.000668212088      1.15834864     0.666614702      3.99656717      1.53726014     0.136657746     0.117082327
   4     1      50               0      2.81959763      2.17754486      9.13031805      5.45337535      0.33264584     0.382457842
   5     0     100  0.000668212088      1.15834864     0.666614702      3.99656717      1.53726014     0.136657746     0.117082327
   5     1      50               0      2.81959763      2.17754486      9.13031805      5.45337535      0.33264584     0.382457842
   6     0     100  0.000668212088      1.15834864     0.666614702      3.99656717      1.53726014     0.136657746     0.117082327
   6     1      50               0      2.81959763      2.17754486      9.13031805      5.45337535      0.33264584     0.382457842
   7     0     100  0.000668212088      1.15834864     0.666614702      3.99656717      1.53726014     0.136657746     0.117082327
   7     1      50               0      2.81959763      2.17754486      9.13031805      5.45337535      0.33264584     0.382457842
   8     0     100  0.000668212088      1.15834864     0.666614702      3.99656717      1.53726014     0.136657746     0.117082327
   8     1      50               0      2.81959763      2.17754486      9.13031805      5.45337535      0.33264584     0.382457842
   9     0     100  0.000668212088      1.15834864     0.666614702      3.99656717      1.53726014     0.136657746     0.117082327
   9     1      50               0      2.81959763      2.17754486      9.13031805      5.45337535      0.33264584     0.382457842
  10     0     100  0.000668212088      1.15834864     0.666614702      3.99656717      1.53726014     0.136657746     0.117082327
  10     1      50               0      2.81959763      2.17754486      9.13031805      5.45337535      0.33264584     0.382457842
--------- pump migration: intra (promote-2 + intake-reset) ---------
  11     0     100               0      2.74177581      2.29202881      7.40685814      3.85974343     0.323464706      0.40256548
  11     1      50               0      2.81959763      2.17754486      9.13031805      5.45337535      0.33264584     0.382457842
  12     0     100               0      2.74177581      2.29202881      7.40685814      3.85974343     0.323464706      0.40256548
  12     1      50               0      2.81959763      2.17754486      9.13031805      5.45337535      0.33264584     0.382457842
  13     0     100               0      2.74177581      2.29202881      7.40685814      3.85974343     0.323464706      0.40256548
  13     1      50               0      2.81959763      2.17754486      9.13031805      5.45337535      0.33264584     0.382457842
  14     0     100               0      2.74177581      2.29202881      7.40685814      3.85974343     0.323464706      0.40256548
  14     1      50               0      2.81959763      2.17754486      9.13031805      5.45337535      0.33264584     0.382457842
  15     0     100               0      2.74177581      2.29202881      7.40685814      3.85974343     0.323464706      0.40256548
  15     1      50               0      2.81959763      2.17754486      9.13031805      5.45337535      0.33264584     0.382457842
  16     0     100               0      2.74177581      2.29202881      7.40685814      3.85974343     0.323464706      0.40256548
  16     1      50               0      2.81959763      2.17754486      9.13031805      5.45337535      0.33264584     0.382457842
  17     0     100               0      2.74177581      2.29202881      7.40685814      3.85974343     0.323464706      0.40256548
  17     1      50               0      2.81959763      2.17754486      9.13031805      5.45337535      0.33264584     0.382457842
  18     0     100               0      2.74177581      2.29202881      7.40685814      3.85974343     0.323464706      0.40256548
  18     1      50               0      2.81959763      2.17754486      9.13031805      5.45337535      0.33264584     0.382457842
  19     0     100               0     0.530272285     0.470567839      2.03985179      1.82881787    0.0625595893    0.0826492089
  19     1      50               0      2.81959763      2.17754486      9.13031805      5.45337535      0.33264584     0.382457842
  20     0     100               0     0.530272285     0.470567839      2.03985179      1.82881787    0.0625595893    0.0826492089
  20     1      50               0      2.81959763      2.17754486      9.13031805      5.45337535      0.33264584     0.382457842
--------- pump migration: intra (promote-2 + intake-reset) ---------
  21     0     100               0     0.530272285     0.470567839      2.03985179      1.82881787    0.0625595893    0.0826492089
  21     1      50               0      2.81959763      2.17754486      9.13031805      5.45337535      0.33264584     0.382457842
  22     0     100               0     0.530272285     0.470567839      2.03985179      1.82881787    0.0625595893    0.0826492089
  22     1      50               0      2.81959763      2.17754486      9.13031805      5.45337535      0.33264584     0.382457842
  23     0     100               0     0.530272285     0.470567839      2.03985179      1.82881787    0.0625595893    0.0826492089
  23     1      50               0      2.81959763      2.17754486      9.13031805      5.45337535      0.33264584     0.382457842
  24     0     100               0     0.530272285     0.470567839      2.03985179      1.82881787    0.0625595893    0.0826492089
  24     1      50               0      2.81959763      2.17754486      9.13031805      5.45337535      0.33264584     0.382457842
  25     0     100               0     0.530272285     0.470567839      2.03985179      1.82881787    0.0625595893    0.0826492089
  25     1      50               0      2.81959763      2.17754486      9.13031805      5.45337535      0.33264584     0.382457842
  26     0     100               0     0.530272285     0.470567839      2.03985179      1.82881787    0.0625595893    0.0826492089
  26     1      50               0      2.81959763      2.17754486      9.13031805      5.45337535      0.33264584     0.382457842
  27     0     100               0     0.530272285     0.470567839      2.03985179      1.82881787    0.0625595893    0.0826492089
  27     1      50               0      2.81959763      2.17754486      9.13031805      5.45337535      0.33264584     0.382457842
  28     0     100               0     0.530272285     0.470567839      2.03985179      1.82881787    0.0625595893    0.0826492089
  28     1      50               0      2.81959763      2.17754486      9.13031805      5.45337535      0.33264584     0.382457842
  29     0     100               0     0.530272285     0.470567839      2.03985179      1.82881787    0.0625595893    0.0826492089
  29     1      50               0      2.81959763      2.17754486      9.13031805      5.45337535      0.33264584     0.382457842
  30     0     100               0     0.530272285     0.470567839      2.03985179      1.82881787    0.0625595893    0.0826492089
  30     1      50               0      2.81959763      2.17754486      9.13031805      5.45337535      0.33264584     0.382457842
--------- pump migration: intra (promote-2 + intake-reset) ---------
  31     0     100               0     0.530272285     0.470567839      2.03985179      1.82881787    0.0625595893    0.0826492089
  31     1      50               0     0.530272285     0.470567839      2.03985179      1.82881787    0.0625595893    0.0826492089
  32     0     100               0     0.530272285     0.470567839      2.03985179      1.82881787    0.0625595893    0.0826492089
  32     1      50               0     0.530272285     0.470567839      2.03985179      1.82881787    0.0625595893    0.0826492089
  33     0     100               0     0.530272285     0.470567839      2.03985179      1.82881787    0.0625595893    0.0826492089
  33     1      50               0     0.530272285     0.470567839      2.03985179      1.82881787    0.0625595893    0.0826492089
  34     0     100               0     0.530272285     0.470567839      2.03985179      1.82881787    0.0625595893    0.0826492089
  34     1      50               0     0.530272285     0.470567839      2.03985179      1.82881787    0.0625595893    0.0826492089
  35     0     100               0     0.530272285     0.470567839      2.03985179      1.82881787    0.0625595893    0.0826492089
  35     1      50               0     0.530272285     0.470567839      2.03985179      1.82881787    0.0625595893    0.0826492089
  36     0     100               0     0.530272285     0.470567839      2.03985179      1.82881787    0.0625595893    0.0826492089
  36     1      50               0     0.530272285     0.470567839      2.03985179      1.82881787    0.0625595893    0.0826492089
  37     0     100               0     0.530272285     0.470567839      2.03985179      1.82881787    0.0625595893    0.0826492089
  37     1      50               0     0.530272285     0.470567839      2.03985179      1.82881787    0.0625595893    0.0826492089
  38     0     100               0     0.530272285     0.470567839      2.03985179      1.82881787    0.0625595893    0.0826492089
  38     1      50               0     0.530272285     0.470567839      2.03985179      1.82881787    0.0625595893    0.0826492089
  39     0     100               0     0.530272285     0.470567839      2.03985179      1.82881787    0.0625595893    0.0826492089
  39     1      50               0     0.530272285     0.470567839      2.03985179      1.82881787    0.0625595893    0.0826492089
  40     0     100               0     0.530272285     0.470567839      2.03985179      1.82881787    0.0625595893    0.0826492089
  40     1      50               0     0.530272285     0.470567839      2.03985179      1.82881787    0.0625595893    0.0826492089
--------- pump migration: intra (promote-2 + intake-reset) ---------
  41     0     100               0     0.530272285     0.470567839      2.03985179      1.82881787    0.0625595893    0.0826492089
  41     1      50               0     0.530272285     0.470567839      2.03985179      1.82881787    0.0625595893    0.0826492089
  42     0     100               0     0.530272285     0.470567839      2.03985179      1.82881787    0.0625595893    0.0826492089
  42     1      50               0     0.530272285     0.470567839      2.03985179      1.82881787    0.0625595893    0.0826492089
  43     0     100               0     0.530272285     0.470567839      2.03985179      1.82881787    0.0625595893    0.0826492089
  43     1      50               0     0.530272285     0.470567839      2.03985179      1.82881787    0.0625595893    0.0826492089
  44     0     100               0     0.530272285     0.470567839      2.03985179      1.82881787    0.0625595893    0.0826492089
  44     1      50               0     0.530272285     0.470567839      2.03985179      1.82881787    0.0625595893    0.0826492089
  45     0     100               0     0.530272285     0.470567839      2.03985179      1.82881787    0.0625595893    0.0826492089
  45     1      50               0     0.530272285     0.470567839      2.03985179      1.82881787    0.0625595893    0.0826492089
  46     0     100               0     0.530272285     0.470567839      2.03985179      1.82881787    0.0625595893    0.0826492089
  46     1      50               0     0.530272285     0.470567839      2.03985179      1.82881787    0.0625595893    0.0826492089
  47     0     100               0     0.530272285     0.470567839      2.03985179      1.82881787    0.0625595893    0.0826492089
  47     1      50               0     0.530272285     0.470567839      2.03985179      1.82881787    0.0625595893    0.0826492089
  48     0     100               0     0.530272285     0.470567839      2.03985179      1.82881787    0.0625595893    0.0826492089
  48     1      50               0     0.530272285     0.470567839      2.03985179      1.82881787    0.0625595893    0.0826492089
  49     0     100               0     0.530272285     0.470567839      2.03985179      1.82881787    0.0625595893    0.0826492089
  49     1      50               0     0.530272285     0.470567839      2.03985179      1.82881787    0.0625595893    0.0826492089
  50     0     100               0     0.530272285     0.470567839      2.03985179      1.82881787    0.0625595893    0.0826492089
  50     1      50               0     0.530272285     0.470567839      2.03985179      1.82881787    0.0625595893    0.0826492089
--------- pump migration: intra (promote-2 + intake-reset) ---------
  51     0     100               0     0.530272285     0.470567839      2.03985179      1.82881787    0.0625595893    0.0826492089
  51     1      50               0     0.530272285     0.470567839      2.03985179      1.82881787    0.0625595893    0.0826492089
  52     0     100               0     0.530272285     0.470567839      2.03985179      1.82881787    0.0625595893    0.0826492089
  52     1      50               0     0.530272285     0.470567839      2.03985179      1.82881787    0.0625595893    0.0826492089
  53     0     100               0     0.530272285     0.470567839      2.03985179      1.82881787    0.0625595893    0.0826492089
  53     1      50               0     0.530272285     0.470567839      2.03985179      1.82881787    0.0625595893    0.0826492089
  54     0     100               0     0.530272285     0.470567839      2.03985179      1.82881787    0.0625595893    0.0826492089
  54     1      50               0     0.530272285     0.470567839      2.03985179      1.82881787    0.0625595893    0.0826492089
  55     0     100               0     0.530272285     0.470567839      2.03985179      1.82881787    0.0625595893    0.0826492089
  55     1      50               0     0.530272285     0.470567839      2.03985179      1.82881787    0.0625595893    0.0826492089
  56     0     100               0     0.530272285     0.470567839      2.03985179      1.82881787    0.0625595893    0.0826492089
  56     1      50               0     0.530272285     0.470567839      2.03985179      1.82881787    0.0625595893    0.0826492089
  57     0     100               0     0.530272285     0.470567839      2.03985179      1.82881787    0.0625595893    0.0826492089
  57     1      50               0     0.530272285     0.470567839      2.03985179      1.82881787    0.0625595893    0.0826492089
  58     0     100               0     0.530272285     0.470567839      2.03985179      1.82881787    0.0625595893    0.0826492089
  58     1      50               0     0.530272285     0.470567839      2.03985179      1.82881787    0.0625595893    0.0826492089
  59     0     100               0     0.530272285     0.470567839      2.03985179      1.82881787    0.0625595893    0.0826492089
  59     1      50               0     0.530272285     0.470567839      2.03985179      1.82881787    0.0625595893    0.0826492089
  60     0     100               0     0.530272285     0.470567839      2.03985179      1.82881787    0.0625595893    0.0826492089
  60     1      50               0     0.530272285     0.470567839      2.03985179      1.82881787    0.0625595893    0.0826492089
--------- pump migration: intra (promote-2 + intake-reset) + cross ---------
  61     0     100               0     0.530272285     0.470567839      2.03985179      1.82881787    0.0625595893    0.0826492089
  61     1      50               0     0.530272285     0.470567839      2.03985179      1.82881787    0.0625595893    0.0826492089
  62     0     100               0     0.530272285     0.470567839      2.03985179      1.82881787    0.0625595893    0.0826492089
  62     1      50               0     0.530272285     0.470567839      2.03985179      1.82881787    0.0625595893    0.0826492089
  63     0     100               0     0.530272285     0.470567839      2.03985179      1.82881787    0.0625595893    0.0826492089
  63     1      50               0     0.530272285     0.470567839      2.03985179      1.82881787    0.0625595893    0.0826492089
  64     0     100               0     0.530272285     0.470567839      2.03985179      1.82881787    0.0625595893    0.0826492089
  64     1      50               0     0.530272285     0.470567839      2.03985179      1.82881787    0.0625595893    0.0826492089
  65     0     100               0     0.530272285     0.470567839      2.03985179      1.82881787    0.0625595893    0.0826492089
  65     1      50               0     0.530272285     0.470567839      2.03985179      1.82881787    0.0625595893    0.0826492089
  66     0     100               0     0.530272285     0.470567839      2.03985179      1.82881787    0.0625595893    0.0826492089
  66     1      50               0     0.530272285     0.470567839      2.03985179      1.82881787    0.0625595893    0.0826492089
  67     0     100               0     0.530272285     0.470567839      2.03985179      1.82881787    0.0625595893    0.0826492089
  67     1      50               0     0.530272285     0.470567839      2.03985179      1.82881787    0.0625595893    0.0826492089
  68     0     100               0     0.530272285     0.470567839      2.03985179      1.82881787    0.0625595893    0.0826492089
  68     1      50               0     0.530272285     0.470567839      2.03985179      1.82881787    0.0625595893    0.0826492089
  69     0     100               0     0.530272285     0.470567839      2.03985179      1.82881787    0.0625595893    0.0826492089
  69     1      50               0     0.530272285     0.470567839      2.03985179      1.82881787    0.0625595893    0.0826492089
  70     0     100               0     0.530272285     0.470567839      2.03985179      1.82881787    0.0625595893    0.0826492089
  70     1      50               0     0.530272285     0.470567839      2.03985179      1.82881787    0.0625595893    0.0826492089
--------- pump migration: intra (promote-2 + intake-reset) ---------
  71     0     100               0     0.530272285     0.470567839      2.03985179      1.82881787    0.0625595893    0.0826492089
  71     1      50               0     0.530272285     0.470567839      2.03985179      1.82881787    0.0625595893    0.0826492089
  72     0     100               0     0.530272285     0.470567839      2.03985179      1.82881787    0.0625595893    0.0826492089
  72     1      50               0     0.530272285     0.470567839      2.03985179      1.82881787    0.0625595893    0.0826492089
  73     0     100               0     0.530272285     0.470567839      2.03985179      1.82881787    0.0625595893    0.0826492089
  73     1      50               0     0.530272285     0.470567839      2.03985179      1.82881787    0.0625595893    0.0826492089
  74     0     100               0     0.530272285     0.470567839      2.03985179      1.82881787    0.0625595893    0.0826492089
  74     1      50               0     0.530272285     0.470567839      2.03985179      1.82881787    0.0625595893    0.0826492089
  75     0     100               0     0.530272285     0.470567839      2.03985179      1.82881787    0.0625595893    0.0826492089
  75     1      50               0     0.530272285     0.470567839      2.03985179      1.82881787    0.0625595893    0.0826492089
  76     0     100               0     0.530272285     0.470567839      2.03985179      1.82881787    0.0625595893    0.0826492089
  76     1      50               0     0.530272285     0.470567839      2.03985179      1.82881787    0.0625595893    0.0826492089
  77     0     100               0     0.530272285     0.470567839      2.03985179      1.82881787    0.0625595893    0.0826492089
  77     1      50               0     0.530272285     0.470567839      2.03985179      1.82881787    0.0625595893    0.0826492089
  78     0     100               0     0.530272285     0.470567839      2.03985179      1.82881787    0.0625595893    0.0826492089
  78     1      50               0     0.530272285     0.470567839      2.03985179      1.82881787    0.0625595893    0.0826492089
  79     0     100               0     0.530272285     0.470567839      2.03985179      1.82881787    0.0625595893    0.0826492089
  79     1      50               0     0.530272285     0.470567839      2.03985179      1.82881787    0.0625595893    0.0826492089
  80     0     100               0     0.530272285     0.470567839      2.03985179      1.82881787    0.0625595893    0.0826492089
  80     1      50               0     0.530272285     0.470567839      2.03985179      1.82881787    0.0625595893    0.0826492089
--------- pump migration: intra (promote-2 + intake-reset) ---------
  81     0     100               0     0.530272285     0.470567839      2.03985179      1.82881787    0.0625595893    0.0826492089
  81     1      50               0     0.530272285     0.470567839      2.03985179      1.82881787    0.0625595893    0.0826492089
  82     0     100               0     0.530272285     0.470567839      2.03985179      1.82881787    0.0625595893    0.0826492089
  82     1      50               0     0.530272285     0.470567839      2.03985179      1.82881787    0.0625595893    0.0826492089
  83     0     100               0      2.91807976      2.45592139      8.68720606      5.74486911     0.344264403     0.431351111
  83     1      50               0     0.530272285     0.470567839      2.03985179      1.82881787    0.0625595893    0.0826492089
  84     0     100               0      2.91807976      2.45592139      8.68720606      5.74486911     0.344264403     0.431351111
  84     1      50               0     0.530272285     0.470567839      2.03985179      1.82881787    0.0625595893    0.0826492089
  85     0     100               0      2.91807976      2.45592139      8.68720606      5.74486911     0.344264403     0.431351111
  85     1      50               0     0.530272285     0.470567839      2.03985179      1.82881787    0.0625595893    0.0826492089
  86     0     100               0      2.91807976      2.45592139      8.68720606      5.74486911     0.344264403     0.431351111
  86     1      50               0     0.530272285     0.470567839      2.03985179      1.82881787    0.0625595893    0.0826492089
  87     0     100               0      2.91807976      2.45592139      8.68720606      5.74486911     0.344264403     0.431351111
  87     1      50               0     0.530272285     0.470567839      2.03985179      1.82881787    0.0625595893    0.0826492089
  88     0     100               0      2.91807976      2.45592139      8.68720606      5.74486911     0.344264403     0.431351111
  88     1      50               0     0.530272285     0.470567839      2.03985179      1.82881787    0.0625595893    0.0826492089
  89     0     100               0     0.530272285     0.470567839      2.03985179      1.82881787    0.0625595893    0.0826492089
  89     1      50               0     0.530272285     0.470567839      2.03985179      1.82881787    0.0625595893    0.0826492089
  90     0     100               0      2.91807976      2.45592139      8.68720606      5.74486911     0.344264403     0.431351111
  90     1      50               0     0.530272285     0.470567839      2.03985179      1.82881787    0.0625595893    0.0826492089
--------- pump migration: intra (promote-2 + intake-reset) + cross ---------
  91     0     100               0      2.91807976      2.45592139      8.68720606      5.74486911     0.344264403     0.431351111
  91     1      50               0      2.91807976      2.45592139      8.68720606      5.74486911     0.344264403     0.431351111
  92     0     100               0      2.91807976      2.45592139      8.68720606      5.74486911     0.344264403     0.431351111
  92     1      50               0      2.91807976      2.45592139      8.68720606      5.74486911     0.344264403     0.431351111
  93     0     100               0     0.530272285     0.470567839      2.03985179      1.82881787    0.0625595893    0.0826492089
  93     1      50               0      2.91807976      2.45592139      8.68720606      5.74486911     0.344264403     0.431351111
  94     0     100               0     0.530272285     0.470567839      2.03985179      1.82881787    0.0625595893    0.0826492089
  94     1      50               0     0.530272285     0.470567839      2.03985179      1.82881787    0.0625595893    0.0826492089
  95     0     100               0     0.530272285     0.470567839      2.03985179      1.82881787    0.0625595893    0.0826492089
  95     1      50               0     0.530272285     0.470567839      2.03985179      1.82881787    0.0625595893    0.0826492089
  96     0     100               0     0.530272285     0.470567839      2.03985179      1.82881787    0.0625595893    0.0826492089
  96     1      50               0     0.530272285     0.470567839      2.03985179      1.82881787    0.0625595893    0.0826492089
  97     0     100               0     0.530272285     0.470567839      2.03985179      1.82881787    0.0625595893    0.0826492089
  97     1      50               0     0.530272285     0.470567839      2.03985179      1.82881787    0.0625595893    0.0826492089
  98     0     100               0     0.530272285     0.470567839      2.03985179      1.82881787    0.0625595893    0.0826492089
  98     1      50               0     0.530272285     0.470567839      2.03985179      1.82881787    0.0625595893    0.0826492089
  99     0     100               0     0.530272285     0.470567839      2.03985179      1.82881787    0.0625595893    0.0826492089
  99     1      50               0     0.530272285     0.470567839      2.03985179      1.82881787    0.0625595893    0.0826492089
 100     0     100               0     0.530272285     0.470567839      2.03985179      1.82881787    0.0625595893    0.0826492089
 100     1      50               0     0.530272285     0.470567839      2.03985179      1.82881787    0.0625595893    0.0826492089
--------- pump migration: intra (promote-2 + intake-reset) ---------
 101     0     100               0     0.530272285     0.470567839      2.03985179      1.82881787    0.0625595893    0.0826492089
 101     1      50               0     0.530272285     0.470567839      2.03985179      1.82881787    0.0625595893    0.0826492089
 102     0     100               0     0.530272285     0.470567839      2.03985179      1.82881787    0.0625595893    0.0826492089
 102     1      50               0     0.530272285     0.470567839      2.03985179      1.82881787    0.0625595893    0.0826492089
 103     0     100               0     0.530272285     0.470567839      2.03985179      1.82881787    0.0625595893    0.0826492089
 103     1      50               0     0.530272285     0.470567839      2.03985179      1.82881787    0.0625595893    0.0826492089
 104     0     100               0     0.530272285     0.470567839      2.03985179      1.82881787    0.0625595893    0.0826492089
 104     1      50               0     0.530272285     0.470567839      2.03985179      1.82881787    0.0625595893    0.0826492089
 105     0     100               0     0.530272285     0.470567839      2.03985179      1.82881787    0.0625595893    0.0826492089
 105     1      50               0     0.530272285     0.470567839      2.03985179      1.82881787    0.0625595893    0.0826492089
 106     0     100               0     0.530272285     0.470567839      2.03985179      1.82881787    0.0625595893    0.0826492089
 106     1      50               0     0.530272285     0.470567839      2.03985179      1.82881787    0.0625595893    0.0826492089
 107     0     100               0     0.530272285     0.470567839      2.03985179      1.82881787    0.0625595893    0.0826492089
 107     1      50               0     0.530272285     0.470567839      2.03985179      1.82881787    0.0625595893    0.0826492089
 108     0     100               0     0.530272285     0.470567839      2.03985179      1.82881787    0.0625595893    0.0826492089
 108     1      50               0     0.530272285     0.470567839      2.03985179      1.82881787    0.0625595893    0.0826492089
 109     0     100               0     0.530272285     0.470567839      2.03985179      1.82881787    0.0625595893    0.0826492089
 109     1      50               0     0.530272285     0.470567839      2.03985179      1.82881787    0.0625595893    0.0826492089
 110     0     100               0     0.530272285     0.470567839      2.03985179      1.82881787    0.0625595893    0.0826492089
 110     1      50               0     0.530272285     0.470567839      2.03985179      1.82881787    0.0625595893    0.0826492089
--------- pump migration: intra (promote-2 + intake-reset) ---------
 111     0     100               0     0.530272285     0.470567839      2.03985179      1.82881787    0.0625595893    0.0826492089
 111     1      50               0     0.530272285     0.470567839      2.03985179      1.82881787    0.0625595893    0.0826492089
 112     0     100               0     0.530272285     0.470567839      2.03985179      1.82881787    0.0625595893    0.0826492089
 112     1      50               0     0.530272285     0.470567839      2.03985179      1.82881787    0.0625595893    0.0826492089
 113     0     100               0     0.530272285     0.470567839      2.03985179      1.82881787    0.0625595893    0.0826492089
 113     1      50               0     0.530272285     0.470567839      2.03985179      1.82881787    0.0625595893    0.0826492089
 114     0     100               0     0.530272285     0.470567839      2.03985179      1.82881787    0.0625595893    0.0826492089
 114     1      50               0     0.530272285     0.470567839      2.03985179      1.82881787    0.0625595893    0.0826492089
 115     0     100               0     0.530272285     0.470567839      2.03985179      1.82881787    0.0625595893    0.0826492089
 115     1      50               0     0.530272285     0.470567839      2.03985179      1.82881787    0.0625595893    0.0826492089
 116     0     100               0     0.530272285     0.470567839      2.03985179      1.82881787    0.0625595893    0.0826492089
 116     1      50               0     0.530272285     0.470567839      2.03985179      1.82881787    0.0625595893    0.0826492089
 117     0     100               0     0.530272285     0.470567839      2.03985179      1.82881787    0.0625595893    0.0826492089
 117     1      50               0     0.530272285     0.470567839      2.03985179      1.82881787    0.0625595893    0.0826492089
 118     0     100               0     0.530272285     0.470567839      2.03985179      1.82881787    0.0625595893    0.0826492089
 118     1      50               0     0.530272285     0.470567839      2.03985179      1.82881787    0.0625595893    0.0826492089
 119     0     100               0     0.530272285     0.470567839      2.03985179      1.82881787    0.0625595893    0.0826492089
 119     1      50               0     0.530272285     0.470567839      2.03985179      1.82881787    0.0625595893    0.0826492089
 120     0     100               0     0.530272285     0.470567839      2.03985179      1.82881787    0.0625595893    0.0826492089
 120     1      50               0     0.530272285     0.470567839      2.03985179      1.82881787    0.0625595893    0.0826492089
--------- pump migration: intra (promote-2 + intake-reset) + cross ---------
 121     0     100               0      1.59472415      1.49679452      7.91641856      3.57112349     0.188139736     0.262892771
 121     1      50               0     0.530272285     0.470567839      2.03985179      1.82881787    0.0625595893    0.0826492089
 122     0     100               0      1.59472415      1.49679452      7.91641856      3.57112349     0.188139736     0.262892771
 122     1      50               0     0.530272285     0.470567839      2.03985179      1.82881787    0.0625595893    0.0826492089
 123     0     100               0      1.59472415      1.49679452      7.91641856      3.57112349     0.188139736     0.262892771
 123     1      50               0     0.530272285     0.470567839      2.03985179      1.82881787    0.0625595893    0.0826492089
 124     0     100               0     0.530272285     0.470567839      2.03985179      1.82881787    0.0625595893    0.0826492089
 124     1      50               0     0.530272285     0.470567839      2.03985179      1.82881787    0.0625595893    0.0826492089
 125     0     100               0     0.530272285     0.470567839      2.03985179      1.82881787    0.0625595893    0.0826492089
 125     1      50               0     0.530272285     0.470567839      2.03985179      1.82881787    0.0625595893    0.0826492089
 126     0     100               0     0.530272285     0.470567839      2.03985179      1.82881787    0.0625595893    0.0826492089
 126     1      50               0     0.530272285     0.470567839      2.03985179      1.82881787    0.0625595893    0.0826492089
 127     0     100               0     0.530272285     0.470567839      2.03985179      1.82881787    0.0625595893    0.0826492089
 127     1      50               0     0.530272285     0.470567839      2.03985179      1.82881787    0.0625595893    0.0826492089
 128     0     100               0     0.530272285     0.470567839      2.03985179      1.82881787    0.0625595893    0.0826492089
 128     1      50               0     0.530272285     0.470567839      2.03985179      1.82881787    0.0625595893    0.0826492089
 129     0     100               0     0.530272285     0.470567839      2.03985179      1.82881787    0.0625595893    0.0826492089
 129     1      50               0     0.530272285     0.470567839      2.03985179      1.82881787    0.0625595893    0.0826492089
 130     0     100               0     0.530272285     0.470567839      2.03985179      1.82881787    0.0625595893    0.0826492089
 130     1      50               0     0.530272285     0.470567839      2.03985179      1.82881787    0.0625595893    0.0826492089
--------- pump migration: intra (promote-2 + intake-reset) ---------
 131     0     100               0     0.530272285     0.470567839      2.03985179      1.82881787    0.0625595893    0.0826492089
 131     1      50               0     0.530272285     0.470567839      2.03985179      1.82881787    0.0625595893    0.0826492089
 132     0     100               0     0.530272285     0.470567839      2.03985179      1.82881787    0.0625595893    0.0826492089
 132     1      50               0     0.530272285     0.470567839      2.03985179      1.82881787    0.0625595893    0.0826492089
 133     0     100               0     0.530272285     0.470567839      2.03985179      1.82881787    0.0625595893    0.0826492089
 133     1      50               0     0.530272285     0.470567839      2.03985179      1.82881787    0.0625595893    0.0826492089
 134     0     100               0     0.530272285     0.470567839      2.03985179      1.82881787    0.0625595893    0.0826492089
 134     1      50               0     0.530272285     0.470567839      2.03985179      1.82881787    0.0625595893    0.0826492089
 135     0     100               0     0.530272285     0.470567839      2.03985179      1.82881787    0.0625595893    0.0826492089
 135     1      50               0     0.530272285     0.470567839      2.03985179      1.82881787    0.0625595893    0.0826492089
 136     0     100               0     0.530272285     0.470567839      2.03985179      1.82881787    0.0625595893    0.0826492089
 136     1      50               0     0.530272285     0.470567839      2.03985179      1.82881787    0.0625595893    0.0826492089
 137     0     100               0     0.530272285     0.470567839      2.03985179      1.82881787    0.0625595893    0.0826492089
 137     1      50               0     0.530272285     0.470567839      2.03985179      1.82881787    0.0625595893    0.0826492089
 138     0     100               0     0.530272285     0.470567839      2.03985179      1.82881787    0.0625595893    0.0826492089
 138     1      50               0     0.530272285     0.470567839      2.03985179      1.82881787    0.0625595893    0.0826492089
 139     0     100               0     0.530272285     0.470567839      2.03985179      1.82881787    0.0625595893    0.0826492089
 139     1      50               0     0.530272285     0.470567839      2.03985179      1.82881787    0.0625595893    0.0826492089
 140     0     100               0     0.530272285     0.470567839      2.03985179      1.82881787    0.0625595893    0.0826492089
 140     1      50               0     0.530272285     0.470567839      2.03985179      1.82881787    0.0625595893    0.0826492089
--------- pump migration: intra (promote-2 + intake-reset) ---------
 141     0     100               0     0.530272285     0.470567839      2.03985179      1.82881787    0.0625595893    0.0826492089
 141     1      50               0     0.530272285     0.470567839      2.03985179      1.82881787    0.0625595893    0.0826492089
 142     0     100               0     0.530272285     0.470567839      2.03985179      1.82881787    0.0625595893    0.0826492089
 142     1      50               0     0.530272285     0.470567839      2.03985179      1.82881787    0.0625595893    0.0826492089
 143     0     100               0     0.530272285     0.470567839      2.03985179      1.82881787    0.0625595893    0.0826492089
 143     1      50               0     0.530272285     0.470567839      2.03985179      1.82881787    0.0625595893    0.0826492089
 144     0     100               0     0.530272285     0.470567839      2.03985179      1.82881787    0.0625595893    0.0826492089
 144     1      50               0     0.530272285     0.470567839      2.03985179      1.82881787    0.0625595893    0.0826492089
 145     0     100               0     0.530272285     0.470567839      2.03985179      1.82881787    0.0625595893    0.0826492089
 145     1      50               0     0.530272285     0.470567839      2.03985179      1.82881787    0.0625595893    0.0826492089
 146     0     100               0     0.530272285     0.470567839      2.03985179      1.82881787    0.0625595893    0.0826492089
 146     1      50               0     0.530272285     0.470567839      2.03985179      1.82881787    0.0625595893    0.0826492089
 147     0     100               0     0.530272285     0.470567839      2.03985179      1.82881787    0.0625595893    0.0826492089
 147     1      50               0     0.530272285     0.470567839      2.03985179      1.82881787    0.0625595893    0.0826492089
 148     0     100               0     0.530272285     0.470567839      2.03985179      1.82881787    0.0625595893    0.0826492089
 148     1      50               0     0.530272285     0.470567839      2.03985179      1.82881787    0.0625595893    0.0826492089
 149     0     100               0     0.530272285     0.470567839      2.03985179      1.82881787    0.0625595893    0.0826492089
 149     1      50               0     0.530272285     0.470567839      2.03985179      1.82881787    0.0625595893    0.0826492089
 150     0     100               0     0.530272285     0.470567839      2.03985179      1.82881787    0.0625595893    0.0826492089
 150     1      50               0     0.530272285     0.470567839      2.03985179      1.82881787    0.0625595893    0.0826492089
--------- pump migration: intra (promote-2 + intake-reset) + cross ---------
 151     0     100               0     0.530272285     0.470567839      2.03985179      1.82881787    0.0625595893    0.0826492089
 151     1      50               0     0.530272285     0.470567839      2.03985179      1.82881787    0.0625595893    0.0826492089
 152     0     100               0     0.530272285     0.470567839      2.03985179      1.82881787    0.0625595893    0.0826492089
 152     1      50               0     0.530272285     0.470567839      2.03985179      1.82881787    0.0625595893    0.0826492089
 153     0     100               0     0.530272285     0.470567839      2.03985179      1.82881787    0.0625595893    0.0826492089
 153     1      50               0     0.530272285     0.470567839      2.03985179      1.82881787    0.0625595893    0.0826492089
 154     0     100               0     0.530272285     0.470567839      2.03985179      1.82881787    0.0625595893    0.0826492089
 154     1      50               0     0.530272285     0.470567839      2.03985179      1.82881787    0.0625595893    0.0826492089
 155     0     100               0     0.530272285     0.470567839      2.03985179      1.82881787    0.0625595893    0.0826492089
 155     1      50               0     0.530272285     0.470567839      2.03985179      1.82881787    0.0625595893    0.0826492089
 156     0     100               0     0.530272285     0.470567839      2.03985179      1.82881787    0.0625595893    0.0826492089
 156     1      50               0     0.530272285     0.470567839      2.03985179      1.82881787    0.0625595893    0.0826492089
 157     0     100               0     0.530272285     0.470567839      2.03985179      1.82881787    0.0625595893    0.0826492089
 157     1      50               0     0.530272285     0.470567839      2.03985179      1.82881787    0.0625595893    0.0826492089
 158     0     100               0     0.530272285     0.470567839      2.03985179      1.82881787    0.0625595893    0.0826492089
 158     1      50               0     0.530272285     0.470567839      2.03985179      1.82881787    0.0625595893    0.0826492089
 159     0     100               0     0.530272285     0.470567839      2.03985179      1.82881787    0.0625595893    0.0826492089
 159     1      50               0     0.530272285     0.470567839      2.03985179      1.82881787    0.0625595893    0.0826492089
 160     0     100               0     0.530272285     0.470567839      2.03985179      1.82881787    0.0625595893    0.0826492089
 160     1      50               0     0.530272285     0.470567839      2.03985179      1.82881787    0.0625595893    0.0826492089
--------- pump migration: intra (promote-2 + intake-reset) ---------
 161     0     100               0     0.530272285     0.470567839      2.03985179      1.82881787    0.0625595893    0.0826492089
 161     1      50               0     0.530272285     0.470567839      2.03985179      1.82881787    0.0625595893    0.0826492089
 162     0     100               0     0.530272285     0.470567839      2.03985179      1.82881787    0.0625595893    0.0826492089
 162     1      50               0     0.530272285     0.470567839      2.03985179      1.82881787    0.0625595893    0.0826492089
 163     0     100               0     0.530272285     0.470567839      2.03985179      1.82881787    0.0625595893    0.0826492089
 163     1      50               0     0.530272285     0.470567839      2.03985179      1.82881787    0.0625595893    0.0826492089
 164     0     100               0     0.530272285     0.470567839      2.03985179      1.82881787    0.0625595893    0.0826492089
 164     1      50               0     0.530272285     0.470567839      2.03985179      1.82881787    0.0625595893    0.0826492089
 165     0     100               0     0.530272285     0.470567839      2.03985179      1.82881787    0.0625595893    0.0826492089
 165     1      50               0     0.530272285     0.470567839      2.03985179      1.82881787    0.0625595893    0.0826492089
 166     0     100               0     0.530272285     0.470567839      2.03985179      1.82881787    0.0625595893    0.0826492089
 166     1      50               0     0.530272285     0.470567839      2.03985179      1.82881787    0.0625595893    0.0826492089
 167     0     100               0     0.530272285     0.470567839      2.03985179      1.82881787    0.0625595893    0.0826492089
 167     1      50               0     0.530272285     0.470567839      2.03985179      1.82881787    0.0625595893    0.0826492089
 168     0     100               0     0.530272285     0.470567839      2.03985179      1.82881787    0.0625595893    0.0826492089
 168     1      50               0     0.530272285     0.470567839      2.03985179      1.82881787    0.0625595893    0.0826492089
 169     0     100               0     0.530272285     0.470567839      2.03985179      1.82881787    0.0625595893    0.0826492089
 169     1      50               0     0.530272285     0.470567839      2.03985179      1.82881787    0.0625595893    0.0826492089
 170     0     100               0     0.530272285     0.470567839      2.03985179      1.82881787    0.0625595893    0.0826492089
 170     1      50               0     0.530272285     0.470567839      2.03985179      1.82881787    0.0625595893    0.0826492089
--------- pump migration: intra (promote-2 + intake-reset) ---------
 171     0     100               0     0.530272285     0.470567839      2.03985179      1.82881787    0.0625595893    0.0826492089
 171     1      50               0     0.530272285     0.470567839      2.03985179      1.82881787    0.0625595893    0.0826492089
 172     0     100               0     0.530272285     0.470567839      2.03985179      1.82881787    0.0625595893    0.0826492089
 172     1      50               0     0.530272285     0.470567839      2.03985179      1.82881787    0.0625595893    0.0826492089
 173     0     100               0     0.530272285     0.470567839      2.03985179      1.82881787    0.0625595893    0.0826492089
 173     1      50               0     0.530272285     0.470567839      2.03985179      1.82881787    0.0625595893    0.0826492089
 174     0     100               0     0.530272285     0.470567839      2.03985179      1.82881787    0.0625595893    0.0826492089
 174     1      50               0     0.530272285     0.470567839      2.03985179      1.82881787    0.0625595893    0.0826492089
 175     0     100               0     0.530272285     0.470567839      2.03985179      1.82881787    0.0625595893    0.0826492089
 175     1      50               0     0.530272285     0.470567839      2.03985179      1.82881787    0.0625595893    0.0826492089
 176     0     100               0     0.530272285     0.470567839      2.03985179      1.82881787    0.0625595893    0.0826492089
 176     1      50               0     0.530272285     0.470567839      2.03985179      1.82881787    0.0625595893    0.0826492089
 177     0     100               0     0.530272285     0.470567839      2.03985179      1.82881787    0.0625595893    0.0826492089
 177     1      50               0     0.530272285     0.470567839      2.03985179      1.82881787    0.0625595893    0.0826492089
 178     0     100               0     0.530272285     0.470567839      2.03985179      1.82881787    0.0625595893    0.0826492089
 178     1      50               0     0.530272285     0.470567839      2.03985179      1.82881787    0.0625595893    0.0826492089
 179     0     100               0     0.530272285     0.470567839      2.03985179      1.82881787    0.0625595893    0.0826492089
 179     1      50               0     0.530272285     0.470567839      2.03985179      1.82881787    0.0625595893    0.0826492089
 180     0     100               0     0.530272285     0.470567839      2.03985179      1.82881787    0.0625595893    0.0826492089
 180     1      50               0     0.530272285     0.470567839      2.03985179      1.82881787    0.0625595893    0.0826492089
--------- pump migration: intra (promote-2 + intake-reset) + cross ---------
 181     0     100               0     0.530272285     0.470567839      2.03985179      1.82881787    0.0625595893    0.0826492089
 181     1      50               0     0.530272285     0.470567839      2.03985179      1.82881787    0.0625595893    0.0826492089
 182     0     100               0     0.530272285     0.470567839      2.03985179      1.82881787    0.0625595893    0.0826492089
 182     1      50               0     0.530272285     0.470567839      2.03985179      1.82881787    0.0625595893    0.0826492089
 183     0     100               0     0.530272285     0.470567839      2.03985179      1.82881787    0.0625595893    0.0826492089
 183     1      50               0     0.530272285     0.470567839      2.03985179      1.82881787    0.0625595893    0.0826492089
 184     0     100               0     0.530272285     0.470567839      2.03985179      1.82881787    0.0625595893    0.0826492089
 184     1      50               0     0.530272285     0.470567839      2.03985179      1.82881787    0.0625595893    0.0826492089
 185     0     100               0     0.530272285     0.470567839      2.03985179      1.82881787    0.0625595893    0.0826492089
 185     1      50               0     0.530272285     0.470567839      2.03985179      1.82881787    0.0625595893    0.0826492089
 186     0     100               0     0.530272285     0.470567839      2.03985179      1.82881787    0.0625595893    0.0826492089
 186     1      50               0     0.530272285     0.470567839      2.03985179      1.82881787    0.0625595893    0.0826492089
 187     0     100               0     0.530272285     0.470567839      2.03985179      1.82881787    0.0625595893    0.0826492089
 187     1      50               0     0.530272285     0.470567839      2.03985179      1.82881787    0.0625595893    0.0826492089
 188     0     100               0     0.530272285     0.470567839      2.03985179      1.82881787    0.0625595893    0.0826492089
 188     1      50               0     0.530272285     0.470567839      2.03985179      1.82881787    0.0625595893    0.0826492089
 189     0     100               0     0.530272285     0.470567839      2.03985179      1.82881787    0.0625595893    0.0826492089
 189     1      50               0     0.530272285     0.470567839      2.03985179      1.82881787    0.0625595893    0.0826492089
 190     0     100               0     0.530272285     0.470567839      2.03985179      1.82881787    0.0625595893    0.0826492089
 190     1      50               0     0.530272285     0.470567839      2.03985179      1.82881787    0.0625595893    0.0826492089
--------- pump migration: intra (promote-2 + intake-reset) ---------
 191     0     100               0     0.530272285     0.470567839      2.03985179      1.82881787    0.0625595893    0.0826492089
 191     1      50               0     0.530272285     0.470567839      2.03985179      1.82881787    0.0625595893    0.0826492089
 192     0     100               0     0.530272285     0.470567839      2.03985179      1.82881787    0.0625595893    0.0826492089
 192     1      50               0     0.530272285     0.470567839      2.03985179      1.82881787    0.0625595893    0.0826492089
 193     0     100               0     0.530272285     0.470567839      2.03985179      1.82881787    0.0625595893    0.0826492089
 193     1      50               0     0.530272285     0.470567839      2.03985179      1.82881787    0.0625595893    0.0826492089
 194     0     100               0     0.530272285     0.470567839      2.03985179      1.82881787    0.0625595893    0.0826492089
 194     1      50               0     0.530272285     0.470567839      2.03985179      1.82881787    0.0625595893    0.0826492089
 195     0     100               0     0.530272285     0.470567839      2.03985179      1.82881787    0.0625595893    0.0826492089
 195     1      50               0     0.530272285     0.470567839      2.03985179      1.82881787    0.0625595893    0.0826492089
 196     0     100               0     0.530272285     0.470567839      2.03985179      1.82881787    0.0625595893    0.0826492089
 196     1      50               0     0.530272285     0.470567839      2.03985179      1.82881787    0.0625595893    0.0826492089
 197     0     100               0     0.530272285     0.470567839      2.03985179      1.82881787    0.0625595893    0.0826492089
 197     1      50               0     0.530272285     0.470567839      2.03985179      1.82881787    0.0625595893    0.0826492089
 198     0     100               0     0.530272285     0.470567839      2.03985179      1.82881787    0.0625595893    0.0826492089
 198     1      50               0     0.530272285     0.470567839      2.03985179      1.82881787    0.0625595893    0.0826492089
 199     0     100               0     0.530272285     0.470567839      2.03985179      1.82881787    0.0625595893    0.0826492089
 199     1      50               0     0.530272285     0.470567839      2.03985179      1.82881787    0.0625595893    0.0826492089
 200     0     100               0     0.530272285     0.470567839      2.03985179      1.82881787    0.0625595893    0.0826492089
 200     1      50               0     0.530272285     0.470567839      2.03985179      1.82881787    0.0625595893    0.0826492089
--------- pump migration: intra (promote-2 + intake-reset) ---------
 201     0     100               0     0.530272285     0.470567839      2.03985179      1.82881787    0.0625595893    0.0826492089
 201     1      50               0     0.530272285     0.470567839      2.03985179      1.82881787    0.0625595893    0.0826492089
 202     0     100               0     0.530272285     0.470567839      2.03985179      1.82881787    0.0625595893    0.0826492089
 202     1      50               0     0.530272285     0.470567839      2.03985179      1.82881787    0.0625595893    0.0826492089
 203     0     100               0     0.530272285     0.470567839      2.03985179      1.82881787    0.0625595893    0.0826492089
 203     1      50               0     0.530272285     0.470567839      2.03985179      1.82881787    0.0625595893    0.0826492089
 204     0     100               0     0.530272285     0.470567839      2.03985179      1.82881787    0.0625595893    0.0826492089
 204     1      50               0     0.530272285     0.470567839      2.03985179      1.82881787    0.0625595893    0.0826492089
 205     0     100               0     0.530272285     0.470567839      2.03985179      1.82881787    0.0625595893    0.0826492089
 205     1      50               0     0.530272285     0.470567839      2.03985179      1.82881787    0.0625595893    0.0826492089
 206     0     100               0     0.530272285     0.470567839      2.03985179      1.82881787    0.0625595893    0.0826492089
 206     1      50               0     0.530272285     0.470567839      2.03985179      1.82881787    0.0625595893    0.0826492089
 207     0     100               0     0.530272285     0.470567839      2.03985179      1.82881787    0.0625595893    0.0826492089
 207     1      50               0     0.530272285     0.470567839      2.03985179      1.82881787    0.0625595893    0.0826492089
 208     0     100               0     0.530272285     0.470567839      2.03985179      1.82881787    0.0625595893    0.0826492089
 208     1      50               0     0.530272285     0.470567839      2.03985179      1.82881787    0.0625595893    0.0826492089
 209     0     100               0     0.530272285     0.470567839      2.03985179      1.82881787    0.0625595893    0.0826492089
 209     1      50               0     0.530272285     0.470567839      2.03985179      1.82881787    0.0625595893    0.0826492089
 210     0     100               0     0.530272285     0.470567839      2.03985179      1.82881787    0.0625595893    0.0826492089
 210     1      50               0     0.530272285     0.470567839      2.03985179      1.82881787    0.0625595893    0.0826492089
--------- pump migration: intra (promote-2 + intake-reset) + cross ---------
 211     0     100               0     0.530272285     0.470567839      2.03985179      1.82881787    0.0625595893    0.0826492089
 211     1      50               0     0.530272285     0.470567839      2.03985179      1.82881787    0.0625595893    0.0826492089
 212     0     100               0     0.530272285     0.470567839      2.03985179      1.82881787    0.0625595893    0.0826492089
 212     1      50               0     0.530272285     0.470567839      2.03985179      1.82881787    0.0625595893    0.0826492089
 213     0     100               0     0.530272285     0.470567839      2.03985179      1.82881787    0.0625595893    0.0826492089
 213     1      50               0     0.530272285     0.470567839      2.03985179      1.82881787    0.0625595893    0.0826492089
 214     0     100               0     0.530272285     0.470567839      2.03985179      1.82881787    0.0625595893    0.0826492089
 214     1      50               0     0.530272285     0.470567839      2.03985179      1.82881787    0.0625595893    0.0826492089
 215     0     100               0     0.530272285     0.470567839      2.03985179      1.82881787    0.0625595893    0.0826492089
 215     1      50               0     0.530272285     0.470567839      2.03985179      1.82881787    0.0625595893    0.0826492089
 216     0     100               0     0.530272285     0.470567839      2.03985179      1.82881787    0.0625595893    0.0826492089
 216     1      50               0     0.530272285     0.470567839      2.03985179      1.82881787    0.0625595893    0.0826492089
 217     0     100               0     0.530272285     0.470567839      2.03985179      1.82881787    0.0625595893    0.0826492089
 217     1      50               0     0.530272285     0.470567839      2.03985179      1.82881787    0.0625595893    0.0826492089
 218     0     100               0     0.530272285     0.470567839      2.03985179      1.82881787    0.0625595893    0.0826492089
 218     1      50               0     0.530272285     0.470567839      2.03985179      1.82881787    0.0625595893    0.0826492089
 219     0     100               0     0.530272285     0.470567839      2.03985179      1.82881787    0.0625595893    0.0826492089
 219     1      50               0     0.530272285     0.470567839      2.03985179      1.82881787    0.0625595893    0.0826492089
 220     0     100               0     0.530272285     0.470567839      2.03985179      1.82881787    0.0625595893    0.0826492089
 220     1      50               0     0.530272285     0.470567839      2.03985179      1.82881787    0.0625595893    0.0826492089
--------- pump migration: intra (promote-2 + intake-reset) ---------
 221     0     100               0      2.95792355      2.39091777       7.9957278      21.4545624     0.348965027     0.419934058
 221     1      50               0     0.530272285     0.470567839      2.03985179      1.82881787    0.0625595893    0.0826492089
 222     0     100               0      2.95792355      2.39091777       7.9957278      21.4545624     0.348965027     0.419934058
 222     1      50               0     0.530272285     0.470567839      2.03985179      1.82881787    0.0625595893    0.0826492089
 223     0     100               0      2.95792355      2.39091777       7.9957278      21.4545624     0.348965027     0.419934058
 223     1      50               0     0.530272285     0.470567839      2.03985179      1.82881787    0.0625595893    0.0826492089
 224     0     100               0     0.530272285     0.470567839      2.03985179      1.82881787    0.0625595893    0.0826492089
 224     1      50               0     0.530272285     0.470567839      2.03985179      1.82881787    0.0625595893    0.0826492089
 225     0     100               0     0.530272285     0.470567839      2.03985179      1.82881787    0.0625595893    0.0826492089
 225     1      50               0     0.530272285     0.470567839      2.03985179      1.82881787    0.0625595893    0.0826492089
 226     0     100               0     0.530272285     0.470567839      2.03985179      1.82881787    0.0625595893    0.0826492089
 226     1      50               0     0.530272285     0.470567839      2.03985179      1.82881787    0.0625595893    0.0826492089
 227     0     100               0     0.530272285     0.470567839      2.03985179      1.82881787    0.0625595893    0.0826492089
 227     1      50               0     0.530272285     0.470567839      2.03985179      1.82881787    0.0625595893    0.0826492089
 228     0     100               0     0.530272285     0.470567839      2.03985179      1.82881787    0.0625595893    0.0826492089
 228     1      50               0     0.530272285     0.470567839      2.03985179      1.82881787    0.0625595893    0.0826492089
 229     0     100               0     0.530272285     0.470567839      2.03985179      1.82881787    0.0625595893    0.0826492089
 229     1      50               0     0.530272285     0.470567839      2.03985179      1.82881787    0.0625595893    0.0826492089
 230     0     100               0     0.530272285     0.470567839      2.03985179      1.82881787    0.0625595893    0.0826492089
 230     1      50               0     0.530272285     0.470567839      2.03985179      1.82881787    0.0625595893    0.0826492089
--------- pump migration: intra (promote-2 + intake-reset) ---------
 231     0     100               0     0.530272285     0.470567839      2.03985179      1.82881787    0.0625595893    0.0826492089
 231     1      50               0     0.530272285     0.470567839      2.03985179      1.82881787    0.0625595893    0.0826492089
 232     0     100               0     0.530272285     0.470567839      2.03985179      1.82881787    0.0625595893    0.0826492089
 232     1      50               0     0.530272285     0.470567839      2.03985179      1.82881787    0.0625595893    0.0826492089
 233     0     100               0     0.530272285     0.470567839      2.03985179      1.82881787    0.0625595893    0.0826492089
 233     1      50               0     0.530272285     0.470567839      2.03985179      1.82881787    0.0625595893    0.0826492089
 234     0     100               0     0.530272285     0.470567839      2.03985179      1.82881787    0.0625595893    0.0826492089
 234     1      50               0     0.530272285     0.470567839      2.03985179      1.82881787    0.0625595893    0.0826492089
 235     0     100               0     0.530272285     0.470567839      2.03985179      1.82881787    0.0625595893    0.0826492089
 235     1      50               0     0.530272285     0.470567839      2.03985179      1.82881787    0.0625595893    0.0826492089
 236     0     100               0     0.530272285     0.470567839      2.03985179      1.82881787    0.0625595893    0.0826492089
 236     1      50               0     0.530272285     0.470567839      2.03985179      1.82881787    0.0625595893    0.0826492089
 237     0     100               0     0.530272285     0.470567839      2.03985179      1.82881787    0.0625595893    0.0826492089
 237     1      50               0     0.530272285     0.470567839      2.03985179      1.82881787    0.0625595893    0.0826492089
 238     0     100               0     0.530272285     0.470567839      2.03985179      1.82881787    0.0625595893    0.0826492089
 238     1      50               0     0.530272285     0.470567839      2.03985179      1.82881787    0.0625595893    0.0826492089
 239     0     100               0     0.530272285     0.470567839      2.03985179      1.82881787    0.0625595893    0.0826492089
 239     1      50               0     0.530272285     0.470567839      2.03985179      1.82881787    0.0625595893    0.0826492089
 240     0     100               0     0.530272285     0.470567839      2.03985179      1.82881787    0.0625595893    0.0826492089
 240     1      50               0     0.530272285     0.470567839      2.03985179      1.82881787    0.0625595893    0.0826492089
--------- pump migration: intra (promote-2 + intake-reset) + cross ---------
 241     0     100               0      2.64151944      2.22191964       7.3845258      3.01486253     0.311636826     0.390251702
 241     1      50               0     0.530272285     0.470567839      2.03985179      1.82881787    0.0625595893    0.0826492089
 242     0     100               0      2.64151944      2.22191964       7.3845258      3.01486253     0.311636826     0.390251702
 242     1      50               0     0.530272285     0.470567839      2.03985179      1.82881787    0.0625595893    0.0826492089
 243     0     100               0      2.64151944      2.22191964       7.3845258      3.01486253     0.311636826     0.390251702
 243     1      50               0     0.530272285     0.470567839      2.03985179      1.82881787    0.0625595893    0.0826492089
 244     0     100               0      2.64151944      2.22191964       7.3845258      3.01486253     0.311636826     0.390251702
 244     1      50               0     0.530272285     0.470567839      2.03985179      1.82881787    0.0625595893    0.0826492089
 245     0     100               0      2.64151944      2.22191964       7.3845258      3.01486253     0.311636826     0.390251702
 245     1      50               0     0.530272285     0.470567839      2.03985179      1.82881787    0.0625595893    0.0826492089
 246     0     100               0      2.64151944      2.22191964       7.3845258      3.01486253     0.311636826     0.390251702
 246     1      50               0     0.530272285     0.470567839      2.03985179      1.82881787    0.0625595893    0.0826492089
 247     0     100               0      2.64151944      2.22191964       7.3845258      3.01486253     0.311636826     0.390251702
 247     1      50               0     0.530272285     0.470567839      2.03985179      1.82881787    0.0625595893    0.0826492089
 248     0     100               0      2.64151944      2.22191964       7.3845258      3.01486253     0.311636826     0.390251702
 248     1      50               0     0.530272285     0.470567839      2.03985179      1.82881787    0.0625595893    0.0826492089
 249     0     100               0      2.64151944      2.22191964       7.3845258      3.01486253     0.311636826     0.390251702
 249     1      50               0     0.530272285     0.470567839      2.03985179      1.82881787    0.0625595893    0.0826492089
 250     0     100               0     0.609757696     0.396514402      1.83437456      1.72239965    0.0719369881     0.069642672
 250     1      50               0     0.530272285     0.470567839      2.03985179      1.82881787    0.0625595893    0.0826492089
--------- pump migration: intra (promote-2 + intake-reset) ---------
 251     0     100               0     0.609757696     0.396514402      1.83437456      1.72239965    0.0719369881     0.069642672
 251     1      50               0     0.609757696     0.396514402      1.83437456      1.72239965    0.0719369881     0.069642672
 252     0     100               0     0.609757696     0.396514402      1.83437456      1.72239965    0.0719369881     0.069642672
 252     1      50               0     0.609757696     0.396514402      1.83437456      1.72239965    0.0719369881     0.069642672
 253     0     100               0     0.609757696     0.396514402      1.83437456      1.72239965    0.0719369881     0.069642672
 253     1      50               0     0.609757696     0.396514402      1.83437456      1.72239965    0.0719369881     0.069642672
 254     0     100               0     0.609757696     0.396514402      1.83437456      1.72239965    0.0719369881     0.069642672
 254     1      50               0     0.609757696     0.396514402      1.83437456      1.72239965    0.0719369881     0.069642672
 255     0     100               0     0.609757696     0.396514402      1.83437456      1.72239965    0.0719369881     0.069642672
 255     1      50               0     0.609757696     0.396514402      1.83437456      1.72239965    0.0719369881     0.069642672
 256     0     100               0     0.609757696     0.396514402      1.83437456      1.72239965    0.0719369881     0.069642672
 256     1      50               0     0.609757696     0.396514402      1.83437456      1.72239965    0.0719369881     0.069642672
 257     0     100               0     0.609757696     0.396514402      1.83437456      1.72239965    0.0719369881     0.069642672
 257     1      50               0     0.609757696     0.396514402      1.83437456      1.72239965    0.0719369881     0.069642672
 258     0     100               0     0.609757696     0.396514402      1.83437456      1.72239965    0.0719369881     0.069642672
 258     1      50               0     0.609757696     0.396514402      1.83437456      1.72239965    0.0719369881     0.069642672
 259     0     100               0     0.609757696     0.396514402      1.83437456      1.72239965    0.0719369881     0.069642672
 259     1      50               0     0.609757696     0.396514402      1.83437456      1.72239965    0.0719369881     0.069642672
 260     0     100               0     0.609757696     0.396514402      1.83437456      1.72239965    0.0719369881     0.069642672
 260     1      50               0     0.609757696     0.396514402      1.83437456      1.72239965    0.0719369881     0.069642672
--------- pump migration: intra (promote-2 + intake-reset) ---------
 261     0     100               0     0.609757696     0.396514402      1.83437456      1.72239965    0.0719369881     0.069642672
 261     1      50               0     0.609757696     0.396514402      1.83437456      1.72239965    0.0719369881     0.069642672
 262     0     100               0     0.609757696     0.396514402      1.83437456      1.72239965    0.0719369881     0.069642672
 262     1      50               0     0.609757696     0.396514402      1.83437456      1.72239965    0.0719369881     0.069642672
 263     0     100               0     0.609757696     0.396514402      1.83437456      1.72239965    0.0719369881     0.069642672
 263     1      50               0     0.609757696     0.396514402      1.83437456      1.72239965    0.0719369881     0.069642672
 264     0     100               0     0.609757696     0.396514402      1.83437456      1.72239965    0.0719369881     0.069642672
 264     1      50               0     0.609757696     0.396514402      1.83437456      1.72239965    0.0719369881     0.069642672
 265     0     100               0     0.609757696     0.396514402      1.83437456      1.72239965    0.0719369881     0.069642672
 265     1      50               0     0.609757696     0.396514402      1.83437456      1.72239965    0.0719369881     0.069642672
 266     0     100               0     0.609757696     0.396514402      1.83437456      1.72239965    0.0719369881     0.069642672
 266     1      50               0     0.609757696     0.396514402      1.83437456      1.72239965    0.0719369881     0.069642672
 267     0     100               0     0.609757696     0.396514402      1.83437456      1.72239965    0.0719369881     0.069642672
 267     1      50               0     0.609757696     0.396514402      1.83437456      1.72239965    0.0719369881     0.069642672
 268     0     100               0     0.609757696     0.396514402      1.83437456      1.72239965    0.0719369881     0.069642672
 268     1      50               0     0.609757696     0.396514402      1.83437456      1.72239965    0.0719369881     0.069642672
 269     0     100               0     0.609757696     0.396514402      1.83437456      1.72239965    0.0719369881     0.069642672
 269     1      50               0     0.609757696     0.396514402      1.83437456      1.72239965    0.0719369881     0.069642672
 270     0     100               0     0.609757696     0.396514402      1.83437456      1.72239965    0.0719369881     0.069642672
 270     1      50               0     0.609757696     0.396514402      1.83437456      1.72239965    0.0719369881     0.069642672
--------- pump migration: intra (promote-2 + intake-reset) + cross ---------
 271     0     100               0     0.609757696     0.396514402      1.83437456      1.72239965    0.0719369881     0.069642672
 271     1      50               0     0.609757696     0.396514402      1.83437456      1.72239965    0.0719369881     0.069642672
 272     0     100               0      1.09722284      1.08906629      6.24248627      2.19660448     0.129446347     0.191280533
 272     1      50               0     0.609757696     0.396514402      1.83437456      1.72239965    0.0719369881     0.069642672
 273     0     100               0      1.09722284      1.08906629      6.24248627      2.19660448     0.129446347     0.191280533
 273     1      50               0     0.609757696     0.396514402      1.83437456      1.72239965    0.0719369881     0.069642672
 274     0     100               0     0.609757696     0.396514402      1.83437456      1.72239965    0.0719369881     0.069642672
 274     1      50               0     0.609757696     0.396514402      1.83437456      1.72239965    0.0719369881     0.069642672
 275     0     100               0     0.609757696     0.396514402      1.83437456      1.72239965    0.0719369881     0.069642672
 275     1      50               0     0.609757696     0.396514402      1.83437456      1.72239965    0.0719369881     0.069642672
 276     0     100               0     0.609757696     0.396514402      1.83437456      1.72239965    0.0719369881     0.069642672
 276     1      50               0     0.609757696     0.396514402      1.83437456      1.72239965    0.0719369881     0.069642672
 277     0     100               0     0.609757696     0.396514402      1.83437456      1.72239965    0.0719369881     0.069642672
 277     1      50               0     0.609757696     0.396514402      1.83437456      1.72239965    0.0719369881     0.069642672
 278     0     100               0     0.609757696     0.396514402      1.83437456      1.72239965    0.0719369881     0.069642672
 278     1      50               0     0.609757696     0.396514402      1.83437456      1.72239965    0.0719369881     0.069642672
 279     0     100               0     0.609757696     0.396514402      1.83437456      1.72239965    0.0719369881     0.069642672
 279     1      50               0     0.609757696     0.396514402      1.83437456      1.72239965    0.0719369881     0.069642672
 280     0     100               0     0.609757696     0.396514402      1.83437456      1.72239965    0.0719369881     0.069642672
 280     1      50               0     0.609757696     0.396514402      1.83437456      1.72239965    0.0719369881     0.069642672
--------- pump migration: intra (promote-2 + intake-reset) ---------
 281     0     100               0     0.609757696     0.396514402      1.83437456      1.72239965    0.0719369881     0.069642672
 281     1      50               0     0.609757696     0.396514402      1.83437456      1.72239965    0.0719369881     0.069642672
 282     0     100               0     0.609757696     0.396514402      1.83437456      1.72239965    0.0719369881     0.069642672
 282     1      50               0     0.609757696     0.396514402      1.83437456      1.72239965    0.0719369881     0.069642672
 283     0     100               0     0.609757696     0.396514402      1.83437456      1.72239965    0.0719369881     0.069642672
 283     1      50               0     0.609757696     0.396514402      1.83437456      1.72239965    0.0719369881     0.069642672
 284     0     100               0     0.609757696     0.396514402      1.83437456      1.72239965    0.0719369881     0.069642672
 284     1      50               0     0.609757696     0.396514402      1.83437456      1.72239965    0.0719369881     0.069642672
 285     0     100               0     0.609757696     0.396514402      1.83437456      1.72239965    0.0719369881     0.069642672
 285     1      50               0     0.609757696     0.396514402      1.83437456      1.72239965    0.0719369881     0.069642672
 286     0     100               0     0.609757696     0.396514402      1.83437456      1.72239965    0.0719369881     0.069642672
 286     1      50               0     0.609757696     0.396514402      1.83437456      1.72239965    0.0719369881     0.069642672
 287     0     100               0     0.609757696     0.396514402      1.83437456      1.72239965    0.0719369881     0.069642672
 287     1      50               0     0.609757696     0.396514402      1.83437456      1.72239965    0.0719369881     0.069642672
 288     0     100               0     0.609757696     0.396514402      1.83437456      1.72239965    0.0719369881     0.069642672
 288     1      50               0     0.609757696     0.396514402      1.83437456      1.72239965    0.0719369881     0.069642672
 289     0     100               0     0.609757696     0.396514402      1.83437456      1.72239965    0.0719369881     0.069642672
 289     1      50               0     0.609757696     0.396514402      1.83437456      1.72239965    0.0719369881     0.069642672
 290     0     100               0     0.609757696     0.396514402      1.83437456      1.72239965    0.0719369881     0.069642672
 290     1      50               0     0.609757696     0.396514402      1.83437456      1.72239965    0.0719369881     0.069642672
--------- pump migration: intra (promote-2 + intake-reset) ---------
 291     0     100               0      1.83893382      1.49502094      7.41026116      4.68969706     0.216950703     0.262581264
 291     1      50               0     0.609757696     0.396514402      1.83437456      1.72239965    0.0719369881     0.069642672
 292     0     100               0      1.83893382      1.49502094      7.41026116      4.68969706     0.216950703     0.262581264
 292     1      50               0     0.609757696     0.396514402      1.83437456      1.72239965    0.0719369881     0.069642672
 293     0     100               0      1.83893382      1.49502094      7.41026116      4.68969706     0.216950703     0.262581264
 293     1      50               0     0.609757696     0.396514402      1.83437456      1.72239965    0.0719369881     0.069642672
 294     0     100               0      1.83893382      1.49502094      7.41026116      4.68969706     0.216950703     0.262581264
 294     1      50               0     0.609757696     0.396514402      1.83437456      1.72239965    0.0719369881     0.069642672
 295     0     100               0      1.83893382      1.49502094      7.41026116      4.68969706     0.216950703     0.262581264
 295     1      50               0     0.609757696     0.396514402      1.83437456      1.72239965    0.0719369881     0.069642672
 296     0     100               0     0.609757696     0.396514402      1.83437456      1.72239965    0.0719369881     0.069642672
 296     1      50               0     0.609757696     0.396514402      1.83437456      1.72239965    0.0719369881     0.069642672
 297     0     100               0     0.609757696     0.396514402      1.83437456      1.72239965    0.0719369881     0.069642672
 297     1      50               0     0.609757696     0.396514402      1.83437456      1.72239965    0.0719369881     0.069642672
 298     0     100               0     0.609757696     0.396514402      1.83437456      1.72239965    0.0719369881     0.069642672
 298     1      50               0     0.609757696     0.396514402      1.83437456      1.72239965    0.0719369881     0.069642672
 299     0     100               0     0.609757696     0.396514402      1.83437456      1.72239965    0.0719369881     0.069642672
 299     1      50               0     0.609757696     0.396514402      1.83437456      1.72239965    0.0719369881     0.069642672
 300     0     100               0     0.609757696     0.396514402      1.83437456      1.72239965    0.0719369881     0.069642672
 300     1      50               0     0.609757696     0.396514402      1.83437456      1.72239965    0.0719369881     0.069642672
--------- pump migration: intra (promote-2 + intake-reset) + cross ---------
 301     0     100               0     0.609757696     0.396514402      1.83437456      1.72239965    0.0719369881     0.069642672
 301     1      50               0     0.609757696     0.396514402      1.83437456      1.72239965    0.0719369881     0.069642672
 302     0     100               0     0.609757696     0.396514402      1.83437456      1.72239965    0.0719369881     0.069642672
 302     1      50               0     0.609757696     0.396514402      1.83437456      1.72239965    0.0719369881     0.069642672
 303     0     100               0     0.609757696     0.396514402      1.83437456      1.72239965    0.0719369881     0.069642672
 303     1      50               0     0.609757696     0.396514402      1.83437456      1.72239965    0.0719369881     0.069642672
 304     0     100               0     0.609757696     0.396514402      1.83437456      1.72239965    0.0719369881     0.069642672
 304     1      50               0     0.609757696     0.396514402      1.83437456      1.72239965    0.0719369881     0.069642672
 305     0     100               0     0.609757696     0.396514402      1.83437456      1.72239965    0.0719369881     0.069642672
 305     1      50               0     0.609757696     0.396514402      1.83437456      1.72239965    0.0719369881     0.069642672
 306     0     100               0     0.609757696     0.396514402      1.83437456      1.72239965    0.0719369881     0.069642672
 306     1      50               0     0.609757696     0.396514402      1.83437456      1.72239965    0.0719369881     0.069642672
 307     0     100               0     0.530272285     0.470567839      2.03985179      1.82881787    0.0625595893    0.0826492089
 307     1      50               0     0.609757696     0.396514402      1.83437456      1.72239965    0.0719369881     0.069642672
 308     0     100               0     0.530272285     0.470567839      2.03985179      1.82881787    0.0625595893    0.0826492089
 308     1      50               0     0.609757696     0.396514402      1.83437456      1.72239965    0.0719369881     0.069642672
 309     0     100               0     0.530272285     0.470567839      2.03985179      1.82881787    0.0625595893    0.0826492089
 309     1      50               0     0.609757696     0.396514402      1.83437456      1.72239965    0.0719369881     0.069642672
 310     0     100               0     0.530272285     0.470567839      2.03985179      1.82881787    0.0625595893    0.0826492089
 310     1      50               0     0.609757696     0.396514402      1.83437456      1.72239965    0.0719369881     0.069642672
--------- pump migration: intra (promote-2 + intake-reset) ---------
 311     0     100               0     0.530272285     0.470567839      2.03985179      1.82881787    0.0625595893    0.0826492089
 311     1      50               0     0.609757696     0.396514402      1.83437456      1.72239965    0.0719369881     0.069642672
 312     0     100               0     0.530272285     0.470567839      2.03985179      1.82881787    0.0625595893    0.0826492089
 312     1      50               0     0.530272285     0.470567839      2.03985179      1.82881787    0.0625595893    0.0826492089
 313     0     100               0     0.530272285     0.470567839      2.03985179      1.82881787    0.0625595893    0.0826492089
 313     1      50               0     0.530272285     0.470567839      2.03985179      1.82881787    0.0625595893    0.0826492089
 314     0     100               0     0.530272285     0.470567839      2.03985179      1.82881787    0.0625595893    0.0826492089
 314     1      50               0     0.530272285     0.470567839      2.03985179      1.82881787    0.0625595893    0.0826492089
 315     0     100               0     0.530272285     0.470567839      2.03985179      1.82881787    0.0625595893    0.0826492089
 315     1      50               0     0.530272285     0.470567839      2.03985179      1.82881787    0.0625595893    0.0826492089
 316     0     100               0     0.530272285     0.470567839      2.03985179      1.82881787    0.0625595893    0.0826492089
 316     1      50               0     0.530272285     0.470567839      2.03985179      1.82881787    0.0625595893    0.0826492089
 317     0     100               0     0.530272285     0.470567839      2.03985179      1.82881787    0.0625595893    0.0826492089
 317     1      50               0     0.530272285     0.470567839      2.03985179      1.82881787    0.0625595893    0.0826492089
 318     0     100               0     0.530272285     0.470567839      2.03985179      1.82881787    0.0625595893    0.0826492089
 318     1      50               0     0.530272285     0.470567839      2.03985179      1.82881787    0.0625595893    0.0826492089
 319     0     100               0     0.530272285     0.470567839      2.03985179      1.82881787    0.0625595893    0.0826492089
 319     1      50               0     0.530272285     0.470567839      2.03985179      1.82881787    0.0625595893    0.0826492089
 320     0     100               0     0.530272285     0.470567839      2.03985179      1.82881787    0.0625595893    0.0826492089
 320     1      50               0     0.530272285     0.470567839      2.03985179      1.82881787    0.0625595893    0.0826492089
--------- pump migration: intra (promote-2 + intake-reset) ---------
 321     0     100               0     0.530272285     0.470567839      2.03985179      1.82881787    0.0625595893    0.0826492089
 321     1      50               0     0.530272285     0.470567839      2.03985179      1.82881787    0.0625595893    0.0826492089
 322     0     100               0     0.530272285     0.470567839      2.03985179      1.82881787    0.0625595893    0.0826492089
 322     1      50               0     0.530272285     0.470567839      2.03985179      1.82881787    0.0625595893    0.0826492089
 323     0     100               0     0.530272285     0.470567839      2.03985179      1.82881787    0.0625595893    0.0826492089
 323     1      50               0     0.530272285     0.470567839      2.03985179      1.82881787    0.0625595893    0.0826492089
 324     0     100               0     0.530272285     0.470567839      2.03985179      1.82881787    0.0625595893    0.0826492089
 324     1      50               0     0.530272285     0.470567839      2.03985179      1.82881787    0.0625595893    0.0826492089
 325     0     100               0     0.530272285     0.470567839      2.03985179      1.82881787    0.0625595893    0.0826492089
 325     1      50               0     0.530272285     0.470567839      2.03985179      1.82881787    0.0625595893    0.0826492089
<string>:1: RuntimeWarning: invalid value encountered in scalar multiply
<string>:1: RuntimeWarning: invalid value encountered in scalar multiply
 326     0     100               0     0.530272285     0.470567839      2.03985179      1.82881787    0.0625595893    0.0826492089
 326     1      50               0     0.530272285     0.470567839      2.03985179      1.82881787    0.0625595893    0.0826492089
 327     0     100               0     0.530272285     0.470567839      2.03985179      1.82881787    0.0625595893    0.0826492089
 327     1      50               0     0.530272285     0.470567839      2.03985179      1.82881787    0.0625595893    0.0826492089
 328     0     100               0  3.98315252e-24  3.04981593e-24  1.70174985e-11  2.02634697e-24  4.69917801e-25  5.35661073e-25
 328     1      50               0     0.530272285     0.470567839      2.03985179      1.82881787    0.0625595893    0.0826492089

*** Early stop at generation 328: best val_R² = 1.0000000000 ≥ 0.9999999990, holdout_R² = 1.0000000000 confirmed

This sub-run: 2026-09-19 06:27:59.418511 → 2026-09-19 06:32:39.664660
Now at generation 328 (HOF size: 31)
  HFF-chosen LSM kept: a=56.5487, b=62.1251
Chromosome wrapper: id=1  →  log_abs
hof[0] runtime val: mse=1.070e-25  R²=1.000000
Pre-snap expression (after sympify + LSM compose):
  56.5486677647678*log(exp(alpha/(9*d*n))/3) + 62.125061314015

Per-level snap results (before MSE scoring):
  strict      →  56.5486677647678*log(exp(alpha/(9*d*n))/3) + 62.125061314015
  default     →  56.5486677647678*log(exp(alpha/(9*d*n))/3) + 62.125061314015
  aggressive  →  56.5486677647678*log(exp(alpha/(9*d*n))/3) + 62.125061314015

Snap-level comparison (sorted by holdout MSE, lowest first)
------------------------------------------------------------------------------------------
  level       MSE            R²         expression                                        
------------------------------------------------------------------------------------------
★ strict      2.604e-20      1.0000     56.5486677647678*log(exp(alpha/(9*d*n))/3) + 62.12
  default     2.604e-20      1.0000     56.5486677647678*log(exp(alpha/(9*d*n))/3) + 62.12
  aggressive  2.604e-20      1.0000     56.5486677647678*log(exp(alpha/(9*d*n))/3) + 62.12

Winning snap level: 'strict'  →  56.5486677647678*log(exp(alpha/(9*d*n))/3) + 62.125061314015

Canonical discovered expression: 56.5486677647678*log(exp(alpha/(9*d*n))/3) + 62.125061314015
[38;2;0;50;255m
############################################################ [38;2;255;255;255m
[38;2;0;50;255m Equation Recovery: III_15_27 [38;2;255;255;255m
[38;2;0;50;255m Truth: 2*pi*alpha/(n*d) [38;2;255;255;255m
[38;2;0;50;255m [38;2;255;255;255m
[38;2;255;0;255m     Exact recovery     : False [38;2;255;255;255m
[38;2;255;0;255m     Numerical recovery : True (max rel_err 1.34e-09 on 10k samples) [38;2;255;255;255m
[38;2;255;0;255m     Discovered         : 56.5486677647678*log(exp(alpha/(9*d*n))/3) + 62.125061314015 [38;2;255;255;255m
[38;2;255;0;255m     LSM (a, b)         : (56.5487, 62.1251) [38;2;255;255;255m
[38;2;0;50;255m
############################################################ [38;2;255;255;255m
In-range holdout : MSE=9.308e-26  MAE=2.208e-13  R²=1.0000
Extrapolation    : MSE=8.451e-26  MAE=2.547e-13  R²=1.0000

Top 10 HOF models (north_pole=truenorth) (★ = Pareto-optimal)
(deduped HOF: 6 unique chromosomes from 31 raw HOF entries)
 ----------------------------------------------------------------------------------------------------------------
       model     wrapper      length   train_mse     val_mse     max_err    train_r2      val_r2 angular_distance
 ----------------------------------------------------------------------------------------------------------------
★           0     log_abs          14      0.0000      0.0000      0.0000      1.0000      1.0000      0.0000
           28     log_abs           8      0.5303      0.4706      2.0399      0.9374      0.9174      0.2873
           25     log_abs           8      0.5303      0.4706      2.0399      0.9374      0.9174      0.2873
           22     log_abs           8      0.5303      0.4706      2.0399      0.9374      0.9174      0.2873
           29     log_abs           7      2.7418      2.2920      7.4069      0.6765      0.5974      1.4805
           30    identity          35      2.8196      2.1775      9.1303      0.6674      0.6175      1.5318

Pareto-optimal in top 6: 1    Pareto-optimal in full HOF: 1 / 6

Recovery sweep across 6/6 unique HOF chromosomes (capped):
  Structural / exact     : 0/6  (0.0%)
  Numerical (≤1e-6 err)  : 1/6  (16.7%)
{
    "date": "2026/09/19",
    "seed": "5",
    "task": "equation_recovery",
    "north_pole_method": "truenorth",
    "hff_include_val": true,
    "problem": "III_15_27",
    "truth_expr": "2*pi*alpha/(n*d)",
    "final_terminal_inputs": [
        "alpha",
        "n",
        "d"
    ],
    "wide_primitives": true,
    "head_length": "48",
    "n_genes": "3",
    "rnc_array_length": "10",
    "tournament size": "intake=8, champion=5",
    "population size": "150",
    "population per island": "intake=100, champion=50",
    "gpu_join": false,
    "eclass_k": 0,
    "number of elites": "2",
    "number of generations": "400",
    "number of islands": "2",
    "migration FREQ": "30",
    "wrapper_id": 1,
    "wrapper_name": "log_abs",
    "recovery_exact": false,
    "recovery_numerical": true,
    "recovery_max_rel_err": 1.3355143702207893e-09,
    "discovered_expr": "56.5486677647678*log(exp(alpha/(9*d*n))/3) + 62.125061314015",
    "holdout_mse": 9.308487394466606e-26,
    "holdout_r2": 1.0,
    "extrap_mse": 8.45074922938474e-26,
    "extrap_r2": 1.0,
    "hof_size": 6,
    "hof_exact_recoveries": 0,
    "hof_numerical_recoveries": 1
}
