/opt/anaconda3/lib/python3.12/site-packages/geppy/__init__.py:26: UserWarning: pkg_resources is deprecated as an API. See https://setuptools.pypa.io/en/latest/pkg_resources.html. The pkg_resources package is slated for removal as early as 2025-11-30. Refrain from using this package or pin to Setuptools<81.
  from pkg_resources import get_distribution, DistributionNotFound
hff library OK (test fitness: (0.1415394733244273,))
registry: ['circle_area', 'gravity', 'coulomb', 'pendulum', 'keplers3', 'ideal_gas', 'I_6_2a', 'I_6_2', 'I_6_2b', 'I_8_14', 'I_9_18', 'I_10_7', 'I_11_19', 'I_12_1', 'I_12_2', 'I_12_4', 'I_12_5', 'I_12_11', 'I_13_4', 'I_13_12', 'I_14_3', 'I_14_4', 'I_15_3x', 'I_15_3t', 'I_15_1', 'I_16_6', 'I_18_4', 'I_18_12', 'I_18_14', 'I_24_6', 'I_25_13', 'I_26_2', 'I_27_6', 'I_29_4', 'I_29_16', 'I_30_3', 'I_30_5', 'I_32_5', 'I_32_17', 'I_34_8', 'I_34_1', 'I_34_14', 'I_34_27', 'I_37_4', 'I_38_12', 'I_39_1', 'I_39_11', 'I_39_22', 'I_40_1', 'I_41_16', 'I_43_16', 'I_43_31', 'I_43_43', 'I_44_4', 'I_47_23', 'I_48_2', 'I_50_26', 'II_2_42', 'II_3_24', 'II_4_23', 'II_6_11', 'II_6_15a', 'II_6_15b', 'II_8_7', 'II_8_31', 'II_10_9', 'II_11_3', 'II_11_17', 'II_11_20', 'II_11_27', 'II_11_28', 'II_13_17', 'II_13_23', 'II_13_34', 'II_15_4', 'II_15_5', 'II_21_32', 'II_24_17', 'II_27_16', 'II_27_18', 'II_34_2a', 'II_34_2', 'II_34_11', 'II_34_29a', 'II_34_29b', 'II_35_18', 'II_35_21', 'II_36_38', 'II_37_1', 'II_38_3', 'II_38_14', 'III_4_32', 'III_4_33', 'III_7_38', 'III_8_54', 'III_9_52', 'III_10_19', 'III_12_43', 'III_13_18', 'III_14_14', 'III_15_12', 'III_15_14', 'III_15_27', 'III_17_37', 'III_19_51', 'III_21_20', 'test_1', 'test_2', 'test_3', 'test_4', 'test_5', 'test_6', 'test_7', 'test_8', 'test_9', 'test_10', 'test_11', 'test_12', 'test_13', 'test_14', 'test_15', 'test_16', 'test_17', 'test_18', 'test_19', 'test_20']
[feynman override] head_length=48 (keep n_genes=3, avgval linker)
Selected problem: I_30_3
  Description : Feynman I-III I.30.3: Int = Int_0*sin(n*theta/2)**2/sin(theta/2)**2
  Variables   : ['Int_0', 'theta', 'n']
  Train range : {'Int_0': (1.0, 5.0), 'theta': (1.0, 5.0), 'n': (1.0, 5.0)}
  Extrap range: {'Int_0': (1.0, 7.5), 'theta': (1.0, 7.5), 'n': (1.0, 7.5)}
  Truth       : Int_0*sin(n*theta/2)**2/sin(theta/2)**2
  ✓ cache hit  (data/equations/I_30_3, key=e4b94183dc4858ee)
  train           (800, 4)  target range=[5.195e-05, 17.48]
  val             (200, 4)  target range=[0.0003172, 19.61]
  holdout         (200, 4)  target range=[0.0004024, 16.19]
  extrapolation   (200, 4)  target range=[2.85e-05, 4.634e+04]
  saved figure → data/figures/I_30_3/eda_pairplot.png
Wide primitive set enabled: sin, cos, exp, log added.
[E22 rules] variable pattern tags: {'has_gaussian_input'}
[rules] HFF_RULES=generic: ['sum_sq_all', 'power_law']
[E22/23 rules] static candidate count: 1
[E22/23 rules] allowed to take a fitness slot (exact): 0
  [sum_sq_all/sum_sq] a=0.0082 b=2.4982e+00 1-R²_va=1.0335e+00
[fuller] denoise + snap IN THE JOIN (every gene, every generation, K=8); mutation operators: physics=0.2 concretize=0.05
Wrapper scope: per_island  (island → wrapper map: ['identity', 'identity'])
[wgpu] process pool disabled — Metal cannot survive fork(); the population is evaluated in one dispatch instead
Genes: head_length=48, n_genes=3, rnc_array_length=10
Population: (per-island, see below), elites: 2, generations: 400, migration FREQ: 30
  pump per-island sizes: intake=100 (tournsize=8), champion=50 (tournsize=5)
Initialising evolution at 2026-09-19 07:38:35.558469
 gen  deme   evals     min fitness          mse_tr          mse_va         max_err      mse_extrap  one_minus_r2_tr  one_minus_r2_va
   0     0     100      0.11447178      4.19079214       3.9387539      12.1228059      11606902.6     0.559170678      0.69299565
   0     1      50     0.271435047      5.58281356      4.88979226      13.4438963      11610568.5     0.744905865     0.860324065
          wgpu 1d 323g 279c x3w 10ms | egraph 187g->129v+0snap 80ms | graft 18 (-120n, 0 snap) cpu 0 | f64 30 | gen 0.0s | dropped inexpr 2 oversz 0 unbuild 0 {}
Extending evolution: gen 1 → 400 (+400 generations)
   1     0     100      0.11447178      4.19079214       3.9387539      12.1228059      11606902.6     0.559170678      0.69299565
   1     1      50     0.271435047      5.58281356      4.88979226      13.4438963      11610568.5     0.744905865     0.860324065
          wgpu 1d 211g 267c x3w 4ms | egraph 88g->121v+0snap 21ms | graft 14 (-65n, 0 snap) cpu 0 | f64 28 | gen 0.3s | dropped inexpr 9 oversz 0 unbuild 0 {}
   2     0     100      0.11447178      4.19079214       3.9387539      12.1228059      11606902.6     0.559170678      0.69299565
   2     1      50               0      4.49754026      3.94113006      9.83549278      11611456.2     0.600099589     0.693413719
          wgpu 1d 110g 180c x3w 3ms | egraph 52g->34v+0snap 9ms | graft 5 (-19n, 0 snap) cpu 0 | f64 38 | gen 0.2s | dropped inexpr 1 oversz 0 unbuild 0 {}
   3     0     100  3.94247668e-08      3.89860788      3.66736622      10.7458392      11603747.4     0.520185001     0.645246924
   3     1      50               0      4.49754026      3.94113006      9.83549278      11611456.2     0.600099589     0.693413719
          wgpu 1d 127g 208c x3w 3ms | egraph 48g->62v+0snap 10ms | graft 10 (-122n, 0 snap) cpu 0 | f64 37 | gen 0.2s | dropped inexpr 4 oversz 0 unbuild 0 {}
   4     0     100  3.94247668e-08      3.89860788      3.66736622      10.7458392      11603747.4     0.520185001     0.645246924
   4     1      50               0      4.49754026      3.94113006      9.83549278      11611456.2     0.600099589     0.693413719
          wgpu 1d 90g 202c x3w 10ms | egraph 43g->56v+0snap 9ms | graft 1 (-2n, 0 snap) cpu 0 | f64 28 | gen 0.2s | dropped inexpr 1 oversz 0 unbuild 0 {}
   5     0     100  3.94247668e-08      3.89860788      3.66736622      10.7458392      11603747.4     0.520185001     0.645246924
   5     1      50               0      4.49754026      3.94113006      9.83549278      11611456.2     0.600099589     0.693413719
          wgpu 1d 105g 232c x3w 3ms | egraph 41g->86v+0snap 7ms | graft 3 (-12n, 0 snap) cpu 0 | f64 38 | gen 0.2s | dropped inexpr 1 oversz 0 unbuild 0 {}
   6     0     100  3.94247668e-08      3.89860792      3.66736618      10.7458393      11603747.4     0.520185006     0.645246918
   6     1      50               0      4.49754026      3.94113006      9.83549278      11611456.2     0.600099589     0.693413719
          wgpu 1d 117g 232c x3w 3ms | egraph 43g->86v+0snap 9ms | graft 4 (-21n, 0 snap) cpu 0 | f64 20 | gen 0.3s | dropped inexpr 5 oversz 0 unbuild 0 {}
   7     0     100  3.33200094e-08      3.89860788      3.66736622      10.7458392      11603747.4     0.520185001     0.645246924
   7     1      50               0      4.49754026      3.94113006      9.83549278      11611456.2     0.600099589     0.693413719
          wgpu 1d 127g 250c x3w 3ms | egraph 39g->104v+0snap 11ms | graft 5 (-27n, 0 snap) cpu 0 | f64 39 | gen 0.2s | dropped inexpr 3 oversz 0 unbuild 0 {}
   8     0     100  3.33200094e-08      3.89860788      3.66736622      10.7458392      11603747.4     0.520185001     0.645246924
   8     1      50               0      4.49754026      3.94113006      9.83549278      11611456.2     0.600099589     0.693413719
          wgpu 1d 120g 242c x3w 3ms | egraph 48g->96v+0snap 9ms | graft 3 (-11n, 0 snap) cpu 0 | f64 20 | gen 0.2s | dropped inexpr 1 oversz 0 unbuild 0 {}
   9     0     100  3.33200094e-08      3.89860788      3.66736622      10.7458392      11603747.4     0.520185001     0.645246924
   9     1      50               0      4.49754026      3.94113006      9.83549278      11611456.2     0.600099589     0.693413719
          wgpu 1d 115g 232c x3w 3ms | egraph 30g->86v+0snap 7ms | graft 3 (-14n, 0 snap) cpu 0 | f64 20 | gen 0.2s
  10     0     100  3.33200094e-08      3.89860788      3.66736622      10.7458392      11603747.4     0.520185001     0.645246924
  10     1      50               0      4.49754026      3.94113006      9.83549278      11611456.2     0.600099589     0.693413719
          wgpu 1d 116g 233c x3w 3ms | egraph 38g->87v+0snap 8ms | graft 2 (-10n, 0 snap) cpu 0 | f64 20 | gen 0.2s | dropped inexpr 1 oversz 0 unbuild 0 {}
--------- pump migration: intra (promote-2 + intake-reset) ---------
  11     0     100  3.33200094e-08      3.89860788      3.66736622      10.7458392      11603747.4     0.520185001     0.645246924
  11     1      50               0      4.49754026      3.94113006      9.83549278      11611456.2     0.600099589     0.693413719
          wgpu 2d 330g 375c x3w 7ms | egraph 133g->149v+0snap 40ms | graft 6 (-23n, 0 snap) cpu 0 | f64 30 | gen 0.2s | dropped inexpr 6 oversz 0 unbuild 0 {}
  12     0     100  3.33200094e-08      3.89860788      3.66736622      10.7458392      11603747.4     0.520185001     0.645246924
  12     1      50               0      4.49754026      3.94113006      9.83549278      11611456.2     0.600099589     0.693413719
          wgpu 1d 113g 237c x3w 3ms | egraph 25g->91v+0snap 9ms | graft 1 (-2n, 0 snap) cpu 0 | f64 20 | gen 0.2s | dropped inexpr 1 oversz 0 unbuild 0 {}
  13     0     100  3.33200094e-08      3.89860788      3.66736622      10.7458392      11603747.4     0.520185001     0.645246924
  13     1      50               0      4.49754026      3.94113006      9.83549278      11611456.2     0.600099589     0.693413719
          wgpu 1d 122g 244c x3w 13ms | egraph 36g->98v+0snap 16ms | graft 2 (-11n, 0 snap) cpu 0 | f64 20 | gen 0.2s
  14     0     100  3.33200094e-08      3.89860788      3.66736622      10.7458392      11603747.4     0.520185001     0.645246924
  14     1      50               0      4.49754026      3.94113006      9.83549278      11611456.2     0.600099589     0.693413719
          wgpu 1d 107g 233c x3w 3ms | egraph 20g->87v+0snap 5ms | graft 1 (-2n, 0 snap) cpu 0 | f64 20 | gen 0.2s | dropped inexpr 1 oversz 0 unbuild 0 {}
  15     0     100  3.33200094e-08      3.89860788      3.66736622      10.7458392      11603747.4     0.520185001     0.645246924
  15     1      50               0      4.49754026      3.94113006      9.83549278      11611456.2     0.600099589     0.693413719
          wgpu 1d 129g 246c x3w 3ms | egraph 35g->100v+0snap 6ms | graft 5 (-18n, 0 snap) cpu 0 | f64 20 | gen 0.2s | dropped inexpr 1 oversz 0 unbuild 0 {}
  16     0     100  3.33200094e-08      3.89860788      3.66736622      10.7458392      11603747.4     0.520185001     0.645246924
  16     1      50               0      4.49754026      3.94113006      9.83549278      11611456.2     0.600099589     0.693413719
          wgpu 1d 138g 273c x3w 3ms | egraph 25g->127v+0snap 6ms | graft 0 (-0n, 0 snap) cpu 0 | f64 20 | gen 0.3s | dropped inexpr 2 oversz 0 unbuild 0 {}
  17     0     100  3.33200094e-08      3.89860788      3.66736622      10.7458392      11603747.4     0.520185001     0.645246924
  17     1      50               0      4.49754026      3.94113006      9.83549278      11611456.2     0.600099589     0.693413719
          wgpu 1d 118g 248c x3w 3ms | egraph 23g->102v+0snap 11ms | graft 0 (-0n, 0 snap) cpu 0 | f64 20 | gen 0.2s
  18     0     100  3.33200094e-08      3.89860788      3.66736622      10.7458392      11603747.4     0.520185001     0.645246924
  18     1      50               0      4.49754026      3.94113006      9.83549278      11611456.2     0.600099589     0.693413719
          wgpu 1d 91g 233c x3w 3ms | egraph 21g->87v+0snap 5ms | graft 2 (-14n, 0 snap) cpu 0 | f64 20 | gen 0.2s | dropped inexpr 1 oversz 0 unbuild 0 {}
  19     0     100  3.33200094e-08      3.89860788      3.66736622      10.7458392      11603747.4     0.520185001     0.645246924
  19     1      50               0      4.49754026      3.94113006      9.83549278      11611456.2     0.600099589     0.693413719
          wgpu 1d 110g 240c x3w 3ms | egraph 26g->94v+0snap 6ms | graft 3 (-10n, 0 snap) cpu 0 | f64 20 | gen 0.2s
  20     0     100  3.33200094e-08      3.89860788      3.66736622      10.7458392      11603747.4     0.520185001     0.645246924
  20     1      50               0      4.49754026      3.94113006      9.83549278      11611456.2     0.600099589     0.693413719
          wgpu 1d 103g 244c x3w 3ms | egraph 20g->98v+0snap 5ms | graft 0 (-0n, 0 snap) cpu 0 | f64 20 | gen 0.2s
--------- pump migration: intra (promote-2 + intake-reset) ---------
  21     0     100  3.33200094e-08      3.89860788      3.66736622      10.7458392      11603747.4     0.520185001     0.645246924
  21     1      50               0      4.49754026      3.94113006      9.83549278      11611456.2     0.600099589     0.693413719
          wgpu 2d 322g 426c x3w 7ms | egraph 111g->200v+0snap 37ms | graft 13 (-38n, 0 snap) cpu 0 | f64 30 | gen 0.3s | dropped inexpr 4 oversz 0 unbuild 0 {}
  22     0     100  3.33200094e-08      3.89860788      3.66736622      10.7458392      11603747.4     0.520185001     0.645246924
  22     1      50               0      4.49754026      3.94113006      9.83549278      11611456.2     0.600099589     0.693413719
          wgpu 1d 113g 248c x3w 3ms | egraph 22g->102v+0snap 6ms | graft 0 (-0n, 0 snap) cpu 0 | f64 20 | gen 0.2s
  23     0     100  3.33200094e-08      3.89860788      3.66736622      10.7458392      11603747.4     0.520185001     0.645246924
  23     1      50               0      4.49754026      3.94113006      9.83549278      11611456.2     0.600099589     0.693413719
          wgpu 1d 129g 256c x3w 3ms | egraph 24g->109v+0snap 6ms | graft 3 (-13n, 0 snap) cpu 0 | f64 20 | gen 0.2s
  24     0     100  3.33200094e-08      3.89860788      3.66736622      10.7458392      11603747.4     0.520185001     0.645246924
  24     1      50               0      4.49754026      3.94113006      9.83549278      11611456.2     0.600099589     0.693413719
          wgpu 1d 126g 259c x3w 4ms | egraph 27g->113v+0snap 7ms | graft 2 (-5n, 0 snap) cpu 0 | f64 20 | gen 0.3s | dropped inexpr 1 oversz 0 unbuild 0 {}
  25     0     100  3.33200094e-08      3.89860788      3.66736622      10.7458392      11603747.4     0.520185001     0.645246924
  25     1      50               0      4.49754026      3.94113006      9.83549278      11611456.2     0.600099589     0.693413719
          wgpu 1d 130g 276c x3w 5ms | egraph 28g->130v+0snap 7ms | graft 4 (-18n, 0 snap) cpu 0 | f64 20 | gen 0.2s
  26     0     100  3.33200094e-08      3.89860788      3.66736622      10.7458392      11603747.4     0.520185001     0.645246924
  26     1      50               0      4.49754026      3.94113006      9.83549278      11611456.2     0.600099589     0.693413719
          wgpu 1d 114g 242c x3w 11ms | egraph 18g->96v+0snap 6ms | graft 1 (-3n, 0 snap) cpu 0 | f64 20 | gen 0.2s
  27     0     100  3.33200094e-08      3.89860788      3.66736622      10.7458392      11603747.4     0.520185001     0.645246924
  27     1      50               0      4.49754026      3.94113006      9.83549278      11611456.2     0.600099589     0.693413719
          wgpu 1d 112g 261c x3w 3ms | egraph 22g->115v+0snap 6ms | graft 5 (-19n, 0 snap) cpu 0 | f64 20 | gen 0.2s
  28     0     100  3.33200094e-08      3.89860788      3.66736622      10.7458392      11603747.4     0.520185001     0.645246924
  28     1      50               0      4.49754026      3.94113006      9.83549278      11611456.2     0.600099589     0.693413719
          wgpu 1d 114g 256c x3w 3ms | egraph 25g->110v+0snap 6ms | graft 4 (-9n, 0 snap) cpu 0 | f64 20 | gen 0.2s
  29     0     100  3.33200094e-08      3.89860788      3.66736622      10.7458392      11603747.4     0.520185001     0.645246924
  29     1      50               0      4.49754026      3.94113006      9.83549278      11611456.2     0.600099589     0.693413719
          wgpu 1d 115g 262c x3w 3ms | egraph 23g->116v+0snap 6ms | graft 2 (-6n, 0 snap) cpu 0 | f64 20 | gen 0.2s
  30     0     100  3.33200094e-08      3.89860788      3.66736622      10.7458392      11603747.4     0.520185001     0.645246924
  30     1      50               0      4.49754026      3.94113006      9.83549278      11611456.2     0.600099589     0.693413719
          wgpu 1d 131g 266c x3w 3ms | egraph 25g->120v+0snap 6ms | graft 1 (-2n, 0 snap) cpu 0 | f64 20 | gen 0.2s
--------- pump migration: intra (promote-2 + intake-reset) ---------
  31     0     100  3.33200094e-08      3.89860788      3.66736622      10.7458392      11603747.4     0.520185001     0.645246924
  31     1      50               0      4.49754026      3.94113006      9.83549278      11611456.2     0.600099589     0.693413719
          wgpu 2d 305g 410c x3w 7ms | egraph 108g->184v+0snap 25ms | graft 15 (-82n, 0 snap) cpu 0 | f64 30 | gen 0.2s | dropped inexpr 7 oversz 0 unbuild 0 {}
  32     0     100  3.33200094e-08      3.89860788      3.66736622      10.7458392      11603747.4     0.520185001     0.645246924
  32     1      50               0      4.49754026      3.94113006      9.83549278      11611456.2     0.600099589     0.693413719
          wgpu 1d 108g 251c x3w 3ms | egraph 14g->105v+0snap 9ms | graft 0 (-0n, 0 snap) cpu 0 | f64 20 | gen 0.2s | dropped inexpr 1 oversz 0 unbuild 0 {}
  33     0     100  3.33200094e-08      3.89860788      3.66736622      10.7458392      11603747.4     0.520185001     0.645246924
  33     1      50               0      4.49754026      3.94113006      9.83549278      11611456.2     0.600099589     0.693413719
          wgpu 1d 107g 249c x3w 3ms | egraph 13g->103v+0snap 9ms | graft 3 (-61n, 0 snap) cpu 0 | f64 20 | gen 0.5s
  34     0     100  3.33200094e-08      3.89860788      3.66736622      10.7458392      11603747.4     0.520185001     0.645246924
  34     1      50               0      4.49754026      3.94113006      9.83549278      11611456.2     0.600099589     0.693413719
          wgpu 1d 127g 267c x3w 3ms | egraph 16g->121v+0snap 8ms | graft 5 (-28n, 0 snap) cpu 0 | f64 20 | gen 0.2s
  35     0     100  3.33200094e-08      3.89860788      3.66736622      10.7458392      11603747.4     0.520185001     0.645246924
  35     1      50               0      4.49754026      3.94113006      9.83549278      11611456.2     0.600099589     0.693413719
          wgpu 1d 125g 258c x3w 3ms | egraph 22g->112v+0snap 5ms | graft 2 (-8n, 0 snap) cpu 0 | f64 20 | gen 0.2s | dropped inexpr 1 oversz 0 unbuild 0 {}
  36     0     100  3.33200094e-08      3.89860788      3.66736622      10.7458392      11603747.4     0.520185001     0.645246924
  36     1      50               0      4.49754026      3.94113006      9.83549278      11611456.2     0.600099589     0.693413719
          wgpu 1d 131g 255c x3w 3ms | egraph 17g->109v+0snap 6ms | graft 2 (-7n, 0 snap) cpu 0 | f64 20 | gen 0.2s
  37     0     100  3.33200094e-08      3.89860788      3.66736622      10.7458392      11603747.4     0.520185001     0.645246924
  37     1      50               0      4.49754026      3.94113006      9.83549278      11611456.2     0.600099589     0.693413719
          wgpu 1d 113g 269c x3w 3ms | egraph 20g->123v+0snap 13ms | graft 3 (-11n, 0 snap) cpu 0 | f64 20 | gen 0.2s
  38     0     100  3.33200094e-08      3.89860788      3.66736622      10.7458392      11603747.4     0.520185001     0.645246924
  38     1      50               0      4.49754026      3.94113006      9.83549278      11611456.2     0.600099589     0.693413719
          wgpu 1d 117g 250c x3w 3ms | egraph 18g->104v+0snap 14ms | graft 3 (-14n, 0 snap) cpu 0 | f64 20 | gen 0.2s | dropped inexpr 1 oversz 0 unbuild 0 {}
  39     0     100  3.33200094e-08      3.89860788      3.66736622      10.7458392      11603747.4     0.520185001     0.645246924
  39     1      50               0      4.49754026      3.94113006      9.83549278      11611456.2     0.600099589     0.693413719
          wgpu 1d 127g 273c x3w 3ms | egraph 27g->127v+0snap 8ms | graft 2 (-7n, 0 snap) cpu 0 | f64 20 | gen 0.2s
  40     0     100  3.33200094e-08      3.89860788      3.66736622      10.7458392      11603747.4     0.520185001     0.645246924
  40     1      50               0      4.49754026      3.94113006      9.83549278      11611456.2     0.600099589     0.693413719
          wgpu 1d 127g 264c x3w 3ms | egraph 13g->118v+0snap 3ms | graft 3 (-11n, 0 snap) cpu 0 | f64 20 | gen 0.2s
--------- pump migration: intra (promote-2 + intake-reset) ---------
  41     0     100  3.33200094e-08      3.89860788      3.66736622      10.7458392      11603747.4     0.520185001     0.645246924
  41     1      50               0      4.49754026      3.94113006      9.83549278      11611456.2     0.600099589     0.693413719
          wgpu 2d 368g 431c x3w 7ms | egraph 121g->205v+0snap 32ms | graft 16 (-65n, 0 snap) cpu 0 | f64 30 | gen 0.2s | dropped inexpr 16 oversz 0 unbuild 0 {}
  42     0     100  3.33200094e-08      3.89860788      3.66736622      10.7458392      11603747.4     0.520185001     0.645246924
  42     1      50               0      4.49754026      3.94113006      9.83549278      11611456.2     0.600099589     0.693413719
          wgpu 1d 130g 239c x3w 3ms | egraph 21g->93v+0snap 14ms | graft 4 (-27n, 0 snap) cpu 0 | f64 20 | gen 0.2s | dropped inexpr 1 oversz 0 unbuild 0 {}
  43     0     100  3.33200094e-08      3.89860788      3.66736622      10.7458392      11603747.4     0.520185001     0.645246924
  43     1      50               0      4.49754026      3.94113006      9.83549278      11611456.2     0.600099589     0.693413719
          wgpu 1d 114g 231c x3w 3ms | egraph 24g->85v+0snap 7ms | graft 3 (-18n, 0 snap) cpu 0 | f64 20 | gen 0.2s | dropped inexpr 1 oversz 0 unbuild 0 {}
  44     0     100  3.33200094e-08      3.89860788      3.66736622      10.7458392      11603747.4     0.520185001     0.645246924
  44     1      50               0      4.49754026      3.94113006      9.83549278      11611456.2     0.600099589     0.693413719
          wgpu 1d 104g 223c x3w 3ms | egraph 18g->77v+0snap 5ms | graft 1 (-2n, 0 snap) cpu 0 | f64 20 | gen 0.2s | dropped inexpr 1 oversz 0 unbuild 0 {}
  45     0     100  3.33200094e-08      3.89860788      3.66736622      10.7458392      11603747.4     0.520185001     0.645246924
  45     1      50               0      4.49754026      3.94113006      9.83549278      11611456.2     0.600099589     0.693413719
          wgpu 1d 132g 251c x3w 4ms | egraph 21g->105v+0snap 5ms | graft 4 (-10n, 0 snap) cpu 0 | f64 20 | gen 0.2s | dropped inexpr 1 oversz 0 unbuild 0 {}
  46     0     100  3.33200094e-08      3.89860788      3.66736622      10.7458392      11603747.4     0.520185001     0.645246924
  46     1      50               0      4.49754026      3.94113006      9.83549278      11611456.2     0.600099589     0.693413719
          wgpu 1d 113g 242c x3w 3ms | egraph 18g->96v+0snap 5ms | graft 4 (-18n, 0 snap) cpu 0 | f64 20 | gen 0.2s
  47     0     100  3.33200094e-08      3.89860788      3.66736622      10.7458392      11603747.4     0.520185001     0.645246924
  47     1      50               0      4.49754026      3.94113006      9.83549278      11611456.2     0.600099589     0.693413719
          wgpu 1d 121g 242c x3w 3ms | egraph 14g->96v+0snap 5ms | graft 3 (-11n, 0 snap) cpu 0 | f64 20 | gen 0.2s
  48     0     100  3.33200094e-08      3.89860788      3.66736622      10.7458392      11603747.4     0.520185001     0.645246924
  48     1      50               0      4.49754026      3.94113006      9.83549278      11611456.2     0.600099589     0.693413719
          wgpu 1d 98g 237c x3w 3ms | egraph 10g->91v+0snap 4ms | graft 1 (-4n, 0 snap) cpu 0 | f64 20 | gen 0.2s
  49     0     100  3.33200094e-08      3.89860788      3.66736622      10.7458392      11603747.4     0.520185001     0.645246924
  49     1      50               0      4.49754026      3.94113006      9.83549278      11611456.2     0.600099589     0.693413719
          wgpu 1d 118g 249c x3w 4ms | egraph 21g->103v+0snap 5ms | graft 2 (-4n, 0 snap) cpu 0 | f64 20 | gen 0.2s | dropped inexpr 1 oversz 0 unbuild 0 {}
  50     0     100  3.33200094e-08      3.89860788      3.66736622      10.7458392      11603747.4     0.520185001     0.645246924
  50     1      50               0      4.49754026      3.94113006      9.83549278      11611456.2     0.600099589     0.693413719
          wgpu 1d 116g 246c x3w 3ms | egraph 20g->100v+0snap 6ms | graft 1 (-3n, 0 snap) cpu 0 | f64 20 | gen 0.2s | dropped inexpr 1 oversz 0 unbuild 0 {}
--------- pump migration: intra (promote-2 + intake-reset) ---------
  51     0     100  3.33200094e-08      3.89860788      3.66736622      10.7458392      11603747.4     0.520185001     0.645246924
  51     1      50               0      4.49754026      3.94113006      9.83549278      11611456.2     0.600099589     0.693413719
          wgpu 2d 271g 383c x3w 7ms | egraph 76g->157v+0snap 22ms | graft 8 (-39n, 0 snap) cpu 0 | f64 30 | gen 0.2s | dropped inexpr 2 oversz 0 unbuild 0 {}
  52     0     100               0      3.22430271      2.84549347      5.11803106      11602213.2     0.430213542     0.500644277
  52     1      50               0      4.49754026      3.94113006      9.83549278      11611456.2     0.600099589     0.693413719
          wgpu 1d 117g 244c x3w 3ms | egraph 18g->98v+0snap 7ms | graft 3 (-22n, 0 snap) cpu 0 | f64 20 | gen 0.2s | dropped inexpr 2 oversz 0 unbuild 0 {}
  53     0     100               0      3.22430271      2.84549347      5.11803106      11602213.2     0.430213542     0.500644277
  53     1      50               0      4.49754026      3.94113006      9.83549278      11611456.2     0.600099589     0.693413719
          wgpu 1d 198g 327c x3w 6ms | egraph 42g->181v+0snap 18ms | graft 11 (-67n, 0 snap) cpu 0 | f64 20 | gen 1.5s
  54     0     100               0      3.22430271      2.84549347      5.11803106      11602213.2     0.430213542     0.500644277
  54     1      50               0      4.49754026      3.94113006      9.83549278      11611456.2     0.600099589     0.693413719
          wgpu 1d 340g 455c x3w 9ms | egraph 87g->309v+0snap 33ms | graft 25 (-127n, 0 snap) cpu 0 | f64 20 | gen 1.5s
  55     0     100               0      3.22430271      2.84549347      5.11803106      11602213.2     0.430213542     0.500644277
  55     1      50               0      4.49754026      3.94113006      9.83549278      11611456.2     0.600099589     0.693413719
          wgpu 1d 337g 494c x3w 10ms | egraph 74g->348v+0snap 36ms | graft 29 (-174n, 0 snap) cpu 0 | f64 20 | gen 1.9s | dropped inexpr 2 oversz 0 unbuild 0 {}
  56     0     100               0      3.22430271      2.84549347      5.11803106      11602213.2     0.430213542     0.500644277
  56     1      50               0      4.49754026      3.94113006      9.83549278      11611456.2     0.600099589     0.693413719
          wgpu 1d 370g 478c x3w 10ms | egraph 87g->332v+0snap 31ms | graft 31 (-203n, 0 snap) cpu 0 | f64 20 | gen 1.7s | dropped inexpr 5 oversz 0 unbuild 0 {}
  57     0     100               0      3.22430271      2.84549347      5.11803106      11602213.2     0.430213542     0.500644277
  57     1      50               0      4.49754026      3.94113006      9.83549278      11611456.2     0.600099589     0.693413719
          wgpu 1d 357g 474c x3w 11ms | egraph 81g->328v+0snap 41ms | graft 29 (-144n, 0 snap) cpu 0 | f64 20 | gen 2.5s | dropped inexpr 3 oversz 0 unbuild 0 {}
  58     0     100               0      3.22430271      2.84549347      5.11803106      11602213.2     0.430213542     0.500644277
  58     1      50               0      4.49754026      3.94113006      9.83549278      11611456.2     0.600099589     0.693413719
          wgpu 1d 363g 466c x3w 11ms | egraph 74g->320v+0snap 48ms | graft 41 (-255n, 0 snap) cpu 0 | f64 20 | gen 1.8s | dropped inexpr 1 oversz 0 unbuild 0 {}
  59     0     100               0      3.22430271      2.84549347      5.11803106      11602213.2     0.430213542     0.500644277
  59     1      50               0      4.49754026      3.94113006      9.83549278      11611456.2     0.600099589     0.693413719
          wgpu 1d 344g 495c x3w 10ms | egraph 72g->349v+0snap 44ms | graft 29 (-148n, 0 snap) cpu 0 | f64 20 | gen 2.3s
  60     0     100               0      3.22430271      2.84549347      5.11803106      11602213.2     0.430213542     0.500644277
  60     1      50               0      4.49754026      3.94113006      9.83549278      11611456.2     0.600099589     0.693413719
          wgpu 1d 348g 464c x3w 10ms | egraph 63g->318v+0snap 25ms | graft 31 (-184n, 0 snap) cpu 0 | f64 20 | gen 2.1s
--------- pump migration: intra (promote-2 + intake-reset) + cross ---------
  61     0     100               0      3.22430271      2.84549347      5.11803106      11602213.2     0.430213542     0.500644277
  61     1      50               0      3.22430271      2.84549347      5.11803106      11602213.2     0.430213542     0.500644277
          wgpu 2d 516g 638c x3w 13ms | egraph 132g->412v+0snap 51ms | graft 39 (-197n, 0 snap) cpu 0 | f64 30 | gen 2.9s | dropped inexpr 3 oversz 0 unbuild 0 {}
  62     0     100               0      3.22430271      2.84549347      5.11803106      11602213.2     0.430213542     0.500644277
  62     1      50               0      4.49754026      3.94113006      9.83549278      11611456.2     0.600099589     0.693413719
          wgpu 1d 419g 581c x3w 17ms | egraph 66g->435v+0snap 30ms | graft 37 (-227n, 0 snap) cpu 0 | f64 20 | gen 2.3s | dropped inexpr 3 oversz 0 unbuild 0 {}
  63     0     100               0      3.22430271      2.84549347      5.11803106      11602213.2     0.430213542     0.500644277
  63     1      50               0      4.49754026      3.94113006      9.83549278      11611456.2     0.600099589     0.693413719
          wgpu 1d 386g 545c x3w 11ms | egraph 64g->399v+0snap 30ms | graft 44 (-234n, 0 snap) cpu 0 | f64 20 | gen 2.3s
  64     0     100               0      3.22430271      2.84549347      5.11803106      11602213.2     0.430213542     0.500644277
  64     1      50               0      4.49754026      3.94113006      9.83549278      11611456.2     0.600099589     0.693413719
          wgpu 1d 377g 524c x3w 11ms | egraph 64g->378v+0snap 37ms | graft 39 (-221n, 0 snap) cpu 0 | f64 20 | gen 2.8s
  65     0     100               0      3.22430271      2.84549347      5.11803106      11602213.2     0.430213542     0.500644277
  65     1      50               0      4.49754026      3.94113006      9.83549278      11611456.2     0.600099589     0.693413719
          wgpu 1d 399g 519c x3w 11ms | egraph 73g->373v+0snap 46ms | graft 27 (-156n, 0 snap) cpu 0 | f64 20 | gen 2.9s | dropped inexpr 1 oversz 0 unbuild 0 {}
  66     0     100               0      3.22430271      2.84549347      5.11803106      11602213.2     0.430213542     0.500644277
  66     1      50               0      4.49754026      3.94113006      9.83549278      11611456.2     0.600099589     0.693413719
          wgpu 1d 398g 508c x3w 12ms | egraph 63g->362v+0snap 30ms | graft 42 (-268n, 0 snap) cpu 0 | f64 20 | gen 1.5s | dropped inexpr 2 oversz 0 unbuild 0 {}
  67     0     100               0      3.22430271      2.84549347      5.11803106      11602213.2     0.430213542     0.500644277
  67     1      50               0      4.49754026      3.94113006      9.83549278      11611456.2     0.600099589     0.693413719
          wgpu 1d 349g 486c x3w 10ms | egraph 56g->340v+0snap 32ms | graft 32 (-233n, 0 snap) cpu 0 | f64 20 | gen 2.0s | dropped inexpr 2 oversz 0 unbuild 0 {}
  68     0     100               0      3.22430271      2.84549347      5.11803106      11602213.2     0.430213542     0.500644277
  68     1      50               0      4.49754026      3.94113006      9.83549278      11611456.2     0.600099589     0.693413719
          wgpu 1d 377g 513c x3w 11ms | egraph 61g->367v+0snap 33ms | graft 30 (-184n, 0 snap) cpu 0 | f64 20 | gen 2.2s
  69     0     100               0      3.22430271      2.84549347      5.11803106      11602213.2     0.430213542     0.500644277
  69     1      50               0      4.49754026      3.94113006      9.83549278      11611456.2     0.600099589     0.693413719
          wgpu 1d 361g 503c x3w 10ms | egraph 53g->357v+0snap 21ms | graft 32 (-196n, 0 snap) cpu 0 | f64 20 | gen 1.8s | dropped inexpr 2 oversz 0 unbuild 0 {}
  70     0     100               0      3.22430271      2.84549347      5.11803106      11602213.2     0.430213542     0.500644277
  70     1      50               0      4.49754026      3.94113006      9.83549278      11611456.2     0.600099589     0.693413719
          wgpu 1d 330g 487c x3w 11ms | egraph 59g->341v+0snap 34ms | graft 35 (-219n, 0 snap) cpu 0 | f64 20 | gen 2.4s
--------- pump migration: intra (promote-2 + intake-reset) ---------
  71     0     100               0      3.22430271      2.84549347      5.11803106      11602213.2     0.430213542     0.500644277
  71     1      50               0      3.22430271      2.84549347      5.11803106      11602213.2     0.430213542     0.500644277
          wgpu 2d 593g 723c x3w 15ms | egraph 160g->497v+0snap 50ms | graft 53 (-334n, 0 snap) cpu 0 | f64 30 | gen 1.9s | dropped inexpr 1 oversz 0 unbuild 0 {}
  72     0     100               0      3.22430271      2.84549347      5.11803106      11602213.2     0.430213542     0.500644277
  72     1      50               0      3.22430271      2.84549347      5.11803106      11602213.2     0.430213542     0.500644277
          wgpu 1d 447g 617c x3w 12ms | egraph 73g->471v+0snap 34ms | graft 46 (-280n, 0 snap) cpu 0 | f64 20 | gen 2.9s | dropped inexpr 1 oversz 0 unbuild 0 {}
  73     0     100               0      3.22430271      2.84549347      5.11803106      11602213.2     0.430213542     0.500644277
  73     1      50               0      3.22430271      2.84549347      5.11803106      11602213.2     0.430213542     0.500644277
          wgpu 1d 411g 633c x3w 11ms | egraph 53g->487v+0snap 24ms | graft 40 (-265n, 0 snap) cpu 0 | f64 20 | gen 2.5s | dropped inexpr 1 oversz 0 unbuild 0 {}
  74     0     100               0      3.22430271      2.84549347      5.11803106      11602213.2     0.430213542     0.500644277
  74     1      50               0      3.22430271      2.84549347      5.11803106      11602213.2     0.430213542     0.500644277
          wgpu 1d 446g 657c x3w 12ms | egraph 65g->511v+0snap 28ms | graft 44 (-300n, 0 snap) cpu 0 | f64 20 | gen 2.1s | dropped inexpr 1 oversz 0 unbuild 0 {}
  75     0     100               0      3.22430271      2.84549347      5.11803106      11602213.2     0.430213542     0.500644277
  75     1      50               0      3.22430271      2.84549347      5.11803106      11602213.2     0.430213542     0.500644277
          wgpu 1d 434g 638c x3w 12ms | egraph 67g->492v+0snap 37ms | graft 52 (-295n, 0 snap) cpu 0 | f64 20 | gen 2.8s | dropped inexpr 2 oversz 0 unbuild 0 {}
  76     0     100               0      3.22430271      2.84549347      5.11803106      11602213.2     0.430213542     0.500644277
  76     1      50               0      3.22430271      2.84549347      5.11803106      11602213.2     0.430213542     0.500644277
          wgpu 1d 440g 644c x3w 12ms | egraph 63g->498v+0snap 34ms | graft 56 (-303n, 0 snap) cpu 0 | f64 20 | gen 2.6s
  77     0     100               0      3.22430271      2.84549347      5.11803106      11602213.2     0.430213542     0.500644277
  77     1      50               0      3.22430271      2.84549347      5.11803106      11602213.2     0.430213542     0.500644277
          wgpu 1d 447g 609c x3w 11ms | egraph 65g->463v+0snap 28ms | graft 42 (-218n, 0 snap) cpu 0 | f64 20 | gen 2.1s | dropped inexpr 1 oversz 0 unbuild 0 {}
  78     0     100               0      3.22430271      2.84549347      5.11803106      11602213.2     0.430213542     0.500644277
  78     1      50               0      3.22430271      2.84549347      5.11803106      11602213.2     0.430213542     0.500644277
          wgpu 1d 454g 651c x3w 13ms | egraph 61g->505v+0snap 26ms | graft 47 (-245n, 0 snap) cpu 0 | f64 20 | gen 3.2s | dropped inexpr 1 oversz 0 unbuild 0 {}
  79     0     100               0      3.22430271      2.84549347      5.11803106      11602213.2     0.430213542     0.500644277
  79     1      50               0      3.22430271      2.84549347      5.11803106      11602213.2     0.430213542     0.500644277
          wgpu 1d 487g 674c x3w 14ms | egraph 61g->528v+0snap 31ms | graft 47 (-262n, 0 snap) cpu 0 | f64 20 | gen 2.6s | dropped inexpr 3 oversz 0 unbuild 0 {}
  80     0     100               0      3.22430271      2.84549347      5.11803106      11602213.2     0.430213542     0.500644277
  80     1      50               0      3.22430271      2.84549347      5.11803106      11602213.2     0.430213542     0.500644277
          wgpu 1d 466g 639c x3w 14ms | egraph 67g->493v+0snap 34ms | graft 50 (-253n, 0 snap) cpu 0 | f64 20 | gen 3.3s | dropped inexpr 2 oversz 0 unbuild 0 {}
--------- pump migration: intra (promote-2 + intake-reset) ---------
  81     0     100               0      3.22430271      2.84549347      5.11803106      11602213.2     0.430213542     0.500644277
  81     1      50               0      3.22430271      2.84549347      5.11803106      11602213.2     0.430213542     0.500644277
          wgpu 2d 578g 726c x3w 17ms | egraph 136g->500v+0snap 46ms | graft 41 (-256n, 0 snap) cpu 0 | f64 30 | gen 2.8s | dropped inexpr 6 oversz 0 unbuild 0 {}
  82     0     100               0      3.22430271      2.84549347      5.11803106      11602213.2     0.430213542     0.500644277
  82     1      50               0      3.22430271      2.84549347      5.11803106      11602213.2     0.430213542     0.500644277
          wgpu 1d 456g 632c x3w 17ms | egraph 66g->486v+0snap 42ms | graft 46 (-317n, 0 snap) cpu 0 | f64 20 | gen 3.6s | dropped inexpr 2 oversz 0 unbuild 0 {}
  83     0     100               0      3.22430271      2.84549347      5.11803106      11602213.2     0.430213542     0.500644277
  83     1      50               0      3.22430271      2.84549347      5.11803106      11602213.2     0.430213542     0.500644277
          wgpu 1d 426g 621c x3w 12ms | egraph 56g->475v+0snap 22ms | graft 42 (-244n, 0 snap) cpu 0 | f64 20 | gen 3.5s
  84     0     100               0      3.22430271      2.84549347      5.11803106      11602213.2     0.430213542     0.500644277
  84     1      50               0      3.22430271      2.84549347      5.11803106      11602213.2     0.430213542     0.500644277
          wgpu 1d 428g 627c x3w 11ms | egraph 58g->481v+0snap 33ms | graft 46 (-284n, 0 snap) cpu 0 | f64 20 | gen 2.1s | dropped inexpr 1 oversz 0 unbuild 0 {}
  85     0     100               0      3.22430271      2.84549347      5.11803106      11602213.2     0.430213542     0.500644277
  85     1      50               0      3.22430271      2.84549347      5.11803106      11602213.2     0.430213542     0.500644277
          wgpu 1d 445g 584c x3w 12ms | egraph 82g->438v+0snap 35ms | graft 42 (-293n, 0 snap) cpu 0 | f64 20 | gen 3.6s | dropped inexpr 1 oversz 0 unbuild 0 {}
  86     0     100               0      3.22430271      2.84549347      5.11803106      11602213.2     0.430213542     0.500644277
  86     1      50               0      3.22430271      2.84549347      5.11803106      11602213.2     0.430213542     0.500644277
          wgpu 1d 416g 604c x3w 17ms | egraph 65g->458v+0snap 34ms | graft 43 (-233n, 0 snap) cpu 0 | f64 20 | gen 2.6s | dropped inexpr 1 oversz 0 unbuild 0 {}
  87     0     100               0      3.22430271      2.84549347      5.11803106      11602213.2     0.430213542     0.500644277
  87     1      50               0      3.22430271      2.84549347      5.11803106      11602213.2     0.430213542     0.500644277
          wgpu 1d 390g 566c x3w 12ms | egraph 63g->420v+0snap 26ms | graft 35 (-164n, 0 snap) cpu 0 | f64 20 | gen 2.4s
  88     0     100               0      3.22430271      2.84549347      5.11803106      11602213.2     0.430213542     0.500644277
  88     1      50               0      3.22430271      2.84549347      5.11803106      11602213.2     0.430213542     0.500644277
          wgpu 1d 385g 570c x3w 11ms | egraph 60g->424v+0snap 29ms | graft 40 (-207n, 0 snap) cpu 0 | f64 20 | gen 2.2s
  89     0     100               0      3.22430271      2.84549347      5.11803106      11602213.2     0.430213542     0.500644277
  89     1      50               0      3.22430271      2.84549347      5.11803106      11602213.2     0.430213542     0.500644277
          wgpu 1d 425g 580c x3w 15ms | egraph 71g->434v+0snap 43ms | graft 42 (-294n, 0 snap) cpu 0 | f64 20 | gen 3.2s
  90     0     100               0      3.22430271      2.84549347      5.11803106      11602213.2     0.430213542     0.500644277
  90     1      50               0      3.22430271      2.84549347      5.11803106      11602213.2     0.430213542     0.500644277
          wgpu 1d 392g 552c x3w 14ms | egraph 58g->406v+0snap 37ms | graft 35 (-176n, 0 snap) cpu 0 | f64 20 | gen 2.7s
--------- pump migration: intra (promote-2 + intake-reset) + cross ---------
  91     0     100               0      3.22430271      2.84549347      5.11803106      11602213.2     0.430213542     0.500644277
  91     1      50               0      3.22430271      2.84549347      5.11803106      11602213.2     0.430213542     0.500644277
          wgpu 2d 544g 683c x3w 15ms | egraph 130g->457v+0snap 39ms | graft 52 (-278n, 0 snap) cpu 0 | f64 30 | gen 3.4s | dropped inexpr 1 oversz 0 unbuild 0 {}
  92     0     100               0      3.22430271      2.84549347      5.11803106      11602213.2     0.430213542     0.500644277
  92     1      50               0      3.22430271      2.84549347      5.11803106      11602213.2     0.430213542     0.500644277
          wgpu 1d 383g 580c x3w 11ms | egraph 52g->434v+0snap 23ms | graft 39 (-210n, 0 snap) cpu 0 | f64 20 | gen 3.2s | dropped inexpr 1 oversz 0 unbuild 0 {}
  93     0     100               0      3.22430271      2.84549347      5.11803106      11602213.2     0.430213542     0.500644277
  93     1      50               0      3.22430271      2.84549347      5.11803106      11602213.2     0.430213542     0.500644277
          wgpu 1d 405g 568c x3w 11ms | egraph 61g->422v+0snap 24ms | graft 45 (-210n, 0 snap) cpu 0 | f64 20 | gen 3.1s
  94     0     100               0      3.22430271      2.84549347      5.11803106      11602213.2     0.430213542     0.500644277
  94     1      50               0      3.22430271      2.84549347      5.11803106      11602213.2     0.430213542     0.500644277
          wgpu 1d 410g 598c x3w 11ms | egraph 65g->452v+0snap 38ms | graft 43 (-375n, 0 snap) cpu 0 | f64 20 | gen 2.2s
  95     0     100               0      3.22430271      2.84549347      5.11803106      11602213.2     0.430213542     0.500644277
  95     1      50               0      3.22430271      2.84549347      5.11803106      11602213.2     0.430213542     0.500644277
          wgpu 1d 422g 586c x3w 19ms | egraph 65g->440v+0snap 28ms | graft 45 (-250n, 0 snap) cpu 0 | f64 20 | gen 4.0s | dropped inexpr 1 oversz 0 unbuild 0 {}
  96     0     100               0      3.22430271      2.84549347      5.11803106      11602213.2     0.430213542     0.500644277
  96     1      50               0      3.22430271      2.84549347      5.11803106      11602213.2     0.430213542     0.500644277
          wgpu 1d 392g 563c x3w 12ms | egraph 60g->417v+0snap 26ms | graft 34 (-207n, 0 snap) cpu 0 | f64 20 | gen 2.7s | dropped inexpr 2 oversz 0 unbuild 0 {}
  97     0     100               0      3.22430271      2.84549347      5.11803106      11602213.2     0.430213542     0.500644277
  97     1      50               0      3.22430271      2.84549347      5.11803106      11602213.2     0.430213542     0.500644277
          wgpu 1d 373g 554c x3w 11ms | egraph 61g->408v+0snap 27ms | graft 30 (-162n, 0 snap) cpu 0 | f64 20 | gen 2.9s
  98     0     100               0      3.22430271      2.84549347      5.11803106      11602213.2     0.430213542     0.500644277
  98     1      50               0      3.22430271      2.84549347      5.11803106      11602213.2     0.430213542     0.500644277
          wgpu 1d 377g 576c x3w 34ms | egraph 62g->430v+0snap 26ms | graft 47 (-258n, 0 snap) cpu 0 | f64 20 | gen 3.6s
  99     0     100               0      3.22430271      2.84549347      5.11803106      11602213.2     0.430213542     0.500644277
  99     1      50               0      3.22430271      2.84549347      5.11803106      11602213.2     0.430213542     0.500644277
          wgpu 1d 425g 582c x3w 13ms | egraph 67g->436v+0snap 36ms | graft 44 (-261n, 0 snap) cpu 0 | f64 20 | gen 3.1s | dropped inexpr 1 oversz 0 unbuild 0 {}
 100     0     100               0      3.22430271      2.84549347      5.11803106      11602213.2     0.430213542     0.500644277
 100     1      50               0      3.22430271      2.84549347      5.11803106      11602213.2     0.430213542     0.500644277
          wgpu 1d 394g 561c x3w 11ms | egraph 52g->415v+0snap 23ms | graft 34 (-191n, 0 snap) cpu 0 | f64 20 | gen 3.1s | dropped inexpr 2 oversz 0 unbuild 0 {}
--------- pump migration: intra (promote-2 + intake-reset) ---------
 101     0     100               0      3.22430271      2.84549347      5.11803106      11602213.2     0.430213542     0.500644277
 101     1      50               0      3.22430271      2.84549347      5.11803106      11602213.2     0.430213542     0.500644277
          wgpu 2d 531g 696c x3w 14ms | egraph 122g->470v+0snap 44ms | graft 43 (-280n, 0 snap) cpu 0 | f64 30 | gen 2.2s | dropped inexpr 4 oversz 0 unbuild 0 {}
 102     0     100               0      3.22430271      2.84549347      5.11803106      11602213.2     0.430213542     0.500644277
 102     1      50               0      3.22430271      2.84549347      5.11803106      11602213.2     0.430213542     0.500644277
          wgpu 1d 438g 623c x3w 13ms | egraph 50g->477v+0snap 33ms | graft 41 (-189n, 0 snap) cpu 0 | f64 20 | gen 2.9s | dropped inexpr 1 oversz 0 unbuild 0 {}
 103     0     100               0      3.22430271      2.84549347      5.11803106      11602213.2     0.430213542     0.500644277
 103     1      50               0      3.22430271      2.84549347      5.11803106      11602213.2     0.430213542     0.500644277
          wgpu 1d 429g 599c x3w 14ms | egraph 65g->453v+0snap 28ms | graft 42 (-221n, 0 snap) cpu 0 | f64 20 | gen 5.0s | dropped inexpr 3 oversz 0 unbuild 0 {}
 104     0     100               0      3.22430271      2.84549347      5.11803106      11602213.2     0.430213542     0.500644277
 104     1      50               0      3.22430271      2.84549347      5.11803106      11602213.2     0.430213542     0.500644277
          wgpu 1d 432g 599c x3w 12ms | egraph 60g->453v+0snap 22ms | graft 47 (-294n, 0 snap) cpu 0 | f64 20 | gen 3.6s | dropped inexpr 1 oversz 0 unbuild 0 {}
 105     0     100               0      3.22430271      2.84549347      5.11803106      11602213.2     0.430213542     0.500644277
 105     1      50               0      3.22430271      2.84549347      5.11803106      11602213.2     0.430213542     0.500644277
          wgpu 1d 459g 642c x3w 12ms | egraph 58g->496v+0snap 36ms | graft 49 (-311n, 0 snap) cpu 0 | f64 20 | gen 2.5s
 106     0     100               0      3.22430271      2.84549347      5.11803106      11602213.2     0.430213542     0.500644277
 106     1      50               0      3.22430271      2.84549347      5.11803106      11602213.2     0.430213542     0.500644277
          wgpu 1d 418g 625c x3w 12ms | egraph 53g->479v+0snap 32ms | graft 39 (-216n, 0 snap) cpu 0 | f64 20 | gen 3.3s | dropped inexpr 1 oversz 0 unbuild 0 {}
 107     0     100               0      3.22430271      2.84549347      5.11803106      11602213.2     0.430213542     0.500644277
 107     1      50               0      3.22430271      2.84549347      5.11803106      11602213.2     0.430213542     0.500644277
          wgpu 1d 474g 671c x3w 13ms | egraph 50g->525v+0snap 22ms | graft 43 (-251n, 0 snap) cpu 0 | f64 20 | gen 2.9s | dropped inexpr 2 oversz 0 unbuild 0 {}
 108     0     100               0      3.22430271      2.84549347      5.11803106      11602213.2     0.430213542     0.500644277
 108     1      50               0      3.22430271      2.84549347      5.11803106      11602213.2     0.430213542     0.500644277
          wgpu 1d 438g 630c x3w 12ms | egraph 52g->484v+0snap 30ms | graft 47 (-238n, 0 snap) cpu 0 | f64 20 | gen 3.0s
 109     0     100               0      3.22430271      2.84549347      5.11803106      11602213.2     0.430213542     0.500644277
 109     1      50               0      3.22430271      2.84549347      5.11803106      11602213.2     0.430213542     0.500644277
          wgpu 1d 406g 620c x3w 14ms | egraph 59g->474v+0snap 34ms | graft 44 (-249n, 0 snap) cpu 0 | f64 20 | gen 3.8s | dropped inexpr 1 oversz 0 unbuild 0 {}
 110     0     100               0      3.22430271      2.84549347      5.11803106      11602213.2     0.430213542     0.500644277
 110     1      50               0      3.22430271      2.84549347      5.11803106      11602213.2     0.430213542     0.500644277
          wgpu 1d 415g 624c x3w 11ms | egraph 55g->478v+0snap 23ms | graft 33 (-182n, 0 snap) cpu 0 | f64 20 | gen 2.3s
--------- pump migration: intra (promote-2 + intake-reset) ---------
 111     0     100               0      3.22430271      2.84549347      5.11803106      11602213.2     0.430213542     0.500644277
 111     1      50               0      3.22430271      2.84549347      5.11803106      11602213.2     0.430213542     0.500644277
          wgpu 2d 639g 785c x3w 17ms | egraph 141g->559v+0snap 47ms | graft 67 (-371n, 0 snap) cpu 0 | f64 30 | gen 3.8s | dropped inexpr 4 oversz 0 unbuild 0 {}
 112     0     100               0      3.22430271      2.84549347      5.11803106      11602213.2     0.430213542     0.500644277
 112     1      50               0      3.22430271      2.84549347      5.11803106      11602213.2     0.430213542     0.500644277
          wgpu 1d 435g 625c x3w 13ms | egraph 58g->479v+0snap 35ms | graft 31 (-193n, 0 snap) cpu 0 | f64 20 | gen 2.7s | dropped inexpr 1 oversz 0 unbuild 0 {}
 113     0     100               0      3.22430271      2.84549347      5.11803106      11602213.2     0.430213542     0.500644277
 113     1      50               0      3.22430271      2.84549347      5.11803106      11602213.2     0.430213542     0.500644277
          wgpu 1d 448g 647c x3w 14ms | egraph 56g->501v+0snap 32ms | graft 51 (-282n, 0 snap) cpu 0 | f64 20 | gen 3.9s | dropped inexpr 1 oversz 0 unbuild 0 {}
 114     0     100               0      3.22430271      2.84549347      5.11803106      11602213.2     0.430213542     0.500644277
 114     1      50               0      3.22430271      2.84549347      5.11803106      11602213.2     0.430213542     0.500644277
          wgpu 1d 416g 627c x3w 12ms | egraph 54g->481v+0snap 28ms | graft 51 (-333n, 0 snap) cpu 0 | f64 20 | gen 3.3s | dropped inexpr 3 oversz 0 unbuild 0 {}
 115     0     100               0      3.22430271      2.84549347      5.11803106      11602213.2     0.430213542     0.500644277
 115     1      50               0      3.22430271      2.84549347      5.11803106      11602213.2     0.430213542     0.500644277
          wgpu 1d 434g 612c x3w 12ms | egraph 61g->466v+0snap 25ms | graft 48 (-292n, 0 snap) cpu 0 | f64 20 | gen 2.3s | dropped inexpr 2 oversz 0 unbuild 0 {}
 116     0     100               0      3.22430271      2.84549347      5.11803106      11602213.2     0.430213542     0.500644277
 116     1      50               0      3.22430271      2.84549347      5.11803106      11602213.2     0.430213542     0.500644277
          wgpu 1d 436g 659c x3w 12ms | egraph 55g->513v+0snap 28ms | graft 51 (-283n, 0 snap) cpu 0 | f64 20 | gen 3.5s
 117     0     100               0      3.22430271      2.84549347      5.11803106      11602213.2     0.430213542     0.500644277
 117     1      50               0      3.22430271      2.84549347      5.11803106      11602213.2     0.430213542     0.500644277
          wgpu 1d 433g 626c x3w 12ms | egraph 53g->480v+0snap 26ms | graft 41 (-275n, 0 snap) cpu 0 | f64 20 | gen 3.1s | dropped inexpr 5 oversz 0 unbuild 0 {}
 118     0     100               0      3.22430271      2.84549347      5.11803106      11602213.2     0.430213542     0.500644277
 118     1      50               0      3.22430271      2.84549347      5.11803106      11602213.2     0.430213542     0.500644277
          wgpu 1d 484g 629c x3w 37ms | egraph 62g->483v+0snap 28ms | graft 57 (-316n, 0 snap) cpu 0 | f64 20 | gen 2.4s
 119     0     100               0      3.22430271      2.84549347      5.11803106      11602213.2     0.430213542     0.500644277
 119     1      50               0      3.22430271      2.84549347      5.11803106      11602213.2     0.430213542     0.500644277
          wgpu 1d 443g 607c x3w 12ms | egraph 59g->461v+0snap 36ms | graft 44 (-323n, 0 snap) cpu 0 | f64 20 | gen 2.8s | dropped inexpr 1 oversz 0 unbuild 0 {}
 120     0     100               0      3.22430271      2.84549347      5.11803106      11602213.2     0.430213542     0.500644277
 120     1      50               0      3.22430271      2.84549347      5.11803106      11602213.2     0.430213542     0.500644277
          wgpu 1d 445g 622c x3w 17ms | egraph 56g->476v+0snap 24ms | graft 50 (-255n, 0 snap) cpu 0 | f64 20 | gen 2.9s
--------- pump migration: intra (promote-2 + intake-reset) + cross ---------
 121     0     100               0      3.22430271      2.84549347      5.11803106      11602213.2     0.430213542     0.500644277
 121     1      50               0      3.22430271      2.84549347      5.11803106      11602213.2     0.430213542     0.500644277
          wgpu 2d 646g 752c x3w 22ms | egraph 127g->526v+0snap 47ms | graft 61 (-345n, 0 snap) cpu 0 | f64 30 | gen 2.3s | dropped inexpr 1 oversz 0 unbuild 0 {}
 122     0     100               0      3.22430271      2.84549347      5.11803106      11602213.2     0.430213542     0.500644277
 122     1      50               0      3.22430271      2.84549347      5.11803106      11602213.2     0.430213542     0.500644277
          wgpu 1d 430g 645c x3w 13ms | egraph 56g->499v+0snap 27ms | graft 53 (-328n, 0 snap) cpu 0 | f64 20 | gen 2.5s | dropped inexpr 1 oversz 0 unbuild 0 {}
 123     0     100               0      3.22430271      2.84549347      5.11803106      11602213.2     0.430213542     0.500644277
 123     1      50               0      3.22430271      2.84549347      5.11803106      11602213.2     0.430213542     0.500644277
          wgpu 1d 430g 644c x3w 12ms | egraph 49g->498v+0snap 23ms | graft 49 (-328n, 0 snap) cpu 0 | f64 20 | gen 2.7s
 124     0     100               0      3.22430271      2.84549347      5.11803106      11602213.2     0.430213542     0.500644277
 124     1      50               0      3.22430271      2.84549347      5.11803106      11602213.2     0.430213542     0.500644277
          wgpu 1d 409g 669c x3w 26ms | egraph 44g->523v+0snap 47ms | graft 46 (-250n, 0 snap) cpu 0 | f64 20 | gen 2.5s | dropped inexpr 2 oversz 0 unbuild 0 {}
 125     0     100               0      3.22430271      2.84549347      5.11803106      11602213.2     0.430213542     0.500644277
 125     1      50               0      3.22430271      2.84549347      5.11803106      11602213.2     0.430213542     0.500644277
          wgpu 1d 426g 652c x3w 12ms | egraph 51g->506v+0snap 34ms | graft 51 (-331n, 0 snap) cpu 0 | f64 20 | gen 3.8s | dropped inexpr 1 oversz 0 unbuild 0 {}
 126     0     100               0      3.22430271      2.84549347      5.11803106      11602213.2     0.430213542     0.500644277
 126     1      50               0      3.22430271      2.84549347      5.11803106      11602213.2     0.430213542     0.500644277
          wgpu 1d 462g 644c x3w 13ms | egraph 58g->498v+0snap 30ms | graft 61 (-330n, 0 snap) cpu 0 | f64 20 | gen 3.2s
 127     0     100               0      3.22430271      2.84549347      5.11803106      11602213.2     0.430213542     0.500644277
 127     1      50               0      3.22430271      2.84549347      5.11803106      11602213.2     0.430213542     0.500644277
          wgpu 1d 449g 633c x3w 22ms | egraph 55g->487v+0snap 28ms | graft 47 (-284n, 0 snap) cpu 0 | f64 20 | gen 2.1s | dropped inexpr 1 oversz 0 unbuild 0 {}
 128     0     100               0      3.22430271      2.84549347      5.11803106      11602213.2     0.430213542     0.500644277
 128     1      50               0      3.22430271      2.84549347      5.11803106      11602213.2     0.430213542     0.500644277
          wgpu 1d 456g 665c x3w 12ms | egraph 62g->519v+0snap 36ms | graft 40 (-267n, 0 snap) cpu 0 | f64 20 | gen 2.9s | dropped inexpr 3 oversz 0 unbuild 0 {}
 129     0     100               0      3.22430271      2.84549347      5.11803106      11602213.2     0.430213542     0.500644277
 129     1      50               0      3.22430271      2.84549347      5.11803106      11602213.2     0.430213542     0.500644277
          wgpu 1d 430g 632c x3w 13ms | egraph 58g->486v+0snap 27ms | graft 40 (-231n, 0 snap) cpu 0 | f64 20 | gen 3.1s | dropped inexpr 1 oversz 0 unbuild 0 {}
 130     0     100               0      3.22430271      2.84549347      5.11803106      11602213.2     0.430213542     0.500644277
 130     1      50               0      3.22430271      2.84549347      5.11803106      11602213.2     0.430213542     0.500644277
          wgpu 1d 498g 633c x3w 13ms | egraph 70g->487v+0snap 35ms | graft 53 (-288n, 0 snap) cpu 0 | f64 20 | gen 3.0s | dropped inexpr 4 oversz 0 unbuild 0 {}
--------- pump migration: intra (promote-2 + intake-reset) ---------
 131     0     100               0      3.22430271      2.84549347      5.11803106      11602213.2     0.430213542     0.500644277
 131     1      50               0      3.22430271      2.84549347      5.11803106      11602213.2     0.430213542     0.500644277
          wgpu 2d 549g 721c x3w 14ms | egraph 119g->495v+0snap 38ms | graft 43 (-217n, 0 snap) cpu 0 | f64 30 | gen 1.9s | dropped inexpr 3 oversz 0 unbuild 0 {}
 132     0     100               0      3.22430271      2.84549347      5.11803106      11602213.2     0.430213542     0.500644277
 132     1      50               0      3.22430271      2.84549347      5.11803106      11602213.2     0.430213542     0.500644277
          wgpu 1d 455g 639c x3w 12ms | egraph 63g->493v+0snap 32ms | graft 46 (-264n, 0 snap) cpu 0 | f64 20 | gen 2.8s | dropped inexpr 3 oversz 0 unbuild 0 {}
 133     0     100               0      3.22430271      2.84549347      5.11803106      11602213.2     0.430213542     0.500644277
 133     1      50               0      3.22430271      2.84549347      5.11803106      11602213.2     0.430213542     0.500644277
          wgpu 1d 414g 607c x3w 21ms | egraph 60g->461v+0snap 26ms | graft 43 (-233n, 0 snap) cpu 0 | f64 20 | gen 1.8s | dropped inexpr 2 oversz 0 unbuild 0 {}
 134     0     100               0      3.22430271      2.84549347      5.11803106      11602213.2     0.430213542     0.500644277
 134     1      50               0      3.22430271      2.84549347      5.11803106      11602213.2     0.430213542     0.500644277
          wgpu 1d 460g 641c x3w 14ms | egraph 67g->495v+0snap 40ms | graft 54 (-340n, 0 snap) cpu 0 | f64 20 | gen 3.3s | dropped inexpr 2 oversz 0 unbuild 0 {}
 135     0     100               0      3.22430271      2.84549347      5.11803106      11602213.2     0.430213542     0.500644277
 135     1      50               0      3.22430271      2.84549347      5.11803106      11602213.2     0.430213542     0.500644277
          wgpu 1d 434g 636c x3w 13ms | egraph 46g->490v+0snap 22ms | graft 37 (-217n, 0 snap) cpu 0 | f64 20 | gen 3.5s
 136     0     100               0      3.22430271      2.84549347      5.11803106      11602213.2     0.430213542     0.500644277
 136     1      50               0      3.22430271      2.84549347      5.11803106      11602213.2     0.430213542     0.500644277
          wgpu 1d 431g 649c x3w 15ms | egraph 55g->503v+0snap 26ms | graft 48 (-278n, 0 snap) cpu 0 | f64 20 | gen 3.4s | dropped inexpr 1 oversz 0 unbuild 0 {}
 137     0     100               0      3.22430271      2.84549347      5.11803106      11602213.2     0.430213542     0.500644277
 137     1      50               0      3.22430271      2.84549347      5.11803106      11602213.2     0.430213542     0.500644277
          wgpu 1d 429g 606c x3w 12ms | egraph 59g->460v+0snap 36ms | graft 38 (-299n, 0 snap) cpu 0 | f64 20 | gen 3.3s
 138     0     100               0      3.22430271      2.84549347      5.11803106      11602213.2     0.430213542     0.500644277
 138     1      50               0      3.22430271      2.84549347      5.11803106      11602213.2     0.430213542     0.500644277
          wgpu 1d 435g 607c x3w 12ms | egraph 61g->461v+0snap 27ms | graft 45 (-252n, 0 snap) cpu 0 | f64 20 | gen 2.9s | dropped inexpr 1 oversz 0 unbuild 0 {}
 139     0     100               0      3.22430271      2.84549347      5.11803106      11602213.2     0.430213542     0.500644277
 139     1      50               0      3.22430271      2.84549347      5.11803106      11602213.2     0.430213542     0.500644277
          wgpu 1d 436g 635c x3w 20ms | egraph 54g->489v+0snap 26ms | graft 39 (-224n, 0 snap) cpu 0 | f64 20 | gen 3.8s | dropped inexpr 1 oversz 0 unbuild 0 {}
 140     0     100               0      3.22430271      2.84549347      5.11803106      11602213.2     0.430213542     0.500644277
 140     1      50               0      3.22430271      2.84549347      5.11803106      11602213.2     0.430213542     0.500644277
          wgpu 1d 418g 643c x3w 20ms | egraph 51g->497v+0snap 26ms | graft 51 (-254n, 0 snap) cpu 0 | f64 20 | gen 3.2s | dropped inexpr 2 oversz 0 unbuild 0 {}
--------- pump migration: intra (promote-2 + intake-reset) ---------
 141     0     100               0      3.22430271      2.84549347      5.11803106      11602213.2     0.430213542     0.500644277
 141     1      50               0      3.22430271      2.84549347      5.11803106      11602213.2     0.430213542     0.500644277
          wgpu 2d 633g 774c x3w 17ms | egraph 136g->548v+0snap 49ms | graft 53 (-319n, 0 snap) cpu 0 | f64 30 | gen 2.0s | dropped inexpr 1 oversz 0 unbuild 0 {}
 142     0     100               0      3.22430271      2.84549347      5.11803106      11602213.2     0.430213542     0.500644277
 142     1      50               0      3.22430271      2.84549347      5.11803106      11602213.2     0.430213542     0.500644277
          wgpu 1d 471g 629c x3w 13ms | egraph 56g->483v+0snap 36ms | graft 56 (-348n, 0 snap) cpu 0 | f64 20 | gen 2.9s | dropped inexpr 1 oversz 0 unbuild 0 {}
 143     0     100               0      3.22430271      2.84549347      5.11803106      11602213.2     0.430213542     0.500644277
 143     1      50               0      3.22430271      2.84549347      5.11803106      11602213.2     0.430213542     0.500644277
          wgpu 1d 422g 613c x3w 12ms | egraph 60g->467v+0snap 29ms | graft 44 (-251n, 0 snap) cpu 0 | f64 20 | gen 2.6s
 144     0     100               0      3.22430271      2.84549347      5.11803106      11602213.2     0.430213542     0.500644277
 144     1      50               0      3.22430271      2.84549347      5.11803106      11602213.2     0.430213542     0.500644277
          wgpu 1d 474g 664c x3w 14ms | egraph 59g->518v+0snap 29ms | graft 57 (-322n, 0 snap) cpu 0 | f64 20 | gen 3.0s | dropped inexpr 1 oversz 0 unbuild 0 {}
 145     0     100               0      3.22430271      2.84549347      5.11803106      11602213.2     0.430213542     0.500644277
 145     1      50               0      3.22430271      2.84549347      5.11803106      11602213.2     0.430213542     0.500644277
          wgpu 1d 429g 670c x3w 12ms | egraph 63g->524v+0snap 28ms | graft 48 (-337n, 0 snap) cpu 0 | f64 20 | gen 3.6s
 146     0     100               0      3.22430271      2.84549347      5.11803106      11602213.2     0.430213542     0.500644277
 146     1      50               0      3.22430271      2.84549347      5.11803106      11602213.2     0.430213542     0.500644277
          wgpu 1d 472g 667c x3w 18ms | egraph 65g->521v+0snap 40ms | graft 59 (-340n, 0 snap) cpu 0 | f64 20 | gen 3.2s
 147     0     100               0      3.22430271      2.84549347      5.11803106      11602213.2     0.430213542     0.500644277
 147     1      50               0      3.22430271      2.84549347      5.11803106      11602213.2     0.430213542     0.500644277
          wgpu 1d 449g 652c x3w 13ms | egraph 59g->506v+0snap 27ms | graft 56 (-342n, 0 snap) cpu 0 | f64 20 | gen 2.9s | dropped inexpr 1 oversz 0 unbuild 0 {}
 148     0     100               0      3.22430271      2.84549347      5.11803106      11602213.2     0.430213542     0.500644277
 148     1      50               0      3.22430271      2.84549347      5.11803106      11602213.2     0.430213542     0.500644277
          wgpu 1d 434g 634c x3w 12ms | egraph 50g->488v+0snap 25ms | graft 45 (-327n, 0 snap) cpu 0 | f64 20 | gen 2.6s | dropped inexpr 1 oversz 0 unbuild 0 {}
 149     0     100               0      3.22430271      2.84549347      5.11803106      11602213.2     0.430213542     0.500644277
 149     1      50               0      3.22430271      2.84549347      5.11803106      11602213.2     0.430213542     0.500644277
          wgpu 1d 402g 628c x3w 12ms | egraph 48g->482v+0snap 28ms | graft 36 (-212n, 0 snap) cpu 0 | f64 20 | gen 4.0s
 150     0     100               0      3.22430271      2.84549347      5.11803106      11602213.2     0.430213542     0.500644277
 150     1      50               0      3.22430271      2.84549347      5.11803106      11602213.2     0.430213542     0.500644277
          wgpu 1d 395g 601c x3w 18ms | egraph 47g->455v+0snap 20ms | graft 31 (-155n, 0 snap) cpu 0 | f64 20 | gen 2.7s | dropped inexpr 2 oversz 0 unbuild 0 {}
--------- pump migration: intra (promote-2 + intake-reset) + cross ---------
 151     0     100               0      3.22430271      2.84549347      5.11803106      11602213.2     0.430213542     0.500644277
 151     1      50               0      3.22430271      2.84549347      5.11803106      11602213.2     0.430213542     0.500644277
          wgpu 2d 610g 751c x3w 18ms | egraph 132g->525v+0snap 47ms | graft 60 (-300n, 0 snap) cpu 0 | f64 30 | gen 3.1s | dropped inexpr 7 oversz 0 unbuild 0 {}
 152     0     100               0      3.22430271      2.84549347      5.11803106      11602213.2     0.430213542     0.500644277
 152     1      50               0      3.22430271      2.84549347      5.11803106      11602213.2     0.430213542     0.500644277
          wgpu 1d 445g 652c x3w 12ms | egraph 52g->506v+0snap 24ms | graft 44 (-254n, 0 snap) cpu 0 | f64 20 | gen 3.8s | dropped inexpr 3 oversz 0 unbuild 0 {}
 153     0     100               0      3.22430271      2.84549347      5.11803106      11602213.2     0.430213542     0.500644277
 153     1      50               0      3.22430271      2.84549347      5.11803106      11602213.2     0.430213542     0.500644277
          wgpu 1d 451g 655c x3w 12ms | egraph 57g->509v+0snap 33ms | graft 52 (-315n, 0 snap) cpu 0 | f64 20 | gen 3.7s | dropped inexpr 2 oversz 0 unbuild 0 {}
 154     0     100               0      3.22430271      2.84549347      5.11803106      11602213.2     0.430213542     0.500644277
 154     1      50               0      3.22430271      2.84549347      5.11803106      11602213.2     0.430213542     0.500644277
          wgpu 1d 429g 630c x3w 13ms | egraph 50g->484v+0snap 21ms | graft 42 (-220n, 0 snap) cpu 0 | f64 20 | gen 2.5s | dropped inexpr 1 oversz 0 unbuild 0 {}
 155     0     100               0      3.22430271      2.84549347      5.11803106      11602213.2     0.430213542     0.500644277
 155     1      50               0      3.22430271      2.84549347      5.11803106      11602213.2     0.430213542     0.500644277
          wgpu 1d 459g 655c x3w 16ms | egraph 53g->509v+0snap 27ms | graft 45 (-248n, 0 snap) cpu 0 | f64 20 | gen 2.4s
 156     0     100               0      3.22430271      2.84549347      5.11803106      11602213.2     0.430213542     0.500644277
 156     1      50               0      3.22430271      2.84549347      5.11803106      11602213.2     0.430213542     0.500644277
          wgpu 1d 409g 624c x3w 14ms | egraph 47g->478v+0snap 21ms | graft 53 (-265n, 0 snap) cpu 0 | f64 20 | gen 4.1s
 157     0     100               0      3.22430271      2.84549347      5.11803106      11602213.2     0.430213542     0.500644277
 157     1      50               0      3.22430271      2.84549347      5.11803106      11602213.2     0.430213542     0.500644277
          wgpu 1d 425g 613c x3w 12ms | egraph 52g->467v+0snap 32ms | graft 50 (-312n, 0 snap) cpu 0 | f64 20 | gen 2.2s | dropped inexpr 1 oversz 0 unbuild 0 {}
 158     0     100               0      3.22430271      2.84549347      5.11803106      11602213.2     0.430213542     0.500644277
 158     1      50               0      3.22430271      2.84549347      5.11803106      11602213.2     0.430213542     0.500644277
          wgpu 1d 437g 622c x3w 12ms | egraph 62g->476v+0snap 23ms | graft 48 (-271n, 0 snap) cpu 0 | f64 20 | gen 2.0s | dropped inexpr 3 oversz 0 unbuild 0 {}
 159     0     100               0      3.22430271      2.84549347      5.11803106      11602213.2     0.430213542     0.500644277
 159     1      50               0      3.22430271      2.84549347      5.11803106      11602213.2     0.430213542     0.500644277
          wgpu 1d 458g 659c x3w 14ms | egraph 54g->513v+0snap 36ms | graft 50 (-258n, 0 snap) cpu 0 | f64 20 | gen 3.9s | dropped inexpr 1 oversz 0 unbuild 0 {}
 160     0     100               0      3.22430271      2.84549347      5.11803106      11602213.2     0.430213542     0.500644277
 160     1      50               0      3.22430271      2.84549347      5.11803106      11602213.2     0.430213542     0.500644277
          wgpu 1d 436g 600c x3w 12ms | egraph 55g->454v+0snap 23ms | graft 43 (-220n, 0 snap) cpu 0 | f64 20 | gen 2.9s | dropped inexpr 1 oversz 0 unbuild 0 {}
--------- pump migration: intra (promote-2 + intake-reset) ---------
 161     0     100               0      3.22430271      2.84549347      5.11803106      11602213.2     0.430213542     0.500644277
 161     1      50               0      3.22430271      2.84549347      5.11803106      11602213.2     0.430213542     0.500644277
          wgpu 2d 538g 737c x3w 15ms | egraph 108g->511v+0snap 37ms | graft 43 (-228n, 0 snap) cpu 0 | f64 30 | gen 3.6s | dropped inexpr 3 oversz 0 unbuild 0 {}
 162     0     100               0      3.22430271      2.84549347      5.11803106      11602213.2     0.430213542     0.500644277
 162     1      50               0      3.22430271      2.84549347      5.11803106      11602213.2     0.430213542     0.500644277
          wgpu 1d 428g 614c x3w 12ms | egraph 59g->468v+0snap 32ms | graft 41 (-209n, 0 snap) cpu 0 | f64 20 | gen 2.6s
 163     0     100               0      3.22430271      2.84549347      5.11803106      11602213.2     0.430213542     0.500644277
 163     1      50               0      3.22430271      2.84549347      5.11803106      11602213.2     0.430213542     0.500644277
          wgpu 1d 450g 657c x3w 13ms | egraph 56g->511v+0snap 26ms | graft 58 (-346n, 0 snap) cpu 0 | f64 20 | gen 2.5s | dropped inexpr 1 oversz 0 unbuild 0 {}
 164     0     100               0      3.22430271      2.84549347      5.11803106      11602213.2     0.430213542     0.500644277
 164     1      50               0      3.22430271      2.84549347      5.11803106      11602213.2     0.430213542     0.500644277
          wgpu 1d 475g 654c x3w 12ms | egraph 65g->508v+0snap 28ms | graft 51 (-271n, 0 snap) cpu 0 | f64 20 | gen 2.3s | dropped inexpr 6 oversz 0 unbuild 0 {}
 165     0     100               0      3.22430271      2.84549347      5.11803106      11602213.2     0.430213542     0.500644277
 165     1      50               0      3.22430271      2.84549347      5.11803106      11602213.2     0.430213542     0.500644277
          wgpu 1d 403g 610c x3w 12ms | egraph 53g->464v+0snap 25ms | graft 48 (-226n, 0 snap) cpu 0 | f64 20 | gen 3.1s | dropped inexpr 1 oversz 0 unbuild 0 {}
 166     0     100               0      3.22430271      2.84549347      5.11803106      11602213.2     0.430213542     0.500644277
 166     1      50               0      3.22430271      2.84549347      5.11803106      11602213.2     0.430213542     0.500644277
          wgpu 1d 506g 658c x3w 13ms | egraph 69g->512v+0snap 37ms | graft 50 (-261n, 0 snap) cpu 0 | f64 20 | gen 2.5s | dropped inexpr 1 oversz 0 unbuild 0 {}
 167     0     100               0      3.22430271      2.84549347      5.11803106      11602213.2     0.430213542     0.500644277
 167     1      50               0      3.22430271      2.84549347      5.11803106      11602213.2     0.430213542     0.500644277
          wgpu 1d 450g 624c x3w 16ms | egraph 61g->478v+0snap 26ms | graft 41 (-259n, 0 snap) cpu 0 | f64 20 | gen 3.7s
 168     0     100               0      3.22430271      2.84549347      5.11803106      11602213.2     0.430213542     0.500644277
 168     1      50               0      3.22430271      2.84549347      5.11803106      11602213.2     0.430213542     0.500644277
          wgpu 1d 438g 636c x3w 12ms | egraph 62g->490v+0snap 35ms | graft 47 (-310n, 0 snap) cpu 0 | f64 20 | gen 2.9s | dropped inexpr 3 oversz 0 unbuild 0 {}
 169     0     100               0      3.22430271      2.84549347      5.11803106      11602213.2     0.430213542     0.500644277
 169     1      50               0      3.22430271      2.84549347      5.11803106      11602213.2     0.430213542     0.500644277
          wgpu 1d 454g 629c x3w 16ms | egraph 66g->483v+0snap 33ms | graft 47 (-345n, 0 snap) cpu 0 | f64 20 | gen 3.5s
 170     0     100               0      3.22430271      2.84549347      5.11803106      11602213.2     0.430213542     0.500644277
 170     1      50               0      3.22430271      2.84549347      5.11803106      11602213.2     0.430213542     0.500644277
          wgpu 1d 443g 618c x3w 12ms | egraph 56g->472v+0snap 29ms | graft 51 (-335n, 0 snap) cpu 0 | f64 20 | gen 2.5s
--------- pump migration: intra (promote-2 + intake-reset) ---------
 171     0     100               0      3.22430271      2.84549347      5.11803106      11602213.2     0.430213542     0.500644277
 171     1      50               0      3.22430271      2.84549347      5.11803106      11602213.2     0.430213542     0.500644277
          wgpu 2d 616g 793c x3w 16ms | egraph 128g->567v+0snap 51ms | graft 53 (-274n, 0 snap) cpu 0 | f64 30 | gen 3.1s | dropped inexpr 5 oversz 0 unbuild 0 {}
