/opt/anaconda3/lib/python3.12/site-packages/geppy/__init__.py:26: UserWarning: pkg_resources is deprecated as an API. See https://setuptools.pypa.io/en/latest/pkg_resources.html. The pkg_resources package is slated for removal as early as 2025-11-30. Refrain from using this package or pin to Setuptools<81.
  from pkg_resources import get_distribution, DistributionNotFound
hff library OK (test fitness: (0.1415394733244273,))
registry: ['circle_area', 'gravity', 'coulomb', 'pendulum', 'keplers3', 'ideal_gas', 'I_6_2a', 'I_6_2', 'I_6_2b', 'I_8_14', 'I_9_18', 'I_10_7', 'I_11_19', 'I_12_1', 'I_12_2', 'I_12_4', 'I_12_5', 'I_12_11', 'I_13_4', 'I_13_12', 'I_14_3', 'I_14_4', 'I_15_3x', 'I_15_3t', 'I_15_1', 'I_16_6', 'I_18_4', 'I_18_12', 'I_18_14', 'I_24_6', 'I_25_13', 'I_26_2', 'I_27_6', 'I_29_4', 'I_29_16', 'I_30_3', 'I_30_5', 'I_32_5', 'I_32_17', 'I_34_8', 'I_34_1', 'I_34_14', 'I_34_27', 'I_37_4', 'I_38_12', 'I_39_1', 'I_39_11', 'I_39_22', 'I_40_1', 'I_41_16', 'I_43_16', 'I_43_31', 'I_43_43', 'I_44_4', 'I_47_23', 'I_48_2', 'I_50_26', 'II_2_42', 'II_3_24', 'II_4_23', 'II_6_11', 'II_6_15a', 'II_6_15b', 'II_8_7', 'II_8_31', 'II_10_9', 'II_11_3', 'II_11_17', 'II_11_20', 'II_11_27', 'II_11_28', 'II_13_17', 'II_13_23', 'II_13_34', 'II_15_4', 'II_15_5', 'II_21_32', 'II_24_17', 'II_27_16', 'II_27_18', 'II_34_2a', 'II_34_2', 'II_34_11', 'II_34_29a', 'II_34_29b', 'II_35_18', 'II_35_21', 'II_36_38', 'II_37_1', 'II_38_3', 'II_38_14', 'III_4_32', 'III_4_33', 'III_7_38', 'III_8_54', 'III_9_52', 'III_10_19', 'III_12_43', 'III_13_18', 'III_14_14', 'III_15_12', 'III_15_14', 'III_15_27', 'III_17_37', 'III_19_51', 'III_21_20', 'test_1', 'test_2', 'test_3', 'test_4', 'test_5', 'test_6', 'test_7', 'test_8', 'test_9', 'test_10', 'test_11', 'test_12', 'test_13', 'test_14', 'test_15', 'test_16', 'test_17', 'test_18', 'test_19', 'test_20']
[feynman override] head_length=48 (keep n_genes=3, avgval linker)
Selected problem: I_34_1
  Description : Feynman I-III I.34.1: omega = omega_0/(1-v/c)
  Variables   : ['c', 'v', 'omega_0']
  Train range : {'c': (3.0, 10.0), 'v': (1.0, 2.0), 'omega_0': (1.0, 5.0)}
  Extrap range: {'c': (3.0, 15.0), 'v': (1.0, 3.0), 'omega_0': (1.0, 7.5)}
  Truth       : omega_0/(1-v/c)
  ✓ cache hit  (data/equations/I_34_1, key=486223c732149031)
  train           (800, 4)  target range=[1.198, 12.06]
  val             (200, 4)  target range=[1.249, 12.02]
  holdout         (200, 4)  target range=[1.286, 9.934]
  extrapolation   (200, 4)  target range=[1.349, 34.64]
  saved figure → data/figures/I_34_1/eda_pairplot.png
Wide primitive set enabled: sin, cos, exp, log added.
[E22 rules] variable pattern tags: {'lorentz_pair'}
[rules] HFF_RULES=generic: ['sum_sq_all', 'power_law']
[E22/23 rules] static candidate count: 1
[E22/23 rules] allowed to take a fitness slot (exact): 0
  [sum_sq_all/sum_sq] a=-0.0033 b=4.1716e+00 1-R²_va=1.0287e+00
[fuller] denoise + snap IN THE JOIN (every gene, every generation, K=8); mutation operators: physics=0.2 concretize=0.05
Wrapper scope: per_island  (island → wrapper map: ['identity', 'identity'])
[wgpu] process pool disabled — Metal cannot survive fork(); the population is evaluated in one dispatch instead
Genes: head_length=48, n_genes=3, rnc_array_length=10
Population: (per-island, see below), elites: 2, generations: 400, migration FREQ: 30
  pump per-island sizes: intake=100 (tournsize=8), champion=50 (tournsize=5)
Initialising evolution at 2026-09-19 07:39:51.656194
 gen  deme   evals     min fitness          mse_tr          mse_va         max_err      mse_extrap  one_minus_r2_tr  one_minus_r2_va
   0     0     100    0.0354338863     0.202546513     0.354007097      3.71326009        7.779124    0.0658772491    0.0968528806
   0     1      50   0.00420060757      0.41511695     0.666391185      4.88217524      13.4292993      0.13501473     0.182318113
          wgpu 1d 360g 322c x3w 12ms | egraph 187g->172v+0snap 89ms | graft 41 (-191n, 0 snap) cpu 0 | f64 30 | gen 0.0s | dropped inexpr 2 oversz 0 unbuild 0 {}
Extending evolution: gen 1 → 400 (+400 generations)
   1     0     100    0.0354338863     0.202546513     0.354007097      3.71326009        7.779124    0.0658772491    0.0968528806
   1     1      50   0.00420060757      0.41511695     0.666391185      4.88217524      13.4292993      0.13501473     0.182318113
          wgpu 1d 179g 267c x3w 4ms | egraph 71g->121v+0snap 20ms | graft 38 (-85n, 0 snap) cpu 0 | f64 20 | gen 0.3s | dropped inexpr 10 oversz 0 unbuild 0 {}
   2     0     100    0.0209949236    0.0892319173     0.155503185      2.77989307      6.44190956    0.0290222387    0.0425441511
   2     1      50   0.00420060757      0.41511695     0.666391185      4.88217524      13.4292993      0.13501473     0.182318113
          wgpu 1d 166g 282c x3w 4ms | egraph 53g->136v+0snap 12ms | graft 23 (-86n, 0 snap) cpu 0 | f64 22 | gen 0.3s | dropped inexpr 6 oversz 0 unbuild 0 {}
   3     0     100     0.015036675    0.0371825253    0.0591605621      1.79056144      4.53173541     0.012093432    0.0161857514
   3     1      50   0.00420060757      0.41511695     0.666391185      4.88217524      13.4292993      0.13501473     0.182318113
          wgpu 1d 209g 309c x3w 5ms | egraph 65g->163v+0snap 20ms | graft 23 (-83n, 0 snap) cpu 0 | f64 20 | gen 0.4s | dropped inexpr 23 oversz 0 unbuild 0 {}
   4     0     100     0.015036675    0.0371825253    0.0591605621      1.79056144      4.53173541     0.012093432    0.0161857514
   4     1      50   0.00420060757      0.41511695     0.666391185      4.88217524      13.4292993      0.13501473     0.182318113
          wgpu 1d 218g 305c x3w 5ms | egraph 77g->159v+0snap 21ms | graft 31 (-132n, 0 snap) cpu 0 | f64 31 | gen 0.8s | dropped inexpr 13 oversz 0 unbuild 0 {}
   5     0     100     0.015036675    0.0371825253    0.0591605621      1.79056144      4.53173541     0.012093432    0.0161857514
   5     1      50   0.00420060757      0.41511695     0.666391185      4.88217524      13.4292993      0.13501473     0.182318113
          wgpu 1d 286g 381c x3w 10ms | egraph 100g->235v+0snap 28ms | graft 35 (-136n, 0 snap) cpu 0 | f64 30 | gen 1.0s | dropped inexpr 32 oversz 0 unbuild 0 {}
   6     0     100   0.00595070341     0.058914211    0.0532776076     0.775420588      3.85308927     0.019161555    0.0145762325
   6     1      50   0.00420060757      0.41511695     0.666391185      4.88217524      13.4292993      0.13501473     0.182318113
          wgpu 1d 298g 384c x3w 6ms | egraph 92g->238v+0snap 28ms | graft 31 (-129n, 0 snap) cpu 0 | f64 20 | gen 0.7s | dropped inexpr 20 oversz 0 unbuild 0 {}
   7     0     100   0.00595070341     0.058914211    0.0532776076     0.775420588      3.85308927     0.019161555    0.0145762325
   7     1      50   0.00420060757      0.41511695     0.666391185      4.88217524      13.4292993      0.13501473     0.182318113
          wgpu 1d 248g 357c x3w 5ms | egraph 77g->211v+0snap 23ms | graft 56 (-137n, 0 snap) cpu 0 | f64 20 | gen 0.8s | dropped inexpr 16 oversz 0 unbuild 0 {}
   8     0     100   0.00595070341     0.058914211    0.0532776076     0.775420588      3.85308927     0.019161555    0.0145762325
   8     1      50   0.00420060757      0.41511695     0.666391185      4.88217524      13.4292993      0.13501473     0.182318113
          wgpu 1d 239g 397c x3w 6ms | egraph 77g->251v+0snap 19ms | graft 56 (-174n, 0 snap) cpu 0 | f64 33 | gen 0.5s | dropped inexpr 8 oversz 0 unbuild 0 {}
   9     0     100   0.00595070341     0.058914211    0.0532776076     0.775420588      3.85308927     0.019161555    0.0145762325
   9     1      50   0.00420060757      0.41511695     0.666391185      4.88217524      13.4292993      0.13501473     0.182318113
          wgpu 1d 257g 422c x3w 6ms | egraph 77g->276v+0snap 25ms | graft 51 (-137n, 0 snap) cpu 0 | f64 38 | gen 0.5s | dropped inexpr 10 oversz 0 unbuild 0 {}
  10     0     100   0.00595070341     0.058914211    0.0532776076     0.775420588      3.85308927     0.019161555    0.0145762325
  10     1      50   0.00420060757      0.41511695     0.666391185      4.88217524      13.4292993      0.13501473     0.182318113
          wgpu 1d 181g 353c x3w 17ms | egraph 55g->207v+0snap 27ms | graft 52 (-124n, 0 snap) cpu 0 | f64 20 | gen 0.3s | dropped inexpr 4 oversz 0 unbuild 0 {}
--------- pump migration: intra (promote-2 + intake-reset) ---------
  11     0     100   0.00595070341     0.058914211    0.0532776076     0.775420588      3.85308927     0.019161555    0.0145762325
  11     1      50   0.00420060757      0.41511695     0.666391185      4.88217524      13.4292993      0.13501473     0.182318113
          wgpu 2d 444g 547c x3w 12ms | egraph 154g->321v+0snap 48ms | graft 61 (-166n, 0 snap) cpu 0 | f64 36 | gen 0.2s | dropped inexpr 8 oversz 0 unbuild 0 {}
  12     0     100   0.00595070341     0.058914211    0.0532776076     0.775420588      3.85308927     0.019161555    0.0145762325
  12     1      50   0.00420060757      0.41511695     0.666391185      4.88217524      13.4292993      0.13501473     0.182318113
          wgpu 1d 167g 339c x3w 5ms | egraph 38g->193v+0snap 9ms | graft 37 (-97n, 0 snap) cpu 0 | f64 20 | gen 0.2s
  13     0     100   0.00595070341     0.058914211    0.0532776076     0.775420588      3.85308927     0.019161555    0.0145762325
  13     1      50   0.00420060757      0.41511695     0.666391185      4.88217524      13.4292993      0.13501473     0.182318113
          wgpu 1d 174g 350c x3w 4ms | egraph 39g->204v+0snap 9ms | graft 32 (-102n, 0 snap) cpu 0 | f64 34 | gen 0.3s | dropped inexpr 2 oversz 0 unbuild 0 {}
  14     0     100   0.00595070341     0.058914211    0.0532776076     0.775420588      3.85308927     0.019161555    0.0145762325
  14     1      50   0.00420060757      0.41511695     0.666391185      4.88217524      13.4292993      0.13501473     0.182318113
          wgpu 1d 187g 340c x3w 4ms | egraph 50g->194v+0snap 11ms | graft 42 (-110n, 0 snap) cpu 0 | f64 20 | gen 0.2s | dropped inexpr 1 oversz 0 unbuild 0 {}
  15     0     100   0.00595070341     0.058914211    0.0532776076     0.775420588      3.85308927     0.019161555    0.0145762325
  15     1      50   0.00420060757      0.41511695     0.666391185      4.88217524      13.4292993      0.13501473     0.182318113
          wgpu 1d 185g 344c x3w 4ms | egraph 36g->198v+0snap 9ms | graft 40 (-137n, 0 snap) cpu 0 | f64 20 | gen 0.4s | dropped inexpr 1 oversz 0 unbuild 0 {}
  16     0     100   0.00560110479    0.0584416958    0.0529532032     0.774185484      3.83142831    0.0190078718    0.0144874787
  16     1      50   0.00420060757      0.41511695     0.666391185      4.88217524      13.4292993      0.13501473     0.182318113
          wgpu 1d 200g 350c x3w 4ms | egraph 47g->204v+0snap 12ms | graft 42 (-145n, 0 snap) cpu 0 | f64 35 | gen 0.2s | dropped inexpr 1 oversz 0 unbuild 0 {}
  17     0     100   0.00560110479    0.0584416958    0.0529532032     0.774185484      3.83142831    0.0190078718    0.0144874787
  17     1      50   0.00420060757      0.41511695     0.666391185      4.88217524      13.4292993      0.13501473     0.182318113
          wgpu 1d 194g 343c x3w 4ms | egraph 45g->197v+0snap 12ms | graft 45 (-115n, 0 snap) cpu 0 | f64 20 | gen 0.4s
  18     0     100   0.00545900601    0.0549854764    0.0516708272     0.798842906      3.83657047    0.0178837536    0.0141366331
  18     1      50   0.00420060757      0.41511695     0.666391185      4.88217524      13.4292993      0.13501473     0.182318113
          wgpu 1d 168g 331c x3w 11ms | egraph 47g->185v+0snap 10ms | graft 38 (-106n, 0 snap) cpu 0 | f64 20 | gen 0.2s
  19     0     100   0.00460317538    0.0460965335    0.0457204089     0.853069014      3.27473675     0.014992669    0.0125086569
  19     1      50   0.00420060757      0.41511695     0.666391185      4.88217524      13.4292993      0.13501473     0.182318113
          wgpu 1d 211g 366c x3w 5ms | egraph 58g->220v+0snap 22ms | graft 52 (-158n, 0 snap) cpu 0 | f64 23 | gen 0.3s | dropped inexpr 1 oversz 0 unbuild 0 {}
  20     0     100   0.00460317538    0.0460965335    0.0457204089     0.853069014      3.27473675     0.014992669    0.0125086569
  20     1      50   0.00420060757      0.41511695     0.666391185      4.88217524      13.4292993      0.13501473     0.182318113
          wgpu 1d 272g 431c x3w 5ms | egraph 76g->285v+0snap 18ms | graft 80 (-255n, 0 snap) cpu 0 | f64 20 | gen 0.3s | dropped inexpr 1 oversz 0 unbuild 0 {}
--------- pump migration: intra (promote-2 + intake-reset) ---------
  21     0     100    0.0010175266     0.411212826     0.600521797       4.0282896      12.3256573     0.133744933     0.164296892
  21     1      50   0.00420060757      0.41511695     0.666391185      4.88217524      13.4292993      0.13501473     0.182318113
          wgpu 2d 454g 599c x3w 14ms | egraph 163g->373v+0snap 37ms | graft 68 (-231n, 0 snap) cpu 0 | f64 30 | gen 0.3s | dropped inexpr 9 oversz 0 unbuild 0 {}
  22     0     100    0.0010175266     0.411212826     0.600521797       4.0282896      12.3256573     0.133744933     0.164296892
  22     1      50   0.00224485408    0.0443864425    0.0416397746     0.720401813      2.50960291    0.0144364703    0.0113922352
          wgpu 1d 183g 408c x3w 4ms | egraph 49g->262v+0snap 11ms | graft 39 (-134n, 0 snap) cpu 0 | f64 20 | gen 0.2s | dropped inexpr 2 oversz 0 unbuild 0 {}
  23     0     100    0.0010175266     0.411212826     0.600521797       4.0282896      12.3256573     0.133744933     0.164296892
  23     1      50   0.00224485408    0.0443864425    0.0416397746     0.720401813      2.50960291    0.0144364703    0.0113922352
          wgpu 1d 189g 419c x3w 5ms | egraph 47g->273v+0snap 14ms | graft 30 (-94n, 0 snap) cpu 0 | f64 20 | gen 0.2s
  24     0     100    0.0010175266     0.411212826     0.600521797       4.0282896      12.3256573     0.133744933     0.164296892
  24     1      50   0.00224485408    0.0443864425    0.0416397746     0.720401813      2.50960291    0.0144364703    0.0113922352
          wgpu 1d 232g 460c x3w 9ms | egraph 57g->314v+0snap 12ms | graft 58 (-204n, 0 snap) cpu 0 | f64 20 | gen 0.2s
  25     0     100    0.0010175266     0.411212826     0.600521797       4.0282896      12.3256573     0.133744933     0.164296892
  25     1      50   0.00224485408    0.0443864425    0.0416397746     0.720401813      2.50960291    0.0144364703    0.0113922352
          wgpu 1d 212g 470c x3w 5ms | egraph 49g->324v+0snap 13ms | graft 39 (-179n, 0 snap) cpu 0 | f64 20 | gen 0.3s
  26     0     100    0.0010175266     0.411212826     0.600521797       4.0282896      12.3256573     0.133744933     0.164296892
  26     1      50   0.00224485408    0.0443864425    0.0416397746     0.720401813      2.50960291    0.0144364703    0.0113922352
          wgpu 1d 185g 457c x3w 4ms | egraph 43g->311v+0snap 11ms | graft 36 (-151n, 0 snap) cpu 0 | f64 20 | gen 0.2s
  27     0     100    0.0010175266     0.411212826     0.600521797       4.0282896      12.3256573     0.133744933     0.164296892
  27     1      50   0.00224485408    0.0443864425    0.0416397746     0.720401813      2.50960291    0.0144364703    0.0113922352
          wgpu 1d 235g 493c x3w 5ms | egraph 47g->347v+0snap 12ms | graft 41 (-189n, 0 snap) cpu 0 | f64 20 | gen 0.2s
  28     0     100    0.0010175266     0.411212826     0.600521797       4.0282896      12.3256573     0.133744933     0.164296892
  28     1      50   0.00224485408    0.0443864425    0.0416397746     0.720401813      2.50960291    0.0144364703    0.0113922352
          wgpu 1d 238g 480c x3w 6ms | egraph 55g->334v+0snap 19ms | graft 49 (-192n, 0 snap) cpu 0 | f64 20 | gen 0.2s | dropped inexpr 1 oversz 0 unbuild 0 {}
  29     0     100    0.0010175266     0.411212826     0.600521797       4.0282896      12.3256573     0.133744933     0.164296892
  29     1      50   0.00224485408    0.0443864425    0.0416397746     0.720401813      2.50960291    0.0144364703    0.0113922352
          wgpu 1d 219g 493c x3w 5ms | egraph 43g->347v+0snap 11ms | graft 41 (-217n, 0 snap) cpu 0 | f64 20 | gen 0.2s | dropped inexpr 2 oversz 0 unbuild 0 {}
  30     0     100    0.0010175266     0.411212826     0.600521797       4.0282896      12.3256573     0.133744933     0.164296892
  30     1      50   0.00224485408    0.0443864425    0.0416397746     0.720401813      2.50960291    0.0144364703    0.0113922352
          wgpu 1d 249g 501c x3w 15ms | egraph 49g->355v+0snap 12ms | graft 46 (-215n, 0 snap) cpu 0 | f64 20 | gen 0.2s | dropped inexpr 1 oversz 0 unbuild 0 {}
--------- pump migration: intra (promote-2 + intake-reset) ---------
  31     0     100    0.0010175266     0.411212826     0.600521797       4.0282896      12.3256573     0.133744933     0.164296892
  31     1      50  2.29207616e-05    0.0191478607     0.024829295     0.671183728      7.18418596   0.00622774675   0.00679305234
          wgpu 2d 472g 696c x3w 12ms | egraph 142g->470v+0snap 35ms | graft 78 (-348n, 0 snap) cpu 0 | f64 30 | gen 0.2s | dropped inexpr 7 oversz 0 unbuild 0 {}
  32     0     100    0.0010175266     0.411212826     0.600521797       4.0282896      12.3256573     0.133744933     0.164296892
  32     1      50  2.29207616e-05    0.0191478607     0.024829295     0.671183728      7.18418596   0.00622774675   0.00679305234
          wgpu 1d 200g 468c x3w 28ms | egraph 37g->322v+0snap 10ms | graft 43 (-160n, 0 snap) cpu 0 | f64 20 | gen 0.3s
  33     0     100    0.0010175266     0.411212826     0.600521797       4.0282896      12.3256573     0.133744933     0.164296892
  33     1      50  2.29207616e-05    0.0191478607     0.024829295     0.671183728      7.18418596   0.00622774675   0.00679305234
          wgpu 1d 240g 487c x3w 6ms | egraph 53g->341v+0snap 15ms | graft 42 (-207n, 0 snap) cpu 0 | f64 20 | gen 0.2s
  34     0     100    0.0010175266     0.411212826     0.600521797       4.0282896      12.3256573     0.133744933     0.164296892
  34     1      50  2.29207616e-05    0.0191478607     0.024829295     0.671183728      7.18418596   0.00622774675   0.00679305234
          wgpu 1d 222g 488c x3w 5ms | egraph 43g->342v+0snap 16ms | graft 41 (-148n, 0 snap) cpu 0 | f64 20 | gen 0.2s | dropped inexpr 2 oversz 0 unbuild 0 {}
  35     0     100    0.0010175266     0.411212826     0.600521797       4.0282896      12.3256573     0.133744933     0.164296892
  35     1      50               0    0.0191478607     0.024829295     0.671183728      7.18418596   0.00622774675   0.00679305234
          wgpu 1d 216g 470c x3w 5ms | egraph 47g->324v+0snap 15ms | graft 39 (-141n, 0 snap) cpu 0 | f64 20 | gen 0.2s | dropped inexpr 1 oversz 0 unbuild 0 {}
  36     0     100    0.0010175266     0.411212826     0.600521797       4.0282896      12.3256573     0.133744933     0.164296892
  36     1      50               0    0.0191478607     0.024829295     0.671183728      7.18418596   0.00622774675   0.00679305234
          wgpu 1d 207g 459c x3w 5ms | egraph 47g->313v+0snap 11ms | graft 54 (-179n, 0 snap) cpu 0 | f64 20 | gen 0.2s
  37     0     100    0.0010175266     0.411212826     0.600521797       4.0282896      12.3256573     0.133744933     0.164296892
  37     1      50               0    0.0191478607     0.024829295     0.671183728      7.18418596   0.00622774675   0.00679305234
          wgpu 1d 202g 451c x3w 5ms | egraph 42g->305v+0snap 18ms | graft 35 (-139n, 0 snap) cpu 0 | f64 20 | gen 0.2s | dropped inexpr 1 oversz 0 unbuild 0 {}
  38     0     100    0.0010175266     0.411212826     0.600521797       4.0282896      12.3256573     0.133744933     0.164296892
  38     1      50               0    0.0191478607     0.024829295     0.671183728      7.18418596   0.00622774675   0.00679305234
          wgpu 1d 187g 440c x3w 5ms | egraph 33g->294v+0snap 10ms | graft 47 (-148n, 0 snap) cpu 0 | f64 20 | gen 0.2s
  39     0     100    0.0010175266     0.411212826     0.600521797       4.0282896      12.3256573     0.133744933     0.164296892
  39     1      50               0    0.0191478607     0.024829295     0.671183728      7.18418596   0.00622774675   0.00679305234
          wgpu 1d 219g 446c x3w 5ms | egraph 42g->300v+0snap 13ms | graft 38 (-164n, 0 snap) cpu 0 | f64 20 | gen 0.2s | dropped inexpr 2 oversz 0 unbuild 0 {}
  40     0     100    0.0010175266     0.411212826     0.600521797       4.0282896      12.3256573     0.133744933     0.164296892
  40     1      50               0    0.0191478607     0.024829295     0.671183728      7.18418596   0.00622774675   0.00679305234
          wgpu 1d 168g 393c x3w 8ms | egraph 26g->247v+0snap 17ms | graft 31 (-117n, 0 snap) cpu 0 | f64 20 | gen 0.2s
--------- pump migration: intra (promote-2 + intake-reset) ---------
  41     0     100    0.0010175266     0.411212826     0.600521797       4.0282896      12.3256573     0.133744933     0.164296892
  41     1      50               0    0.0191478607     0.024829295     0.671183728      7.18418596   0.00622774675   0.00679305234
          wgpu 2d 412g 573c x3w 12ms | egraph 117g->347v+0snap 31ms | graft 62 (-220n, 0 snap) cpu 0 | f64 30 | gen 0.2s | dropped inexpr 1 oversz 0 unbuild 0 {}
  42     0     100    0.0010175266     0.411212826     0.600521797       4.0282896      12.3256573     0.133744933     0.164296892
  42     1      50               0    0.0191478607     0.024829295     0.671183728      7.18418596   0.00622774675   0.00679305234
          wgpu 1d 186g 393c x3w 4ms | egraph 36g->247v+0snap 11ms | graft 39 (-163n, 0 snap) cpu 0 | f64 20 | gen 0.2s
  43     0     100    0.0010175266     0.411212826     0.600521797       4.0282896      12.3256573     0.133744933     0.164296892
  43     1      50               0    0.0191478607     0.024829295     0.671183728      7.18418596   0.00622774675   0.00679305234
          wgpu 1d 180g 408c x3w 4ms | egraph 29g->262v+0snap 8ms | graft 31 (-112n, 0 snap) cpu 0 | f64 21 | gen 0.2s | dropped inexpr 1 oversz 0 unbuild 0 {}
  44     0     100    0.0010175266     0.411212826     0.600521797       4.0282896      12.3256573     0.133744933     0.164296892
  44     1      50               0    0.0191478607     0.024829295     0.671183728      7.18418596   0.00622774675   0.00679305234
          wgpu 1d 174g 426c x3w 5ms | egraph 30g->280v+0snap 8ms | graft 35 (-93n, 0 snap) cpu 0 | f64 20 | gen 0.2s
  45     0     100    0.0010175266     0.411212826     0.600521797       4.0282896      12.3256573     0.133744933     0.164296892
  45     1      50               0    0.0191478607     0.024829295     0.671183728      7.18418596   0.00622774675   0.00679305234
          wgpu 1d 188g 385c x3w 5ms | egraph 34g->239v+0snap 20ms | graft 26 (-128n, 0 snap) cpu 0 | f64 20 | gen 0.2s | dropped inexpr 1 oversz 0 unbuild 0 {}
  46     0     100    0.0010175266     0.411212826     0.600521797       4.0282896      12.3256573     0.133744933     0.164296892
  46     1      50               0    0.0191478607     0.024829295     0.671183728      7.18418596   0.00622774675   0.00679305234
          wgpu 1d 188g 402c x3w 4ms | egraph 34g->256v+0snap 9ms | graft 33 (-125n, 0 snap) cpu 0 | f64 20 | gen 0.2s | dropped inexpr 2 oversz 0 unbuild 0 {}
  47     0     100    0.0010175266     0.411212826     0.600521797       4.0282896      12.3256573     0.133744933     0.164296892
  47     1      50               0    0.0191478607     0.024829295     0.671183728      7.18418596   0.00622774675   0.00679305234
          wgpu 1d 165g 415c x3w 4ms | egraph 34g->269v+0snap 8ms | graft 40 (-141n, 0 snap) cpu 0 | f64 20 | gen 0.2s
  48     0     100    0.0010175266     0.411212826     0.600521797       4.0282896      12.3256573     0.133744933     0.164296892
  48     1      50               0    0.0191478607     0.024829295     0.671183728      7.18418596   0.00622774675   0.00679305234
          wgpu 1d 163g 387c x3w 4ms | egraph 21g->241v+0snap 49ms | graft 31 (-101n, 0 snap) cpu 0 | f64 20 | gen 0.2s
  49     0     100    0.0010175266     0.411212826     0.600521797       4.0282896      12.3256573     0.133744933     0.164296892
  49     1      50               0    0.0191478607     0.024829295     0.671183728      7.18418596   0.00622774675   0.00679305234
          wgpu 1d 168g 433c x3w 4ms | egraph 32g->287v+0snap 30ms | graft 38 (-124n, 0 snap) cpu 0 | f64 20 | gen 0.2s | dropped inexpr 1 oversz 0 unbuild 0 {}
  50     0     100    0.0010175266     0.411212826     0.600521797       4.0282896      12.3256573     0.133744933     0.164296892
  50     1      50               0    0.0191478607     0.024829295     0.671183728      7.18418596   0.00622774675   0.00679305234
          wgpu 1d 179g 430c x3w 4ms | egraph 35g->284v+0snap 10ms | graft 34 (-116n, 0 snap) cpu 0 | f64 20 | gen 0.2s
--------- pump migration: intra (promote-2 + intake-reset) ---------
  51     0     100    0.0010175266     0.411212826     0.600521797       4.0282896      12.3256573     0.133744933     0.164296892
  51     1      50               0    0.0191478607     0.024829295     0.671183728      7.18418596   0.00622774675   0.00679305234
          wgpu 2d 347g 563c x3w 8ms | egraph 83g->337v+0snap 28ms | graft 41 (-176n, 0 snap) cpu 0 | f64 30 | gen 0.2s | dropped inexpr 3 oversz 0 unbuild 0 {}
  52     0     100    0.0010175266     0.411212826     0.600521797       4.0282896      12.3256573     0.133744933     0.164296892
  52     1      50               0    0.0191478607     0.024829295     0.671183728      7.18418596   0.00622774675   0.00679305234
          wgpu 1d 165g 402c x3w 12ms | egraph 26g->256v+0snap 18ms | graft 45 (-174n, 0 snap) cpu 0 | f64 20 | gen 0.2s
  53     0     100    0.0010175266     0.411212826     0.600521797       4.0282896      12.3256573     0.133744933     0.164296892
  53     1      50               0    0.0191478607     0.024829295     0.671183728      7.18418596   0.00622774675   0.00679305234
          wgpu 1d 192g 417c x3w 4ms | egraph 32g->271v+0snap 9ms | graft 39 (-132n, 0 snap) cpu 0 | f64 20 | gen 0.2s | dropped inexpr 2 oversz 0 unbuild 0 {}
  54     0     100    0.0010175266     0.411212826     0.600521797       4.0282896      12.3256573     0.133744933     0.164296892
  54     1      50               0    0.0191478607     0.024829295     0.671183728      7.18418596   0.00622774675   0.00679305234
          wgpu 1d 165g 404c x3w 4ms | egraph 27g->258v+0snap 7ms | graft 26 (-77n, 0 snap) cpu 0 | f64 20 | gen 0.2s
  55     0     100    0.0010175266     0.411212826     0.600521797       4.0282896      12.3256573     0.133744933     0.164296892
  55     1      50               0    0.0191478607     0.024829295     0.671183728      7.18418596   0.00622774675   0.00679305234
          wgpu 1d 162g 410c x3w 5ms | egraph 23g->264v+0snap 17ms | graft 26 (-81n, 0 snap) cpu 0 | f64 20 | gen 0.2s
  56     0     100    0.0010175266     0.411212826     0.600521797       4.0282896      12.3256573     0.133744933     0.164296892
  56     1      50               0    0.0191478607     0.024829295     0.671183728      7.18418596   0.00622774675   0.00679305234
          wgpu 1d 169g 397c x3w 4ms | egraph 26g->251v+0snap 7ms | graft 25 (-82n, 0 snap) cpu 0 | f64 20 | gen 0.2s
  57     0     100    0.0010175266     0.411212826     0.600521797       4.0282896      12.3256573     0.133744933     0.164296892
  57     1      50               0    0.0191478607     0.024829295     0.671183728      7.18418596   0.00622774675   0.00679305234
          wgpu 1d 163g 356c x3w 4ms | egraph 27g->210v+0snap 7ms | graft 29 (-112n, 0 snap) cpu 0 | f64 20 | gen 0.2s | dropped inexpr 1 oversz 0 unbuild 0 {}
  58     0     100    0.0010175266     0.411212826     0.600521797       4.0282896      12.3256573     0.133744933     0.164296892
  58     1      50               0    0.0191478607     0.024829295     0.671183728      7.18418596   0.00622774675   0.00679305234
          wgpu 1d 197g 436c x3w 4ms | egraph 34g->290v+0snap 10ms | graft 38 (-143n, 0 snap) cpu 0 | f64 20 | gen 0.2s | dropped inexpr 1 oversz 0 unbuild 0 {}
  59     0     100    0.0010175266     0.411212826     0.600521797       4.0282896      12.3256573     0.133744933     0.164296892
  59     1      50               0    0.0191478607     0.024829295     0.671183728      7.18418596   0.00622774675   0.00679305234
          wgpu 1d 170g 392c x3w 5ms | egraph 33g->246v+0snap 12ms | graft 39 (-128n, 0 snap) cpu 0 | f64 20 | gen 0.4s
  60     0     100    0.0010175266     0.411212826     0.600521797       4.0282896      12.3256573     0.133744933     0.164296892
  60     1      50               0    0.0191478607     0.024829295     0.671183728      7.18418596   0.00622774675   0.00679305234
          wgpu 1d 157g 417c x3w 4ms | egraph 24g->271v+0snap 6ms | graft 24 (-72n, 0 snap) cpu 0 | f64 20 | gen 0.2s
--------- pump migration: intra (promote-2 + intake-reset) + cross ---------
  61     0     100    0.0010175266     0.411212826     0.600521797       4.0282896      12.3256573     0.133744933     0.164296892
  61     1      50               0    0.0191478607     0.024829295     0.671183728      7.18418596   0.00622774675   0.00679305234
          wgpu 2d 371g 534c x3w 8ms | egraph 88g->308v+0snap 35ms | graft 48 (-162n, 0 snap) cpu 0 | f64 30 | gen 0.2s | dropped inexpr 6 oversz 0 unbuild 0 {}
  62     0     100    0.0010175266     0.411212826     0.600521797       4.0282896      12.3256573     0.133744933     0.164296892
  62     1      50               0    0.0191478607     0.024829295     0.671183728      7.18418596   0.00622774675   0.00679305234
          wgpu 1d 160g 412c x3w 21ms | egraph 19g->266v+0snap 5ms | graft 24 (-70n, 0 snap) cpu 0 | f64 20 | gen 0.2s
  63     0     100    0.0010175266     0.411212826     0.600521797       4.0282896      12.3256573     0.133744933     0.164296892
  63     1      50               0    0.0191478607     0.024829295     0.671183728      7.18418596   0.00622774675   0.00679305234
          wgpu 1d 181g 425c x3w 4ms | egraph 22g->279v+0snap 6ms | graft 34 (-123n, 0 snap) cpu 0 | f64 20 | gen 0.2s
  64     0     100    0.0010175266     0.411212826     0.600521797       4.0282896      12.3256573     0.133744933     0.164296892
  64     1      50               0    0.0191478607     0.024829295     0.671183728      7.18418596   0.00622774675   0.00679305234
          wgpu 1d 168g 407c x3w 10ms | egraph 24g->261v+0snap 8ms | graft 24 (-86n, 0 snap) cpu 0 | f64 22 | gen 0.2s | dropped inexpr 1 oversz 0 unbuild 0 {}
  65     0     100    0.0010175266     0.411212826     0.600521797       4.0282896      12.3256573     0.133744933     0.164296892
  65     1      50               0    0.0191478709     0.024829285     0.671184742       7.1841987   0.00622775007   0.00679304961
          wgpu 1d 166g 400c x3w 4ms | egraph 25g->254v+0snap 7ms | graft 37 (-143n, 0 snap) cpu 0 | f64 20 | gen 0.2s
  66     0     100    0.0010175266     0.411212826     0.600521797       4.0282896      12.3256573     0.133744933     0.164296892
  66     1      50               0    0.0191478607     0.024829295     0.671183728      7.18418596   0.00622774675   0.00679305234
          wgpu 1d 183g 425c x3w 4ms | egraph 28g->279v+0snap 7ms | graft 29 (-105n, 0 snap) cpu 0 | f64 20 | gen 0.2s
  67     0     100    0.0010175266     0.411212826     0.600521797       4.0282896      12.3256573     0.133744933     0.164296892
  67     1      50               0    0.0191478709     0.024829285     0.671184742       7.1841987   0.00622775007   0.00679304961
          wgpu 1d 161g 363c x3w 4ms | egraph 23g->217v+0snap 6ms | graft 31 (-116n, 0 snap) cpu 0 | f64 20 | gen 0.2s
  68     0     100    0.0010175266     0.411212826     0.600521797       4.0282896      12.3256573     0.133744933     0.164296892
  68     1      50               0    0.0191478709     0.024829285     0.671184742       7.1841987   0.00622775007   0.00679304961
          wgpu 1d 199g 373c x3w 4ms | egraph 27g->227v+0snap 7ms | graft 26 (-89n, 0 snap) cpu 0 | f64 20 | gen 0.2s
  69     0     100    0.0010175266     0.411212826     0.600521797       4.0282896      12.3256573     0.133744933     0.164296892
  69     1      50               0    0.0191478709     0.024829285     0.671184742       7.1841987   0.00622775007   0.00679304961
          wgpu 1d 178g 422c x3w 5ms | egraph 23g->276v+0snap 7ms | graft 32 (-133n, 0 snap) cpu 0 | f64 20 | gen 0.2s | dropped inexpr 1 oversz 0 unbuild 0 {}
  70     0     100    0.0010175266     0.411212826     0.600521797       4.0282896      12.3256573     0.133744933     0.164296892
  70     1      50               0    0.0191478709     0.024829285     0.671184742       7.1841987   0.00622775007   0.00679304961
          wgpu 1d 189g 422c x3w 4ms | egraph 32g->276v+0snap 9ms | graft 34 (-122n, 0 snap) cpu 0 | f64 20 | gen 0.2s
--------- pump migration: intra (promote-2 + intake-reset) ---------
  71     0     100               0     0.339140553     0.423270752      3.27299819      9.03832044     0.110303783     0.115802739
  71     1      50               0    0.0191478709     0.024829285     0.671184742       7.1841987   0.00622775007   0.00679304961
          wgpu 2d 473g 650c x3w 13ms | egraph 144g->424v+0snap 46ms | graft 85 (-410n, 0 snap) cpu 0 | f64 30 | gen 0.2s | dropped inexpr 3 oversz 0 unbuild 0 {}
  72     0     100               0     0.339140553     0.423270752      3.27299819      9.03832044     0.110303783     0.115802739
  72     1      50               0    0.0191478709     0.024829285     0.671184742       7.1841987   0.00622775007   0.00679304961
          wgpu 1d 285g 471c x3w 5ms | egraph 71g->325v+0snap 17ms | graft 74 (-398n, 0 snap) cpu 0 | f64 20 | gen 0.2s | dropped inexpr 2 oversz 0 unbuild 0 {}
  73     0     100               0     0.339140553     0.423270752      3.27299819      9.03832044     0.110303783     0.115802739
  73     1      50               0    0.0191478709     0.024829285     0.671184742       7.1841987   0.00622775007   0.00679304961
          wgpu 1d 277g 435c x3w 5ms | egraph 67g->289v+0snap 15ms | graft 55 (-242n, 0 snap) cpu 0 | f64 20 | gen 0.2s | dropped inexpr 1 oversz 0 unbuild 0 {}
  74     0     100               0     0.339140553     0.423270752      3.27299819      9.03832044     0.110303783     0.115802739
  74     1      50               0    0.0191478709     0.024829285     0.671184742       7.1841987   0.00622775007   0.00679304961
          wgpu 1d 255g 513c x3w 5ms | egraph 58g->367v+0snap 12ms | graft 82 (-416n, 0 snap) cpu 0 | f64 20 | gen 0.2s
  75     0     100               0     0.339140553     0.423270752      3.27299819      9.03832044     0.110303783     0.115802739
  75     1      50               0    0.0191478709     0.024829285     0.671184742       7.1841987   0.00622775007   0.00679304961
          wgpu 1d 239g 457c x3w 5ms | egraph 43g->311v+0snap 10ms | graft 82 (-414n, 0 snap) cpu 0 | f64 20 | gen 0.3s
  76     0     100               0     0.339140553     0.423270752      3.27299819      9.03832044     0.110303783     0.115802739
  76     1      50               0    0.0191478709     0.024829285     0.671184742       7.1841987   0.00622775007   0.00679304961
          wgpu 1d 229g 488c x3w 6ms | egraph 46g->342v+0snap 12ms | graft 73 (-379n, 0 snap) cpu 0 | f64 20 | gen 0.2s | dropped inexpr 1 oversz 0 unbuild 0 {}
  77     0     100               0     0.339140553     0.423270752      3.27299819      9.03832044     0.110303783     0.115802739
  77     1      50               0    0.0191478709     0.024829285     0.671184742       7.1841987   0.00622775007   0.00679304961
          wgpu 1d 284g 455c x3w 5ms | egraph 61g->309v+0snap 15ms | graft 64 (-313n, 0 snap) cpu 0 | f64 20 | gen 0.3s
  78     0     100               0     0.339140553     0.423270752      3.27299819      9.03832044     0.110303783     0.115802739
  78     1      50               0    0.0191478709     0.024829285     0.671184742       7.1841987   0.00622775007   0.00679304961
          wgpu 1d 253g 438c x3w 5ms | egraph 42g->292v+0snap 18ms | graft 62 (-331n, 0 snap) cpu 0 | f64 20 | gen 0.2s | dropped inexpr 2 oversz 0 unbuild 0 {}
  79     0     100               0     0.339140553     0.423270752      3.27299819      9.03832044     0.110303783     0.115802739
  79     1      50               0    0.0191478709     0.024829285     0.671184742       7.1841987   0.00622775007   0.00679304961
          wgpu 1d 252g 458c x3w 5ms | egraph 47g->312v+0snap 11ms | graft 66 (-362n, 0 snap) cpu 0 | f64 20 | gen 0.2s | dropped inexpr 1 oversz 0 unbuild 0 {}
  80     0     100               0     0.339140553     0.423270752      3.27299819      9.03832044     0.110303783     0.115802739
  80     1      50               0    0.0191478709     0.024829285     0.671184742       7.1841987   0.00622775007   0.00679304961
          wgpu 1d 227g 430c x3w 5ms | egraph 42g->284v+0snap 11ms | graft 64 (-351n, 0 snap) cpu 0 | f64 20 | gen 0.2s | dropped inexpr 1 oversz 0 unbuild 0 {}
--------- pump migration: intra (promote-2 + intake-reset) ---------
  81     0     100               0     0.339140553     0.423270752      3.27299819      9.03832044     0.110303783     0.115802739
  81     1      50               0     0.339140553     0.423270752      3.27299819      9.03832044     0.110303783     0.115802739
          wgpu 2d 400g 531c x3w 8ms | egraph 110g->305v+0snap 39ms | graft 57 (-241n, 0 snap) cpu 0 | f64 30 | gen 0.2s | dropped inexpr 2 oversz 0 unbuild 0 {}
  82     0     100               0     0.339140553     0.423270752      3.27299819      9.03832044     0.110303783     0.115802739
  82     1      50               0     0.339140553     0.423270752      3.27299819      9.03832044     0.110303783     0.115802739
          wgpu 1d 204g 408c x3w 5ms | egraph 38g->262v+0snap 10ms | graft 72 (-362n, 0 snap) cpu 0 | f64 20 | gen 0.2s
  83     0     100               0     0.339140553     0.423270752      3.27299819      9.03832044     0.110303783     0.115802739
  83     1      50               0     0.339140553     0.423270752      3.27299819      9.03832044     0.110303783     0.115802739
          wgpu 1d 228g 477c x3w 5ms | egraph 44g->331v+0snap 10ms | graft 77 (-433n, 0 snap) cpu 0 | f64 20 | gen 0.2s
  84     0     100               0     0.339140553     0.423270752      3.27299819      9.03832044     0.110303783     0.115802739
  84     1      50               0     0.339140553     0.423270752      3.27299819      9.03832044     0.110303783     0.115802739
          wgpu 1d 246g 478c x3w 5ms | egraph 55g->332v+0snap 16ms | graft 79 (-398n, 0 snap) cpu 0 | f64 20 | gen 0.3s
  85     0     100               0     0.339140553     0.423270752      3.27299819      9.03832044     0.110303783     0.115802739
  85     1      50               0     0.339140553     0.423270752      3.27299819      9.03832044     0.110303783     0.115802739
          wgpu 1d 259g 453c x3w 5ms | egraph 51g->307v+0snap 12ms | graft 83 (-411n, 0 snap) cpu 0 | f64 20 | gen 0.2s | dropped inexpr 1 oversz 0 unbuild 0 {}
  86     0     100               0     0.339140553     0.423270752      3.27299819      9.03832044     0.110303783     0.115802739
  86     1      50               0     0.339140553     0.423270752      3.27299819      9.03832044     0.110303783     0.115802739
          wgpu 1d 279g 477c x3w 6ms | egraph 45g->331v+0snap 10ms | graft 81 (-396n, 0 snap) cpu 0 | f64 20 | gen 0.2s | dropped inexpr 1 oversz 0 unbuild 0 {}
  87     0     100               0     0.339140553     0.423270752      3.27299819      9.03832044     0.110303783     0.115802739
  87     1      50               0     0.339140553     0.423270752      3.27299819      9.03832044     0.110303783     0.115802739
          wgpu 1d 232g 495c x3w 5ms | egraph 32g->349v+0snap 9ms | graft 79 (-432n, 0 snap) cpu 0 | f64 20 | gen 0.2s | dropped inexpr 1 oversz 0 unbuild 0 {}
  88     0     100               0     0.339140553     0.423270752      3.27299819      9.03832044     0.110303783     0.115802739
  88     1      50               0     0.339140553     0.423270752      3.27299819      9.03832044     0.110303783     0.115802739
          wgpu 1d 246g 456c x3w 5ms | egraph 50g->310v+0snap 12ms | graft 78 (-408n, 0 snap) cpu 0 | f64 20 | gen 0.2s | dropped inexpr 1 oversz 0 unbuild 0 {}
  89     0     100               0     0.339140553     0.423270752      3.27299819      9.03832044     0.110303783     0.115802739
  89     1      50               0     0.339140553     0.423270752      3.27299819      9.03832044     0.110303783     0.115802739
          wgpu 1d 251g 441c x3w 5ms | egraph 58g->295v+0snap 21ms | graft 79 (-393n, 0 snap) cpu 0 | f64 20 | gen 0.3s | dropped inexpr 1 oversz 0 unbuild 0 {}
  90     0     100               0     0.339140553     0.423270752      3.27299819      9.03832044     0.110303783     0.115802739
  90     1      50               0     0.339140553     0.423270752      3.27299819      9.03832044     0.110303783     0.115802739
          wgpu 1d 244g 483c x3w 5ms | egraph 34g->337v+0snap 8ms | graft 86 (-456n, 0 snap) cpu 0 | f64 20 | gen 0.2s
--------- pump migration: intra (promote-2 + intake-reset) + cross ---------
  91     0     100               0     0.339140553     0.423270752      3.27299819      9.03832044     0.110303783     0.115802739
  91     1      50               0     0.339140553     0.423270752      3.27299819      9.03832044     0.110303783     0.115802739
          wgpu 2d 406g 601c x3w 9ms | egraph 100g->375v+0snap 24ms | graft 100 (-519n, 0 snap) cpu 0 | f64 30 | gen 0.2s
  92     0     100               0     0.339140553     0.423270752      3.27299819      9.03832044     0.110303783     0.115802739
  92     1      50               0     0.339140553     0.423270752      3.27299819      9.03832044     0.110303783     0.115802739
          wgpu 1d 237g 469c x3w 10ms | egraph 34g->323v+0snap 11ms | graft 85 (-430n, 0 snap) cpu 0 | f64 20 | gen 0.2s
  93     0     100               0     0.339140553     0.423270752      3.27299819      9.03832044     0.110303783     0.115802739
  93     1      50               0     0.339140553     0.423270752      3.27299819      9.03832044     0.110303783     0.115802739
          wgpu 1d 276g 521c x3w 6ms | egraph 40g->375v+0snap 9ms | graft 91 (-484n, 0 snap) cpu 0 | f64 20 | gen 0.2s
  94     0     100               0     0.339140553     0.423270752      3.27299819      9.03832044     0.110303783     0.115802739
  94     1      50               0     0.339140553     0.423270752      3.27299819      9.03832044     0.110303783     0.115802739
          wgpu 1d 228g 483c x3w 5ms | egraph 38g->337v+0snap 9ms | graft 84 (-450n, 0 snap) cpu 0 | f64 20 | gen 0.2s
  95     0     100               0     0.339140553     0.423270752      3.27299819      9.03832044     0.110303783     0.115802739
  95     1      50               0     0.339140553     0.423270752      3.27299819      9.03832044     0.110303783     0.115802739
          wgpu 1d 249g 468c x3w 5ms | egraph 37g->322v+0snap 9ms | graft 83 (-414n, 0 snap) cpu 0 | f64 20 | gen 0.3s
  96     0     100               0     0.339140553     0.423270752      3.27299819      9.03832044     0.110303783     0.115802739
  96     1      50               0     0.339140553     0.423270752      3.27299819      9.03832044     0.110303783     0.115802739
          wgpu 1d 226g 487c x3w 5ms | egraph 31g->341v+0snap 8ms | graft 91 (-457n, 0 snap) cpu 0 | f64 20 | gen 0.2s
  97     0     100               0     0.339140553     0.423270752      3.27299819      9.03832044     0.110303783     0.115802739
  97     1      50               0     0.339140553     0.423270752      3.27299819      9.03832044     0.110303783     0.115802739
          wgpu 1d 241g 455c x3w 5ms | egraph 42g->309v+0snap 9ms | graft 68 (-338n, 0 snap) cpu 0 | f64 20 | gen 0.2s | dropped inexpr 3 oversz 0 unbuild 0 {}
  98     0     100               0     0.339140553     0.423270752      3.27299819      9.03832044     0.110303783     0.115802739
  98     1      50               0     0.339140553     0.423270752      3.27299819      9.03832044     0.110303783     0.115802739
          wgpu 1d 214g 442c x3w 5ms | egraph 33g->296v+0snap 8ms | graft 69 (-378n, 0 snap) cpu 0 | f64 20 | gen 0.2s | dropped inexpr 1 oversz 0 unbuild 0 {}
  99     0     100               0     0.339140553     0.423270752      3.27299819      9.03832044     0.110303783     0.115802739
  99     1      50               0     0.339140553     0.423270752      3.27299819      9.03832044     0.110303783     0.115802739
          wgpu 1d 216g 472c x3w 5ms | egraph 38g->326v+0snap 9ms | graft 85 (-408n, 0 snap) cpu 0 | f64 20 | gen 0.3s
 100     0     100               0     0.339140553     0.423270752      3.27299819      9.03832044     0.110303783     0.115802739
 100     1      50               0     0.339140553     0.423270752      3.27299819      9.03832044     0.110303783     0.115802739
          wgpu 1d 210g 411c x3w 4ms | egraph 26g->265v+0snap 7ms | graft 69 (-367n, 0 snap) cpu 0 | f64 20 | gen 0.2s
--------- pump migration: intra (promote-2 + intake-reset) ---------
 101     0     100               0     0.339140553     0.423270752      3.27299819      9.03832044     0.110303783     0.115802739
 101     1      50               0     0.339140553     0.423270752      3.27299819      9.03832044     0.110303783     0.115802739
          wgpu 2d 431g 581c x3w 13ms | egraph 108g->355v+0snap 30ms | graft 80 (-397n, 0 snap) cpu 0 | f64 30 | gen 0.2s | dropped inexpr 3 oversz 0 unbuild 0 {}
 102     0     100               0     0.339140553     0.423270752      3.27299819      9.03832044     0.110303783     0.115802739
 102     1      50               0     0.339140553     0.423270752      3.27299819      9.03832044     0.110303783     0.115802739
          wgpu 1d 230g 456c x3w 6ms | egraph 43g->310v+0snap 10ms | graft 78 (-406n, 0 snap) cpu 0 | f64 20 | gen 0.2s | dropped inexpr 1 oversz 0 unbuild 0 {}
 103     0     100               0     0.339140553     0.423270752      3.27299819      9.03832044     0.110303783     0.115802739
 103     1      50               0     0.339140553     0.423270752      3.27299819      9.03832044     0.110303783     0.115802739
          wgpu 1d 218g 476c x3w 5ms | egraph 41g->330v+0snap 9ms | graft 81 (-366n, 0 snap) cpu 0 | f64 20 | gen 0.2s | dropped inexpr 1 oversz 0 unbuild 0 {}
 104     0     100               0     0.339140553     0.423270752      3.27299819      9.03832044     0.110303783     0.115802739
 104     1      50               0     0.339140553     0.423270752      3.27299819      9.03832044     0.110303783     0.115802739
          wgpu 1d 261g 479c x3w 5ms | egraph 38g->333v+0snap 9ms | graft 77 (-394n, 0 snap) cpu 0 | f64 20 | gen 0.2s
 105     0     100               0     0.339140553     0.423270752      3.27299819      9.03832044     0.110303783     0.115802739
 105     1      50               0     0.339140553     0.423270752      3.27299819      9.03832044     0.110303783     0.115802739
          wgpu 1d 241g 427c x3w 5ms | egraph 37g->281v+0snap 8ms | graft 82 (-390n, 0 snap) cpu 0 | f64 20 | gen 0.2s | dropped inexpr 2 oversz 0 unbuild 0 {}
 106     0     100               0     0.339140553     0.423270752      3.27299819      9.03832044     0.110303783     0.115802739
 106     1      50               0     0.339140553     0.423270752      3.27299819      9.03832044     0.110303783     0.115802739
          wgpu 1d 248g 478c x3w 5ms | egraph 35g->332v+0snap 10ms | graft 74 (-346n, 0 snap) cpu 0 | f64 20 | gen 0.2s | dropped inexpr 1 oversz 0 unbuild 0 {}
 107     0     100               0     0.339140553     0.423270752      3.27299819      9.03832044     0.110303783     0.115802739
 107     1      50               0     0.339140553     0.423270752      3.27299819      9.03832044     0.110303783     0.115802739
          wgpu 1d 236g 448c x3w 8ms | egraph 49g->302v+0snap 12ms | graft 78 (-376n, 0 snap) cpu 0 | f64 20 | gen 0.3s | dropped inexpr 1 oversz 0 unbuild 0 {}
 108     0     100               0     0.339140553     0.423270752      3.27299819      9.03832044     0.110303783     0.115802739
 108     1      50               0     0.339140553     0.423270752      3.27299819      9.03832044     0.110303783     0.115802739
          wgpu 1d 268g 502c x3w 6ms | egraph 42g->356v+0snap 12ms | graft 82 (-418n, 0 snap) cpu 0 | f64 20 | gen 0.2s | dropped inexpr 2 oversz 0 unbuild 0 {}
 109     0     100               0     0.339140553     0.423270752      3.27299819      9.03832044     0.110303783     0.115802739
 109     1      50               0     0.339140553     0.423270752      3.27299819      9.03832044     0.110303783     0.115802739
          wgpu 1d 244g 455c x3w 5ms | egraph 41g->309v+0snap 13ms | graft 78 (-388n, 0 snap) cpu 0 | f64 20 | gen 0.2s
 110     0     100               0     0.339140553     0.423270752      3.27299819      9.03832044     0.110303783     0.115802739
 110     1      50               0     0.339140553     0.423270752      3.27299819      9.03832044     0.110303783     0.115802739
          wgpu 1d 258g 512c x3w 5ms | egraph 34g->366v+0snap 11ms | graft 93 (-496n, 0 snap) cpu 0 | f64 20 | gen 0.2s
--------- pump migration: intra (promote-2 + intake-reset) ---------
 111     0     100               0     0.339140553     0.423270752      3.27299819      9.03832044     0.110303783     0.115802739
 111     1      50               0     0.339140553     0.423270752      3.27299819      9.03832044     0.110303783     0.115802739
          wgpu 2d 449g 597c x3w 15ms | egraph 100g->371v+0snap 26ms | graft 97 (-517n, 0 snap) cpu 0 | f64 30 | gen 0.2s | dropped inexpr 1 oversz 0 unbuild 0 {}
 112     0     100               0     0.339140553     0.423270752      3.27299819      9.03832044     0.110303783     0.115802739
 112     1      50               0     0.339140553     0.423270752      3.27299819      9.03832044     0.110303783     0.115802739
          wgpu 1d 224g 502c x3w 5ms | egraph 31g->356v+0snap 7ms | graft 82 (-445n, 0 snap) cpu 0 | f64 20 | gen 0.2s
 113     0     100               0     0.339140553     0.423270752      3.27299819      9.03832044     0.110303783     0.115802739
 113     1      50               0     0.339140553     0.423270752      3.27299819      9.03832044     0.110303783     0.115802739
          wgpu 1d 258g 480c x3w 5ms | egraph 42g->334v+0snap 10ms | graft 87 (-456n, 0 snap) cpu 0 | f64 20 | gen 0.5s
 114     0     100               0     0.339140553     0.423270752      3.27299819      9.03832044     0.110303783     0.115802739
 114     1      50               0     0.339140553     0.423270752      3.27299819      9.03832044     0.110303783     0.115802739
          wgpu 1d 259g 434c x3w 9ms | egraph 52g->288v+0snap 16ms | graft 74 (-340n, 0 snap) cpu 0 | f64 20 | gen 0.3s | dropped inexpr 3 oversz 0 unbuild 0 {}
 115     0     100               0     0.339140553     0.423270752      3.27299819      9.03832044     0.110303783     0.115802739
 115     1      50               0     0.339140553     0.423270752      3.27299819      9.03832044     0.110303783     0.115802739
          wgpu 1d 237g 420c x3w 6ms | egraph 49g->274v+0snap 12ms | graft 73 (-340n, 0 snap) cpu 0 | f64 20 | gen 0.3s
 116     0     100               0     0.339140553     0.423270752      3.27299819      9.03832044     0.110303783     0.115802739
 116     1      50               0     0.339140553     0.423270752      3.27299819      9.03832044     0.110303783     0.115802739
          wgpu 1d 251g 481c x3w 6ms | egraph 42g->335v+0snap 21ms | graft 89 (-414n, 0 snap) cpu 0 | f64 20 | gen 0.4s | dropped inexpr 1 oversz 0 unbuild 0 {}
 117     0     100               0     0.339140553     0.423270752      3.27299819      9.03832044     0.110303783     0.115802739
 117     1      50               0     0.339140553     0.423270752      3.27299819      9.03832044     0.110303783     0.115802739
          wgpu 1d 257g 489c x3w 7ms | egraph 30g->343v+0snap 9ms | graft 85 (-424n, 0 snap) cpu 0 | f64 20 | gen 0.3s | dropped inexpr 1 oversz 0 unbuild 0 {}
 118     0     100               0     0.339140553     0.423270752      3.27299819      9.03832044     0.110303783     0.115802739
 118     1      50               0     0.339140553     0.423270752      3.27299819      9.03832044     0.110303783     0.115802739
          wgpu 1d 255g 465c x3w 5ms | egraph 37g->319v+0snap 9ms | graft 78 (-408n, 0 snap) cpu 0 | f64 20 | gen 0.2s
 119     0     100               0     0.339140553     0.423270752      3.27299819      9.03832044     0.110303783     0.115802739
 119     1      50               0     0.339140553     0.423270752      3.27299819      9.03832044     0.110303783     0.115802739
          wgpu 1d 256g 408c x3w 6ms | egraph 59g->262v+0snap 18ms | graft 69 (-294n, 0 snap) cpu 0 | f64 20 | gen 0.5s | dropped inexpr 2 oversz 0 unbuild 0 {}
 120     0     100               0     0.339140553     0.423270752      3.27299819      9.03832044     0.110303783     0.115802739
 120     1      50               0     0.339140553     0.423270752      3.27299819      9.03832044     0.110303783     0.115802739
          wgpu 1d 287g 504c x3w 5ms | egraph 44g->358v+0snap 11ms | graft 87 (-441n, 0 snap) cpu 0 | f64 20 | gen 0.4s | dropped inexpr 3 oversz 0 unbuild 0 {}
--------- pump migration: intra (promote-2 + intake-reset) + cross ---------
 121     0     100               0     0.339140553     0.423270752      3.27299819      9.03832044     0.110303783     0.115802739
 121     1      50               0     0.339140553     0.423270752      3.27299819      9.03832044     0.110303783     0.115802739
          wgpu 2d 456g 586c x3w 9ms | egraph 111g->360v+0snap 31ms | graft 100 (-447n, 0 snap) cpu 0 | f64 30 | gen 0.5s | dropped inexpr 1 oversz 0 unbuild 0 {}
 122     0     100               0     0.339140553     0.423270752      3.27299819      9.03832044     0.110303783     0.115802739
 122     1      50               0     0.339140553     0.423270752      3.27299819      9.03832044     0.110303783     0.115802739
          wgpu 1d 253g 451c x3w 5ms | egraph 47g->305v+0snap 21ms | graft 76 (-379n, 0 snap) cpu 0 | f64 20 | gen 0.4s | dropped inexpr 4 oversz 0 unbuild 0 {}
 123     0     100               0     0.339140553     0.423270752      3.27299819      9.03832044     0.110303783     0.115802739
 123     1      50               0     0.339140553     0.423270752      3.27299819      9.03832044     0.110303783     0.115802739
          wgpu 1d 236g 442c x3w 6ms | egraph 34g->296v+0snap 10ms | graft 81 (-377n, 0 snap) cpu 0 | f64 20 | gen 0.3s | dropped inexpr 1 oversz 0 unbuild 0 {}
 124     0     100               0     0.339140553     0.423270752      3.27299819      9.03832044     0.110303783     0.115802739
 124     1      50               0     0.339140553     0.423270752      3.27299819      9.03832044     0.110303783     0.115802739
          wgpu 1d 247g 501c x3w 6ms | egraph 28g->355v+0snap 8ms | graft 89 (-467n, 0 snap) cpu 0 | f64 20 | gen 0.3s | dropped inexpr 1 oversz 0 unbuild 0 {}
 125     0     100               0     0.339140553     0.423270752      3.27299819      9.03832044     0.110303783     0.115802739
 125     1      50               0     0.339140553     0.423270752      3.27299819      9.03832044     0.110303783     0.115802739
          wgpu 1d 284g 496c x3w 9ms | egraph 47g->350v+0snap 15ms | graft 72 (-343n, 0 snap) cpu 0 | f64 20 | gen 0.3s | dropped inexpr 2 oversz 0 unbuild 0 {}
 126     0     100               0     0.339140553     0.423270752      3.27299819      9.03832044     0.110303783     0.115802739
 126     1      50               0     0.339140553     0.423270752      3.27299819      9.03832044     0.110303783     0.115802739
          wgpu 1d 251g 534c x3w 6ms | egraph 42g->388v+0snap 14ms | graft 105 (-536n, 0 snap) cpu 0 | f64 20 | gen 0.3s | dropped inexpr 1 oversz 0 unbuild 0 {}
 127     0     100               0     0.339140553     0.423270752      3.27299819      9.03832044     0.110303783     0.115802739
 127     1      50               0     0.339140553     0.423270752      3.27299819      9.03832044     0.110303783     0.115802739
          wgpu 1d 260g 525c x3w 5ms | egraph 32g->379v+0snap 20ms | graft 95 (-487n, 0 snap) cpu 0 | f64 20 | gen 0.3s | dropped inexpr 1 oversz 0 unbuild 0 {}
 128     0     100               0     0.339140553     0.423270752      3.27299819      9.03832044     0.110303783     0.115802739
 128     1      50               0     0.339140553     0.423270752      3.27299819      9.03832044     0.110303783     0.115802739
          wgpu 1d 232g 497c x3w 5ms | egraph 32g->351v+0snap 11ms | graft 87 (-413n, 0 snap) cpu 0 | f64 20 | gen 0.4s
 129     0     100               0     0.339140553     0.423270752      3.27299819      9.03832044     0.110303783     0.115802739
 129     1      50               0     0.339140553     0.423270752      3.27299819      9.03832044     0.110303783     0.115802739
          wgpu 1d 260g 460c x3w 12ms | egraph 45g->314v+0snap 11ms | graft 74 (-364n, 0 snap) cpu 0 | f64 20 | gen 0.4s | dropped inexpr 1 oversz 0 unbuild 0 {}
 130     0     100               0     0.339140553     0.423270752      3.27299819      9.03832044     0.110303783     0.115802739
 130     1      50               0     0.339140553     0.423270752      3.27299819      9.03832044     0.110303783     0.115802739
          wgpu 1d 273g 478c x3w 6ms | egraph 47g->332v+0snap 17ms | graft 87 (-423n, 0 snap) cpu 0 | f64 20 | gen 0.3s | dropped inexpr 1 oversz 0 unbuild 0 {}
--------- pump migration: intra (promote-2 + intake-reset) ---------
 131     0     100               0     0.339140553     0.423270752      3.27299819      9.03832044     0.110303783     0.115802739
 131     1      50               0     0.339140553     0.423270752      3.27299819      9.03832044     0.110303783     0.115802739
          wgpu 2d 446g 633c x3w 18ms | egraph 127g->407v+0snap 45ms | graft 107 (-494n, 0 snap) cpu 0 | f64 30 | gen 0.4s | dropped inexpr 1 oversz 0 unbuild 0 {}
 132     0     100               0     0.339140553     0.423270752      3.27299819      9.03832044     0.110303783     0.115802739
 132     1      50               0     0.339140553     0.423270752      3.27299819      9.03832044     0.110303783     0.115802739
          wgpu 1d 276g 526c x3w 6ms | egraph 35g->380v+0snap 11ms | graft 92 (-443n, 0 snap) cpu 0 | f64 20 | gen 0.3s | dropped inexpr 1 oversz 0 unbuild 0 {}
 133     0     100               0     0.339140553     0.423270752      3.27299819      9.03832044     0.110303783     0.115802739
 133     1      50               0     0.339140553     0.423270752      3.27299819      9.03832044     0.110303783     0.115802739
          wgpu 1d 237g 497c x3w 6ms | egraph 42g->348v+0snap 19ms | graft 77 (-432n, 0 snap) cpu 0 | f64 20 | gen 0.4s | dropped inexpr 3 oversz 0 unbuild 0 {}
 134     0     100               0     0.339140553     0.423270752      3.27299819      9.03832044     0.110303783     0.115802739
 134     1      50               0     0.339140553     0.423270752      3.27299819      9.03832044     0.110303783     0.115802739
          wgpu 1d 292g 517c x3w 6ms | egraph 46g->371v+0snap 13ms | graft 90 (-418n, 0 snap) cpu 0 | f64 20 | gen 0.4s
 135     0     100               0     0.339140553     0.423270752      3.27299819      9.03832044     0.110303783     0.115802739
 135     1      50               0     0.339140553     0.423270752      3.27299819      9.03832044     0.110303783     0.115802739
          wgpu 1d 258g 495c x3w 5ms | egraph 46g->349v+0snap 13ms | graft 93 (-503n, 0 snap) cpu 0 | f64 20 | gen 0.2s
 136     0     100               0     0.339140553     0.423270752      3.27299819      9.03832044     0.110303783     0.115802739
 136     1      50               0     0.339140553     0.423270752      3.27299819      9.03832044     0.110303783     0.115802739
          wgpu 1d 290g 444c x3w 5ms | egraph 52g->298v+0snap 14ms | graft 68 (-293n, 0 snap) cpu 0 | f64 20 | gen 0.3s
 137     0     100               0     0.339140553     0.423270752      3.27299819      9.03832044     0.110303783     0.115802739
 137     1      50               0     0.339140553     0.423270752      3.27299819      9.03832044     0.110303783     0.115802739
          wgpu 1d 275g 465c x3w 6ms | egraph 52g->316v+0snap 23ms | graft 81 (-409n, 0 snap) cpu 0 | f64 20 | gen 0.4s | dropped inexpr 3 oversz 0 unbuild 0 {}
 138     0     100               0     0.339140553     0.423270752      3.27299819      9.03832044     0.110303783     0.115802739
 138     1      50               0     0.339140553     0.423270752      3.27299819      9.03832044     0.110303783     0.115802739
          wgpu 1d 248g 435c x3w 6ms | egraph 38g->289v+0snap 12ms | graft 73 (-360n, 0 snap) cpu 0 | f64 20 | gen 0.3s
 139     0     100               0     0.339140553     0.423270752      3.27299819      9.03832044     0.110303783     0.115802739
 139     1      50               0     0.339140553     0.423270752      3.27299819      9.03832044     0.110303783     0.115802739
          wgpu 1d 245g 438c x3w 5ms | egraph 39g->292v+0snap 10ms | graft 89 (-420n, 0 snap) cpu 0 | f64 20 | gen 0.2s | dropped inexpr 3 oversz 0 unbuild 0 {}
 140     0     100               0     0.339140553     0.423270752      3.27299819      9.03832044     0.110303783     0.115802739
 140     1      50               0     0.339140553     0.423270752      3.27299819      9.03832044     0.110303783     0.115802739
          wgpu 1d 260g 462c x3w 5ms | egraph 47g->316v+0snap 11ms | graft 78 (-402n, 0 snap) cpu 0 | f64 20 | gen 0.3s | dropped inexpr 1 oversz 0 unbuild 0 {}
--------- pump migration: intra (promote-2 + intake-reset) ---------
 141     0     100               0     0.339140553     0.423270752      3.27299819      9.03832044     0.110303783     0.115802739
 141     1      50               0     0.339140553     0.423270752      3.27299819      9.03832044     0.110303783     0.115802739
          wgpu 2d 476g 601c x3w 9ms | egraph 113g->375v+0snap 28ms | graft 96 (-441n, 0 snap) cpu 0 | f64 30 | gen 0.2s | dropped inexpr 3 oversz 0 unbuild 0 {}
 142     0     100               0     0.339140553     0.423270752      3.27299819      9.03832044     0.110303783     0.115802739
 142     1      50               0     0.339140553     0.423270752      3.27299819      9.03832044     0.110303783     0.115802739
          wgpu 1d 249g 457c x3w 5ms | egraph 40g->311v+0snap 10ms | graft 88 (-423n, 0 snap) cpu 0 | f64 20 | gen 0.2s
 143     0     100               0     0.339140553     0.423270752      3.27299819      9.03832044     0.110303783     0.115802739
 143     1      50               0     0.339140553     0.423270752      3.27299819      9.03832044     0.110303783     0.115802739
          wgpu 1d 287g 456c x3w 5ms | egraph 48g->310v+0snap 10ms | graft 73 (-361n, 0 snap) cpu 0 | f64 20 | gen 0.3s | dropped inexpr 1 oversz 0 unbuild 0 {}
 144     0     100               0     0.339140553     0.423270752      3.27299819      9.03832044     0.110303783     0.115802739
 144     1      50               0     0.105938411     0.102944068      1.10332143      4.30435472    0.0344559429    0.0281644905
          wgpu 1d 273g 472c x3w 6ms | egraph 51g->326v+0snap 16ms | graft 73 (-381n, 0 snap) cpu 0 | f64 20 | gen 0.4s | dropped inexpr 1 oversz 0 unbuild 0 {}
 145     0     100               0     0.339140553     0.423270752      3.27299819      9.03832044     0.110303783     0.115802739
 145     1      50               0     0.105938411     0.102944068      1.10332143      4.30435472    0.0344559429    0.0281644905
          wgpu 1d 254g 525c x3w 5ms | egraph 52g->379v+0snap 15ms | graft 73 (-373n, 0 snap) cpu 0 | f64 20 | gen 0.3s | dropped inexpr 1 oversz 0 unbuild 0 {}
 146     0     100               0     0.339140553     0.423270752      3.27299819      9.03832044     0.110303783     0.115802739
 146     1      50               0     0.105938411     0.102944068      1.10332143      4.30435472    0.0344559429    0.0281644905
          wgpu 1d 252g 530c x3w 5ms | egraph 42g->384v+0snap 9ms | graft 77 (-395n, 0 snap) cpu 0 | f64 20 | gen 0.3s
 147     0     100               0     0.339140553     0.423270752      3.27299819      9.03832044     0.110303783     0.115802739
 147     1      50               0     0.105938411     0.102944068      1.10332143      4.30435472    0.0344559429    0.0281644905
          wgpu 1d 254g 533c x3w 5ms | egraph 46g->387v+0snap 20ms | graft 82 (-428n, 0 snap) cpu 0 | f64 20 | gen 0.4s | dropped inexpr 1 oversz 0 unbuild 0 {}
 148     0     100               0     0.339140553     0.423270752      3.27299819      9.03832044     0.110303783     0.115802739
 148     1      50               0     0.105938411     0.102944068      1.10332143      4.30435472    0.0344559429    0.0281644905
          wgpu 1d 277g 533c x3w 6ms | egraph 60g->387v+0snap 19ms | graft 73 (-397n, 0 snap) cpu 0 | f64 20 | gen 0.5s
 149     0     100               0     0.339140553     0.423270752      3.27299819      9.03832044     0.110303783     0.115802739
 149     1      50               0     0.105938411     0.102944068      1.10332143      4.30435472    0.0344559429    0.0281644905
          wgpu 1d 282g 512c x3w 9ms | egraph 61g->366v+0snap 21ms | graft 70 (-360n, 0 snap) cpu 0 | f64 20 | gen 0.4s | dropped inexpr 1 oversz 0 unbuild 0 {}
 150     0     100               0     0.339140553     0.423270752      3.27299819      9.03832044     0.110303783     0.115802739
 150     1      50               0     0.105938411     0.102944068      1.10332143      4.30435472    0.0344559429    0.0281644905
          wgpu 1d 295g 540c x3w 6ms | egraph 58g->392v+0snap 16ms | graft 62 (-343n, 0 snap) cpu 0 | f64 20 | gen 0.6s | dropped inexpr 2 oversz 0 unbuild 0 {}
--------- pump migration: intra (promote-2 + intake-reset) + cross ---------
 151     0     100               0     0.339140553     0.423270752      3.27299819      9.03832044     0.110303783     0.115802739
 151     1      50               0     0.105938411     0.102944068      1.10332143      4.30435472    0.0344559429    0.0281644905
          wgpu 2d 496g 701c x3w 10ms | egraph 127g->475v+0snap 32ms | graft 87 (-396n, 0 snap) cpu 0 | f64 30 | gen 0.4s | dropped inexpr 4 oversz 0 unbuild 0 {}
 152     0     100               0  3.95582929e-30  4.43044006e-30  5.32907052e-15  8.33825977e-30  1.28661386e-30  1.21212508e-30
 152     1      50               0     0.105938411     0.102944068      1.10332143      4.30435472    0.0344559429    0.0281644905
          wgpu 1d 231g 507c x3w 5ms | egraph 59g->361v+0snap 22ms | graft 32 (-135n, 0 snap) cpu 0 | f64 20 | gen 0.2s | dropped inexpr 8 oversz 0 unbuild 0 {}

*** Early stop at generation 152: best val_R² = 1.0000000000 ≥ 0.9999999990, holdout_R² = 1.0000000000 confirmed

This sub-run: 2026-09-19 07:39:51.927962 → 2026-09-19 07:40:35.242611
Now at generation 152 (HOF size: 31)
[join] 168 dispatches, 37,857 genes, 209,619 candidates scored in 0.99s GPU+host; e-graph 7,940 trees -> 46,323 variants + 0 snaps in 2.42s; 9,348 grafts (0 snap), 42,701 nodes removed; cpu-path individuals 0, f64-rejected 0, snaps refused for naming an input 8
[join]   inexpressible:    168  no pset token for semantic id "div" with arity 2
[join]   inexpressible:    121  no pset token for semantic id "pow" with arity 2
[join]   inexpressible:     10  no pset token for semantic id "sqrt" with arity 1
  HFF-chosen LSM kept: a=-3, b=8.30259
Chromosome wrapper: id=0  →  identity
hof[0] runtime val: mse=4.368e-31  R²=1.000000
Pre-snap expression (after sympify + LSM compose):
  -1.0*c*omega_0/(-c + v) - 1.0*log(10) + 2.30258509299405

Per-level snap results (before MSE scoring):
  strict      →  (c*omega_0 + 1.33226762955019e-15*c - 1.33226762955019e-15*v)/(c - v)
  default     →  (c*omega_0 + 1.33226762955019e-15*c - 1.33226762955019e-15*v)/(c - v)
  aggressive  →  (c*omega_0 + 1.33226762955019e-15*c - 1.33226762955019e-15*v)/(c - v)

Snap-level comparison (sorted by holdout MSE, lowest first)
------------------------------------------------------------------------------------------
  level       MSE            R²         expression                                        
------------------------------------------------------------------------------------------
★ strict      2.315e-30      1.0000     (c*omega_0 + 1.33226762955019e-15*c - 1.3322676295
  default     2.315e-30      1.0000     (c*omega_0 + 1.33226762955019e-15*c - 1.3322676295
  aggressive  2.315e-30      1.0000     (c*omega_0 + 1.33226762955019e-15*c - 1.3322676295

Winning snap level: 'strict'  →  (c*omega_0 + 1.33226762955019e-15*c - 1.33226762955019e-15*v)/(c - v)

Canonical discovered expression: (c*omega_0 + 1.33226762955019e-15*c - 1.33226762955019e-15*v)/(c - v)
[38;2;0;50;255m
############################################################ [38;2;255;255;255m
[38;2;0;50;255m Equation Recovery: I_34_1 [38;2;255;255;255m
[38;2;0;50;255m Truth: omega_0/(1-v/c) [38;2;255;255;255m
[38;2;0;50;255m [38;2;255;255;255m
[38;2;255;0;255m     Exact recovery     : True [38;2;255;255;255m
[38;2;255;0;255m     Numerical recovery : True (max rel_err 2.61e-15 on 10k samples) [38;2;255;255;255m
[38;2;255;0;255m     Discovered         : (c*omega_0 + 1.33226762955019e-15*c - 1.33226762955019e-15*v)/(c - v) [38;2;255;255;255m
[38;2;255;0;255m     LSM (a, b)         : (-3, 8.30259) [38;2;255;255;255m
[38;2;0;50;255m
############################################################ [38;2;255;255;255m
In-range holdout : MSE=3.663e-31  MAE=4.019e-16  R²=1.0000
Extrapolation    : MSE=2.986e-30  MAE=7.883e-16  R²=1.0000

Top 10 HOF models (north_pole=truenorth) (★ = Pareto-optimal)
(deduped HOF: 10 unique chromosomes from 31 raw HOF entries)
 ----------------------------------------------------------------------------------------------------------------
       model     wrapper      length   train_mse     val_mse     max_err    train_r2      val_r2 angular_distance
 ----------------------------------------------------------------------------------------------------------------
★           0    identity          12      0.0000      0.0000      0.0000      1.0000      1.0000      0.0000
            1    identity          21      0.0231      0.0264      0.5475      0.9925      0.9928      0.1343
           28    sqrt_abs          21      0.0191      0.0248      0.6712      0.9938      0.9932      0.1489
           21    sqrt_abs          21      0.0191      0.0248      0.6712      0.9938      0.9932      0.1489
           12    sqrt_abs          21      0.0191      0.0248      0.6712      0.9938      0.9932      0.1489
            7    identity          19      0.0374      0.0472      0.5969      0.9879      0.9871      0.1818
            6    identity          19      0.0374      0.0472      0.5969      0.9879      0.9871      0.1818
            2     log_abs          21      0.1059      0.1029      1.1033      0.9655      0.9718      0.4163
            3     log_abs          16      0.1574      0.1547      1.3484      0.9488      0.9577      0.5980
            8    identity          20      0.3391      0.4233      3.2730      0.8897      0.8842      1.5708

Pareto-optimal in top 10: 1    Pareto-optimal in full HOF: 1 / 10

Recovery sweep across 10/10 unique HOF chromosomes (capped):
  Structural / exact     : 1/10  (10.0%)
  Numerical (≤1e-6 err)  : 1/10  (10.0%)
{
    "date": "2026/09/19",
    "seed": "5",
    "task": "equation_recovery",
    "north_pole_method": "truenorth",
    "hff_include_val": true,
    "problem": "I_34_1",
    "truth_expr": "omega_0/(1-v/c)",
    "final_terminal_inputs": [
        "c",
        "v",
        "omega_0"
    ],
    "wide_primitives": true,
    "head_length": "48",
    "n_genes": "3",
    "rnc_array_length": "10",
    "tournament size": "intake=8, champion=5",
    "population size": "150",
    "population per island": "intake=100, champion=50",
    "gpu_join": true,
    "rule_families": "generic",
    "eclass_k": 8,
    "number of elites": "2",
    "number of generations": "400",
    "number of islands": "2",
    "migration FREQ": "30",
    "wrapper_id": 0,
    "wrapper_name": "identity",
    "won_via": "evolved",
    "recovery_exact": true,
    "recovery_numerical": true,
    "recovery_max_rel_err": 2.6071486513999666e-15,
    "discovered_expr": "(c*omega_0 + 1.33226762955019e-15*c - 1.33226762955019e-15*v)/(c - v)",
    "holdout_mse": 3.6632728286200734e-31,
    "holdout_r2": 1.0,
    "extrap_mse": 2.9858385262615298e-30,
    "extrap_r2": 1.0,
    "hof_size": 10,
    "hof_exact_recoveries": 1,
    "hof_numerical_recoveries": 1
}
