/opt/anaconda3/lib/python3.12/site-packages/geppy/__init__.py:26: UserWarning: pkg_resources is deprecated as an API. See https://setuptools.pypa.io/en/latest/pkg_resources.html. The pkg_resources package is slated for removal as early as 2025-11-30. Refrain from using this package or pin to Setuptools<81.
  from pkg_resources import get_distribution, DistributionNotFound
hff library OK (test fitness: (0.1415394733244273,))
registry: ['circle_area', 'gravity', 'coulomb', 'pendulum', 'keplers3', 'ideal_gas', 'I_6_2a', 'I_6_2', 'I_6_2b', 'I_8_14', 'I_9_18', 'I_10_7', 'I_11_19', 'I_12_1', 'I_12_2', 'I_12_4', 'I_12_5', 'I_12_11', 'I_13_4', 'I_13_12', 'I_14_3', 'I_14_4', 'I_15_3x', 'I_15_3t', 'I_15_1', 'I_16_6', 'I_18_4', 'I_18_12', 'I_18_14', 'I_24_6', 'I_25_13', 'I_26_2', 'I_27_6', 'I_29_4', 'I_29_16', 'I_30_3', 'I_30_5', 'I_32_5', 'I_32_17', 'I_34_8', 'I_34_1', 'I_34_14', 'I_34_27', 'I_37_4', 'I_38_12', 'I_39_1', 'I_39_11', 'I_39_22', 'I_40_1', 'I_41_16', 'I_43_16', 'I_43_31', 'I_43_43', 'I_44_4', 'I_47_23', 'I_48_2', 'I_50_26', 'II_2_42', 'II_3_24', 'II_4_23', 'II_6_11', 'II_6_15a', 'II_6_15b', 'II_8_7', 'II_8_31', 'II_10_9', 'II_11_3', 'II_11_17', 'II_11_20', 'II_11_27', 'II_11_28', 'II_13_17', 'II_13_23', 'II_13_34', 'II_15_4', 'II_15_5', 'II_21_32', 'II_24_17', 'II_27_16', 'II_27_18', 'II_34_2a', 'II_34_2', 'II_34_11', 'II_34_29a', 'II_34_29b', 'II_35_18', 'II_35_21', 'II_36_38', 'II_37_1', 'II_38_3', 'II_38_14', 'III_4_32', 'III_4_33', 'III_7_38', 'III_8_54', 'III_9_52', 'III_10_19', 'III_12_43', 'III_13_18', 'III_14_14', 'III_15_12', 'III_15_14', 'III_15_27', 'III_17_37', 'III_19_51', 'III_21_20', 'test_1', 'test_2', 'test_3', 'test_4', 'test_5', 'test_6', 'test_7', 'test_8', 'test_9', 'test_10', 'test_11', 'test_12', 'test_13', 'test_14', 'test_15', 'test_16', 'test_17', 'test_18', 'test_19', 'test_20']
[feynman override] head_length=48 (keep n_genes=3, avgval linker)
Selected problem: I_48_2
  Description : Feynman I-III I.48.2: E_n = m*c**2/sqrt(1-v**2/c**2)
  Variables   : ['m', 'v', 'c']
  Train range : {'m': (1.0, 5.0), 'v': (1.0, 2.0), 'c': (3.0, 10.0)}
  Extrap range: {'m': (1.0, 7.5), 'v': (1.0, 3.0), 'c': (3.0, 15.0)}
  Truth       : m*c**2/sqrt(1-v**2/c**2)
  ✓ cache hit  (data/equations/I_48_2, key=609caf3180463ab7)
  train           (800, 4)  target range=[10.43, 489.8]
  val             (200, 4)  target range=[14.71, 453.8]
  holdout         (200, 4)  target range=[11.7, 455.9]
  extrapolation   (200, 4)  target range=[27.93, 1369]
  saved figure → data/figures/I_48_2/eda_pairplot.png
Wide primitive set enabled: sin, cos, exp, log added.
[E22 rules] variable pattern tags: {'lorentz_pair'}
[rules] HFF_RULES=generic: ['sum_sq_all', 'power_law']
[E22/23 rules] static candidate count: 1
[E22/23 rules] allowed to take a fitness slot (exact): 0
  [sum_sq_all/sum_sq] a=3.2903 b=-4.9706e+01 1-R²_va=2.3281e-01
[fuller] denoise + snap IN THE JOIN (every gene, every generation, K=8); mutation operators: physics=0.2 concretize=0.05
Wrapper scope: per_island  (island → wrapper map: ['identity', 'identity'])
[wgpu] process pool disabled — Metal cannot survive fork(); the population is evaluated in one dispatch instead
Genes: head_length=48, n_genes=3, rnc_array_length=10
Population: (per-island, see below), elites: 2, generations: 400, migration FREQ: 30
  pump per-island sizes: intake=100 (tournsize=8), champion=50 (tournsize=5)
Initialising evolution at 2026-09-19 07:43:33.794175
 gen  deme   evals     min fitness          mse_tr          mse_va         max_err      mse_extrap  one_minus_r2_tr  one_minus_r2_va
   0     0     100  6.32202728e-08      756.705074      808.981434      58.9298973      20617.9987    0.0761808225    0.0799301271
   0     1      50    0.0176221632      955.991044      1006.84755      62.2317515      22349.9704    0.0962438161     0.099479975
          wgpu 1d 357g 327c x3w 10ms | egraph 187g->177v+0snap 89ms | graft 37 (-192n, 0 snap) cpu 0 | f64 30 | gen 0.0s | dropped inexpr 2 oversz 0 unbuild 0 {}
Extending evolution: gen 1 → 400 (+400 generations)
   1     0     100               0      448.132802      444.752671      53.8295525      18602.9831    0.0451154969    0.0439430821
   1     1      50   3.5950113e-06       623.93716      645.133115      59.0321943      21520.3554    0.0628144936    0.0637413539
          wgpu 1d 137g 271c x3w 4ms | egraph 55g->125v+0snap 13ms | graft 18 (-52n, 0 snap) cpu 0 | f64 36 | gen 0.2s | dropped inexpr 6 oversz 0 unbuild 0 {}
   2     0     100               0      448.132802      444.752671      53.8295525      18602.9831    0.0451154969    0.0439430821
   2     1      50   3.5950113e-06       623.93716      645.133115      59.0321943      21520.3554    0.0628144936    0.0637413539
          wgpu 1d 97g 218c x3w 3ms | egraph 36g->72v+0snap 13ms | graft 3 (-10n, 0 snap) cpu 0 | f64 34 | gen 0.2s
   3     0     100               0      448.132802      444.752671      53.8295525      18602.9831    0.0451154969    0.0439430821
   3     1      50   3.5950113e-06       623.93716      645.133115      59.0321943      21520.3554    0.0628144936    0.0637413539
          wgpu 1d 107g 246c x3w 3ms | egraph 37g->100v+0snap 9ms | graft 14 (-77n, 0 snap) cpu 0 | f64 20 | gen 0.2s | dropped inexpr 1 oversz 0 unbuild 0 {}
   4     0     100               0      395.493662      393.065072       50.303932      18202.9253    0.0398160835    0.0388361708
   4     1      50   3.5950113e-06       623.93716      645.133115      59.0321943      21520.3554    0.0628144936    0.0637413539
          wgpu 1d 115g 246c x3w 3ms | egraph 44g->100v+0snap 10ms | graft 16 (-58n, 0 snap) cpu 0 | f64 20 | gen 0.3s | dropped inexpr 1 oversz 0 unbuild 0 {}
   5     0     100               0      395.493662      393.065072       50.303932      18202.9253    0.0398160835    0.0388361708
   5     1      50   3.5950113e-06       623.93716      645.133115      59.0321943      21520.3554    0.0628144936    0.0637413539
          wgpu 1d 117g 227c x3w 3ms | egraph 48g->81v+0snap 16ms | graft 12 (-45n, 0 snap) cpu 0 | f64 20 | gen 0.3s | dropped inexpr 2 oversz 0 unbuild 0 {}
   6     0     100               0      448.132802      444.752671      53.8295525      18602.9831    0.0451154969    0.0439430821
   6     1      50               0      219.324683      215.584786      50.3361803      15889.3027    0.0220803789    0.0213005127
          wgpu 1d 119g 223c x3w 3ms | egraph 37g->77v+0snap 9ms | graft 8 (-22n, 0 snap) cpu 0 | f64 20 | gen 0.2s | dropped inexpr 1 oversz 0 unbuild 0 {}
   7     0     100               0      448.132802      444.752671      53.8295525      18602.9831    0.0451154969    0.0439430821
   7     1      50               0      219.324683      215.584786      50.3361803      15889.3027    0.0220803789    0.0213005127
          wgpu 1d 136g 237c x3w 3ms | egraph 40g->91v+0snap 61ms | graft 11 (-51n, 0 snap) cpu 0 | f64 23 | gen 0.4s | dropped inexpr 2 oversz 0 unbuild 0 {}
   8     0     100               0      448.132802      444.752671      53.8295525      18602.9831    0.0451154969    0.0439430821
   8     1      50               0      219.324683      215.584786      50.3361803      15889.3027    0.0220803789    0.0213005127
          wgpu 1d 136g 255c x3w 3ms | egraph 48g->109v+0snap 11ms | graft 15 (-54n, 0 snap) cpu 0 | f64 20 | gen 0.2s | dropped inexpr 1 oversz 0 unbuild 0 {}
   9     0     100               0      448.132802      444.752671      53.8295525      18602.9831    0.0451154969    0.0439430821
   9     1      50               0      219.324683      215.584786      50.3361803      15889.3027    0.0220803789    0.0213005127
          wgpu 1d 122g 256c x3w 3ms | egraph 41g->110v+0snap 9ms | graft 11 (-36n, 0 snap) cpu 0 | f64 20 | gen 0.2s
  10     0     100               0      448.132802      444.752671      53.8295525      18602.9831    0.0451154969    0.0439430821
  10     1      50               0      219.324683      215.584786      50.3361803      15889.3027    0.0220803789    0.0213005127
          wgpu 1d 137g 264c x3w 4ms | egraph 54g->118v+0snap 13ms | graft 9 (-49n, 0 snap) cpu 0 | f64 20 | gen 0.2s | dropped inexpr 2 oversz 0 unbuild 0 {}
--------- pump migration: intra (promote-2 + intake-reset) ---------
  11     0     100               0      448.132802      444.752671      53.8295525      18602.9831    0.0451154969    0.0439430821
  11     1      50               0      448.132802      444.752671      53.8295525      18602.9831    0.0451154969    0.0439430821
          wgpu 2d 365g 451c x3w 8ms | egraph 138g->225v+0snap 50ms | graft 30 (-137n, 0 snap) cpu 0 | f64 30 | gen 0.4s | dropped inexpr 9 oversz 0 unbuild 0 {}
  12     0     100               0      448.132802      444.752671      53.8295525      18602.9831    0.0451154969    0.0439430821
  12     1      50               0      219.324683      215.584786      50.3361803      15889.3027    0.0220803789    0.0213005127
          wgpu 1d 131g 236c x3w 3ms | egraph 39g->90v+0snap 9ms | graft 12 (-36n, 0 snap) cpu 0 | f64 20 | gen 0.2s | dropped inexpr 2 oversz 0 unbuild 0 {}
  13     0     100               0      448.132802      444.752671      53.8295525      18602.9831    0.0451154969    0.0439430821
  13     1      50               0      219.324683      215.584786      50.3361803      15889.3027    0.0220803789    0.0213005127
          wgpu 1d 131g 238c x3w 3ms | egraph 38g->92v+0snap 8ms | graft 11 (-40n, 0 snap) cpu 0 | f64 20 | gen 0.2s
  14     0     100               0      448.132802      444.752671      53.8295525      18602.9831    0.0451154969    0.0439430821
  14     1      50               0      219.324683      215.584786      50.3361803      15889.3027    0.0220803789    0.0213005127
          wgpu 1d 143g 240c x3w 4ms | egraph 44g->94v+0snap 17ms | graft 14 (-43n, 0 snap) cpu 0 | f64 20 | gen 0.2s
  15     0     100               0      448.132802      444.752671      53.8295525      18602.9831    0.0451154969    0.0439430821
  15     1      50               0      219.324683      215.584786      50.3361803      15889.3027    0.0220803789    0.0213005127
          wgpu 1d 153g 262c x3w 4ms | egraph 58g->116v+0snap 12ms | graft 15 (-50n, 0 snap) cpu 0 | f64 20 | gen 0.2s | dropped inexpr 2 oversz 0 unbuild 0 {}
  16     0     100               0      448.132802      444.752671      53.8295525      18602.9831    0.0451154969    0.0439430821
  16     1      50               0      219.324683      215.584786      50.3361803      15889.3027    0.0220803789    0.0213005127
          wgpu 1d 148g 268c x3w 3ms | egraph 52g->122v+0snap 10ms | graft 13 (-39n, 0 snap) cpu 0 | f64 20 | gen 0.2s
  17     0     100               0      448.132802      444.752671      53.8295525      18602.9831    0.0451154969    0.0439430821
  17     1      50               0      219.324683      215.584786      50.3361803      15889.3027    0.0220803789    0.0213005127
          wgpu 1d 118g 244c x3w 7ms | egraph 31g->98v+0snap 21ms | graft 11 (-33n, 0 snap) cpu 0 | f64 20 | gen 0.2s | dropped inexpr 2 oversz 0 unbuild 0 {}
  18     0     100               0      186.473772      176.348016       34.841935      11699.7419    0.0187731334     0.017423786
  18     1      50               0      219.324683      215.584786      50.3361803      15889.3027    0.0220803789    0.0213005127
          wgpu 1d 150g 258c x3w 4ms | egraph 41g->112v+0snap 9ms | graft 12 (-26n, 0 snap) cpu 0 | f64 30 | gen 0.2s | dropped inexpr 1 oversz 0 unbuild 0 {}
  19     0     100               0       186.47378      176.348035       34.841968      11699.7418    0.0187731342    0.0174237878
  19     1      50               0      219.324683      215.584786      50.3361803      15889.3027    0.0220803789    0.0213005127
          wgpu 1d 140g 255c x3w 4ms | egraph 40g->109v+0snap 10ms | graft 8 (-29n, 0 snap) cpu 0 | f64 20 | gen 0.2s | dropped inexpr 1 oversz 0 unbuild 0 {}
  20     0     100               0       186.47378      176.348035       34.841968      11699.7418    0.0187731342    0.0174237878
  20     1      50               0      219.324683      215.584786      50.3361803      15889.3027    0.0220803789    0.0213005127
          wgpu 1d 157g 266c x3w 4ms | egraph 47g->120v+0snap 10ms | graft 13 (-58n, 0 snap) cpu 0 | f64 20 | gen 0.3s
--------- pump migration: intra (promote-2 + intake-reset) ---------
  21     0     100               0       186.47378      176.348035       34.841968      11699.7418    0.0187731342    0.0174237878
  21     1      50               0      219.324683      215.584786      50.3361803      15889.3027    0.0220803789    0.0213005127
          wgpu 2d 304g 389c x3w 7ms | egraph 98g->163v+0snap 25ms | graft 21 (-82n, 0 snap) cpu 0 | f64 30 | gen 0.2s | dropped inexpr 6 oversz 0 unbuild 0 {}
  22     0     100               0       186.47378      176.348035       34.841968      11699.7418    0.0187731342    0.0174237878
  22     1      50               0      219.324683      215.584786      50.3361803      15889.3027    0.0220803789    0.0213005127
          wgpu 1d 175g 270c x3w 4ms | egraph 44g->124v+0snap 12ms | graft 17 (-72n, 0 snap) cpu 0 | f64 20 | gen 0.2s | dropped inexpr 1 oversz 0 unbuild 0 {}
  23     0     100               0       186.47378      176.348035       34.841968      11699.7418    0.0187731342    0.0174237878
  23     1      50               0      219.324683      215.584786      50.3361803      15889.3027    0.0220803789    0.0213005127
          wgpu 1d 157g 268c x3w 4ms | egraph 32g->122v+0snap 8ms | graft 14 (-50n, 0 snap) cpu 0 | f64 20 | gen 0.2s
  24     0     100               0       186.47378      176.348035       34.841968      11699.7418    0.0187731342    0.0174237878
  24     1      50               0      219.324683      215.584786      50.3361803      15889.3027    0.0220803789    0.0213005127
          wgpu 1d 152g 266c x3w 4ms | egraph 35g->120v+0snap 19ms | graft 17 (-60n, 0 snap) cpu 0 | f64 20 | gen 0.2s | dropped inexpr 1 oversz 0 unbuild 0 {}
  25     0     100               0       186.47378      176.348035       34.841968      11699.7418    0.0187731342    0.0174237878
  25     1      50               0      219.324683      215.584786      50.3361803      15889.3027    0.0220803789    0.0213005127
          wgpu 1d 153g 259c x3w 4ms | egraph 35g->113v+0snap 8ms | graft 10 (-36n, 0 snap) cpu 0 | f64 20 | gen 0.2s | dropped inexpr 1 oversz 0 unbuild 0 {}
  26     0     100               0       186.47378      176.348035       34.841968      11699.7418    0.0187731342    0.0174237878
  26     1      50               0      219.324683      215.584786      50.3361803      15889.3027    0.0220803789    0.0213005127
          wgpu 1d 168g 272c x3w 8ms | egraph 43g->126v+0snap 12ms | graft 15 (-58n, 0 snap) cpu 0 | f64 20 | gen 0.2s
  27     0     100               0       186.47378      176.348035       34.841968      11699.7418    0.0187731342    0.0174237878
  27     1      50               0      219.324683      215.584786      50.3361803      15889.3027    0.0220803789    0.0213005127
          wgpu 1d 178g 280c x3w 4ms | egraph 47g->134v+0snap 18ms | graft 20 (-95n, 0 snap) cpu 0 | f64 20 | gen 0.3s | dropped inexpr 1 oversz 0 unbuild 0 {}
  28     0     100               0       186.47378      176.348035       34.841968      11699.7418    0.0187731342    0.0174237878
  28     1      50               0      219.324683      215.584786      50.3361803      15889.3027    0.0220803789    0.0213005127
          wgpu 1d 166g 266c x3w 4ms | egraph 55g->120v+0snap 22ms | graft 14 (-45n, 0 snap) cpu 0 | f64 20 | gen 0.2s | dropped inexpr 2 oversz 0 unbuild 0 {}
  29     0     100               0       186.47378      176.348035       34.841968      11699.7418    0.0187731342    0.0174237878
  29     1      50               0      219.324683      215.584786      50.3361803      15889.3027    0.0220803789    0.0213005127
          wgpu 1d 137g 258c x3w 4ms | egraph 35g->112v+0snap 8ms | graft 11 (-59n, 0 snap) cpu 0 | f64 20 | gen 0.2s
  30     0     100               0       186.47378      176.348035       34.841968      11699.7418    0.0187731342    0.0174237878
  30     1      50               0      219.324683      215.584786      50.3361803      15889.3027    0.0220803789    0.0213005127
          wgpu 1d 157g 260c x3w 4ms | egraph 29g->114v+0snap 19ms | graft 13 (-37n, 0 snap) cpu 0 | f64 20 | gen 0.3s | dropped inexpr 1 oversz 0 unbuild 0 {}
--------- pump migration: intra (promote-2 + intake-reset) ---------
  31     0     100               0       186.47378      176.348035       34.841968      11699.7418    0.0187731342    0.0174237878
  31     1      50               0      219.324683      215.584786      50.3361803      15889.3027    0.0220803789    0.0213005127
          wgpu 2d 365g 441c x3w 8ms | egraph 118g->215v+0snap 35ms | graft 31 (-133n, 0 snap) cpu 0 | f64 30 | gen 0.2s | dropped inexpr 14 oversz 0 unbuild 0 {}
  32     0     100               0      723.769712      735.886124      60.8722311      22599.0296    0.0728650749     0.072708061
  32     1      50               0       186.47378      176.348035       34.841968      11699.7418    0.0187731342    0.0174237878
          wgpu 1d 151g 245c x3w 12ms | egraph 39g->99v+0snap 10ms | graft 17 (-37n, 0 snap) cpu 0 | f64 20 | gen 0.2s | dropped inexpr 7 oversz 0 unbuild 0 {}
  33     0     100               0      723.769712      735.886124      60.8722311      22599.0296    0.0728650749     0.072708061
  33     1      50               0      219.324683      215.584786      50.3361803      15889.3027    0.0220803789    0.0213005127
          wgpu 1d 140g 235c x3w 3ms | egraph 38g->89v+0snap 17ms | graft 12 (-27n, 0 snap) cpu 0 | f64 20 | gen 0.4s | dropped inexpr 2 oversz 0 unbuild 0 {}
  34     0     100               0      723.769712      735.886124      60.8722311      22599.0296    0.0728650749     0.072708061
  34     1      50               0      219.324683      215.584786      50.3361803      15889.3027    0.0220803789    0.0213005127
          wgpu 1d 129g 257c x3w 3ms | egraph 22g->111v+0snap 6ms | graft 17 (-40n, 0 snap) cpu 0 | f64 20 | gen 0.2s
  35     0     100               0      156.718423      137.594037      34.6034488      10295.9153    0.0157775317    0.0135947605
  35     1      50               0      219.324683      215.584786      50.3361803      15889.3027    0.0220803789    0.0213005127
          wgpu 1d 188g 277c x3w 4ms | egraph 54g->131v+0snap 13ms | graft 21 (-87n, 0 snap) cpu 0 | f64 20 | gen 0.2s | dropped inexpr 4 oversz 0 unbuild 0 {}
  36     0     100               0      156.718423      137.594037      34.6034488      10295.9153    0.0157775317    0.0135947605
  36     1      50               0      219.324683      215.584786      50.3361803      15889.3027    0.0220803789    0.0213005127
          wgpu 1d 198g 265c x3w 4ms | egraph 60g->119v+0snap 16ms | graft 13 (-36n, 0 snap) cpu 0 | f64 20 | gen 0.4s | dropped inexpr 4 oversz 0 unbuild 0 {}
  37     0     100               0      156.718423      137.594037      34.6034488      10295.9153    0.0157775317    0.0135947605
  37     1      50               0      219.324683      215.584786      50.3361803      15889.3027    0.0220803789    0.0213005127
          wgpu 1d 163g 270c x3w 4ms | egraph 43g->124v+0snap 12ms | graft 15 (-56n, 0 snap) cpu 0 | f64 20 | gen 0.2s | dropped inexpr 3 oversz 0 unbuild 0 {}
  38     0     100               0      156.718423      137.594037      34.6034488      10295.9153    0.0157775317    0.0135947605
  38     1      50               0      219.324683      215.584786      50.3361803      15889.3027    0.0220803789    0.0213005127
          wgpu 1d 179g 280c x3w 4ms | egraph 43g->134v+0snap 11ms | graft 14 (-59n, 0 snap) cpu 0 | f64 20 | gen 0.4s | dropped inexpr 1 oversz 0 unbuild 0 {}
  39     0     100               0      156.718423      137.594037      34.6034488      10295.9153    0.0157775317    0.0135947605
  39     1      50               0      219.324683      215.584786      50.3361803      15889.3027    0.0220803789    0.0213005127
          wgpu 1d 177g 278c x3w 4ms | egraph 42g->132v+0snap 10ms | graft 16 (-56n, 0 snap) cpu 0 | f64 20 | gen 0.2s | dropped inexpr 2 oversz 0 unbuild 0 {}
  40     0     100               0      156.718423      137.594037      34.6034488      10295.9153    0.0157775317    0.0135947605
  40     1      50               0      219.324683      215.584786      50.3361803      15889.3027    0.0220803789    0.0213005127
          wgpu 1d 178g 267c x3w 4ms | egraph 31g->121v+0snap 9ms | graft 13 (-50n, 0 snap) cpu 0 | f64 20 | gen 0.2s
--------- pump migration: intra (promote-2 + intake-reset) ---------
  41     0     100               0      156.718423      137.594037      34.6034488      10295.9153    0.0157775317    0.0135947605
  41     1      50               0      156.718423      137.594037      34.6034488      10295.9153    0.0157775317    0.0135947605
          wgpu 2d 391g 430c x3w 8ms | egraph 125g->204v+0snap 42ms | graft 33 (-159n, 0 snap) cpu 0 | f64 30 | gen 0.3s | dropped inexpr 6 oversz 0 unbuild 0 {}
  42     0     100               0      156.718423      137.594037      34.6034488      10295.9153    0.0157775317    0.0135947605
  42     1      50               0      219.324683      215.584786      50.3361803      15889.3027    0.0220803789    0.0213005127
          wgpu 1d 207g 281c x3w 4ms | egraph 65g->135v+0snap 14ms | graft 20 (-62n, 0 snap) cpu 0 | f64 20 | gen 0.3s | dropped inexpr 1 oversz 0 unbuild 0 {}
  43     0     100               0      156.718423      137.594037      34.6034488      10295.9153    0.0157775317    0.0135947605
  43     1      50               0      219.324683      215.584786      50.3361803      15889.3027    0.0220803789    0.0213005127
          wgpu 1d 168g 256c x3w 4ms | egraph 34g->110v+0snap 15ms | graft 11 (-41n, 0 snap) cpu 0 | f64 20 | gen 0.3s | dropped inexpr 2 oversz 0 unbuild 0 {}
  44     0     100               0      156.718423      137.594037      34.6034488      10295.9153    0.0157775317    0.0135947605
  44     1      50               0      219.324683      215.584786      50.3361803      15889.3027    0.0220803789    0.0213005127
          wgpu 1d 198g 302c x3w 4ms | egraph 41g->156v+0snap 14ms | graft 23 (-98n, 0 snap) cpu 0 | f64 20 | gen 0.2s | dropped inexpr 2 oversz 0 unbuild 0 {}
  45     0     100               0      156.718423      137.594037      34.6034488      10295.9153    0.0157775317    0.0135947605
  45     1      50               0      219.324683      215.584786      50.3361803      15889.3027    0.0220803789    0.0213005127
          wgpu 1d 218g 335c x3w 4ms | egraph 51g->189v+0snap 13ms | graft 26 (-112n, 0 snap) cpu 0 | f64 20 | gen 0.2s | dropped inexpr 2 oversz 0 unbuild 0 {}
  46     0     100               0      156.718423      137.594037      34.6034488      10295.9153    0.0157775317    0.0135947605
  46     1      50               0      219.324683      215.584786      50.3361803      15889.3027    0.0220803789    0.0213005127
          wgpu 1d 224g 338c x3w 5ms | egraph 50g->192v+0snap 13ms | graft 30 (-81n, 0 snap) cpu 0 | f64 20 | gen 0.3s | dropped inexpr 2 oversz 0 unbuild 0 {}
  47     0     100               0      156.718423      137.594037      34.6034488      10295.9153    0.0157775317    0.0135947605
  47     1      50               0      219.324683      215.584786      50.3361803      15889.3027    0.0220803789    0.0213005127
          wgpu 1d 173g 311c x3w 4ms | egraph 38g->165v+0snap 9ms | graft 11 (-54n, 0 snap) cpu 0 | f64 20 | gen 0.4s
  48     0     100               0      156.718423      137.594037      34.6034488      10295.9153    0.0157775317    0.0135947605
  48     1      50               0      5.02824949      4.46824076      7.75022542      89.0374644  0.000506215955  0.000441477439
          wgpu 1d 269g 383c x3w 10ms | egraph 78g->237v+0snap 23ms | graft 29 (-102n, 0 snap) cpu 0 | f64 20 | gen 0.3s | dropped inexpr 2 oversz 0 unbuild 0 {}
  49     0     100               0      156.718423      137.594037      34.6034488      10295.9153    0.0157775317    0.0135947605
  49     1      50               0      5.02824949      4.46824076      7.75022542      89.0374644  0.000506215955  0.000441477439
          wgpu 1d 189g 337c x3w 4ms | egraph 44g->191v+0snap 11ms | graft 18 (-101n, 0 snap) cpu 0 | f64 20 | gen 0.2s | dropped inexpr 3 oversz 0 unbuild 0 {}
  50     0     100               0      156.718423      137.594037      34.6034488      10295.9153    0.0157775317    0.0135947605
  50     1      50               0      5.02824949      4.46824076      7.75022542      89.0374644  0.000506215955  0.000441477439
          wgpu 1d 234g 306c x3w 5ms | egraph 67g->160v+0snap 19ms | graft 26 (-94n, 0 snap) cpu 0 | f64 20 | gen 0.2s
--------- pump migration: intra (promote-2 + intake-reset) ---------
  51     0     100               0      156.718423      137.594037      34.6034488      10295.9153    0.0157775317    0.0135947605
  51     1      50               0      5.02824949      4.46824076      7.75022542      89.0374644  0.000506215955  0.000441477439
          wgpu 2d 406g 482c x3w 8ms | egraph 116g->256v+0snap 40ms | graft 41 (-177n, 0 snap) cpu 0 | f64 30 | gen 0.3s | dropped inexpr 9 oversz 0 unbuild 0 {}
  52     0     100               0      156.718423      137.594037      34.6034488      10295.9153    0.0157775317    0.0135947605
  52     1      50               0      5.02824949      4.46824076      7.75022542      89.0374644  0.000506215955  0.000441477439
          wgpu 1d 223g 397c x3w 5ms | egraph 64g->251v+0snap 16ms | graft 16 (-58n, 0 snap) cpu 0 | f64 20 | gen 0.4s | dropped inexpr 7 oversz 0 unbuild 0 {}
  53     0     100               0      156.718423      137.594037      34.6034488      10295.9153    0.0157775317    0.0135947605
  53     1      50               0      5.02824949      4.46824076      7.75022542      89.0374644  0.000506215955  0.000441477439
          wgpu 1d 221g 339c x3w 10ms | egraph 60g->193v+0snap 17ms | graft 20 (-73n, 0 snap) cpu 0 | f64 20 | gen 0.5s | dropped inexpr 2 oversz 0 unbuild 0 {}
  54     0     100               0      156.718423      137.594037      34.6034488      10295.9153    0.0157775317    0.0135947605
  54     1      50               0      5.02824949      4.46824076      7.75022542      89.0374644  0.000506215955  0.000441477439
          wgpu 1d 306g 441c x3w 6ms | egraph 80g->295v+0snap 28ms | graft 38 (-223n, 0 snap) cpu 0 | f64 20 | gen 0.7s | dropped inexpr 3 oversz 0 unbuild 0 {}
  55     0     100               0      156.718423      137.594037      34.6034488      10295.9153    0.0157775317    0.0135947605
  55     1      50               0      5.02824949      4.46824076      7.75022542      89.0374644  0.000506215955  0.000441477439
          wgpu 1d 246g 376c x3w 5ms | egraph 62g->230v+0snap 17ms | graft 22 (-128n, 0 snap) cpu 0 | f64 20 | gen 0.5s | dropped inexpr 2 oversz 0 unbuild 0 {}
  56     0     100               0      156.718423      137.594037      34.6034488      10295.9153    0.0157775317    0.0135947605
  56     1      50               0      5.02824949      4.46824076      7.75022542      89.0374644  0.000506215955  0.000441477439
          wgpu 1d 264g 378c x3w 5ms | egraph 55g->232v+0snap 18ms | graft 33 (-185n, 0 snap) cpu 0 | f64 20 | gen 0.9s | dropped inexpr 3 oversz 0 unbuild 0 {}
  57     0     100               0      156.718423      137.594037      34.6034488      10295.9153    0.0157775317    0.0135947605
  57     1      50               0      5.02824949      4.46824076      7.75022542      89.0374644  0.000506215955  0.000441477439
          wgpu 1d 237g 395c x3w 5ms | egraph 58g->249v+0snap 18ms | graft 33 (-212n, 0 snap) cpu 0 | f64 20 | gen 0.6s | dropped inexpr 3 oversz 0 unbuild 0 {}
  58     0     100               0      156.718423      137.594037      34.6034488      10295.9153    0.0157775317    0.0135947605
  58     1      50               0      5.02824949      4.46824076      7.75022542      89.0374644  0.000506215955  0.000441477439
          wgpu 1d 249g 371c x3w 5ms | egraph 55g->225v+0snap 16ms | graft 25 (-170n, 0 snap) cpu 0 | f64 20 | gen 0.4s | dropped inexpr 3 oversz 0 unbuild 0 {}
  59     0     100               0      156.718423      137.594037      34.6034488      10295.9153    0.0157775317    0.0135947605
  59     1      50               0      5.02824949      4.46824076      7.75022542      89.0374644  0.000506215955  0.000441477439
          wgpu 1d 259g 372c x3w 5ms | egraph 61g->226v+0snap 18ms | graft 24 (-233n, 0 snap) cpu 0 | f64 20 | gen 0.6s | dropped inexpr 2 oversz 0 unbuild 0 {}
  60     0     100               0      156.718423      137.594037      34.6034488      10295.9153    0.0157775317    0.0135947605
  60     1      50               0      5.02824949      4.46824076      7.75022542      89.0374644  0.000506215955  0.000441477439
          wgpu 1d 220g 320c x3w 5ms | egraph 52g->174v+0snap 15ms | graft 20 (-131n, 0 snap) cpu 0 | f64 20 | gen 0.7s | dropped inexpr 3 oversz 0 unbuild 0 {}
--------- pump migration: intra (promote-2 + intake-reset) + cross ---------
  61     0     100               0      156.718423      137.594037      34.6034488      10295.9153    0.0157775317    0.0135947605
  61     1      50               0      156.718423      137.594037      34.6034488      10295.9153    0.0157775317    0.0135947605
          wgpu 2d 431g 540c x3w 9ms | egraph 142g->314v+0snap 46ms | graft 47 (-306n, 0 snap) cpu 0 | f64 30 | gen 0.9s | dropped inexpr 8 oversz 0 unbuild 0 {}
  62     0     100               0      156.718423      137.594037      34.6034488      10295.9153    0.0157775317    0.0135947605
  62     1      50               0      5.02824949      4.46824076      7.75022542      89.0374644  0.000506215955  0.000441477439
          wgpu 1d 190g 287c x3w 4ms | egraph 49g->141v+0snap 14ms | graft 30 (-189n, 0 snap) cpu 0 | f64 20 | gen 0.4s | dropped inexpr 2 oversz 0 unbuild 0 {}
  63     0     100               0      156.718423      137.594037      34.6034488      10295.9153    0.0157775317    0.0135947605
  63     1      50               0      5.02824949      4.46824076      7.75022542      89.0374644  0.000506215955  0.000441477439
          wgpu 1d 209g 270c x3w 4ms | egraph 59g->124v+0snap 19ms | graft 22 (-126n, 0 snap) cpu 0 | f64 20 | gen 0.4s | dropped inexpr 1 oversz 0 unbuild 0 {}
  64     0     100               0      156.718423      137.594037      34.6034488      10295.9153    0.0157775317    0.0135947605
  64     1      50               0      5.02824949      4.46824076      7.75022542      89.0374644  0.000506215955  0.000441477439
          wgpu 1d 181g 277c x3w 4ms | egraph 43g->131v+0snap 9ms | graft 17 (-74n, 0 snap) cpu 0 | f64 20 | gen 0.3s | dropped inexpr 3 oversz 0 unbuild 0 {}
  65     0     100               0      156.718423      137.594037      34.6034488      10295.9153    0.0157775317    0.0135947605
  65     1      50               0      1.66408158       1.1962108      3.78056942      61.2587287  0.000167530399  0.000118189711
          wgpu 1d 169g 244c x3w 4ms | egraph 38g->98v+0snap 10ms | graft 8 (-33n, 0 snap) cpu 0 | f64 20 | gen 0.2s | dropped inexpr 1 oversz 0 unbuild 0 {}
  66     0     100               0      156.718423      137.594037      34.6034488      10295.9153    0.0157775317    0.0135947605
  66     1      50               0      1.66408158       1.1962108      3.78056942      61.2587287  0.000167530399  0.000118189711
          wgpu 1d 213g 277c x3w 4ms | egraph 52g->131v+0snap 17ms | graft 22 (-170n, 0 snap) cpu 0 | f64 20 | gen 0.3s | dropped inexpr 1 oversz 0 unbuild 0 {}
  67     0     100               0      156.718423      137.594037      34.6034488      10295.9153    0.0157775317    0.0135947605
  67     1      50               0      1.66408158       1.1962108      3.78056942      61.2587287  0.000167530399  0.000118189711
          wgpu 1d 200g 305c x3w 10ms | egraph 52g->159v+0snap 15ms | graft 30 (-188n, 0 snap) cpu 0 | f64 20 | gen 0.7s
  68     0     100               0      44.8144789       36.584188      20.8294377      10093.3386   0.00451167036   0.00361464265
  68     1      50               0      1.66408158       1.1962108      3.78056942      61.2587287  0.000167530399  0.000118189711
          wgpu 1d 176g 300c x3w 4ms | egraph 42g->154v+0snap 11ms | graft 24 (-170n, 0 snap) cpu 0 | f64 20 | gen 0.8s | dropped inexpr 3 oversz 0 unbuild 0 {}
  69     0     100               0      44.8144789       36.584188      20.8294377      10093.3386   0.00451167036   0.00361464265
  69     1      50               0      1.66408158       1.1962108      3.78056942      61.2587287  0.000167530399  0.000118189711
          wgpu 1d 206g 391c x3w 5ms | egraph 57g->245v+0snap 15ms | graft 37 (-230n, 0 snap) cpu 0 | f64 20 | gen 0.9s | dropped inexpr 2 oversz 0 unbuild 0 {}
  70     0     100               0      44.8144789       36.584188      20.8294377      10093.3386   0.00451167036   0.00361464265
  70     1      50               0      1.66408158       1.1962108      3.78056942      61.2587287  0.000167530399  0.000118189711
          wgpu 1d 248g 405c x3w 10ms | egraph 63g->259v+0snap 18ms | graft 50 (-215n, 0 snap) cpu 0 | f64 20 | gen 1.0s | dropped inexpr 1 oversz 0 unbuild 0 {}
--------- pump migration: intra (promote-2 + intake-reset) ---------
  71     0     100               0      915.281459      775.493253      83.9112042      24583.5482    0.0921454034    0.0766213805
  71     1      50               0      44.8144789       36.584188      20.8294377      10093.3386   0.00451167036   0.00361464265
          wgpu 2d 476g 613c x3w 11ms | egraph 162g->387v+0snap 40ms | graft 56 (-299n, 0 snap) cpu 0 | f64 30 | gen 0.4s | dropped inexpr 4 oversz 0 unbuild 0 {}
  72     0     100               0      915.281459      775.493253      83.9112042      24583.5482    0.0921454034    0.0766213805
  72     1      50               0      1.66408158       1.1962108      3.78056942      61.2587287  0.000167530399  0.000118189711
          wgpu 1d 202g 392c x3w 4ms | egraph 64g->245v+0snap 22ms | graft 35 (-161n, 0 snap) cpu 0 | f64 20 | gen 0.2s | dropped inexpr 1 oversz 0 unbuild 0 {}
  73     0     100               0      915.281459      775.493253      83.9112042      24583.5482    0.0921454034    0.0766213805
  73     1      50               0      44.8144789       36.584188      20.8294377      10093.3386   0.00451167036   0.00361464265
          wgpu 1d 237g 442c x3w 5ms | egraph 71g->296v+0snap 18ms | graft 26 (-112n, 0 snap) cpu 0 | f64 20 | gen 0.4s | dropped inexpr 1 oversz 0 unbuild 0 {}
  74     0     100               0      915.281459      775.493253      83.9112042      24583.5482    0.0921454034    0.0766213805
  74     1      50               0      44.8144789       36.584188      20.8294377      10093.3386   0.00451167036   0.00361464265
          wgpu 1d 253g 421c x3w 5ms | egraph 78g->275v+0snap 30ms | graft 41 (-171n, 0 snap) cpu 0 | f64 20 | gen 0.4s
  75     0     100               0      4.53531397      3.94447011      7.47747008      84.0202996  0.000456589972  0.000389727111
  75     1      50               0      44.8144789       36.584188      20.8294377      10093.3386   0.00451167036   0.00361464265
          wgpu 1d 221g 377c x3w 5ms | egraph 65g->231v+0snap 21ms | graft 29 (-166n, 0 snap) cpu 0 | f64 20 | gen 0.3s | dropped inexpr 2 oversz 0 unbuild 0 {}
  76     0     100               0      4.53531397      3.94447011      7.47747008      84.0202996  0.000456589972  0.000389727111
  76     1      50               0      44.8144789       36.584188      20.8294377      10093.3386   0.00451167036   0.00361464265
          wgpu 1d 213g 369c x3w 4ms | egraph 61g->223v+0snap 14ms | graft 31 (-182n, 0 snap) cpu 0 | f64 20 | gen 0.4s | dropped inexpr 2 oversz 0 unbuild 0 {}
  77     0     100               0      915.281459      775.493253      83.9112042      24583.5482    0.0921454034    0.0766213805
  77     1      50               0      44.8144789       36.584188      20.8294377      10093.3386   0.00451167036   0.00361464265
          wgpu 1d 186g 340c x3w 4ms | egraph 51g->194v+0snap 19ms | graft 23 (-73n, 0 snap) cpu 0 | f64 20 | gen 0.4s | dropped inexpr 3 oversz 0 unbuild 0 {}
  78     0     100               0      915.281459      775.493253      83.9112042      24583.5482    0.0921454034    0.0766213805
  78     1      50               0      44.8144789       36.584188      20.8294377      10093.3386   0.00451167036   0.00361464265
          wgpu 1d 166g 289c x3w 10ms | egraph 42g->143v+0snap 10ms | graft 9 (-29n, 0 snap) cpu 0 | f64 20 | gen 0.3s
  79     0     100               0      915.281459      775.493253      83.9112042      24583.5482    0.0921454034    0.0766213805
  79     1      50               0      44.8144789       36.584188      20.8294377      10093.3386   0.00451167036   0.00361464265
          wgpu 1d 218g 381c x3w 5ms | egraph 48g->235v+0snap 14ms | graft 30 (-160n, 0 snap) cpu 0 | f64 20 | gen 0.7s | dropped inexpr 1 oversz 0 unbuild 0 {}
  80     0     100               0      915.281459      775.493253      83.9112042      24583.5482    0.0921454034    0.0766213805
  80     1      50               0      44.8144789       36.584188      20.8294377      10093.3386   0.00451167036   0.00361464265
          wgpu 1d 186g 362c x3w 5ms | egraph 36g->216v+0snap 11ms | graft 24 (-93n, 0 snap) cpu 0 | f64 20 | gen 0.7s | dropped inexpr 1 oversz 0 unbuild 0 {}
--------- pump migration: intra (promote-2 + intake-reset) ---------
  81     0     100               0      915.281459      775.493253      83.9112042      24583.5482    0.0921454034    0.0766213805
  81     1      50               0      44.8144789       36.584188      20.8294377      10093.3386   0.00451167036   0.00361464265
          wgpu 2d 455g 582c x3w 9ms | egraph 127g->356v+0snap 32ms | graft 51 (-188n, 0 snap) cpu 0 | f64 30 | gen 0.3s | dropped inexpr 4 oversz 0 unbuild 0 {}
  82     0     100               0      915.281459      775.493253      83.9112042      24583.5482    0.0921454034    0.0766213805
  82     1      50               0      915.281459      775.493253      83.9112042      24583.5482    0.0921454034    0.0766213805
          wgpu 1d 196g 385c x3w 4ms | egraph 51g->239v+0snap 20ms | graft 25 (-76n, 0 snap) cpu 0 | f64 20 | gen 0.4s | dropped inexpr 2 oversz 0 unbuild 0 {}
  83     0     100               0      915.281459      775.493253      83.9112042      24583.5482    0.0921454034    0.0766213805
  83     1      50               0      915.281459      775.493253      83.9112042      24583.5482    0.0921454034    0.0766213805
          wgpu 1d 178g 386c x3w 4ms | egraph 44g->240v+0snap 12ms | graft 24 (-71n, 0 snap) cpu 0 | f64 20 | gen 0.4s | dropped inexpr 1 oversz 0 unbuild 0 {}
  84     0     100               0      915.281459      775.493253      83.9112042      24583.5482    0.0921454034    0.0766213805
  84     1      50               0      915.281459      775.493253      83.9112042      24583.5482    0.0921454034    0.0766213805
          wgpu 1d 183g 360c x3w 4ms | egraph 40g->214v+0snap 9ms | graft 16 (-56n, 0 snap) cpu 0 | f64 20 | gen 0.3s
  85     0     100               0      915.281459      775.493253      83.9112042      24583.5482    0.0921454034    0.0766213805
  85     1      50               0      915.281459      775.493253      83.9112042      24583.5482    0.0921454034    0.0766213805
          wgpu 1d 166g 351c x3w 4ms | egraph 30g->205v+0snap 13ms | graft 14 (-60n, 0 snap) cpu 0 | f64 20 | gen 0.3s
  86     0     100               0      915.281459      775.493253      83.9112042      24583.5482    0.0921454034    0.0766213805
  86     1      50               0      915.281459      775.493253      83.9112042      24583.5482    0.0921454034    0.0766213805
          wgpu 1d 220g 431c x3w 5ms | egraph 46g->285v+0snap 12ms | graft 32 (-104n, 0 snap) cpu 0 | f64 20 | gen 0.5s
  87     0     100               0      915.281459      775.493253      83.9112042      24583.5482    0.0921454034    0.0766213805
  87     1      50               0      915.281459      775.493253      83.9112042      24583.5482    0.0921454034    0.0766213805
          wgpu 1d 226g 419c x3w 5ms | egraph 53g->273v+0snap 17ms | graft 23 (-100n, 0 snap) cpu 0 | f64 20 | gen 0.4s | dropped inexpr 5 oversz 0 unbuild 0 {}
  88     0     100               0     0.151454411     0.126111804      1.73775272      14.0522118  1.52475806e-05  1.24602767e-05
  88     1      50               0      915.281459      775.493253      83.9112042      24583.5482    0.0921454034    0.0766213805
          wgpu 1d 215g 371c x3w 4ms | egraph 55g->225v+0snap 13ms | graft 22 (-80n, 0 snap) cpu 0 | f64 20 | gen 0.3s | dropped inexpr 3 oversz 0 unbuild 0 {}
  89     0     100               0     0.151454411     0.126111804      1.73775272      14.0522118  1.52475806e-05  1.24602767e-05
  89     1      50               0      915.281459      775.493253      83.9112042      24583.5482    0.0921454034    0.0766213805
          wgpu 1d 195g 332c x3w 5ms | egraph 57g->186v+0snap 13ms | graft 22 (-57n, 0 snap) cpu 0 | f64 20 | gen 0.2s
  90     0     100               0     0.151454411     0.126111804      1.73775272      14.0522118  1.52475806e-05  1.24602767e-05
  90     1      50               0      915.281459      775.493253      83.9112042      24583.5482    0.0921454034    0.0766213805
          wgpu 1d 198g 361c x3w 10ms | egraph 47g->215v+0snap 15ms | graft 23 (-75n, 0 snap) cpu 0 | f64 20 | gen 0.2s
--------- pump migration: intra (promote-2 + intake-reset) + cross ---------
  91     0     100               0     0.151454411     0.126111804      1.73775272      14.0522118  1.52475806e-05  1.24602767e-05
  91     1      50               0     0.151454411     0.126111804      1.73775272      14.0522118  1.52475806e-05  1.24602767e-05
          wgpu 2d 496g 606c x3w 10ms | egraph 149g->380v+0snap 39ms | graft 58 (-260n, 0 snap) cpu 0 | f64 30 | gen 0.3s | dropped inexpr 5 oversz 0 unbuild 0 {}
  92     0     100               0     0.151454411     0.126111804      1.73775272      14.0522118  1.52475806e-05  1.24602767e-05
  92     1      50               0      915.281459      775.493253      83.9112042      24583.5482    0.0921454034    0.0766213805
          wgpu 1d 216g 355c x3w 4ms | egraph 51g->209v+0snap 21ms | graft 24 (-75n, 0 snap) cpu 0 | f64 20 | gen 0.2s
  93     0     100               0     0.151454411     0.126111804      1.73775272      14.0522118  1.52475806e-05  1.24602767e-05
  93     1      50               0      915.281459      775.493253      83.9112042      24583.5482    0.0921454034    0.0766213805
          wgpu 1d 205g 365c x3w 4ms | egraph 40g->219v+0snap 10ms | graft 29 (-84n, 0 snap) cpu 0 | f64 20 | gen 0.2s
  94     0     100               0     0.151454411     0.126111804      1.73775272      14.0522118  1.52475806e-05  1.24602767e-05
  94     1      50               0      915.281459      775.493253      83.9112042      24583.5482    0.0921454034    0.0766213805
          wgpu 1d 204g 334c x3w 4ms | egraph 43g->188v+0snap 10ms | graft 28 (-81n, 0 snap) cpu 0 | f64 20 | gen 0.2s
  95     0     100               0     0.151454411     0.126111804      1.73775272      14.0522118  1.52475806e-05  1.24602767e-05
  95     1      50               0     0.201233069     0.197804739      1.38749237      10.9937971  2.02590166e-05  1.95437834e-05
          wgpu 1d 177g 321c x3w 4ms | egraph 33g->175v+0snap 8ms | graft 18 (-49n, 0 snap) cpu 0 | f64 20 | gen 0.2s
  96     0     100               0     0.151454411     0.126111804      1.73775272      14.0522118  1.52475806e-05  1.24602767e-05
  96     1      50               0     0.201233069     0.197804739      1.38749237      10.9937971  2.02590166e-05  1.95437834e-05
          wgpu 1d 180g 320c x3w 4ms | egraph 42g->174v+0snap 12ms | graft 24 (-67n, 0 snap) cpu 0 | f64 20 | gen 0.3s
  97     0     100               0     0.151454411     0.126111804      1.73775272      14.0522118  1.52475806e-05  1.24602767e-05
  97     1      50               0     0.201233069     0.197804739      1.38749237      10.9937971  2.02590166e-05  1.95437834e-05
          wgpu 1d 175g 299c x3w 5ms | egraph 38g->153v+0snap 10ms | graft 22 (-57n, 0 snap) cpu 0 | f64 20 | gen 0.2s
  98     0     100               0     0.151454411     0.126111804      1.73775272      14.0522118  1.52475806e-05  1.24602767e-05
  98     1      50               0     0.201233069     0.197804739      1.38749237      10.9937971  2.02590166e-05  1.95437834e-05
          wgpu 1d 182g 302c x3w 5ms | egraph 36g->156v+0snap 16ms | graft 18 (-32n, 0 snap) cpu 0 | f64 20 | gen 0.2s
  99     0     100               0     0.151454411     0.126111804      1.73775272      14.0522118  1.52475806e-05  1.24602767e-05
  99     1      50               0     0.201233069     0.197804739      1.38749237      10.9937971  2.02590166e-05  1.95437834e-05
          wgpu 1d 162g 292c x3w 4ms | egraph 28g->146v+0snap 17ms | graft 15 (-33n, 0 snap) cpu 0 | f64 20 | gen 0.3s
 100     0     100               0     0.151454411     0.126111804      1.73775272      14.0522118  1.52475806e-05  1.24602767e-05
 100     1      50               0     0.201233069     0.197804739      1.38749237      10.9937971  2.02590166e-05  1.95437834e-05
          wgpu 1d 201g 306c x3w 5ms | egraph 39g->160v+0snap 12ms | graft 28 (-102n, 0 snap) cpu 0 | f64 20 | gen 0.2s
--------- pump migration: intra (promote-2 + intake-reset) ---------
 101     0     100               0      385.621599      455.722917       81.786969      9928.46912    0.0388222196    0.0450269798
 101     1      50               0     0.151454411     0.126111804      1.73775272      14.0522118  1.52475806e-05  1.24602767e-05
          wgpu 2d 370g 532c x3w 8ms | egraph 105g->306v+0snap 27ms | graft 57 (-169n, 0 snap) cpu 0 | f64 30 | gen 0.3s | dropped inexpr 21 oversz 0 unbuild 0 {}
 102     0     100               0      385.621599      455.722917       81.786969      9928.46912    0.0388222196    0.0450269798
 102     1      50               0     0.201233069     0.197804739      1.38749237      10.9937971  2.02590166e-05  1.95437834e-05
          wgpu 1d 222g 486c x3w 4ms | egraph 68g->340v+0snap 14ms | graft 71 (-193n, 0 snap) cpu 0 | f64 20 | gen 0.3s | dropped inexpr 21 oversz 0 unbuild 0 {}
 103     0     100               0      385.621599      455.722917       81.786969      9928.46912    0.0388222196    0.0450269798
 103     1      50               0     0.201233069     0.197804739      1.38749237      10.9937971  2.02590166e-05  1.95437834e-05
          wgpu 1d 249g 489c x3w 11ms | egraph 70g->343v+0snap 24ms | graft 64 (-213n, 0 snap) cpu 0 | f64 20 | gen 0.5s | dropped inexpr 33 oversz 0 unbuild 0 {}
 104     0     100               0      385.621599      455.722917       81.786969      9928.46912    0.0388222196    0.0450269798
 104     1      50               0     0.201233069     0.197804739      1.38749237      10.9937971  2.02590166e-05  1.95437834e-05
          wgpu 1d 228g 450c x3w 5ms | egraph 63g->304v+0snap 23ms | graft 40 (-155n, 0 snap) cpu 0 | f64 20 | gen 0.3s | dropped inexpr 24 oversz 0 unbuild 0 {}
 105     0     100               0      385.621599      455.722917       81.786969      9928.46912    0.0388222196    0.0450269798
 105     1      50               0     0.201233069     0.197804739      1.38749237      10.9937971  2.02590166e-05  1.95437834e-05
          wgpu 1d 270g 472c x3w 5ms | egraph 69g->326v+0snap 17ms | graft 60 (-172n, 0 snap) cpu 0 | f64 20 | gen 0.4s | dropped inexpr 25 oversz 0 unbuild 0 {}
 106     0     100               0      385.621599      455.722917       81.786969      9928.46912    0.0388222196    0.0450269798
 106     1      50               0     0.201233069     0.197804739      1.38749237      10.9937971  2.02590166e-05  1.95437834e-05
          wgpu 1d 265g 436c x3w 5ms | egraph 64g->290v+0snap 15ms | graft 58 (-168n, 0 snap) cpu 0 | f64 20 | gen 0.4s | dropped inexpr 17 oversz 0 unbuild 0 {}
 107     0     100               0      385.621599      455.722917       81.786969      9928.46912    0.0388222196    0.0450269798
 107     1      50               0     0.201233069     0.197804739      1.38749237      10.9937971  2.02590166e-05  1.95437834e-05
          wgpu 1d 248g 462c x3w 5ms | egraph 59g->316v+0snap 13ms | graft 62 (-180n, 0 snap) cpu 0 | f64 20 | gen 0.3s | dropped inexpr 14 oversz 0 unbuild 0 {}
 108     0     100               0      385.621599      455.722917       81.786969      9928.46912    0.0388222196    0.0450269798
 108     1      50               0     0.201233069     0.197804739      1.38749237      10.9937971  2.02590166e-05  1.95437834e-05
          wgpu 1d 216g 464c x3w 5ms | egraph 54g->318v+0snap 13ms | graft 55 (-153n, 0 snap) cpu 0 | f64 20 | gen 0.4s | dropped inexpr 20 oversz 0 unbuild 0 {}
 109     0     100               0      385.621599      455.722917       81.786969      9928.46912    0.0388222196    0.0450269798
 109     1      50               0     0.201233069     0.197804739      1.38749237      10.9937971  2.02590166e-05  1.95437834e-05
          wgpu 1d 270g 492c x3w 5ms | egraph 50g->346v+0snap 13ms | graft 56 (-164n, 0 snap) cpu 0 | f64 20 | gen 0.4s | dropped inexpr 21 oversz 0 unbuild 0 {}
 110     0     100               0      385.621599      455.722917       81.786969      9928.46912    0.0388222196    0.0450269798
 110     1      50               0     0.201233069     0.197804739      1.38749237      10.9937971  2.02590166e-05  1.95437834e-05
          wgpu 1d 254g 473c x3w 5ms | egraph 46g->327v+0snap 16ms | graft 65 (-240n, 0 snap) cpu 0 | f64 20 | gen 0.3s | dropped inexpr 21 oversz 0 unbuild 0 {}
--------- pump migration: intra (promote-2 + intake-reset) ---------
 111     0     100               0      385.621599      455.722917       81.786969      9928.46912    0.0388222196    0.0450269798
 111     1      50               0      385.621599      455.722917       81.786969      9928.46912    0.0388222196    0.0450269798
          wgpu 2d 472g 606c x3w 9ms | egraph 141g->379v+0snap 35ms | graft 50 (-151n, 0 snap) cpu 0 | f64 30 | gen 0.5s | dropped inexpr 10 oversz 0 unbuild 0 {}
 112     0     100               0      385.621599      455.722917       81.786969      9928.46912    0.0388222196    0.0450269798
 112     1      50               0      385.621599      455.722917       81.786969      9928.46912    0.0388222196    0.0450269798
          wgpu 1d 255g 513c x3w 11ms | egraph 46g->367v+0snap 21ms | graft 71 (-205n, 0 snap) cpu 0 | f64 20 | gen 0.4s | dropped inexpr 21 oversz 0 unbuild 0 {}
 113     0     100               0      385.621599      455.722917       81.786969      9928.46912    0.0388222196    0.0450269798
 113     1      50               0     0.201233069     0.197804739      1.38749237      10.9937971  2.02590166e-05  1.95437834e-05
          wgpu 1d 227g 468c x3w 5ms | egraph 50g->322v+0snap 12ms | graft 61 (-192n, 0 snap) cpu 0 | f64 20 | gen 0.4s | dropped inexpr 15 oversz 0 unbuild 0 {}
 114     0     100               0      385.621599      455.722917       81.786969      9928.46912    0.0388222196    0.0450269798
 114     1      50               0     0.201233121     0.197804516      1.38749171      10.9937907  2.02590219e-05  1.95437614e-05
          wgpu 1d 267g 408c x3w 6ms | egraph 60g->262v+0snap 14ms | graft 45 (-139n, 0 snap) cpu 0 | f64 20 | gen 0.3s | dropped inexpr 14 oversz 0 unbuild 0 {}
 115     0     100               0      385.621599      455.722917       81.786969      9928.46912    0.0388222196    0.0450269798
 115     1      50               0     0.201233069     0.197804739      1.38749237      10.9937971  2.02590166e-05  1.95437834e-05
          wgpu 1d 246g 444c x3w 10ms | egraph 48g->298v+0snap 11ms | graft 32 (-98n, 0 snap) cpu 0 | f64 20 | gen 0.3s | dropped inexpr 11 oversz 0 unbuild 0 {}
 116     0     100               0      385.621599      455.722917       81.786969      9928.46912    0.0388222196    0.0450269798
 116     1      50               0     0.201233069     0.197804739      1.38749237      10.9937971  2.02590166e-05  1.95437834e-05
          wgpu 1d 213g 440c x3w 13ms | egraph 37g->294v+0snap 11ms | graft 55 (-160n, 0 snap) cpu 0 | f64 20 | gen 0.3s | dropped inexpr 9 oversz 0 unbuild 0 {}
 117     0     100               0      385.621599      455.722917       81.786969      9928.46912    0.0388222196    0.0450269798
 117     1      50               0     0.201233121     0.197804516      1.38749171      10.9937907  2.02590219e-05  1.95437614e-05
          wgpu 1d 272g 472c x3w 5ms | egraph 49g->326v+0snap 13ms | graft 64 (-222n, 0 snap) cpu 0 | f64 20 | gen 0.4s | dropped inexpr 19 oversz 0 unbuild 0 {}
 118     0     100               0      385.621599      455.722917       81.786969      9928.46912    0.0388222196    0.0450269798
 118     1      50               0     0.201233069     0.197804739      1.38749237      10.9937971  2.02590166e-05  1.95437834e-05
          wgpu 1d 265g 418c x3w 5ms | egraph 50g->272v+0snap 13ms | graft 39 (-169n, 0 snap) cpu 0 | f64 20 | gen 0.3s | dropped inexpr 11 oversz 0 unbuild 0 {}
 119     0     100               0      385.621599      455.722917       81.786969      9928.46912    0.0388222196    0.0450269798
 119     1      50               0     0.201233069     0.197804739      1.38749237      10.9937971  2.02590166e-05  1.95437834e-05
          wgpu 1d 266g 474c x3w 5ms | egraph 52g->328v+0snap 13ms | graft 64 (-187n, 0 snap) cpu 0 | f64 20 | gen 0.4s | dropped inexpr 18 oversz 0 unbuild 0 {}
 120     0     100               0      385.621599      455.722917       81.786969      9928.46912    0.0388222196    0.0450269798
 120     1      50               0     0.201233069     0.197804739      1.38749237      10.9937971  2.02590166e-05  1.95437834e-05
          wgpu 1d 261g 462c x3w 5ms | egraph 57g->316v+0snap 14ms | graft 33 (-118n, 0 snap) cpu 0 | f64 20 | gen 0.3s | dropped inexpr 23 oversz 0 unbuild 0 {}
--------- pump migration: intra (promote-2 + intake-reset) + cross ---------
 121     0     100               0      385.621599      455.722917       81.786969      9928.46912    0.0388222196    0.0450269798
 121     1      50               0     0.201233121     0.197804516      1.38749171      10.9937907  2.02590219e-05  1.95437614e-05
          wgpu 2d 429g 560c x3w 12ms | egraph 112g->334v+0snap 29ms | graft 64 (-218n, 0 snap) cpu 0 | f64 30 | gen 0.4s | dropped inexpr 13 oversz 0 unbuild 0 {}
 122     0     100               0      385.621599      455.722917       81.786969      9928.46912    0.0388222196    0.0450269798
 122     1      50               0     0.201233069     0.197804739      1.38749237      10.9937971  2.02590166e-05  1.95437834e-05
          wgpu 1d 273g 490c x3w 5ms | egraph 43g->344v+0snap 10ms | graft 65 (-212n, 0 snap) cpu 0 | f64 20 | gen 0.4s | dropped inexpr 15 oversz 0 unbuild 0 {}
 123     0     100               0      385.621599      455.722917       81.786969      9928.46912    0.0388222196    0.0450269798
 123     1      50               0      0.20123312     0.197804517      1.38749171      10.9937907  2.02590218e-05  1.95437614e-05
          wgpu 1d 266g 459c x3w 5ms | egraph 55g->313v+0snap 13ms | graft 65 (-218n, 0 snap) cpu 0 | f64 20 | gen 0.4s | dropped inexpr 12 oversz 0 unbuild 0 {}
 124     0     100               0      385.621599      455.722917       81.786969      9928.46912    0.0388222196    0.0450269798
 124     1      50               0     0.201233121     0.197804516      1.38749171      10.9937907  2.02590219e-05  1.95437614e-05
          wgpu 1d 240g 522c x3w 5ms | egraph 38g->376v+0snap 10ms | graft 79 (-246n, 0 snap) cpu 0 | f64 20 | gen 0.4s | dropped inexpr 16 oversz 0 unbuild 0 {}
 125     0     100               0     0.207628085     0.213400447      1.26265281      11.1722985   2.0902831e-05  2.10846926e-05
 125     1      50               0     0.201233121     0.197804516      1.38749171      10.9937907  2.02590219e-05  1.95437614e-05
          wgpu 1d 204g 425c x3w 4ms | egraph 39g->279v+0snap 9ms | graft 63 (-174n, 0 snap) cpu 0 | f64 20 | gen 0.3s | dropped inexpr 7 oversz 0 unbuild 0 {}
 126     0     100               0      385.621599      455.722917       81.786969      9928.46912    0.0388222196    0.0450269798
 126     1      50               0     0.201233121     0.197804516      1.38749171      10.9937907  2.02590219e-05  1.95437614e-05
          wgpu 1d 199g 406c x3w 5ms | egraph 48g->260v+0snap 13ms | graft 42 (-127n, 0 snap) cpu 0 | f64 20 | gen 0.3s | dropped inexpr 11 oversz 0 unbuild 0 {}
 127     0     100               0      385.621599      455.722917       81.786969      9928.46912    0.0388222196    0.0450269798
 127     1      50               0     0.201233069     0.197804739      1.38749237      10.9937971  2.02590166e-05  1.95437834e-05
          wgpu 1d 244g 446c x3w 5ms | egraph 40g->300v+0snap 10ms | graft 65 (-207n, 0 snap) cpu 0 | f64 20 | gen 0.4s | dropped inexpr 14 oversz 0 unbuild 0 {}
 128     0     100               0      385.621599      455.722917       81.786969      9928.46912    0.0388222196    0.0450269798
 128     1      50               0     0.201233121     0.197804516      1.38749171      10.9937907  2.02590219e-05  1.95437614e-05
          wgpu 1d 232g 480c x3w 5ms | egraph 31g->334v+0snap 12ms | graft 59 (-170n, 0 snap) cpu 0 | f64 20 | gen 0.4s | dropped inexpr 12 oversz 0 unbuild 0 {}
 129     0     100               0      385.621599      455.722917       81.786969      9928.46912    0.0388222196    0.0450269798
 129     1      50               0     0.201233121     0.197804516      1.38749171      10.9937907  2.02590219e-05  1.95437614e-05
          wgpu 1d 269g 427c x3w 5ms | egraph 46g->281v+0snap 12ms | graft 39 (-153n, 0 snap) cpu 0 | f64 20 | gen 0.3s | dropped inexpr 9 oversz 0 unbuild 0 {}
 130     0     100               0      385.621599      455.722917       81.786969      9928.46912    0.0388222196    0.0450269798
 130     1      50               0     0.201233069     0.197804739      1.38749237      10.9937971  2.02590166e-05  1.95437834e-05
          wgpu 1d 266g 449c x3w 5ms | egraph 58g->303v+0snap 13ms | graft 53 (-192n, 0 snap) cpu 0 | f64 20 | gen 0.4s | dropped inexpr 8 oversz 0 unbuild 0 {}
--------- pump migration: intra (promote-2 + intake-reset) ---------
 131     0     100               0      385.621599      455.722917       81.786969      9928.46912    0.0388222196    0.0450269798
 131     1      50               0     0.201233069     0.197804739      1.38749237      10.9937971  2.02590166e-05  1.95437834e-05
          wgpu 2d 452g 541c x3w 9ms | egraph 117g->315v+0snap 29ms | graft 53 (-182n, 0 snap) cpu 0 | f64 30 | gen 0.3s | dropped inexpr 7 oversz 0 unbuild 0 {}
 132     0     100               0      385.621599      455.722917       81.786969      9928.46912    0.0388222196    0.0450269798
 132     1      50               0     0.201233069     0.197804739      1.38749237      10.9937971  2.02590166e-05  1.95437834e-05
          wgpu 1d 273g 487c x3w 5ms | egraph 45g->341v+0snap 13ms | graft 66 (-196n, 0 snap) cpu 0 | f64 20 | gen 0.3s | dropped inexpr 12 oversz 0 unbuild 0 {}
 133     0     100               0      385.621599      455.722917       81.786969      9928.46912    0.0388222196    0.0450269798
 133     1      50               0     0.201233121     0.197804516      1.38749171      10.9937907  2.02590219e-05  1.95437614e-05
          wgpu 1d 233g 413c x3w 6ms | egraph 48g->267v+0snap 14ms | graft 54 (-182n, 0 snap) cpu 0 | f64 20 | gen 0.4s | dropped inexpr 14 oversz 0 unbuild 0 {}
 134     0     100               0      385.621599      455.722917       81.786969      9928.46912    0.0388222196    0.0450269798
 134     1      50               0     0.201233121     0.197804516      1.38749171      10.9937907  2.02590219e-05  1.95437614e-05
          wgpu 1d 277g 449c x3w 6ms | egraph 45g->303v+0snap 34ms | graft 60 (-200n, 0 snap) cpu 0 | f64 20 | gen 0.5s | dropped inexpr 16 oversz 0 unbuild 0 {}
 135     0     100               0      385.621599      455.722917       81.786969      9928.46912    0.0388222196    0.0450269798
 135     1      50               0     0.201233121     0.197804516      1.38749171      10.9937907  2.02590219e-05  1.95437614e-05
          wgpu 1d 270g 497c x3w 6ms | egraph 49g->351v+0snap 14ms | graft 51 (-202n, 0 snap) cpu 0 | f64 20 | gen 0.4s | dropped inexpr 17 oversz 0 unbuild 0 {}
 136     0     100               0      385.621599      455.722917       81.786969      9928.46912    0.0388222196    0.0450269798
 136     1      50               0     0.201233121     0.197804516      1.38749171      10.9937907  2.02590219e-05  1.95437614e-05
          wgpu 1d 262g 444c x3w 10ms | egraph 45g->298v+0snap 12ms | graft 41 (-133n, 0 snap) cpu 0 | f64 20 | gen 0.3s | dropped inexpr 12 oversz 0 unbuild 0 {}
 137     0     100               0      385.621599      455.722917       81.786969      9928.46912    0.0388222196    0.0450269798
 137     1      50               0     0.201233121     0.197804516      1.38749171      10.9937907  2.02590219e-05  1.95437614e-05
          wgpu 1d 235g 451c x3w 5ms | egraph 43g->305v+0snap 11ms | graft 67 (-199n, 0 snap) cpu 0 | f64 20 | gen 0.5s | dropped inexpr 11 oversz 0 unbuild 0 {}
 138     0     100               0      385.621599      455.722917       81.786969      9928.46912    0.0388222196    0.0450269798
 138     1      50               0     0.201233121     0.197804516      1.38749171      10.9937907  2.02590219e-05  1.95437614e-05
          wgpu 1d 272g 433c x3w 6ms | egraph 51g->287v+0snap 14ms | graft 54 (-179n, 0 snap) cpu 0 | f64 20 | gen 0.2s | dropped inexpr 10 oversz 0 unbuild 0 {}
 139     0     100               0      385.621599      455.722917       81.786969      9928.46912    0.0388222196    0.0450269798
 139     1      50               0     0.201233121     0.197804516      1.38749171      10.9937907  2.02590219e-05  1.95437614e-05
          wgpu 1d 274g 488c x3w 6ms | egraph 45g->342v+0snap 11ms | graft 74 (-270n, 0 snap) cpu 0 | f64 20 | gen 0.5s | dropped inexpr 20 oversz 0 unbuild 0 {}
 140     0     100               0       0.2127722     0.221490357      1.23141594       11.220503  2.14207116e-05  2.18840033e-05
 140     1      50               0     0.201233121     0.197804516      1.38749171      10.9937907  2.02590219e-05  1.95437614e-05
          wgpu 1d 270g 409c x3w 7ms | egraph 61g->263v+0snap 18ms | graft 45 (-189n, 0 snap) cpu 0 | f64 20 | gen 0.4s | dropped inexpr 19 oversz 0 unbuild 0 {}
--------- pump migration: intra (promote-2 + intake-reset) ---------
 141     0     100               0      385.621599      455.722917       81.786969      9928.46912    0.0388222196    0.0450269798
 141     1      50               0      385.621599      455.722917       81.786969      9928.46912    0.0388222196    0.0450269798
          wgpu 2d 464g 519c x3w 10ms | egraph 137g->293v+0snap 33ms | graft 57 (-219n, 0 snap) cpu 0 | f64 30 | gen 0.2s | dropped inexpr 8 oversz 0 unbuild 0 {}
 142     0     100               0     0.201233069     0.197804739      1.38749237      10.9937971  2.02590166e-05  1.95437834e-05
 142     1      50               0       0.2127722     0.221490357      1.23141594       11.220503  2.14207116e-05  2.18840033e-05
          wgpu 1d 311g 498c x3w 6ms | egraph 71g->352v+0snap 20ms | graft 55 (-213n, 0 snap) cpu 0 | f64 20 | gen 0.3s | dropped inexpr 15 oversz 0 unbuild 0 {}
