/opt/anaconda3/lib/python3.12/site-packages/geppy/__init__.py:26: UserWarning: pkg_resources is deprecated as an API. See https://setuptools.pypa.io/en/latest/pkg_resources.html. The pkg_resources package is slated for removal as early as 2025-11-30. Refrain from using this package or pin to Setuptools<81.
  from pkg_resources import get_distribution, DistributionNotFound
hff library OK (test fitness: (0.1415394733244273,))
registry: ['circle_area', 'gravity', 'coulomb', 'pendulum', 'keplers3', 'ideal_gas', 'I_6_2a', 'I_6_2', 'I_6_2b', 'I_8_14', 'I_9_18', 'I_10_7', 'I_11_19', 'I_12_1', 'I_12_2', 'I_12_4', 'I_12_5', 'I_12_11', 'I_13_4', 'I_13_12', 'I_14_3', 'I_14_4', 'I_15_3x', 'I_15_3t', 'I_15_1', 'I_16_6', 'I_18_4', 'I_18_12', 'I_18_14', 'I_24_6', 'I_25_13', 'I_26_2', 'I_27_6', 'I_29_4', 'I_29_16', 'I_30_3', 'I_30_5', 'I_32_5', 'I_32_17', 'I_34_8', 'I_34_1', 'I_34_14', 'I_34_27', 'I_37_4', 'I_38_12', 'I_39_1', 'I_39_11', 'I_39_22', 'I_40_1', 'I_41_16', 'I_43_16', 'I_43_31', 'I_43_43', 'I_44_4', 'I_47_23', 'I_48_2', 'I_50_26', 'II_2_42', 'II_3_24', 'II_4_23', 'II_6_11', 'II_6_15a', 'II_6_15b', 'II_8_7', 'II_8_31', 'II_10_9', 'II_11_3', 'II_11_17', 'II_11_20', 'II_11_27', 'II_11_28', 'II_13_17', 'II_13_23', 'II_13_34', 'II_15_4', 'II_15_5', 'II_21_32', 'II_24_17', 'II_27_16', 'II_27_18', 'II_34_2a', 'II_34_2', 'II_34_11', 'II_34_29a', 'II_34_29b', 'II_35_18', 'II_35_21', 'II_36_38', 'II_37_1', 'II_38_3', 'II_38_14', 'III_4_32', 'III_4_33', 'III_7_38', 'III_8_54', 'III_9_52', 'III_10_19', 'III_12_43', 'III_13_18', 'III_14_14', 'III_15_12', 'III_15_14', 'III_15_27', 'III_17_37', 'III_19_51', 'III_21_20', 'test_1', 'test_2', 'test_3', 'test_4', 'test_5', 'test_6', 'test_7', 'test_8', 'test_9', 'test_10', 'test_11', 'test_12', 'test_13', 'test_14', 'test_15', 'test_16', 'test_17', 'test_18', 'test_19', 'test_20']
[feynman override] head_length=48 (keep n_genes=3, avgval linker)
Selected problem: I_50_26
  Description : Feynman I-III I.50.26: x = x1*(cos(omega*t)+alpha*cos(omega*t)**2)
  Variables   : ['x1', 'omega', 't', 'alpha']
  Train range : {'x1': (1.0, 3.0), 'omega': (1.0, 3.0), 't': (1.0, 3.0), 'alpha': (1.0, 3.0)}
  Extrap range: {'x1': (1.0, 4.5), 'omega': (1.0, 4.5), 't': (1.0, 4.5), 'alpha': (1.0, 4.5)}
  Truth       : x1*(cos(omega*t)+alpha*cos(omega*t)**2)
  ✓ cache hit  (data/equations/I_50_26, key=d1ffb2a2c5c63159)
  train           (800, 5)  target range=[-0.5766, 10.74]
  val             (200, 5)  target range=[-0.534, 8.315]
  holdout         (200, 5)  target range=[-0.4884, 8.89]
  extrapolation   (200, 5)  target range=[-0.6371, 16.65]
  saved figure → data/figures/I_50_26/eda_pairplot.png
Wide primitive set enabled: sin, cos, exp, log added.
[E22 rules] variable pattern tags: {'no_pattern'}
[rules] HFF_RULES=generic: ['sum_sq_all', 'power_law']
[E22/23 rules] static candidate count: 1
[E22/23 rules] allowed to take a fitness slot (exact): 0
  [sum_sq_all/sum_sq] a=0.2310 b=-2.5339e+00 1-R²_va=6.4640e-01
[fuller] denoise + snap IN THE JOIN (every gene, every generation, K=8); mutation operators: physics=0.2 concretize=0.05
Wrapper scope: per_island  (island → wrapper map: ['identity', 'identity'])
[wgpu] process pool disabled — Metal cannot survive fork(); the population is evaluated in one dispatch instead
Genes: head_length=48, n_genes=3, rnc_array_length=10
Population: (per-island, see below), elites: 2, generations: 400, migration FREQ: 30
  pump per-island sizes: intake=100 (tournsize=8), champion=50 (tournsize=5)
Initialising evolution at 2026-09-19 07:43:57.176097
 gen  deme   evals     min fitness          mse_tr          mse_va         max_err      mse_extrap  one_minus_r2_tr  one_minus_r2_va
   0     0     100    0.0563783433      2.79319157      2.40942651      5.17231368      14.8075288     0.734642759     0.660385089
   0     1      50     0.142778925      2.94028422      2.56668847      5.52783218      14.7499613     0.773329883     0.703488067
          wgpu 1d 290g 245c x3w 9ms | egraph 187g->95v+0snap 81ms | graft 12 (-54n, 0 snap) cpu 0 | f64 30 | gen 0.0s | dropped inexpr 5 oversz 0 unbuild 0 {}
Extending evolution: gen 1 → 400 (+400 generations)
   1     0     100    0.0187936953       2.3165526      2.01280319       4.4047585      17.4997125     0.609281014     0.551677011
   1     1      50     0.142778925      2.94028422      2.56668847      5.52783218      14.7499613     0.773329883     0.703488067
          wgpu 1d 95g 191c x3w 3ms | egraph 40g->45v+0snap 23ms | graft 3 (-10n, 0 snap) cpu 0 | f64 27 | gen 0.2s | dropped inexpr 1 oversz 0 unbuild 0 {}
   2     0     100    0.0183060428       2.3165526      2.01280319       4.4047585      17.4997125     0.609281014     0.551677011
   2     1      50    0.0424767015      2.83364395      2.47526509      4.93332515      14.0105298      0.74528222     0.678430388
          wgpu 1d 116g 213c x3w 8ms | egraph 53g->67v+0snap 11ms | graft 10 (-32n, 0 snap) cpu 0 | f64 26 | gen 0.3s
   3     0     100    0.0183060428      2.31654988      2.01280351      4.40475295      17.4997122     0.609280298     0.551677099
   3     1      50    0.0384151226      2.75734561      2.39979503      5.08108316      13.9372409     0.725214843     0.657745257
          wgpu 1d 146g 219c x3w 4ms | egraph 68g->73v+0snap 14ms | graft 12 (-62n, 0 snap) cpu 0 | f64 24 | gen 0.3s
   4     0     100    0.0183060428      2.31654988      2.01280351      4.40475295      17.4997122     0.609280298     0.551677099
   4     1      50    0.0384151226      2.75734561      2.39979503      5.08108316      13.9372409     0.725214843     0.657745257
          wgpu 1d 122g 193c x3w 3ms | egraph 56g->47v+0snap 13ms | graft 7 (-19n, 0 snap) cpu 0 | f64 20 | gen 0.2s | dropped inexpr 1 oversz 0 unbuild 0 {}
   5     0     100  2.10734243e-08       2.3165526      2.01280319       4.4047585      17.4997125     0.609281014     0.551677011
   5     1      50    0.0384151226      2.75734561      2.39979503      5.08108316      13.9372409     0.725214843     0.657745257
          wgpu 1d 122g 216c x3w 3ms | egraph 49g->70v+0snap 14ms | graft 9 (-34n, 0 snap) cpu 0 | f64 31 | gen 0.3s
   6     0     100  2.10734243e-08      2.31654988      2.01280351      4.40475295      17.4997122     0.609280298     0.551677099
   6     1      50    0.0384151226      2.75734561      2.39979503      5.08108316      13.9372409     0.725214843     0.657745257
          wgpu 1d 135g 227c x3w 3ms | egraph 52g->81v+0snap 11ms | graft 12 (-29n, 0 snap) cpu 0 | f64 20 | gen 0.2s
   7     0     100  2.10734243e-08      2.31654988      2.01280351      4.40475295      17.4997122     0.609280298     0.551677099
   7     1      50    0.0144622222      2.69970522      2.34486001      5.08845572      13.9068505     0.710054731     0.642688449
          wgpu 1d 136g 214c x3w 4ms | egraph 51g->68v+0snap 13ms | graft 12 (-47n, 0 snap) cpu 0 | f64 20 | gen 0.2s
   8     0     100  2.10734243e-08      2.31654988      2.01280351      4.40475295      17.4997122     0.609280298     0.551677099
   8     1      50    0.0144622222      2.69970522      2.34486001      5.08845572      13.9068505     0.710054731     0.642688449
          wgpu 1d 110g 175c x3w 3ms | egraph 51g->29v+0snap 11ms | graft 4 (-16n, 0 snap) cpu 0 | f64 20 | gen 0.2s
   9     0     100  2.10734243e-08      2.31654988      2.01280351      4.40475295      17.4997122     0.609280298     0.551677099
   9     1      50    0.0144622222      2.69970522      2.34486001      5.08845572      13.9068505     0.710054731     0.642688449
          wgpu 1d 108g 174c x3w 4ms | egraph 29g->28v+0snap 10ms | graft 3 (-26n, 0 snap) cpu 0 | f64 20 | gen 0.2s
  10     0     100  2.10734243e-08      2.31654988      2.01280351      4.40475295      17.4997122     0.609280298     0.551677099
  10     1      50    0.0144622222      2.69970522      2.34486001      5.08845572      13.9068505     0.710054731     0.642688449
          wgpu 1d 112g 168c x3w 3ms | egraph 36g->22v+0snap 29ms | graft 2 (-6n, 0 snap) cpu 0 | f64 20 | gen 0.2s
--------- pump migration: intra (promote-2 + intake-reset) ---------
  11     0     100  2.10734243e-08      2.31654988      2.01280351      4.40475295      17.4997122     0.609280298     0.551677099
  11     1      50  2.10734243e-08      2.31654988      2.01280351      4.40475295      17.4997122     0.609280298     0.551677099
          wgpu 2d 258g 306c x3w 7ms | egraph 106g->80v+0snap 27ms | graft 14 (-39n, 0 snap) cpu 0 | f64 30 | gen 0.2s | dropped inexpr 3 oversz 0 unbuild 0 {}
  12     0     100  2.10734243e-08      2.31654988      2.01280351      4.40475295      17.4997122     0.609280298     0.551677099
  12     1      50  2.10734243e-08      2.31654988      2.01280351      4.40475295      17.4997122     0.609280298     0.551677099
          wgpu 1d 86g 163c x3w 3ms | egraph 15g->17v+0snap 5ms | graft 1 (-2n, 0 snap) cpu 0 | f64 20 | gen 0.2s
  13     0     100  2.10734243e-08      2.31654988      2.01280351      4.40475295      17.4997122     0.609280298     0.551677099
  13     1      50  2.10734243e-08      2.31654988      2.01280351      4.40475295      17.4997122     0.609280298     0.551677099
          wgpu 1d 91g 162c x3w 3ms | egraph 20g->16v+0snap 5ms | graft 1 (-2n, 0 snap) cpu 0 | f64 20 | gen 0.2s
  14     0     100  2.10734243e-08      2.31654988      2.01280351      4.40475295      17.4997122     0.609280298     0.551677099
  14     1      50  2.10734243e-08      2.31654988      2.01280351      4.40475295      17.4997122     0.609280298     0.551677099
          wgpu 1d 97g 166c x3w 7ms | egraph 21g->20v+0snap 5ms | graft 3 (-9n, 0 snap) cpu 0 | f64 20 | gen 0.2s
  15     0     100  2.10734243e-08      2.31654988      2.01280351      4.40475295      17.4997122     0.609280298     0.551677099
  15     1      50               0       2.3165526      2.01280319       4.4047585      17.4997125     0.609281014     0.551677011
          wgpu 1d 107g 171c x3w 4ms | egraph 17g->25v+0snap 22ms | graft 2 (-7n, 0 snap) cpu 0 | f64 29 | gen 0.2s
  16     0     100  2.10734243e-08      2.31654988      2.01280351      4.40475295      17.4997122     0.609280298     0.551677099
  16     1      50               0      2.31654988      2.01280351      4.40475295      17.4997122     0.609280298     0.551677099
          wgpu 1d 95g 160c x3w 3ms | egraph 18g->14v+0snap 7ms | graft 1 (-5n, 0 snap) cpu 0 | f64 21 | gen 0.2s
  17     0     100  2.10734243e-08      2.31654988      2.01280351      4.40475295      17.4997122     0.609280298     0.551677099
  17     1      50               0      2.31654988      2.01280351      4.40475295      17.4997122     0.609280298     0.551677099
          wgpu 1d 84g 160c x3w 3ms | egraph 10g->14v+0snap 3ms | graft 4 (-8n, 0 snap) cpu 0 | f64 20 | gen 0.2s
  18     0     100  2.10734243e-08      2.31654988      2.01280351      4.40475295      17.4997122     0.609280298     0.551677099
  18     1      50               0      2.31654988      2.01280351      4.40475295      17.4997122     0.609280298     0.551677099
          wgpu 1d 95g 171c x3w 3ms | egraph 25g->25v+0snap 12ms | graft 4 (-8n, 0 snap) cpu 0 | f64 20 | gen 0.3s
  19     0     100  2.10734243e-08      2.31654988      2.01280351      4.40475295      17.4997122     0.609280298     0.551677099
  19     1      50               0       2.3165526      2.01280319       4.4047585      17.4997125     0.609281014     0.551677011
          wgpu 1d 105g 168c x3w 3ms | egraph 18g->22v+0snap 6ms | graft 3 (-6n, 0 snap) cpu 0 | f64 20 | gen 0.2s
  20     0     100  2.10734243e-08      2.31654988      2.01280351      4.40475295      17.4997122     0.609280298     0.551677099
  20     1      50               0       2.3165526      2.01280319       4.4047585      17.4997125     0.609281014     0.551677011
          wgpu 1d 97g 169c x3w 11ms | egraph 16g->23v+0snap 4ms | graft 3 (-9n, 0 snap) cpu 0 | f64 20 | gen 0.2s
--------- pump migration: intra (promote-2 + intake-reset) ---------
  21     0     100  2.10734243e-08      2.31654988      2.01280351      4.40475295      17.4997122     0.609280298     0.551677099
  21     1      50               0       2.3165526      2.01280319       4.4047585      17.4997125     0.609281014     0.551677011
          wgpu 2d 263g 298c x3w 7ms | egraph 100g->72v+0snap 24ms | graft 10 (-73n, 0 snap) cpu 0 | f64 30 | gen 0.2s | dropped inexpr 1 oversz 0 unbuild 0 {}
  22     0     100  2.10734243e-08      2.31654988      2.01280351      4.40475295      17.4997122     0.609280298     0.551677099
  22     1      50               0       2.3165526      2.01280319       4.4047585      17.4997125     0.609281014     0.551677011
          wgpu 1d 107g 171c x3w 3ms | egraph 21g->25v+0snap 5ms | graft 4 (-11n, 0 snap) cpu 0 | f64 20 | gen 0.2s
  23     0     100  2.10734243e-08      2.31654988      2.01280351      4.40475295      17.4997122     0.609280298     0.551677099
  23     1      50               0       2.3165526      2.01280319       4.4047585      17.4997125     0.609281014     0.551677011
          wgpu 1d 89g 154c x3w 4ms | egraph 14g->8v+0snap 4ms | graft 1 (-4n, 0 snap) cpu 0 | f64 20 | gen 0.2s
  24     0     100  2.10734243e-08      2.31654988      2.01280351      4.40475295      17.4997122     0.609280298     0.551677099
  24     1      50               0       2.3165526      2.01280319       4.4047585      17.4997125     0.609281014     0.551677011
          wgpu 1d 88g 157c x3w 7ms | egraph 14g->11v+0snap 12ms | graft 0 (-0n, 0 snap) cpu 0 | f64 20 | gen 0.2s
  25     0     100  2.10734243e-08      2.31654988      2.01280351      4.40475295      17.4997122     0.609280298     0.551677099
  25     1      50               0       2.3165526      2.01280319       4.4047585      17.4997125     0.609281014     0.551677011
          wgpu 1d 85g 155c x3w 3ms | egraph 7g->9v+0snap 8ms | graft 0 (-0n, 0 snap) cpu 0 | f64 20 | gen 0.2s
  26     0     100               0       2.3165526      2.01280319       4.4047585      17.4997125     0.609281014     0.551677011
  26     1      50               0       2.3165526      2.01280319       4.4047585      17.4997125     0.609281014     0.551677011
          wgpu 1d 88g 161c x3w 3ms | egraph 13g->15v+0snap 4ms | graft 2 (-4n, 0 snap) cpu 0 | f64 20 | gen 0.2s
  27     0     100               0      2.31654988      2.01280351      4.40475295      17.4997122     0.609280298     0.551677099
  27     1      50               0       2.3165526      2.01280319       4.4047585      17.4997125     0.609281014     0.551677011
          wgpu 1d 97g 158c x3w 3ms | egraph 17g->12v+0snap 4ms | graft 2 (-11n, 0 snap) cpu 0 | f64 20 | gen 0.2s
  28     0     100               0      2.31654988      2.01280351      4.40475295      17.4997122     0.609280298     0.551677099
  28     1      50               0       2.3165526      2.01280319       4.4047585      17.4997125     0.609281014     0.551677011
          wgpu 1d 96g 166c x3w 3ms | egraph 16g->20v+0snap 5ms | graft 3 (-6n, 0 snap) cpu 0 | f64 20 | gen 0.2s
  29     0     100               0      2.31654988      2.01280351      4.40475295      17.4997122     0.609280298     0.551677099
  29     1      50               0       2.3165526      2.01280319       4.4047585      17.4997125     0.609281014     0.551677011
          wgpu 1d 104g 167c x3w 7ms | egraph 26g->21v+0snap 8ms | graft 1 (-2n, 0 snap) cpu 0 | f64 20 | gen 0.2s
  30     0     100               0      2.31654988      2.01280351      4.40475295      17.4997122     0.609280298     0.551677099
  30     1      50               0       2.3165526      2.01280319       4.4047585      17.4997125     0.609281014     0.551677011
          wgpu 1d 91g 157c x3w 3ms | egraph 15g->11v+0snap 4ms | graft 1 (-2n, 0 snap) cpu 0 | f64 20 | gen 0.2s
--------- pump migration: intra (promote-2 + intake-reset) ---------
  31     0     100               0      2.31654988      2.01280351      4.40475295      17.4997122     0.609280298     0.551677099
  31     1      50               0      2.31654988      2.01280351      4.40475295      17.4997122     0.609280298     0.551677099
          wgpu 2d 278g 293c x3w 8ms | egraph 110g->67v+0snap 30ms | graft 11 (-41n, 0 snap) cpu 0 | f64 30 | gen 0.2s | dropped inexpr 1 oversz 0 unbuild 0 {}
  32     0     100               0      2.31654988      2.01280351      4.40475295      17.4997122     0.609280298     0.551677099
  32     1      50               0      2.31654988      2.01280351      4.40475295      17.4997122     0.609280298     0.551677099
          wgpu 1d 88g 159c x3w 3ms | egraph 18g->13v+0snap 5ms | graft 3 (-6n, 0 snap) cpu 0 | f64 20 | gen 0.2s
  33     0     100               0      2.31654988      2.01280351      4.40475295      17.4997122     0.609280298     0.551677099
  33     1      50               0      2.31654988      2.01280351      4.40475295      17.4997122     0.609280298     0.551677099
          wgpu 1d 118g 170c x3w 3ms | egraph 23g->24v+0snap 8ms | graft 0 (-0n, 0 snap) cpu 0 | f64 20 | gen 0.2s
  34     0     100               0      2.31654988      2.01280351      4.40475295      17.4997122     0.609280298     0.551677099
  34     1      50               0      2.31654988      2.01280351      4.40475295      17.4997122     0.609280298     0.551677099
          wgpu 1d 90g 159c x3w 3ms | egraph 18g->13v+0snap 4ms | graft 2 (-4n, 0 snap) cpu 0 | f64 20 | gen 0.2s
  35     0     100               0      2.31654988      2.01280351      4.40475295      17.4997122     0.609280298     0.551677099
  35     1      50               0      2.31654988      2.01280351      4.40475295      17.4997122     0.609280298     0.551677099
          wgpu 1d 94g 167c x3w 3ms | egraph 20g->21v+0snap 5ms | graft 1 (-3n, 0 snap) cpu 0 | f64 20 | gen 0.2s
  36     0     100               0      2.31654988      2.01280351      4.40475295      17.4997122     0.609280298     0.551677099
  36     1      50               0      2.31654988      2.01280351      4.40475295      17.4997122     0.609280298     0.551677099
          wgpu 1d 103g 170c x3w 3ms | egraph 16g->24v+0snap 4ms | graft 3 (-29n, 0 snap) cpu 0 | f64 20 | gen 0.2s
  37     0     100               0       2.3165526      2.01280319       4.4047585      17.4997125     0.609281014     0.551677011
  37     1      50               0      2.31654988      2.01280351      4.40475295      17.4997122     0.609280298     0.551677099
          wgpu 1d 88g 160c x3w 3ms | egraph 12g->14v+0snap 4ms | graft 1 (-2n, 0 snap) cpu 0 | f64 20 | gen 0.2s
  38     0     100               0       2.3165526      2.01280319       4.4047585      17.4997125     0.609281014     0.551677011
  38     1      50               0      2.31654988      2.01280351      4.40475295      17.4997122     0.609280298     0.551677099
          wgpu 1d 93g 170c x3w 3ms | egraph 18g->24v+0snap 5ms | graft 3 (-10n, 0 snap) cpu 0 | f64 20 | gen 0.2s
  39     0     100               0       2.3165526      2.01280319       4.4047585      17.4997125     0.609281014     0.551677011
  39     1      50               0      2.31654988      2.01280351      4.40475295      17.4997122     0.609280298     0.551677099
          wgpu 1d 110g 174c x3w 3ms | egraph 28g->28v+0snap 7ms | graft 4 (-12n, 0 snap) cpu 0 | f64 20 | gen 0.2s
  40     0     100               0       2.3165526      2.01280319       4.4047585      17.4997125     0.609281014     0.551677011
  40     1      50               0       2.3165526      2.01280319       4.4047585      17.4997125     0.609281014     0.551677011
          wgpu 1d 76g 161c x3w 3ms | egraph 13g->15v+0snap 4ms | graft 3 (-6n, 0 snap) cpu 0 | f64 20 | gen 0.2s
--------- pump migration: intra (promote-2 + intake-reset) ---------
  41     0     100               0       2.3165526      2.01280319       4.4047585      17.4997125     0.609281014     0.551677011
  41     1      50               0       2.3165526      2.01280319       4.4047585      17.4997125     0.609281014     0.551677011
          wgpu 2d 245g 303c x3w 6ms | egraph 97g->77v+0snap 22ms | graft 6 (-48n, 0 snap) cpu 0 | f64 30 | gen 0.1s | dropped inexpr 6 oversz 0 unbuild 0 {}
  42     0     100               0       2.3165526      2.01280319       4.4047585      17.4997125     0.609281014     0.551677011
  42     1      50               0       2.3165526      2.01280319       4.4047585      17.4997125     0.609281014     0.551677011
          wgpu 1d 105g 182c x3w 3ms | egraph 24g->36v+0snap 7ms | graft 11 (-26n, 0 snap) cpu 0 | f64 20 | gen 0.2s
  43     0     100               0       2.3165526      2.01280319       4.4047585      17.4997125     0.609281014     0.551677011
  43     1      50               0       2.3165526      2.01280319       4.4047585      17.4997125     0.609281014     0.551677011
          wgpu 1d 109g 173c x3w 3ms | egraph 18g->27v+0snap 7ms | graft 2 (-4n, 0 snap) cpu 0 | f64 20 | gen 0.2s
  44     0     100               0       2.3165526      2.01280319       4.4047585      17.4997125     0.609281014     0.551677011
  44     1      50               0       2.3165526      2.01280319       4.4047585      17.4997125     0.609281014     0.551677011
          wgpu 1d 99g 174c x3w 4ms | egraph 18g->28v+0snap 5ms | graft 6 (-12n, 0 snap) cpu 0 | f64 20 | gen 0.2s
  45     0     100               0       2.3165526      2.01280319       4.4047585      17.4997125     0.609281014     0.551677011
  45     1      50               0       2.3165526      2.01280319       4.4047585      17.4997125     0.609281014     0.551677011
          wgpu 1d 95g 173c x3w 3ms | egraph 16g->27v+0snap 5ms | graft 3 (-6n, 0 snap) cpu 0 | f64 20 | gen 0.2s
  46     0     100               0       2.3165526      2.01280319       4.4047585      17.4997125     0.609281014     0.551677011
  46     1      50               0       2.3165526      2.01280319       4.4047585      17.4997125     0.609281014     0.551677011
          wgpu 1d 120g 190c x3w 4ms | egraph 21g->44v+0snap 6ms | graft 12 (-59n, 0 snap) cpu 0 | f64 20 | gen 0.3s
  47     0     100               0      2.31654988      2.01280351      4.40475295      17.4997122     0.609280298     0.551677099
  47     1      50               0      2.31654988      2.01280351      4.40475295      17.4997122     0.609280298     0.551677099
          wgpu 1d 92g 169c x3w 3ms | egraph 14g->23v+0snap 5ms | graft 1 (-2n, 0 snap) cpu 0 | f64 20 | gen 0.2s
  48     0     100               0       2.3165526      2.01280319       4.4047585      17.4997125     0.609281014     0.551677011
  48     1      50               0      2.31654988      2.01280351      4.40475295      17.4997122     0.609280298     0.551677099
          wgpu 1d 115g 173c x3w 3ms | egraph 25g->27v+0snap 7ms | graft 6 (-12n, 0 snap) cpu 0 | f64 20 | gen 0.2s
  49     0     100               0       2.3165526      2.01280319       4.4047585      17.4997125     0.609281014     0.551677011
  49     1      50               0      2.31654988      2.01280351      4.40475295      17.4997122     0.609280298     0.551677099
          wgpu 1d 109g 176c x3w 7ms | egraph 14g->30v+0snap 5ms | graft 8 (-16n, 0 snap) cpu 0 | f64 20 | gen 0.2s
  50     0     100               0       2.3165526      2.01280319       4.4047585      17.4997125     0.609281014     0.551677011
  50     1      50               0       2.3165526      2.01280319       4.4047585      17.4997125     0.609281014     0.551677011
          wgpu 1d 92g 165c x3w 3ms | egraph 13g->19v+0snap 4ms | graft 3 (-6n, 0 snap) cpu 0 | f64 20 | gen 0.2s
--------- pump migration: intra (promote-2 + intake-reset) ---------
  51     0     100               0       2.3165526      2.01280319       4.4047585      17.4997125     0.609281014     0.551677011
  51     1      50               0       2.3165526      2.01280319       4.4047585      17.4997125     0.609281014     0.551677011
          wgpu 2d 264g 296c x3w 7ms | egraph 98g->70v+0snap 24ms | graft 9 (-31n, 0 snap) cpu 0 | f64 30 | gen 0.2s | dropped inexpr 4 oversz 0 unbuild 0 {}
  52     0     100               0       2.3165526      2.01280319       4.4047585      17.4997125     0.609281014     0.551677011
  52     1      50               0       2.3165526      2.01280319       4.4047585      17.4997125     0.609281014     0.551677011
          wgpu 1d 126g 184c x3w 3ms | egraph 19g->38v+0snap 6ms | graft 9 (-22n, 0 snap) cpu 0 | f64 20 | gen 0.2s
  53     0     100               0       2.3165526      2.01280319       4.4047585      17.4997125     0.609281014     0.551677011
  53     1      50               0       2.3165526      2.01280319       4.4047585      17.4997125     0.609281014     0.551677011
          wgpu 1d 105g 174c x3w 4ms | egraph 21g->28v+0snap 7ms | graft 6 (-21n, 0 snap) cpu 0 | f64 20 | gen 0.2s
  54     0     100               0       2.3165526      2.01280319       4.4047585      17.4997125     0.609281014     0.551677011
  54     1      50               0       2.3165526      2.01280319       4.4047585      17.4997125     0.609281014     0.551677011
          wgpu 1d 116g 185c x3w 3ms | egraph 19g->39v+0snap 6ms | graft 9 (-20n, 0 snap) cpu 0 | f64 20 | gen 0.2s
  55     0     100               0       2.3165526      2.01280319       4.4047585      17.4997125     0.609281014     0.551677011
  55     1      50               0       2.3165526      2.01280319       4.4047585      17.4997125     0.609281014     0.551677011
          wgpu 1d 117g 184c x3w 3ms | egraph 16g->38v+0snap 31ms | graft 5 (-10n, 0 snap) cpu 0 | f64 20 | gen 0.2s
  56     0     100               0       2.3165526      2.01280319       4.4047585      17.4997125     0.609281014     0.551677011
  56     1      50               0       2.3165526      2.01280319       4.4047585      17.4997125     0.609281014     0.551677011
          wgpu 1d 90g 170c x3w 3ms | egraph 10g->24v+0snap 3ms | graft 4 (-8n, 0 snap) cpu 0 | f64 20 | gen 0.2s
  57     0     100               0       2.3165526      2.01280319       4.4047585      17.4997125     0.609281014     0.551677011
  57     1      50               0       2.3165526      2.01280319       4.4047585      17.4997125     0.609281014     0.551677011
          wgpu 1d 102g 182c x3w 3ms | egraph 15g->36v+0snap 11ms | graft 8 (-32n, 0 snap) cpu 0 | f64 20 | gen 0.2s
  58     0     100               0      2.31654988      2.01280351      4.40475295      17.4997122     0.609280298     0.551677099
  58     1      50               0       2.3165526      2.01280319       4.4047585      17.4997125     0.609281014     0.551677011
          wgpu 1d 113g 171c x3w 3ms | egraph 23g->25v+0snap 7ms | graft 4 (-31n, 0 snap) cpu 0 | f64 20 | gen 0.2s
  59     0     100               0       2.3165526      2.01280319       4.4047585      17.4997125     0.609281014     0.551677011
  59     1      50               0       2.3165526      2.01280319       4.4047585      17.4997125     0.609281014     0.551677011
          wgpu 1d 115g 178c x3w 3ms | egraph 23g->32v+0snap 7ms | graft 1 (-2n, 0 snap) cpu 0 | f64 20 | gen 0.2s | dropped inexpr 2 oversz 0 unbuild 0 {}
  60     0     100               0       2.3165526      2.01280319       4.4047585      17.4997125     0.609281014     0.551677011
  60     1      50               0       2.3165526      2.01280319       4.4047585      17.4997125     0.609281014     0.551677011
          wgpu 1d 107g 170c x3w 3ms | egraph 18g->24v+0snap 15ms | graft 5 (-37n, 0 snap) cpu 0 | f64 20 | gen 0.2s | dropped inexpr 2 oversz 0 unbuild 0 {}
--------- pump migration: intra (promote-2 + intake-reset) + cross ---------
  61     0     100               0       2.3165526      2.01280319       4.4047585      17.4997125     0.609281014     0.551677011
  61     1      50               0      2.31654988      2.01280351      4.40475295      17.4997122     0.609280298     0.551677099
          wgpu 2d 286g 324c x3w 7ms | egraph 122g->98v+0snap 31ms | graft 12 (-45n, 0 snap) cpu 0 | f64 30 | gen 0.2s | dropped inexpr 3 oversz 0 unbuild 0 {}
  62     0     100               0       2.3165526      2.01280319       4.4047585      17.4997125     0.609281014     0.551677011
  62     1      50               0      2.31654988      2.01280351      4.40475295      17.4997122     0.609280298     0.551677099
          wgpu 1d 97g 166c x3w 3ms | egraph 19g->20v+0snap 5ms | graft 1 (-2n, 0 snap) cpu 0 | f64 20 | gen 0.2s | dropped inexpr 1 oversz 0 unbuild 0 {}
  63     0     100               0       2.3165526      2.01280319       4.4047585      17.4997125     0.609281014     0.551677011
  63     1      50               0      2.31654988      2.01280351      4.40475295      17.4997122     0.609280298     0.551677099
          wgpu 1d 86g 164c x3w 3ms | egraph 9g->18v+0snap 3ms | graft 2 (-6n, 0 snap) cpu 0 | f64 20 | gen 0.2s | dropped inexpr 1 oversz 0 unbuild 0 {}
  64     0     100               0       2.3165526      2.01280319       4.4047585      17.4997125     0.609281014     0.551677011
  64     1      50               0      2.31654988      2.01280351      4.40475295      17.4997122     0.609280298     0.551677099
          wgpu 1d 99g 166c x3w 3ms | egraph 20g->20v+0snap 6ms | graft 0 (-0n, 0 snap) cpu 0 | f64 20 | gen 0.2s | dropped inexpr 2 oversz 0 unbuild 0 {}
  65     0     100               0       2.3165526      2.01280319       4.4047585      17.4997125     0.609281014     0.551677011
  65     1      50               0      2.31654988      2.01280351      4.40475295      17.4997122     0.609280298     0.551677099
          wgpu 1d 100g 163c x3w 3ms | egraph 15g->17v+0snap 4ms | graft 1 (-4n, 0 snap) cpu 0 | f64 20 | gen 0.2s | dropped inexpr 3 oversz 0 unbuild 0 {}
  66     0     100               0       2.3165526      2.01280319       4.4047585      17.4997125     0.609281014     0.551677011
  66     1      50               0      2.31654988      2.01280351      4.40475295      17.4997122     0.609280298     0.551677099
          wgpu 1d 101g 173c x3w 6ms | egraph 10g->27v+0snap 3ms | graft 2 (-4n, 0 snap) cpu 0 | f64 20 | gen 0.2s
  67     0     100               0       2.3165526      2.01280319       4.4047585      17.4997125     0.609281014     0.551677011
  67     1      50               0      2.31654988      2.01280351      4.40475295      17.4997122     0.609280298     0.551677099
          wgpu 1d 108g 170c x3w 3ms | egraph 18g->24v+0snap 9ms | graft 1 (-2n, 0 snap) cpu 0 | f64 20 | gen 0.2s | dropped inexpr 2 oversz 0 unbuild 0 {}
  68     0     100               0       2.3165526      2.01280319       4.4047585      17.4997125     0.609281014     0.551677011
  68     1      50               0      2.31654988      2.01280351      4.40475295      17.4997122     0.609280298     0.551677099
          wgpu 1d 97g 166c x3w 3ms | egraph 14g->20v+0snap 3ms | graft 1 (-3n, 0 snap) cpu 0 | f64 20 | gen 0.2s | dropped inexpr 1 oversz 0 unbuild 0 {}
  69     0     100               0       2.3165526      2.01280319       4.4047585      17.4997125     0.609281014     0.551677011
  69     1      50               0      2.31654988      2.01280351      4.40475295      17.4997122     0.609280298     0.551677099
          wgpu 1d 78g 159c x3w 3ms | egraph 7g->13v+0snap 2ms | graft 0 (-0n, 0 snap) cpu 0 | f64 20 | gen 0.2s | dropped inexpr 1 oversz 0 unbuild 0 {}
  70     0     100               0       2.3165526      2.01280319       4.4047585      17.4997125     0.609281014     0.551677011
  70     1      50               0      2.31654988      2.01280351      4.40475295      17.4997122     0.609280298     0.551677099
          wgpu 1d 100g 167c x3w 3ms | egraph 18g->21v+0snap 4ms | graft 2 (-7n, 0 snap) cpu 0 | f64 20 | gen 0.2s | dropped inexpr 2 oversz 0 unbuild 0 {}
--------- pump migration: intra (promote-2 + intake-reset) ---------
  71     0     100               0       2.3165526      2.01280319       4.4047585      17.4997125     0.609281014     0.551677011
  71     1      50               0      2.31654988      2.01280351      4.40475295      17.4997122     0.609280298     0.551677099
          wgpu 2d 255g 290c x3w 6ms | egraph 93g->64v+0snap 18ms | graft 10 (-31n, 0 snap) cpu 0 | f64 30 | gen 0.2s | dropped inexpr 6 oversz 0 unbuild 0 {}
  72     0     100               0       2.3165526      2.01280319       4.4047585      17.4997125     0.609281014     0.551677011
  72     1      50               0      2.31654988      2.01280351      4.40475295      17.4997122     0.609280298     0.551677099
          wgpu 1d 90g 169c x3w 4ms | egraph 13g->23v+0snap 4ms | graft 1 (-2n, 0 snap) cpu 0 | f64 20 | gen 0.2s | dropped inexpr 2 oversz 0 unbuild 0 {}
  73     0     100               0       2.3165526      2.01280319       4.4047585      17.4997125     0.609281014     0.551677011
  73     1      50               0      2.31654988      2.01280351      4.40475295      17.4997122     0.609280298     0.551677099
          wgpu 1d 84g 162c x3w 3ms | egraph 13g->16v+0snap 4ms | graft 1 (-2n, 0 snap) cpu 0 | f64 20 | gen 0.2s | dropped inexpr 1 oversz 0 unbuild 0 {}
  74     0     100               0       2.3165526      2.01280319       4.4047585      17.4997125     0.609281014     0.551677011
  74     1      50               0      2.31654988      2.01280351      4.40475295      17.4997122     0.609280298     0.551677099
          wgpu 1d 114g 171c x3w 3ms | egraph 15g->25v+0snap 4ms | graft 0 (-0n, 0 snap) cpu 0 | f64 20 | gen 0.2s | dropped inexpr 2 oversz 0 unbuild 0 {}
  75     0     100               0       2.3165526      2.01280319       4.4047585      17.4997125     0.609281014     0.551677011
  75     1      50               0      2.31654988      2.01280351      4.40475295      17.4997122     0.609280298     0.551677099
          wgpu 1d 98g 163c x3w 3ms | egraph 17g->17v+0snap 15ms | graft 2 (-4n, 0 snap) cpu 0 | f64 20 | gen 0.2s
  76     0     100               0       2.3165526      2.01280319       4.4047585      17.4997125     0.609281014     0.551677011
  76     1      50               0       2.3165526      2.01280319       4.4047585      17.4997125     0.609281014     0.551677011
          wgpu 1d 106g 172c x3w 3ms | egraph 16g->26v+0snap 5ms | graft 2 (-15n, 0 snap) cpu 0 | f64 20 | gen 0.2s | dropped inexpr 3 oversz 0 unbuild 0 {}
  77     0     100               0       2.3165526      2.01280319       4.4047585      17.4997125     0.609281014     0.551677011
  77     1      50               0       2.3165526      2.01280319       4.4047585      17.4997125     0.609281014     0.551677011
          wgpu 1d 105g 172c x3w 3ms | egraph 13g->26v+0snap 4ms | graft 0 (-0n, 0 snap) cpu 0 | f64 20 | gen 0.1s | dropped inexpr 7 oversz 0 unbuild 0 {}
  78     0     100               0       2.3165526      2.01280319       4.4047585      17.4997125     0.609281014     0.551677011
  78     1      50               0       2.3165526      2.01280319       4.4047585      17.4997125     0.609281014     0.551677011
          wgpu 1d 93g 168c x3w 3ms | egraph 22g->22v+0snap 5ms | graft 0 (-0n, 0 snap) cpu 0 | f64 20 | gen 0.2s | dropped inexpr 2 oversz 0 unbuild 0 {}
  79     0     100               0       2.3165526      2.01280319       4.4047585      17.4997125     0.609281014     0.551677011
  79     1      50               0       2.3165526      2.01280319       4.4047585      17.4997125     0.609281014     0.551677011
          wgpu 1d 79g 162c x3w 3ms | egraph 15g->16v+0snap 4ms | graft 1 (-3n, 0 snap) cpu 0 | f64 20 | gen 0.2s | dropped inexpr 2 oversz 0 unbuild 0 {}
  80     0     100               0       2.3165526      2.01280319       4.4047585      17.4997125     0.609281014     0.551677011
  80     1      50               0       2.3165526      2.01280319       4.4047585      17.4997125     0.609281014     0.551677011
          wgpu 1d 109g 171c x3w 10ms | egraph 14g->25v+0snap 4ms | graft 3 (-19n, 0 snap) cpu 0 | f64 20 | gen 0.2s
--------- pump migration: intra (promote-2 + intake-reset) ---------
  81     0     100               0       2.3165526      2.01280319       4.4047585      17.4997125     0.609281014     0.551677011
  81     1      50               0       2.3165526      2.01280319       4.4047585      17.4997125     0.609281014     0.551677011
          wgpu 2d 269g 304c x3w 7ms | egraph 92g->78v+0snap 30ms | graft 16 (-47n, 0 snap) cpu 0 | f64 30 | gen 0.2s | dropped inexpr 4 oversz 0 unbuild 0 {}
  82     0     100               0       2.3165526      2.01280319       4.4047585      17.4997125     0.609281014     0.551677011
  82     1      50               0       2.3165526      2.01280319       4.4047585      17.4997125     0.609281014     0.551677011
          wgpu 1d 88g 159c x3w 3ms | egraph 10g->13v+0snap 3ms | graft 1 (-2n, 0 snap) cpu 0 | f64 20 | gen 0.2s
  83     0     100               0       2.3165526      2.01280319       4.4047585      17.4997125     0.609281014     0.551677011
  83     1      50               0       2.3165526      2.01280319       4.4047585      17.4997125     0.609281014     0.551677011
          wgpu 1d 86g 157c x3w 5ms | egraph 12g->11v+0snap 3ms | graft 0 (-0n, 0 snap) cpu 0 | f64 20 | gen 0.2s
  84     0     100               0       2.3165526      2.01280319       4.4047585      17.4997125     0.609281014     0.551677011
  84     1      50               0       2.3165526      2.01280319       4.4047585      17.4997125     0.609281014     0.551677011
          wgpu 1d 100g 162c x3w 3ms | egraph 13g->16v+0snap 3ms | graft 1 (-2n, 0 snap) cpu 0 | f64 20 | gen 0.2s
  85     0     100               0       2.3165526      2.01280319       4.4047585      17.4997125     0.609281014     0.551677011
  85     1      50               0       2.3165526      2.01280319       4.4047585      17.4997125     0.609281014     0.551677011
          wgpu 1d 89g 169c x3w 3ms | egraph 6g->23v+0snap 2ms | graft 3 (-13n, 0 snap) cpu 0 | f64 20 | gen 0.2s
  86     0     100               0       2.3165526      2.01280319       4.4047585      17.4997125     0.609281014     0.551677011
  86     1      50               0       2.3165526      2.01280319       4.4047585      17.4997125     0.609281014     0.551677011
          wgpu 1d 83g 158c x3w 3ms | egraph 11g->12v+0snap 3ms | graft 0 (-0n, 0 snap) cpu 0 | f64 20 | gen 0.2s
  87     0     100               0       2.3165526      2.01280319       4.4047585      17.4997125     0.609281014     0.551677011
  87     1      50               0       2.3165526      2.01280319       4.4047585      17.4997125     0.609281014     0.551677011
          wgpu 1d 80g 156c x3w 3ms | egraph 7g->10v+0snap 2ms | graft 0 (-0n, 0 snap) cpu 0 | f64 20 | gen 0.2s
  88     0     100               0       2.3165526      2.01280319       4.4047585      17.4997125     0.609281014     0.551677011
  88     1      50               0       2.3165526      2.01280319       4.4047585      17.4997125     0.609281014     0.551677011
          wgpu 1d 100g 173c x3w 3ms | egraph 15g->27v+0snap 4ms | graft 2 (-4n, 0 snap) cpu 0 | f64 20 | gen 0.2s
  89     0     100               0       2.3165526      2.01280319       4.4047585      17.4997125     0.609281014     0.551677011
  89     1      50               0       2.3165526      2.01280319       4.4047585      17.4997125     0.609281014     0.551677011
          wgpu 1d 93g 161c x3w 3ms | egraph 11g->15v+0snap 3ms | graft 3 (-7n, 0 snap) cpu 0 | f64 20 | gen 0.2s
  90     0     100               0       2.3165526      2.01280319       4.4047585      17.4997125     0.609281014     0.551677011
  90     1      50               0       2.3165526      2.01280319       4.4047585      17.4997125     0.609281014     0.551677011
          wgpu 1d 91g 161c x3w 3ms | egraph 10g->15v+0snap 8ms | graft 2 (-4n, 0 snap) cpu 0 | f64 20 | gen 0.2s
--------- pump migration: intra (promote-2 + intake-reset) + cross ---------
  91     0     100               0       2.3165526      2.01280319       4.4047585      17.4997125     0.609281014     0.551677011
  91     1      50               0       2.3165526      2.01280319       4.4047585      17.4997125     0.609281014     0.551677011
          wgpu 2d 253g 288c x3w 6ms | egraph 78g->62v+0snap 28ms | graft 13 (-56n, 0 snap) cpu 0 | f64 30 | gen 0.2s | dropped inexpr 5 oversz 0 unbuild 0 {}
  92     0     100               0       2.3165526      2.01280319       4.4047585      17.4997125     0.609281014     0.551677011
  92     1      50               0       2.3165526      2.01280319       4.4047585      17.4997125     0.609281014     0.551677011
          wgpu 1d 89g 166c x3w 3ms | egraph 10g->20v+0snap 3ms | graft 0 (-0n, 0 snap) cpu 0 | f64 20 | gen 0.2s
  93     0     100               0       2.3165526      2.01280319       4.4047585      17.4997125     0.609281014     0.551677011
  93     1      50               0       2.3165526      2.01280319       4.4047585      17.4997125     0.609281014     0.551677011
          wgpu 1d 85g 160c x3w 3ms | egraph 6g->14v+0snap 3ms | graft 2 (-6n, 0 snap) cpu 0 | f64 20 | gen 0.2s
  94     0     100               0       2.3165526      2.01280319       4.4047585      17.4997125     0.609281014     0.551677011
  94     1      50               0       2.3165526      2.01280319       4.4047585      17.4997125     0.609281014     0.551677011
          wgpu 1d 90g 156c x3w 3ms | egraph 12g->10v+0snap 3ms | graft 1 (-3n, 0 snap) cpu 0 | f64 20 | gen 0.2s
  95     0     100               0       2.3165526      2.01280319       4.4047585      17.4997125     0.609281014     0.551677011
  95     1      50               0       2.3165526      2.01280319       4.4047585      17.4997125     0.609281014     0.551677011
          wgpu 1d 91g 157c x3w 3ms | egraph 11g->11v+0snap 4ms | graft 2 (-7n, 0 snap) cpu 0 | f64 20 | gen 0.2s
  96     0     100               0       2.3165526      2.01280319       4.4047585      17.4997125     0.609281014     0.551677011
  96     1      50               0       2.3165526      2.01280319       4.4047585      17.4997125     0.609281014     0.551677011
          wgpu 1d 113g 166c x3w 3ms | egraph 13g->20v+0snap 4ms | graft 1 (-2n, 0 snap) cpu 0 | f64 20 | gen 0.2s
  97     0     100               0       2.3165526      2.01280319       4.4047585      17.4997125     0.609281014     0.551677011
  97     1      50               0       2.3165526      2.01280319       4.4047585      17.4997125     0.609281014     0.551677011
          wgpu 1d 96g 167c x3w 3ms | egraph 14g->21v+0snap 7ms | graft 1 (-2n, 0 snap) cpu 0 | f64 20 | gen 0.2s
  98     0     100               0       2.3165526      2.01280319       4.4047585      17.4997125     0.609281014     0.551677011
  98     1      50               0       2.3165526      2.01280319       4.4047585      17.4997125     0.609281014     0.551677011
          wgpu 1d 108g 174c x3w 3ms | egraph 10g->28v+0snap 3ms | graft 4 (-8n, 0 snap) cpu 0 | f64 20 | gen 0.2s
  99     0     100               0       2.3165526      2.01280319       4.4047585      17.4997125     0.609281014     0.551677011
  99     1      50               0       2.3165526      2.01280319       4.4047585      17.4997125     0.609281014     0.551677011
          wgpu 1d 88g 154c x3w 3ms | egraph 8g->8v+0snap 3ms | graft 0 (-0n, 0 snap) cpu 0 | f64 20 | gen 0.2s
 100     0     100               0       2.3165526      2.01280319       4.4047585      17.4997125     0.609281014     0.551677011
 100     1      50               0       2.3165526      2.01280319       4.4047585      17.4997125     0.609281014     0.551677011
          wgpu 1d 94g 161c x3w 3ms | egraph 15g->15v+0snap 4ms | graft 2 (-6n, 0 snap) cpu 0 | f64 20 | gen 0.2s
--------- pump migration: intra (promote-2 + intake-reset) ---------
 101     0     100               0       2.3165526      2.01280319       4.4047585      17.4997125     0.609281014     0.551677011
 101     1      50               0       2.3165526      2.01280319       4.4047585      17.4997125     0.609281014     0.551677011
          wgpu 2d 271g 305c x3w 7ms | egraph 85g->79v+0snap 27ms | graft 11 (-45n, 0 snap) cpu 0 | f64 30 | gen 0.2s | dropped inexpr 1 oversz 0 unbuild 0 {}
 102     0     100               0       2.3165526      2.01280319       4.4047585      17.4997125     0.609281014     0.551677011
 102     1      50               0       2.3165526      2.01280319       4.4047585      17.4997125     0.609281014     0.551677011
          wgpu 1d 96g 162c x3w 3ms | egraph 14g->16v+0snap 5ms | graft 1 (-2n, 0 snap) cpu 0 | f64 20 | gen 0.2s
 103     0     100               0       2.3165526      2.01280319       4.4047585      17.4997125     0.609281014     0.551677011
 103     1      50               0       2.3165526      2.01280319       4.4047585      17.4997125     0.609281014     0.551677011
          wgpu 1d 100g 159c x3w 3ms | egraph 7g->13v+0snap 2ms | graft 0 (-0n, 0 snap) cpu 0 | f64 20 | gen 0.2s
 104     0     100               0       2.3165526      2.01280319       4.4047585      17.4997125     0.609281014     0.551677011
 104     1      50               0       2.3165526      2.01280319       4.4047585      17.4997125     0.609281014     0.551677011
          wgpu 1d 88g 163c x3w 3ms | egraph 8g->17v+0snap 2ms | graft 1 (-4n, 0 snap) cpu 0 | f64 20 | gen 0.2s
 105     0     100               0       2.3165526      2.01280319       4.4047585      17.4997125     0.609281014     0.551677011
 105     1      50               0       2.3165526      2.01280319       4.4047585      17.4997125     0.609281014     0.551677011
          wgpu 1d 108g 170c x3w 3ms | egraph 11g->24v+0snap 3ms | graft 1 (-5n, 0 snap) cpu 0 | f64 20 | gen 0.2s
 106     0     100               0       2.3165526      2.01280319       4.4047585      17.4997125     0.609281014     0.551677011
 106     1      50               0       2.3165526      2.01280319       4.4047585      17.4997125     0.609281014     0.551677011
          wgpu 1d 98g 164c x3w 3ms | egraph 18g->18v+0snap 4ms | graft 0 (-0n, 0 snap) cpu 0 | f64 20 | gen 0.2s
 107     0     100               0       2.3165526      2.01280319       4.4047585      17.4997125     0.609281014     0.551677011
 107     1      50               0       2.3165526      2.01280319       4.4047585      17.4997125     0.609281014     0.551677011
          wgpu 1d 110g 166c x3w 3ms | egraph 9g->20v+0snap 3ms | graft 1 (-2n, 0 snap) cpu 0 | f64 20 | gen 0.2s
 108     0     100               0       2.3165526      2.01280319       4.4047585      17.4997125     0.609281014     0.551677011
 108     1      50               0       2.3165526      2.01280319       4.4047585      17.4997125     0.609281014     0.551677011
          wgpu 1d 101g 160c x3w 3ms | egraph 12g->14v+0snap 3ms | graft 1 (-3n, 0 snap) cpu 0 | f64 20 | gen 0.2s
 109     0     100               0       2.3165526      2.01280319       4.4047585      17.4997125     0.609281014     0.551677011
 109     1      50               0       2.3165526      2.01280319       4.4047585      17.4997125     0.609281014     0.551677011
          wgpu 1d 96g 166c x3w 3ms | egraph 12g->20v+0snap 4ms | graft 1 (-4n, 0 snap) cpu 0 | f64 20 | gen 0.2s
 110     0     100               0       2.3165526      2.01280319       4.4047585      17.4997125     0.609281014     0.551677011
 110     1      50               0       2.3165526      2.01280319       4.4047585      17.4997125     0.609281014     0.551677011
          wgpu 1d 88g 161c x3w 4ms | egraph 10g->15v+0snap 3ms | graft 2 (-4n, 0 snap) cpu 0 | f64 20 | gen 0.2s
--------- pump migration: intra (promote-2 + intake-reset) ---------
 111     0     100               0       2.3165526      2.01280319       4.4047585      17.4997125     0.609281014     0.551677011
 111     1      50               0       2.3165526      2.01280319       4.4047585      17.4997125     0.609281014     0.551677011
          wgpu 2d 277g 303c x3w 7ms | egraph 104g->77v+0snap 36ms | graft 12 (-58n, 0 snap) cpu 0 | f64 30 | gen 0.2s | dropped inexpr 4 oversz 0 unbuild 0 {}
 112     0     100               0       2.3165526      2.01280319       4.4047585      17.4997125     0.609281014     0.551677011
 112     1      50               0       2.3165526      2.01280319       4.4047585      17.4997125     0.609281014     0.551677011
          wgpu 1d 89g 160c x3w 3ms | egraph 11g->14v+0snap 4ms | graft 5 (-14n, 0 snap) cpu 0 | f64 20 | gen 0.2s
 113     0     100               0       2.3165526      2.01280319       4.4047585      17.4997125     0.609281014     0.551677011
 113     1      50               0       2.3165526      2.01280319       4.4047585      17.4997125     0.609281014     0.551677011
          wgpu 1d 92g 157c x3w 3ms | egraph 13g->11v+0snap 4ms | graft 1 (-2n, 0 snap) cpu 0 | f64 20 | gen 0.2s
 114     0     100               0       2.3165526      2.01280319       4.4047585      17.4997125     0.609281014     0.551677011
 114     1      50               0       2.3165526      2.01280319       4.4047585      17.4997125     0.609281014     0.551677011
          wgpu 1d 109g 160c x3w 3ms | egraph 14g->14v+0snap 4ms | graft 0 (-0n, 0 snap) cpu 0 | f64 20 | gen 0.2s
 115     0     100               0       2.3165526      2.01280319       4.4047585      17.4997125     0.609281014     0.551677011
 115     1      50               0       2.3165526      2.01280319       4.4047585      17.4997125     0.609281014     0.551677011
          wgpu 1d 79g 159c x3w 6ms | egraph 8g->13v+0snap 3ms | graft 2 (-5n, 0 snap) cpu 0 | f64 20 | gen 0.2s
 116     0     100               0       2.3165526      2.01280319       4.4047585      17.4997125     0.609281014     0.551677011
 116     1      50               0       2.3165526      2.01280319       4.4047585      17.4997125     0.609281014     0.551677011
          wgpu 1d 94g 164c x3w 9ms | egraph 8g->18v+0snap 8ms | graft 1 (-2n, 0 snap) cpu 0 | f64 20 | gen 0.2s
 117     0     100               0       2.3165526      2.01280319       4.4047585      17.4997125     0.609281014     0.551677011
 117     1      50               0       2.3165526      2.01280319       4.4047585      17.4997125     0.609281014     0.551677011
          wgpu 1d 95g 160c x3w 3ms | egraph 12g->14v+0snap 3ms | graft 3 (-6n, 0 snap) cpu 0 | f64 20 | gen 0.2s
 118     0     100               0       2.3165526      2.01280319       4.4047585      17.4997125     0.609281014     0.551677011
 118     1      50               0       2.3165526      2.01280319       4.4047585      17.4997125     0.609281014     0.551677011
          wgpu 1d 75g 155c x3w 3ms | egraph 4g->9v+0snap 8ms | graft 0 (-0n, 0 snap) cpu 0 | f64 20 | gen 0.2s
 119     0     100               0       2.3165526      2.01280319       4.4047585      17.4997125     0.609281014     0.551677011
 119     1      50               0       2.3165526      2.01280319       4.4047585      17.4997125     0.609281014     0.551677011
          wgpu 1d 92g 164c x3w 3ms | egraph 14g->18v+0snap 4ms | graft 4 (-9n, 0 snap) cpu 0 | f64 20 | gen 0.2s
 120     0     100               0       2.3165526      2.01280319       4.4047585      17.4997125     0.609281014     0.551677011
 120     1      50               0       2.3165526      2.01280319       4.4047585      17.4997125     0.609281014     0.551677011
          wgpu 1d 92g 159c x3w 3ms | egraph 6g->13v+0snap 2ms | graft 1 (-2n, 0 snap) cpu 0 | f64 20 | gen 0.2s
--------- pump migration: intra (promote-2 + intake-reset) + cross ---------
 121     0     100               0       2.3165526      2.01280319       4.4047585      17.4997125     0.609281014     0.551677011
 121     1      50               0       2.3165526      2.01280319       4.4047585      17.4997125     0.609281014     0.551677011
          wgpu 2d 283g 303c x3w 7ms | egraph 87g->77v+0snap 24ms | graft 16 (-59n, 0 snap) cpu 0 | f64 30 | gen 0.2s
 122     0     100               0       2.3165526      2.01280319       4.4047585      17.4997125     0.609281014     0.551677011
 122     1      50               0       2.3165526      2.01280319       4.4047585      17.4997125     0.609281014     0.551677011
          wgpu 1d 79g 162c x3w 3ms | egraph 11g->16v+0snap 3ms | graft 2 (-4n, 0 snap) cpu 0 | f64 20 | gen 0.2s
 123     0     100               0       2.3165526      2.01280319       4.4047585      17.4997125     0.609281014     0.551677011
 123     1      50               0       2.3165526      2.01280319       4.4047585      17.4997125     0.609281014     0.551677011
          wgpu 1d 101g 158c x3w 3ms | egraph 9g->12v+0snap 5ms | graft 1 (-2n, 0 snap) cpu 0 | f64 20 | gen 0.2s
 124     0     100               0       2.3165526      2.01280319       4.4047585      17.4997125     0.609281014     0.551677011
 124     1      50               0       2.3165526      2.01280319       4.4047585      17.4997125     0.609281014     0.551677011
          wgpu 1d 95g 168c x3w 3ms | egraph 11g->22v+0snap 3ms | graft 1 (-2n, 0 snap) cpu 0 | f64 20 | gen 0.2s
 125     0     100               0       2.3165526      2.01280319       4.4047585      17.4997125     0.609281014     0.551677011
 125     1      50               0       2.3165526      2.01280319       4.4047585      17.4997125     0.609281014     0.551677011
          wgpu 1d 82g 158c x3w 3ms | egraph 8g->12v+0snap 3ms | graft 0 (-0n, 0 snap) cpu 0 | f64 20 | gen 0.2s
 126     0     100               0       2.3165526      2.01280319       4.4047585      17.4997125     0.609281014     0.551677011
 126     1      50               0       2.3165526      2.01280319       4.4047585      17.4997125     0.609281014     0.551677011
          wgpu 1d 92g 162c x3w 3ms | egraph 9g->16v+0snap 27ms | graft 2 (-4n, 0 snap) cpu 0 | f64 20 | gen 0.2s
 127     0     100               0       2.3165526      2.01280319       4.4047585      17.4997125     0.609281014     0.551677011
 127     1      50               0       2.3165526      2.01280319       4.4047585      17.4997125     0.609281014     0.551677011
          wgpu 1d 90g 156c x3w 3ms | egraph 9g->10v+0snap 3ms | graft 0 (-0n, 0 snap) cpu 0 | f64 20 | gen 0.2s
 128     0     100               0       2.3165526      2.01280319       4.4047585      17.4997125     0.609281014     0.551677011
 128     1      50               0       2.3165526      2.01280319       4.4047585      17.4997125     0.609281014     0.551677011
          wgpu 1d 97g 167c x3w 3ms | egraph 12g->21v+0snap 3ms | graft 3 (-6n, 0 snap) cpu 0 | f64 20 | gen 0.2s
 129     0     100               0       2.3165526      2.01280319       4.4047585      17.4997125     0.609281014     0.551677011
 129     1      50               0       2.3165526      2.01280319       4.4047585      17.4997125     0.609281014     0.551677011
          wgpu 1d 78g 157c x3w 3ms | egraph 7g->11v+0snap 2ms | graft 0 (-0n, 0 snap) cpu 0 | f64 20 | gen 0.2s
 130     0     100               0       2.3165526      2.01280319       4.4047585      17.4997125     0.609281014     0.551677011
 130     1      50               0       2.3165526      2.01280319       4.4047585      17.4997125     0.609281014     0.551677011
          wgpu 1d 87g 162c x3w 3ms | egraph 9g->16v+0snap 3ms | graft 0 (-0n, 0 snap) cpu 0 | f64 20 | gen 0.2s
--------- pump migration: intra (promote-2 + intake-reset) ---------
 131     0     100               0       2.3165526      2.01280319       4.4047585      17.4997125     0.609281014     0.551677011
 131     1      50               0       2.3165526      2.01280319       4.4047585      17.4997125     0.609281014     0.551677011
          wgpu 2d 264g 297c x3w 7ms | egraph 85g->71v+0snap 35ms | graft 10 (-48n, 0 snap) cpu 0 | f64 30 | gen 0.2s | dropped inexpr 4 oversz 0 unbuild 0 {}
 132     0     100               0       2.3165526      2.01280319       4.4047585      17.4997125     0.609281014     0.551677011
 132     1      50               0       2.3165526      2.01280319       4.4047585      17.4997125     0.609281014     0.551677011
          wgpu 1d 104g 170c x3w 4ms | egraph 12g->24v+0snap 4ms | graft 2 (-4n, 0 snap) cpu 0 | f64 20 | gen 0.2s
 133     0     100               0       2.3165526      2.01280319       4.4047585      17.4997125     0.609281014     0.551677011
 133     1      50               0       2.3165526      2.01280319       4.4047585      17.4997125     0.609281014     0.551677011
          wgpu 1d 88g 164c x3w 3ms | egraph 6g->18v+0snap 2ms | graft 1 (-2n, 0 snap) cpu 0 | f64 20 | gen 0.2s
 134     0     100               0       2.3165526      2.01280319       4.4047585      17.4997125     0.609281014     0.551677011
 134     1      50               0       2.3165526      2.01280319       4.4047585      17.4997125     0.609281014     0.551677011
          wgpu 1d 85g 159c x3w 3ms | egraph 9g->13v+0snap 2ms | graft 1 (-2n, 0 snap) cpu 0 | f64 20 | gen 0.2s
 135     0     100               0       2.3165526      2.01280319       4.4047585      17.4997125     0.609281014     0.551677011
 135     1      50               0       2.3165526      2.01280319       4.4047585      17.4997125     0.609281014     0.551677011
          wgpu 1d 84g 153c x3w 3ms | egraph 3g->7v+0snap 2ms | graft 0 (-0n, 0 snap) cpu 0 | f64 20 | gen 0.2s
 136     0     100               0       2.3165526      2.01280319       4.4047585      17.4997125     0.609281014     0.551677011
 136     1      50               0       2.3165526      2.01280319       4.4047585      17.4997125     0.609281014     0.551677011
          wgpu 1d 95g 166c x3w 3ms | egraph 11g->20v+0snap 3ms | graft 0 (-0n, 0 snap) cpu 0 | f64 20 | gen 0.2s
 137     0     100               0       2.3165526      2.01280319       4.4047585      17.4997125     0.609281014     0.551677011
 137     1      50               0       2.3165526      2.01280319       4.4047585      17.4997125     0.609281014     0.551677011
          wgpu 1d 84g 161c x3w 3ms | egraph 7g->15v+0snap 4ms | graft 1 (-2n, 0 snap) cpu 0 | f64 20 | gen 0.2s
 138     0     100               0       2.3165526      2.01280319       4.4047585      17.4997125     0.609281014     0.551677011
 138     1      50               0       2.3165526      2.01280319       4.4047585      17.4997125     0.609281014     0.551677011
          wgpu 1d 76g 151c x3w 3ms | egraph 9g->5v+0snap 7ms | graft 1 (-2n, 0 snap) cpu 0 | f64 20 | gen 0.2s
 139     0     100               0       2.3165526      2.01280319       4.4047585      17.4997125     0.609281014     0.551677011
 139     1      50               0       2.3165526      2.01280319       4.4047585      17.4997125     0.609281014     0.551677011
          wgpu 1d 96g 164c x3w 4ms | egraph 11g->18v+0snap 3ms | graft 3 (-10n, 0 snap) cpu 0 | f64 20 | gen 0.2s
 140     0     100               0       2.3165526      2.01280319       4.4047585      17.4997125     0.609281014     0.551677011
 140     1      50               0       2.3165526      2.01280319       4.4047585      17.4997125     0.609281014     0.551677011
          wgpu 1d 86g 163c x3w 3ms | egraph 9g->17v+0snap 3ms | graft 0 (-0n, 0 snap) cpu 0 | f64 20 | gen 0.2s
--------- pump migration: intra (promote-2 + intake-reset) ---------
 141     0     100               0       2.3165526      2.01280319       4.4047585      17.4997125     0.609281014     0.551677011
 141     1      50               0       2.3165526      2.01280319       4.4047585      17.4997125     0.609281014     0.551677011
          wgpu 2d 267g 288c x3w 7ms | egraph 92g->62v+0snap 24ms | graft 6 (-30n, 0 snap) cpu 0 | f64 30 | gen 0.2s | dropped inexpr 1 oversz 0 unbuild 0 {}
