/opt/anaconda3/lib/python3.12/site-packages/geppy/__init__.py:26: UserWarning: pkg_resources is deprecated as an API. See https://setuptools.pypa.io/en/latest/pkg_resources.html. The pkg_resources package is slated for removal as early as 2025-11-30. Refrain from using this package or pin to Setuptools<81.
  from pkg_resources import get_distribution, DistributionNotFound
hff library OK (test fitness: (0.1415394733244273,))
registry: ['circle_area', 'gravity', 'coulomb', 'pendulum', 'keplers3', 'ideal_gas', 'I_6_2a', 'I_6_2', 'I_6_2b', 'I_8_14', 'I_9_18', 'I_10_7', 'I_11_19', 'I_12_1', 'I_12_2', 'I_12_4', 'I_12_5', 'I_12_11', 'I_13_4', 'I_13_12', 'I_14_3', 'I_14_4', 'I_15_3x', 'I_15_3t', 'I_15_1', 'I_16_6', 'I_18_4', 'I_18_12', 'I_18_14', 'I_24_6', 'I_25_13', 'I_26_2', 'I_27_6', 'I_29_4', 'I_29_16', 'I_30_3', 'I_30_5', 'I_32_5', 'I_32_17', 'I_34_8', 'I_34_1', 'I_34_14', 'I_34_27', 'I_37_4', 'I_38_12', 'I_39_1', 'I_39_11', 'I_39_22', 'I_40_1', 'I_41_16', 'I_43_16', 'I_43_31', 'I_43_43', 'I_44_4', 'I_47_23', 'I_48_2', 'I_50_26', 'II_2_42', 'II_3_24', 'II_4_23', 'II_6_11', 'II_6_15a', 'II_6_15b', 'II_8_7', 'II_8_31', 'II_10_9', 'II_11_3', 'II_11_17', 'II_11_20', 'II_11_27', 'II_11_28', 'II_13_17', 'II_13_23', 'II_13_34', 'II_15_4', 'II_15_5', 'II_21_32', 'II_24_17', 'II_27_16', 'II_27_18', 'II_34_2a', 'II_34_2', 'II_34_11', 'II_34_29a', 'II_34_29b', 'II_35_18', 'II_35_21', 'II_36_38', 'II_37_1', 'II_38_3', 'II_38_14', 'III_4_32', 'III_4_33', 'III_7_38', 'III_8_54', 'III_9_52', 'III_10_19', 'III_12_43', 'III_13_18', 'III_14_14', 'III_15_12', 'III_15_14', 'III_15_27', 'III_17_37', 'III_19_51', 'III_21_20', 'test_1', 'test_2', 'test_3', 'test_4', 'test_5', 'test_6', 'test_7', 'test_8', 'test_9', 'test_10', 'test_11', 'test_12', 'test_13', 'test_14', 'test_15', 'test_16', 'test_17', 'test_18', 'test_19', 'test_20']
[feynman override] head_length=48 (keep n_genes=3, avgval linker)
Selected problem: II_6_11
  Description : Feynman I-III II.6.11: Volt = 1/(4*pi*epsilon)*p_d*cos(theta)/r**2
  Variables   : ['epsilon', 'p_d', 'theta', 'r']
  Train range : {'epsilon': (1.0, 3.0), 'p_d': (1.0, 3.0), 'theta': (1.0, 3.0), 'r': (1.0, 3.0)}
  Extrap range: {'epsilon': (1.0, 4.5), 'p_d': (1.0, 4.5), 'theta': (1.0, 4.5), 'r': (1.0, 4.5)}
  Truth       : 1/(4*pi*epsilon)*p_d*cos(theta)/r**2
  ✓ cache hit  (data/equations/II_6_11, key=65e4f34029d5d38a)
  train           (800, 5)  target range=[-0.1492, 0.06253]
  val             (200, 5)  target range=[-0.126, 0.0626]
  holdout         (200, 5)  target range=[-0.09144, 0.04795]
  extrapolation   (200, 5)  target range=[-0.116, 0.03459]
  saved figure → data/figures/II_6_11/eda_pairplot.png
Wide primitive set enabled: sin, cos, exp, log added.
[E22 rules] variable pattern tags: {'has_gaussian_input', 'coulomb_form'}
[rules] HFF_RULES=generic: ['sum_sq_all', 'power_law']
[E22/23 rules] static candidate count: 1
[E22/23 rules] allowed to take a fitness slot (exact): 0
  [sum_sq_all/sum_sq] a=-0.0009 b=6.6984e-03 1-R²_va=9.7910e-01
[fuller] denoise + snap IN THE JOIN (every gene, every generation, K=8); mutation operators: physics=0.2 concretize=0.05
Wrapper scope: per_island  (island → wrapper map: ['identity', 'identity'])
[wgpu] process pool disabled — Metal cannot survive fork(); the population is evaluated in one dispatch instead
Genes: head_length=48, n_genes=3, rnc_array_length=10
Population: (per-island, see below), elites: 2, generations: 400, migration FREQ: 30
  pump per-island sizes: intake=100 (tournsize=8), champion=50 (tournsize=5)
Initialising evolution at 2026-09-19 07:44:27.887035
 gen  deme   evals     min fitness          mse_tr          mse_va         max_err      mse_extrap  one_minus_r2_tr  one_minus_r2_va
   0     0     100    0.0745272988   0.00018929404  0.000250502395    0.0992712537   0.00142778263     0.501105096     0.583939812
   0     1      50     0.159440333  0.000193013056  0.000252627001     0.103432746   0.00104770758     0.510950193     0.588892428
          wgpu 1d 290g 245c x3w 11ms | egraph 187g->95v+0snap 102ms | graft 15 (-65n, 0 snap) cpu 0 | f64 33 | gen 0.0s | dropped inexpr 5 oversz 0 unbuild 0 {}
Extending evolution: gen 1 → 400 (+400 generations)
   1     0     100    0.0745272988   0.00018929404  0.000250502395    0.0992712537   0.00142778263     0.501105096     0.583939812
   1     1      50     0.159440333  0.000193013056  0.000252627001     0.103432746   0.00104770758     0.510950193     0.588892428
          wgpu 1d 162g 229c x3w 5ms | egraph 77g->83v+0snap 17ms | graft 15 (-55n, 0 snap) cpu 0 | f64 27 | gen 0.3s | dropped inexpr 2 oversz 0 unbuild 0 {}
   2     0     100    0.0745272988   0.00018929404  0.000250502395    0.0992712537   0.00142778263     0.501105096     0.583939812
   2     1      50    0.0441580657  0.000191033202  0.000249654694      0.10326385  0.000957540486     0.505709062     0.581963759
          wgpu 1d 154g 231c x3w 3ms | egraph 82g->85v+0snap 15ms | graft 14 (-60n, 0 snap) cpu 0 | f64 38 | gen 0.4s | dropped inexpr 1 oversz 0 unbuild 0 {}
   3     0     100    0.0745272988   0.00018929404  0.000250502395    0.0992712537   0.00142778263     0.501105096     0.583939812
   3     1      50    0.0441580657  0.000191033202  0.000249654694      0.10326385  0.000957540486     0.505709062     0.581963759
          wgpu 1d 214g 231c x3w 4ms | egraph 103g->85v+0snap 17ms | graft 21 (-76n, 0 snap) cpu 0 | f64 20 | gen 0.3s
   4     0     100    0.0176119461    0.0001455918  0.000189146152    0.0895456121   0.00124783889     0.385415163     0.440913823
   4     1      50    0.0441580657  0.000191033202  0.000249654694      0.10326385  0.000957540486     0.505709062     0.581963759
          wgpu 1d 172g 202c x3w 4ms | egraph 70g->56v+0snap 16ms | graft 20 (-104n, 0 snap) cpu 0 | f64 20 | gen 0.6s
   5     0     100    0.0176119461    0.0001455918  0.000189146152    0.0895456121   0.00124783889     0.385415163     0.440913823
   5     1      50    0.0441580657  0.000191033202  0.000249654694      0.10326385  0.000957540486     0.505709062     0.581963759
          wgpu 1d 211g 262c x3w 4ms | egraph 103g->116v+0snap 19ms | graft 30 (-108n, 0 snap) cpu 0 | f64 20 | gen 0.3s | dropped inexpr 3 oversz 0 unbuild 0 {}
   6     0     100    0.0176119461    0.0001455918  0.000189146152    0.0895456121   0.00124783889     0.385415163     0.440913823
   6     1      50    0.0441580657  0.000191033202  0.000249654694      0.10326385  0.000957540486     0.505709062     0.581963759
          wgpu 1d 179g 246c x3w 4ms | egraph 80g->100v+0snap 40ms | graft 20 (-43n, 0 snap) cpu 0 | f64 20 | gen 0.4s
   7     0     100    0.0176119461    0.0001455918  0.000189146152    0.0895456121   0.00124783889     0.385415163     0.440913823
   7     1      50    0.0441580657  0.000191033202  0.000249654694      0.10326385  0.000957540486     0.505709062     0.581963759
          wgpu 1d 208g 256c x3w 4ms | egraph 96g->110v+0snap 21ms | graft 32 (-91n, 0 snap) cpu 0 | f64 20 | gen 0.3s | dropped inexpr 1 oversz 0 unbuild 0 {}
   8     0     100               0  0.000110119868  0.000145346268    0.0740705669  0.000924945538     0.291512756     0.338813018
   8     1      50    0.0441580657  0.000191033202  0.000249654694      0.10326385  0.000957540486     0.505709062     0.581963759
          wgpu 1d 227g 287c x3w 4ms | egraph 80g->141v+0snap 13ms | graft 34 (-117n, 0 snap) cpu 0 | f64 20 | gen 0.5s | dropped inexpr 1 oversz 0 unbuild 0 {}
   9     0     100               0  0.000110119868  0.000145346268    0.0740705669  0.000924945538     0.291512756     0.338813018
   9     1      50    0.0097642573  0.000111455259  0.000151010804    0.0945460716   0.00110997935     0.295047845     0.352017476
          wgpu 1d 196g 262c x3w 4ms | egraph 75g->116v+0snap 12ms | graft 28 (-96n, 0 snap) cpu 0 | f64 28 | gen 0.2s | dropped inexpr 2 oversz 0 unbuild 0 {}
  10     0     100               0  0.000110119868  0.000145346268    0.0740705669  0.000924945538     0.291512756     0.338813018
  10     1      50    0.0097642573  0.000111455259  0.000151010804    0.0945460716   0.00110997935     0.295047845     0.352017476
          wgpu 1d 169g 242c x3w 3ms | egraph 77g->96v+0snap 12ms | graft 19 (-51n, 0 snap) cpu 0 | f64 20 | gen 0.1s
--------- pump migration: intra (promote-2 + intake-reset) ---------
  11     0     100               0  0.000110119868  0.000145346268    0.0740705669  0.000924945538     0.291512756     0.338813018
  11     1      50               0  0.000110119868  0.000145346268    0.0740705669  0.000924945538     0.291512756     0.338813018
          wgpu 2d 380g 444c x3w 7ms | egraph 151g->218v+0snap 27ms | graft 35 (-133n, 0 snap) cpu 0 | f64 30 | gen 0.2s | dropped inexpr 4 oversz 0 unbuild 0 {}
  12     0     100               0  0.000110119868  0.000145346268    0.0740705669  0.000924945538     0.291512756     0.338813018
  12     1      50               0  0.000110119868  0.000145346268    0.0740705669  0.000924945538     0.291512756     0.338813018
          wgpu 1d 178g 314c x3w 4ms | egraph 56g->168v+0snap 9ms | graft 40 (-99n, 0 snap) cpu 0 | f64 20 | gen 0.2s | dropped inexpr 1 oversz 0 unbuild 0 {}
  13     0     100               0  0.000110119868  0.000145346268    0.0740705669  0.000924945538     0.291512756     0.338813018
  13     1      50               0  0.000110119868  0.000145346268    0.0740705669  0.000924945538     0.291512756     0.338813018
          wgpu 1d 174g 294c x3w 4ms | egraph 57g->148v+0snap 10ms | graft 18 (-44n, 0 snap) cpu 0 | f64 20 | gen 0.1s | dropped inexpr 3 oversz 0 unbuild 0 {}
  14     0     100               0  0.000110119868  0.000145346268    0.0740705669  0.000924945538     0.291512756     0.338813018
  14     1      50               0  0.000110119868  0.000145346268    0.0740705669  0.000924945538     0.291512756     0.338813018
          wgpu 1d 181g 288c x3w 4ms | egraph 55g->142v+0snap 10ms | graft 26 (-88n, 0 snap) cpu 0 | f64 20 | gen 0.1s | dropped inexpr 1 oversz 0 unbuild 0 {}
  15     0     100               0  0.000110119868  0.000145346268    0.0740705669  0.000924945538     0.291512756     0.338813018
  15     1      50               0  0.000110119868  0.000145346268    0.0740705669  0.000924945538     0.291512756     0.338813018
          wgpu 1d 176g 262c x3w 4ms | egraph 65g->116v+0snap 10ms | graft 21 (-62n, 0 snap) cpu 0 | f64 20 | gen 0.1s | dropped inexpr 5 oversz 0 unbuild 0 {}
  16     0     100               0  0.000110119868  0.000145346268    0.0740705669  0.000924945538     0.291512756     0.338813018
  16     1      50               0  0.000110119868  0.000145346268    0.0740705669  0.000924945538     0.291512756     0.338813018
          wgpu 1d 180g 228c x3w 4ms | egraph 67g->82v+0snap 12ms | graft 13 (-58n, 0 snap) cpu 0 | f64 20 | gen 0.2s | dropped inexpr 3 oversz 0 unbuild 0 {}
  17     0     100               0  0.000110119868  0.000145346268    0.0740705669  0.000924945538     0.291512756     0.338813018
  17     1      50               0  0.000110119868  0.000145346268    0.0740705669  0.000924945538     0.291512756     0.338813018
          wgpu 1d 173g 260c x3w 3ms | egraph 43g->114v+0snap 7ms | graft 18 (-43n, 0 snap) cpu 0 | f64 20 | gen 0.1s | dropped inexpr 2 oversz 0 unbuild 0 {}
  18     0     100               0  8.16631279e-05  0.000100086656    0.0601830846   0.00122702296     0.216181184     0.233309478
  18     1      50               0  0.000110119868  0.000145346268    0.0740705669  0.000924945538     0.291512756     0.338813018
          wgpu 1d 159g 212c x3w 3ms | egraph 61g->66v+0snap 11ms | graft 17 (-45n, 0 snap) cpu 0 | f64 20 | gen 0.1s | dropped inexpr 1 oversz 0 unbuild 0 {}
  19     0     100               0  8.16631279e-05  0.000100086656    0.0601830846   0.00122702296     0.216181184     0.233309478
  19     1      50               0  0.000110119868  0.000145346268    0.0740705669  0.000924945538     0.291512756     0.338813018
          wgpu 1d 166g 212c x3w 3ms | egraph 41g->66v+0snap 6ms | graft 9 (-21n, 0 snap) cpu 0 | f64 20 | gen 0.2s | dropped inexpr 4 oversz 0 unbuild 0 {}
  20     0     100               0  8.16631279e-05  0.000100086656    0.0601830846   0.00122702296     0.216181184     0.233309478
  20     1      50               0  0.000110119868  0.000145346268    0.0740705669  0.000924945538     0.291512756     0.338813018
          wgpu 1d 122g 195c x3w 3ms | egraph 40g->49v+0snap 7ms | graft 11 (-26n, 0 snap) cpu 0 | f64 20 | gen 0.1s | dropped inexpr 1 oversz 0 unbuild 0 {}
--------- pump migration: intra (promote-2 + intake-reset) ---------
  21     0     100               0  8.16631279e-05  0.000100086656    0.0601830846   0.00122702296     0.216181184     0.233309478
  21     1      50               0  0.000110119868  0.000145346268    0.0740705669  0.000924945538     0.291512756     0.338813018
          wgpu 2d 379g 430c x3w 8ms | egraph 146g->204v+0snap 27ms | graft 28 (-125n, 0 snap) cpu 0 | f64 30 | gen 0.2s | dropped inexpr 3 oversz 0 unbuild 0 {}
  22     0     100               0  8.16631279e-05  0.000100086656    0.0601830846   0.00122702296     0.216181184     0.233309478
  22     1      50               0  0.000110119868  0.000145346268    0.0740705669  0.000924945538     0.291512756     0.338813018
          wgpu 1d 144g 187c x3w 3ms | egraph 38g->41v+0snap 7ms | graft 10 (-25n, 0 snap) cpu 0 | f64 20 | gen 0.1s
  23     0     100               0  8.16631279e-05  0.000100086656    0.0601830846   0.00122702296     0.216181184     0.233309478
  23     1      50               0  0.000110119868  0.000145346268    0.0740705669  0.000924945538     0.291512756     0.338813018
          wgpu 1d 144g 198c x3w 3ms | egraph 36g->52v+0snap 6ms | graft 7 (-17n, 0 snap) cpu 0 | f64 20 | gen 0.1s | dropped inexpr 2 oversz 0 unbuild 0 {}
  24     0     100               0  8.16631279e-05  0.000100086656    0.0601830846   0.00122702296     0.216181184     0.233309478
  24     1      50               0  0.000110119868  0.000145346268    0.0740705669  0.000924945538     0.291512756     0.338813018
          wgpu 1d 140g 211c x3w 3ms | egraph 37g->65v+0snap 7ms | graft 12 (-35n, 0 snap) cpu 0 | f64 20 | gen 0.1s | dropped inexpr 6 oversz 0 unbuild 0 {}
  25     0     100               0  8.16631279e-05  0.000100086656    0.0601830846   0.00122702296     0.216181184     0.233309478
  25     1      50               0  0.000110119868  0.000145346268    0.0740705669  0.000924945538     0.291512756     0.338813018
          wgpu 1d 144g 207c x3w 3ms | egraph 32g->61v+0snap 6ms | graft 8 (-26n, 0 snap) cpu 0 | f64 20 | gen 0.1s | dropped inexpr 2 oversz 0 unbuild 0 {}
  26     0     100               0  8.16631279e-05  0.000100086656    0.0601830846   0.00122702296     0.216181184     0.233309478
  26     1      50               0  0.000110119868  0.000145346268    0.0740705669  0.000924945538     0.291512756     0.338813018
          wgpu 1d 153g 217c x3w 3ms | egraph 36g->71v+0snap 7ms | graft 13 (-47n, 0 snap) cpu 0 | f64 20 | gen 0.1s | dropped inexpr 1 oversz 0 unbuild 0 {}
  27     0     100               0  8.16631279e-05  0.000100086656    0.0601830846   0.00122702296     0.216181184     0.233309478
  27     1      50               0  0.000110119868  0.000145346268    0.0740705669  0.000924945538     0.291512756     0.338813018
          wgpu 1d 145g 201c x3w 3ms | egraph 30g->55v+0snap 7ms | graft 14 (-41n, 0 snap) cpu 0 | f64 20 | gen 0.2s
  28     0     100               0  8.16631279e-05  0.000100086656    0.0601830846   0.00122702296     0.216181184     0.233309478
  28     1      50               0  0.000110119868  0.000145346268    0.0740705669  0.000924945538     0.291512756     0.338813018
          wgpu 1d 136g 194c x3w 4ms | egraph 29g->48v+0snap 5ms | graft 9 (-20n, 0 snap) cpu 0 | f64 20 | gen 0.2s | dropped inexpr 1 oversz 0 unbuild 0 {}
  29     0     100               0  8.16631279e-05  0.000100086656    0.0601830846   0.00122702296     0.216181184     0.233309478
  29     1      50               0  0.000110119868  0.000145346268    0.0740705669  0.000924945538     0.291512756     0.338813018
          wgpu 1d 132g 182c x3w 3ms | egraph 26g->36v+0snap 5ms | graft 4 (-9n, 0 snap) cpu 0 | f64 20 | gen 0.2s
  30     0     100               0  8.16631279e-05  0.000100086656    0.0601830846   0.00122702296     0.216181184     0.233309478
  30     1      50               0  0.000110119868  0.000145346268    0.0740705669  0.000924945538     0.291512756     0.338813018
          wgpu 1d 142g 200c x3w 3ms | egraph 23g->54v+0snap 5ms | graft 8 (-21n, 0 snap) cpu 0 | f64 20 | gen 0.1s | dropped inexpr 2 oversz 0 unbuild 0 {}
--------- pump migration: intra (promote-2 + intake-reset) ---------
  31     0     100               0  8.16631279e-05  0.000100086656    0.0601830846   0.00122702296     0.216181184     0.233309478
  31     1      50               0  8.16631279e-05  0.000100086656    0.0601830846   0.00122702296     0.216181184     0.233309478
          wgpu 2d 347g 376c x3w 7ms | egraph 106g->150v+0snap 24ms | graft 23 (-68n, 0 snap) cpu 0 | f64 30 | gen 0.1s | dropped inexpr 6 oversz 0 unbuild 0 {}
  32     0     100               0  8.16631279e-05  0.000100086656    0.0601830846   0.00122702296     0.216181184     0.233309478
  32     1      50               0  0.000110119868  0.000145346268    0.0740705669  0.000924945538     0.291512756     0.338813018
          wgpu 1d 143g 202c x3w 4ms | egraph 32g->56v+0snap 5ms | graft 9 (-25n, 0 snap) cpu 0 | f64 20 | gen 0.1s
  33     0     100               0  8.16631279e-05  0.000100086656    0.0601830846   0.00122702296     0.216181184     0.233309478
  33     1      50               0  0.000110119868  0.000145346268    0.0740705669  0.000924945538     0.291512756     0.338813018
          wgpu 1d 160g 258c x3w 3ms | egraph 34g->112v+0snap 8ms | graft 4 (-9n, 0 snap) cpu 0 | f64 20 | gen 0.1s | dropped inexpr 3 oversz 0 unbuild 0 {}
  34     0     100               0  8.16631279e-05  0.000100086656    0.0601830846   0.00122702296     0.216181184     0.233309478
  34     1      50               0  0.000110119868  0.000145346268    0.0740705669  0.000924945538     0.291512756     0.338813018
          wgpu 1d 161g 191c x3w 3ms | egraph 31g->45v+0snap 6ms | graft 12 (-30n, 0 snap) cpu 0 | f64 20 | gen 0.1s | dropped inexpr 1 oversz 0 unbuild 0 {}
  35     0     100               0  8.16631279e-05  0.000100086656    0.0601830846   0.00122702296     0.216181184     0.233309478
  35     1      50               0  0.000110119868  0.000145346268    0.0740705669  0.000924945538     0.291512756     0.338813018
          wgpu 1d 126g 187c x3w 3ms | egraph 22g->41v+0snap 6ms | graft 12 (-35n, 0 snap) cpu 0 | f64 23 | gen 0.1s
  36     0     100               0  8.16631279e-05  0.000100086656    0.0601830846   0.00122702296     0.216181184     0.233309478
  36     1      50               0  0.000110119868  0.000145346268    0.0740705669  0.000924945538     0.291512756     0.338813018
          wgpu 1d 154g 207c x3w 3ms | egraph 26g->61v+0snap 6ms | graft 14 (-37n, 0 snap) cpu 0 | f64 20 | gen 0.1s
  37     0     100               0  8.16631279e-05  0.000100086656    0.0601830846   0.00122702296     0.216181184     0.233309478
  37     1      50               0  0.000110119868  0.000145346268    0.0740705669  0.000924945538     0.291512756     0.338813018
          wgpu 1d 143g 195c x3w 3ms | egraph 24g->49v+0snap 5ms | graft 7 (-14n, 0 snap) cpu 0 | f64 20 | gen 0.1s | dropped inexpr 1 oversz 0 unbuild 0 {}
  38     0     100               0  8.16631279e-05  0.000100086656    0.0601830846   0.00122702296     0.216181184     0.233309478
  38     1      50               0  0.000110119868  0.000145346268    0.0740705669  0.000924945538     0.291512756     0.338813018
          wgpu 1d 131g 201c x3w 3ms | egraph 20g->55v+0snap 5ms | graft 7 (-20n, 0 snap) cpu 0 | f64 20 | gen 0.1s
  39     0     100               0  8.16631279e-05  0.000100086656    0.0601830846   0.00122702296     0.216181184     0.233309478
  39     1      50               0  0.000110119868  0.000145346268    0.0740705669  0.000924945538     0.291512756     0.338813018
          wgpu 1d 153g 210c x3w 3ms | egraph 25g->64v+0snap 6ms | graft 10 (-25n, 0 snap) cpu 0 | f64 20 | gen 0.1s | dropped inexpr 2 oversz 0 unbuild 0 {}
  40     0     100               0  8.16631279e-05  0.000100086656    0.0601830846   0.00122702296     0.216181184     0.233309478
  40     1      50               0  0.000110119868  0.000145346268    0.0740705669  0.000924945538     0.291512756     0.338813018
          wgpu 1d 150g 208c x3w 3ms | egraph 23g->62v+0snap 6ms | graft 11 (-25n, 0 snap) cpu 0 | f64 22 | gen 0.1s | dropped inexpr 1 oversz 0 unbuild 0 {}
--------- pump migration: intra (promote-2 + intake-reset) ---------
  41     0     100               0  8.16631279e-05  0.000100086656    0.0601830846   0.00122702296     0.216181184     0.233309478
  41     1      50               0  7.73454063e-05  9.37928135e-05    0.0549125101    0.0017650192     0.204751176     0.218638061
          wgpu 2d 312g 320c x3w 6ms | egraph 101g->94v+0snap 17ms | graft 21 (-70n, 0 snap) cpu 0 | f64 30 | gen 0.1s | dropped inexpr 4 oversz 0 unbuild 0 {}
  42     0     100               0  8.16631279e-05  0.000100086656    0.0601830846   0.00122702296     0.216181184     0.233309478
  42     1      50               0  7.73454063e-05  9.37928135e-05    0.0549125101    0.0017650192     0.204751176     0.218638061
          wgpu 1d 118g 169c x3w 3ms | egraph 18g->23v+0snap 4ms | graft 5 (-12n, 0 snap) cpu 0 | f64 20 | gen 0.1s | dropped inexpr 1 oversz 0 unbuild 0 {}
  43     0     100               0  8.16631279e-05  0.000100086656    0.0601830846   0.00122702296     0.216181184     0.233309478
  43     1      50               0  7.73454063e-05  9.37928135e-05    0.0549125101    0.0017650192     0.204751176     0.218638061
          wgpu 1d 120g 173c x3w 3ms | egraph 13g->27v+0snap 3ms | graft 5 (-12n, 0 snap) cpu 0 | f64 20 | gen 0.1s
  44     0     100               0  8.16631279e-05  0.000100086656    0.0601830846   0.00122702296     0.216181184     0.233309478
  44     1      50               0  7.73454063e-05  9.37928135e-05    0.0549125101    0.0017650192     0.204751176     0.218638061
          wgpu 1d 135g 169c x3w 3ms | egraph 21g->23v+0snap 4ms | graft 5 (-11n, 0 snap) cpu 0 | f64 20 | gen 0.2s
  45     0     100               0  8.16631279e-05  0.000100086656    0.0601830846   0.00122702296     0.216181184     0.233309478
  45     1      50               0  7.73454063e-05  9.37928135e-05    0.0549125101    0.0017650192     0.204751176     0.218638061
          wgpu 1d 108g 171c x3w 3ms | egraph 15g->25v+0snap 3ms | graft 4 (-12n, 0 snap) cpu 0 | f64 20 | gen 0.1s
