/opt/anaconda3/lib/python3.12/site-packages/geppy/__init__.py:26: UserWarning: pkg_resources is deprecated as an API. See https://setuptools.pypa.io/en/latest/pkg_resources.html. The pkg_resources package is slated for removal as early as 2025-11-30. Refrain from using this package or pin to Setuptools<81.
  from pkg_resources import get_distribution, DistributionNotFound
hff library OK (test fitness: (0.1415394733244273,))
registry: ['circle_area', 'gravity', 'coulomb', 'pendulum', 'keplers3', 'ideal_gas', 'I_6_2a', 'I_6_2', 'I_6_2b', 'I_8_14', 'I_9_18', 'I_10_7', 'I_11_19', 'I_12_1', 'I_12_2', 'I_12_4', 'I_12_5', 'I_12_11', 'I_13_4', 'I_13_12', 'I_14_3', 'I_14_4', 'I_15_3x', 'I_15_3t', 'I_15_1', 'I_16_6', 'I_18_4', 'I_18_12', 'I_18_14', 'I_24_6', 'I_25_13', 'I_26_2', 'I_27_6', 'I_29_4', 'I_29_16', 'I_30_3', 'I_30_5', 'I_32_5', 'I_32_17', 'I_34_8', 'I_34_1', 'I_34_14', 'I_34_27', 'I_37_4', 'I_38_12', 'I_39_1', 'I_39_11', 'I_39_22', 'I_40_1', 'I_41_16', 'I_43_16', 'I_43_31', 'I_43_43', 'I_44_4', 'I_47_23', 'I_48_2', 'I_50_26', 'II_2_42', 'II_3_24', 'II_4_23', 'II_6_11', 'II_6_15a', 'II_6_15b', 'II_8_7', 'II_8_31', 'II_10_9', 'II_11_3', 'II_11_17', 'II_11_20', 'II_11_27', 'II_11_28', 'II_13_17', 'II_13_23', 'II_13_34', 'II_15_4', 'II_15_5', 'II_21_32', 'II_24_17', 'II_27_16', 'II_27_18', 'II_34_2a', 'II_34_2', 'II_34_11', 'II_34_29a', 'II_34_29b', 'II_35_18', 'II_35_21', 'II_36_38', 'II_37_1', 'II_38_3', 'II_38_14', 'III_4_32', 'III_4_33', 'III_7_38', 'III_8_54', 'III_9_52', 'III_10_19', 'III_12_43', 'III_13_18', 'III_14_14', 'III_15_12', 'III_15_14', 'III_15_27', 'III_17_37', 'III_19_51', 'III_21_20', 'test_1', 'test_2', 'test_3', 'test_4', 'test_5', 'test_6', 'test_7', 'test_8', 'test_9', 'test_10', 'test_11', 'test_12', 'test_13', 'test_14', 'test_15', 'test_16', 'test_17', 'test_18', 'test_19', 'test_20']
[feynman override] head_length=48 (keep n_genes=3, avgval linker)
Selected problem: II_6_15b
  Description : Feynman I-III II.6.15b: Ef = p_d/(4*pi*epsilon)*3*cos(theta)*sin(theta)/r**3
  Variables   : ['epsilon', 'p_d', 'theta', 'r']
  Train range : {'epsilon': (1.0, 3.0), 'p_d': (1.0, 3.0), 'theta': (1.0, 3.0), 'r': (1.0, 3.0)}
  Extrap range: {'epsilon': (1.0, 4.5), 'p_d': (1.0, 4.5), 'theta': (1.0, 4.5), 'r': (1.0, 4.5)}
  Truth       : p_d/(4*pi*epsilon)*3*cos(theta)*sin(theta)/r**3
  ✓ cache hit  (data/equations/II_6_15b, key=5e875ae1af541919)
  train           (800, 5)  target range=[-0.1755, 0.1489]
  val             (200, 5)  target range=[-0.2697, 0.1452]
  holdout         (200, 5)  target range=[-0.1994, 0.1124]
  extrapolation   (200, 5)  target range=[-0.09178, 0.2144]
  saved figure → data/figures/II_6_15b/eda_pairplot.png
Wide primitive set enabled: sin, cos, exp, log added.
[E22 rules] variable pattern tags: {'has_gaussian_input', 'coulomb_form'}
[rules] HFF_RULES=generic: ['sum_sq_all', 'power_law']
[E22/23 rules] static candidate count: 1
[E22/23 rules] allowed to take a fitness slot (exact): 0
  [sum_sq_all/sum_sq] a=-0.0008 b=5.4074e-03 1-R²_va=1.0047e+00
[fuller] denoise + snap IN THE JOIN (every gene, every generation, K=8); mutation operators: physics=0.2 concretize=0.05
Wrapper scope: per_island  (island → wrapper map: ['identity', 'identity'])
[wgpu] process pool disabled — Metal cannot survive fork(); the population is evaluated in one dispatch instead
Genes: head_length=48, n_genes=3, rnc_array_length=10
Population: (per-island, see below), elites: 2, generations: 400, migration FREQ: 30
  pump per-island sizes: intake=100 (tournsize=8), champion=50 (tournsize=5)
Initialising evolution at 2026-09-19 07:44:27.880006
 gen  deme   evals     min fitness          mse_tr          mse_va         max_err      mse_extrap  one_minus_r2_tr  one_minus_r2_va
   0     0     100     0.200039564  0.000543924389   0.00109660233     0.230789451   0.00137569197     0.725651872     0.812837114
   0     1      50     0.171496491  0.000547606102   0.00108798751     0.247219141   0.00273216453     0.730563661     0.806451527
          wgpu 1d 290g 245c x3w 9ms | egraph 187g->95v+0snap 111ms | graft 14 (-66n, 0 snap) cpu 0 | f64 30 | gen 0.0s | dropped inexpr 5 oversz 0 unbuild 0 {}
Extending evolution: gen 1 → 400 (+400 generations)
   1     0     100     0.128706189  0.000474397095   0.00100998731     0.233363423   0.00141007188     0.632895209     0.748635259
   1     1      50     0.171496491  0.000547606102   0.00108798751     0.247219141   0.00273216453     0.730563661     0.806451527
          wgpu 1d 191g 245c x3w 4ms | egraph 94g->99v+0snap 21ms | graft 13 (-56n, 0 snap) cpu 0 | f64 28 | gen 0.4s | dropped inexpr 2 oversz 0 unbuild 0 {}
   2     0     100     0.128706189  0.000474397095   0.00100998731     0.233363423   0.00141007188     0.632895209     0.748635259
   2     1      50     0.171496491  0.000547606102   0.00108798751     0.247219141   0.00273216453     0.730563661     0.806451527
          wgpu 1d 129g 219c x3w 3ms | egraph 66g->73v+0snap 22ms | graft 7 (-24n, 0 snap) cpu 0 | f64 31 | gen 0.3s
   3     0     100     0.128706189  0.000474397095   0.00100998731     0.233363423   0.00141007188     0.632895209     0.748635259
   3     1      50     0.151265716  0.000557072945   0.00101365373     0.236521212   0.00148200869     0.743193417     0.751352925
          wgpu 1d 165g 230c x3w 4ms | egraph 78g->84v+0snap 16ms | graft 11 (-52n, 0 snap) cpu 0 | f64 24 | gen 0.2s | dropped inexpr 3 oversz 0 unbuild 0 {}
   4     0     100     0.122806211  0.000381833805  0.000750849259     0.220006866   0.00164502991     0.509406125     0.556553754
   4     1      50     0.151265716  0.000557072945   0.00101365373     0.236521212   0.00148200869     0.743193417     0.751352925
          wgpu 1d 152g 225c x3w 9ms | egraph 53g->79v+0snap 10ms | graft 8 (-36n, 0 snap) cpu 0 | f64 20 | gen 0.2s | dropped inexpr 6 oversz 0 unbuild 0 {}
   5     0     100     0.122806211  0.000381833805  0.000750849259     0.220006866   0.00164502991     0.509406125     0.556553754
   5     1      50     0.151265716  0.000557072945   0.00101365373     0.236521212   0.00148200869     0.743193417     0.751352925
          wgpu 1d 124g 203c x3w 3ms | egraph 58g->57v+0snap 10ms | graft 6 (-23n, 0 snap) cpu 0 | f64 20 | gen 0.1s | dropped inexpr 9 oversz 0 unbuild 0 {}
   6     0     100      0.10513902  0.000340439294   0.00062206978     0.196502449   0.00168998165     0.454181529     0.461098239
   6     1      50     0.151265716  0.000557072945   0.00101365373     0.236521212   0.00148200869     0.743193417     0.751352925
          wgpu 1d 103g 194c x3w 3ms | egraph 53g->48v+0snap 20ms | graft 1 (-6n, 0 snap) cpu 0 | f64 20 | gen 0.1s | dropped inexpr 11 oversz 0 unbuild 0 {}
   7     0     100      0.10513902  0.000340439294   0.00062206978     0.196502449   0.00168998165     0.454181529     0.461098239
   7     1      50     0.151265716  0.000557072945   0.00101365373     0.236521212   0.00148200869     0.743193417     0.751352925
          wgpu 1d 138g 201c x3w 3ms | egraph 70g->55v+0snap 10ms | graft 6 (-31n, 0 snap) cpu 0 | f64 23 | gen 0.1s | dropped inexpr 14 oversz 0 unbuild 0 {}
   8     0     100      0.10513902  0.000340439294   0.00062206978     0.196502449   0.00168998165     0.454181529     0.461098239
   8     1      50     0.151265716  0.000557072945   0.00101365373     0.236521212   0.00148200869     0.743193417     0.751352925
          wgpu 1d 116g 197c x3w 3ms | egraph 45g->51v+0snap 7ms | graft 3 (-15n, 0 snap) cpu 0 | f64 21 | gen 0.1s | dropped inexpr 8 oversz 0 unbuild 0 {}
   9     0     100     0.103305445  0.000344231775  0.000545850904     0.156338751   0.00257176829     0.459241095     0.404602343
   9     1      50     0.105616357  0.000431695784  0.000783877939     0.217561073   0.00152249464     0.575927206     0.581035679
          wgpu 1d 147g 203c x3w 3ms | egraph 64g->57v+0snap 10ms | graft 7 (-36n, 0 snap) cpu 0 | f64 20 | gen 0.1s | dropped inexpr 15 oversz 0 unbuild 0 {}
  10     0     100     0.103305445  0.000344231775  0.000545850904     0.156338751   0.00257176829     0.459241095     0.404602343
  10     1      50    0.0700241359  0.000431695784  0.000783877939     0.217561073   0.00152249464     0.575927206     0.581035679
          wgpu 1d 115g 180c x3w 3ms | egraph 54g->34v+0snap 9ms | graft 1 (-7n, 0 snap) cpu 0 | f64 28 | gen 0.1s | dropped inexpr 12 oversz 0 unbuild 0 {}
--------- pump migration: intra (promote-2 + intake-reset) ---------
  11     0     100    0.0506384509  0.000342610234  0.000556964395      0.14145418   0.00160956041      0.45707779     0.412840022
  11     1      50    0.0700241359  0.000431695784  0.000783877939     0.217561073   0.00152249464     0.575927206     0.581035679
          wgpu 2d 351g 380c x3w 7ms | egraph 167g->154v+0snap 39ms | graft 22 (-133n, 0 snap) cpu 0 | f64 31 | gen 0.3s | dropped inexpr 12 oversz 0 unbuild 0 {}
  12     0     100    0.0506384509  0.000342610234  0.000556964395      0.14145418   0.00160956041      0.45707779     0.412840022
  12     1      50    0.0700241359  0.000431695784  0.000783877939     0.217561073   0.00152249464     0.575927206     0.581035679
          wgpu 1d 106g 202c x3w 3ms | egraph 34g->56v+0snap 16ms | graft 2 (-5n, 0 snap) cpu 0 | f64 20 | gen 0.1s | dropped inexpr 11 oversz 0 unbuild 0 {}
  13     0     100    0.0407384781  0.000342826272  0.000515281685     0.140291311   0.00233640993     0.457366006      0.38194345
  13     1      50    0.0573719599  0.000431695784  0.000783877939     0.217561073   0.00152249464     0.575927206     0.581035679
          wgpu 1d 124g 200c x3w 3ms | egraph 47g->54v+0snap 8ms | graft 2 (-11n, 0 snap) cpu 0 | f64 35 | gen 0.2s | dropped inexpr 6 oversz 0 unbuild 0 {}
  14     0     100    0.0407384781  0.000342826272  0.000515281685     0.140291311   0.00233640993     0.457366006      0.38194345
  14     1      50    0.0573719599  0.000431695781  0.000783877939     0.217561073   0.00152249465     0.575927202      0.58103568
          wgpu 1d 129g 206c x3w 3ms | egraph 48g->60v+0snap 18ms | graft 4 (-20n, 0 snap) cpu 0 | f64 24 | gen 0.2s | dropped inexpr 10 oversz 0 unbuild 0 {}
  15     0     100    0.0407384781  0.000342826272  0.000515281685     0.140291311   0.00233640993     0.457366006      0.38194345
  15     1      50    0.0573719599  0.000431695784  0.000783877939     0.217561073   0.00152249464     0.575927206     0.581035679
          wgpu 1d 99g 199c x3w 3ms | egraph 33g->53v+0snap 6ms | graft 1 (-3n, 0 snap) cpu 0 | f64 20 | gen 0.1s | dropped inexpr 7 oversz 0 unbuild 0 {}
  16     0     100    0.0407384781  0.000342826272  0.000515281685     0.140291311   0.00233640993     0.457366006      0.38194345
  16     1      50    0.0573719599  0.000431695784  0.000783877939     0.217561073   0.00152249464     0.575927206     0.581035679
          wgpu 1d 113g 204c x3w 3ms | egraph 34g->58v+0snap 6ms | graft 2 (-14n, 0 snap) cpu 0 | f64 20 | gen 0.2s | dropped inexpr 12 oversz 0 unbuild 0 {}
  17     0     100    0.0407384781  0.000342826272  0.000515281685     0.140291311   0.00233640993     0.457366006      0.38194345
  17     1      50    0.0497162978  0.000431695784  0.000783877939     0.217561073   0.00152249464     0.575927206     0.581035679
          wgpu 1d 116g 209c x3w 3ms | egraph 39g->63v+0snap 6ms | graft 4 (-14n, 0 snap) cpu 0 | f64 20 | gen 0.1s | dropped inexpr 7 oversz 0 unbuild 0 {}
  18     0     100    0.0407384781  0.000342826272  0.000515281685     0.140291311   0.00233640993     0.457366006      0.38194345
  18     1      50    0.0497162978  0.000431695781  0.000783877939     0.217561073   0.00152249465     0.575927202      0.58103568
          wgpu 1d 113g 198c x3w 3ms | egraph 35g->52v+0snap 6ms | graft 2 (-6n, 0 snap) cpu 0 | f64 20 | gen 0.1s | dropped inexpr 4 oversz 0 unbuild 0 {}
  19     0     100               0  0.000342826272  0.000515281685     0.140291311   0.00233640993     0.457366006      0.38194345
  19     1      50    0.0497162978  0.000431695784  0.000783877939     0.217561073   0.00152249464     0.575927206     0.581035679
          wgpu 1d 138g 221c x3w 3ms | egraph 38g->75v+0snap 13ms | graft 5 (-14n, 0 snap) cpu 0 | f64 40 | gen 0.2s | dropped inexpr 13 oversz 0 unbuild 0 {}
  20     0     100               0  0.000342826273  0.000515282793      0.14029131   0.00233640428     0.457366008     0.381944271
  20     1      50    0.0497162978  0.000431695784  0.000783877939     0.217561073   0.00152249464     0.575927206     0.581035679
          wgpu 1d 106g 210c x3w 3ms | egraph 24g->64v+0snap 12ms | graft 0 (-0n, 0 snap) cpu 0 | f64 20 | gen 0.1s | dropped inexpr 7 oversz 0 unbuild 0 {}
--------- pump migration: intra (promote-2 + intake-reset) ---------
  21     0     100               0  0.000342826273  0.000515282793      0.14029131   0.00233640428     0.457366008     0.381944271
  21     1      50               0  0.000342826273  0.000515282793      0.14029131   0.00233640428     0.457366008     0.381944271
          wgpu 2d 280g 325c x3w 6ms | egraph 102g->99v+0snap 19ms | graft 10 (-66n, 0 snap) cpu 0 | f64 30 | gen 0.1s | dropped inexpr 5 oversz 0 unbuild 0 {}
  22     0     100               0  0.000342826273  0.000515282793      0.14029131   0.00233640428     0.457366008     0.381944271
  22     1      50               0  0.000342826273  0.000515282793      0.14029131   0.00233640428     0.457366008     0.381944271
          wgpu 1d 87g 160c x3w 3ms | egraph 22g->14v+0snap 4ms | graft 1 (-3n, 0 snap) cpu 0 | f64 20 | gen 0.1s | dropped inexpr 3 oversz 0 unbuild 0 {}
  23     0     100               0  0.000342826272  0.000515281685     0.140291311   0.00233640993     0.457366006      0.38194345
  23     1      50               0  0.000342826273  0.000515282793      0.14029131   0.00233640428     0.457366008     0.381944271
          wgpu 1d 84g 162c x3w 6ms | egraph 26g->16v+0snap 4ms | graft 2 (-12n, 0 snap) cpu 0 | f64 20 | gen 0.2s | dropped inexpr 4 oversz 0 unbuild 0 {}
  24     0     100               0  0.000342826272  0.000515281685     0.140291311   0.00233640993     0.457366006      0.38194345
  24     1      50               0  0.000342826272  0.000515281685     0.140291311   0.00233640993     0.457366006      0.38194345
          wgpu 1d 91g 167c x3w 3ms | egraph 27g->21v+0snap 5ms | graft 0 (-0n, 0 snap) cpu 0 | f64 20 | gen 0.1s | dropped inexpr 6 oversz 0 unbuild 0 {}
  25     0     100               0  0.000342826272  0.000515281685     0.140291311   0.00233640993     0.457366006      0.38194345
  25     1      50               0  0.000342826272  0.000515281685     0.140291311   0.00233640993     0.457366006      0.38194345
          wgpu 1d 99g 165c x3w 3ms | egraph 25g->19v+0snap 5ms | graft 2 (-8n, 0 snap) cpu 0 | f64 20 | gen 0.1s | dropped inexpr 3 oversz 0 unbuild 0 {}
  26     0     100               0  0.000342826272  0.000515281685     0.140291311   0.00233640993     0.457366006      0.38194345
  26     1      50               0  0.000342826272  0.000515281685     0.140291311   0.00233640993     0.457366006      0.38194345
          wgpu 1d 79g 157c x3w 3ms | egraph 26g->11v+0snap 5ms | graft 1 (-4n, 0 snap) cpu 0 | f64 20 | gen 0.1s | dropped inexpr 2 oversz 0 unbuild 0 {}
  27     0     100               0  0.000342826272  0.000515281685     0.140291311   0.00233640993     0.457366006      0.38194345
  27     1      50               0  0.000342826272  0.000515281685     0.140291311   0.00233640993     0.457366006      0.38194345
          wgpu 1d 88g 168c x3w 3ms | egraph 28g->22v+0snap 5ms | graft 3 (-18n, 0 snap) cpu 0 | f64 20 | gen 0.1s | dropped inexpr 3 oversz 0 unbuild 0 {}
  28     0     100               0  0.000342826272  0.000515281685     0.140291311   0.00233640993     0.457366006      0.38194345
  28     1      50               0  0.000342826272  0.000515281685     0.140291311   0.00233640993     0.457366006      0.38194345
          wgpu 1d 82g 155c x3w 3ms | egraph 22g->9v+0snap 4ms | graft 2 (-5n, 0 snap) cpu 0 | f64 20 | gen 0.1s | dropped inexpr 2 oversz 0 unbuild 0 {}
  29     0     100               0  0.000342826272  0.000515281685     0.140291311   0.00233640993     0.457366006      0.38194345
  29     1      50               0  0.000342826272  0.000515281685     0.140291311   0.00233640993     0.457366006      0.38194345
          wgpu 1d 96g 162c x3w 3ms | egraph 29g->16v+0snap 7ms | graft 1 (-4n, 0 snap) cpu 0 | f64 20 | gen 0.1s | dropped inexpr 1 oversz 0 unbuild 0 {}
  30     0     100               0  0.000342826272  0.000515281685     0.140291311   0.00233640993     0.457366006      0.38194345
  30     1      50               0  0.000342826272  0.000515281685     0.140291311   0.00233640993     0.457366006      0.38194345
          wgpu 1d 104g 165c x3w 3ms | egraph 34g->19v+0snap 6ms | graft 2 (-9n, 0 snap) cpu 0 | f64 20 | gen 0.1s | dropped inexpr 2 oversz 0 unbuild 0 {}
--------- pump migration: intra (promote-2 + intake-reset) ---------
  31     0     100               0  0.000342826272  0.000515281685     0.140291311   0.00233640993     0.457366006      0.38194345
  31     1      50               0  0.000342826272  0.000515281685     0.140291311   0.00233640993     0.457366006      0.38194345
          wgpu 2d 268g 294c x3w 6ms | egraph 103g->68v+0snap 18ms | graft 7 (-27n, 0 snap) cpu 0 | f64 30 | gen 0.1s | dropped inexpr 5 oversz 0 unbuild 0 {}
  32     0     100               0  0.000342826272  0.000515281685     0.140291311   0.00233640993     0.457366006      0.38194345
  32     1      50               0  0.000342826272  0.000515281685     0.140291311   0.00233640993     0.457366006      0.38194345
          wgpu 1d 91g 167c x3w 3ms | egraph 14g->21v+0snap 3ms | graft 2 (-8n, 0 snap) cpu 0 | f64 20 | gen 0.1s | dropped inexpr 2 oversz 0 unbuild 0 {}
  33     0     100               0  0.000342826272  0.000515281685     0.140291311   0.00233640993     0.457366006      0.38194345
  33     1      50               0  0.000342826272  0.000515281685     0.140291311   0.00233640993     0.457366006      0.38194345
          wgpu 1d 90g 160c x3w 3ms | egraph 16g->14v+0snap 3ms | graft 0 (-0n, 0 snap) cpu 0 | f64 20 | gen 0.1s | dropped inexpr 1 oversz 0 unbuild 0 {}
  34     0     100               0  0.000342826272  0.000515281685     0.140291311   0.00233640993     0.457366006      0.38194345
  34     1      50               0  0.000342826272  0.000515281685     0.140291311   0.00233640993     0.457366006      0.38194345
          wgpu 1d 94g 165c x3w 3ms | egraph 17g->19v+0snap 4ms | graft 5 (-16n, 0 snap) cpu 0 | f64 20 | gen 0.1s | dropped inexpr 3 oversz 0 unbuild 0 {}
  35     0     100               0  0.000342826272  0.000515281685     0.140291311   0.00233640993     0.457366006      0.38194345
  35     1      50               0  0.000342826272  0.000515281685     0.140291311   0.00233640993     0.457366006      0.38194345
          wgpu 1d 87g 161c x3w 3ms | egraph 16g->15v+0snap 3ms | graft 1 (-2n, 0 snap) cpu 0 | f64 20 | gen 0.1s | dropped inexpr 1 oversz 0 unbuild 0 {}
  36     0     100               0  0.000342826272  0.000515281685     0.140291311   0.00233640993     0.457366006      0.38194345
  36     1      50               0  0.000342826272  0.000515281685     0.140291311   0.00233640993     0.457366006      0.38194345
          wgpu 1d 84g 167c x3w 3ms | egraph 20g->21v+0snap 4ms | graft 0 (-0n, 0 snap) cpu 0 | f64 20 | gen 0.1s | dropped inexpr 5 oversz 0 unbuild 0 {}
  37     0     100               0  0.000342826272  0.000515281685     0.140291311   0.00233640993     0.457366006      0.38194345
  37     1      50               0  0.000342826272  0.000515281685     0.140291311   0.00233640993     0.457366006      0.38194345
          wgpu 1d 85g 153c x3w 3ms | egraph 15g->7v+0snap 3ms | graft 1 (-2n, 0 snap) cpu 0 | f64 20 | gen 0.1s | dropped inexpr 2 oversz 0 unbuild 0 {}
  38     0     100               0  0.000342826272  0.000515281685     0.140291311   0.00233640993     0.457366006      0.38194345
  38     1      50               0  0.000342826272  0.000515281685     0.140291311   0.00233640993     0.457366006      0.38194345
          wgpu 1d 83g 156c x3w 3ms | egraph 11g->10v+0snap 3ms | graft 1 (-3n, 0 snap) cpu 0 | f64 20 | gen 0.1s | dropped inexpr 2 oversz 0 unbuild 0 {}
  39     0     100               0  0.000342826272  0.000515281685     0.140291311   0.00233640993     0.457366006      0.38194345
  39     1      50               0  0.000342826272  0.000515281685     0.140291311   0.00233640993     0.457366006      0.38194345
          wgpu 1d 85g 158c x3w 3ms | egraph 16g->12v+0snap 3ms | graft 3 (-10n, 0 snap) cpu 0 | f64 20 | gen 0.1s | dropped inexpr 2 oversz 0 unbuild 0 {}
  40     0     100               0  0.000342826272  0.000515281685     0.140291311   0.00233640993     0.457366006      0.38194345
  40     1      50               0  0.000342826272  0.000515281685     0.140291311   0.00233640993     0.457366006      0.38194345
          wgpu 1d 79g 157c x3w 3ms | egraph 17g->11v+0snap 4ms | graft 1 (-2n, 0 snap) cpu 0 | f64 20 | gen 0.1s
--------- pump migration: intra (promote-2 + intake-reset) ---------
  41     0     100               0  0.000342826272  0.000515281685     0.140291311   0.00233640993     0.457366006      0.38194345
  41     1      50               0  0.000342826272  0.000515281685     0.140291311   0.00233640993     0.457366006      0.38194345
          wgpu 2d 275g 309c x3w 8ms | egraph 106g->83v+0snap 19ms | graft 11 (-69n, 0 snap) cpu 0 | f64 30 | gen 0.2s | dropped inexpr 4 oversz 0 unbuild 0 {}
  42     0     100               0  0.000342826272  0.000515281685     0.140291311   0.00233640993     0.457366006      0.38194345
  42     1      50               0  0.000342826272  0.000515281685     0.140291311   0.00233640993     0.457366006      0.38194345
          wgpu 1d 92g 158c x3w 3ms | egraph 13g->12v+0snap 5ms | graft 2 (-12n, 0 snap) cpu 0 | f64 20 | gen 0.1s
  43     0     100               0  0.000342826272  0.000515281685     0.140291311   0.00233640993     0.457366006      0.38194345
  43     1      50               0  0.000342826272  0.000515281685     0.140291311   0.00233640993     0.457366006      0.38194345
          wgpu 1d 90g 167c x3w 3ms | egraph 15g->21v+0snap 3ms | graft 3 (-12n, 0 snap) cpu 0 | f64 20 | gen 0.1s | dropped inexpr 3 oversz 0 unbuild 0 {}
  44     0     100               0  0.000342826273  0.000515282793      0.14029131   0.00233640428     0.457366008     0.381944271
  44     1      50               0  0.000342826272  0.000515281685     0.140291311   0.00233640993     0.457366006      0.38194345
          wgpu 1d 77g 157c x3w 3ms | egraph 13g->11v+0snap 3ms | graft 1 (-4n, 0 snap) cpu 0 | f64 20 | gen 0.1s
  45     0     100               0  0.000342826273  0.000515282793      0.14029131   0.00233640428     0.457366008     0.381944271
  45     1      50               0  0.000342826272  0.000515281685     0.140291311   0.00233640993     0.457366006      0.38194345
          wgpu 1d 91g 164c x3w 3ms | egraph 20g->18v+0snap 4ms | graft 2 (-9n, 0 snap) cpu 0 | f64 20 | gen 0.1s | dropped inexpr 2 oversz 0 unbuild 0 {}
  46     0     100               0  0.000342826273  0.000515282793      0.14029131   0.00233640428     0.457366008     0.381944271
  46     1      50               0  0.000342826272  0.000515281685     0.140291311   0.00233640993     0.457366006      0.38194345
          wgpu 1d 101g 166c x3w 3ms | egraph 25g->20v+0snap 4ms | graft 3 (-11n, 0 snap) cpu 0 | f64 20 | gen 0.1s | dropped inexpr 3 oversz 0 unbuild 0 {}
  47     0     100               0  0.000342826273  0.000515282793      0.14029131   0.00233640428     0.457366008     0.381944271
  47     1      50               0  0.000342826272  0.000515281685     0.140291311   0.00233640993     0.457366006      0.38194345
          wgpu 1d 95g 162c x3w 3ms | egraph 29g->16v+0snap 6ms | graft 1 (-3n, 0 snap) cpu 0 | f64 20 | gen 0.2s
  48     0     100               0  0.000342826273  0.000515282793      0.14029131   0.00233640428     0.457366008     0.381944271
  48     1      50               0  0.000342826272  0.000515281685     0.140291311   0.00233640993     0.457366006      0.38194345
          wgpu 1d 90g 154c x3w 3ms | egraph 18g->8v+0snap 4ms | graft 1 (-2n, 0 snap) cpu 0 | f64 20 | gen 0.1s | dropped inexpr 1 oversz 0 unbuild 0 {}
  49     0     100               0  0.000342826273  0.000515282793      0.14029131   0.00233640428     0.457366008     0.381944271
  49     1      50               0  0.000342826272  0.000515281685     0.140291311   0.00233640993     0.457366006      0.38194345
          wgpu 1d 98g 166c x3w 3ms | egraph 15g->20v+0snap 4ms | graft 2 (-14n, 0 snap) cpu 0 | f64 20 | gen 0.1s
  50     0     100               0  0.000342826273  0.000515282793      0.14029131   0.00233640428     0.457366008     0.381944271
  50     1      50               0  0.000342826272  0.000515281685     0.140291311   0.00233640993     0.457366006      0.38194345
          wgpu 1d 84g 158c x3w 3ms | egraph 16g->12v+0snap 3ms | graft 1 (-6n, 0 snap) cpu 0 | f64 20 | gen 0.1s
--------- pump migration: intra (promote-2 + intake-reset) ---------
  51     0     100               0  0.000342826273  0.000515282793      0.14029131   0.00233640428     0.457366008     0.381944271
  51     1      50               0  0.000342826272  0.000515281685     0.140291311   0.00233640993     0.457366006      0.38194345
          wgpu 2d 253g 287c x3w 6ms | egraph 96g->61v+0snap 17ms | graft 6 (-22n, 0 snap) cpu 0 | f64 30 | gen 0.1s | dropped inexpr 3 oversz 0 unbuild 0 {}
  52     0     100               0  0.000342826273  0.000515282793      0.14029131   0.00233640428     0.457366008     0.381944271
  52     1      50               0  0.000342826272  0.000515281685     0.140291311   0.00233640993     0.457366006      0.38194345
          wgpu 1d 99g 170c x3w 3ms | egraph 18g->24v+0snap 3ms | graft 3 (-15n, 0 snap) cpu 0 | f64 20 | gen 0.1s | dropped inexpr 2 oversz 0 unbuild 0 {}
  53     0     100               0  0.000342826273  0.000515282793      0.14029131   0.00233640428     0.457366008     0.381944271
  53     1      50               0  0.000342826272  0.000515281685     0.140291311   0.00233640993     0.457366006      0.38194345
          wgpu 1d 96g 169c x3w 4ms | egraph 20g->23v+0snap 4ms | graft 3 (-15n, 0 snap) cpu 0 | f64 20 | gen 0.1s | dropped inexpr 1 oversz 0 unbuild 0 {}
  54     0     100               0  0.000342826273  0.000515282793      0.14029131   0.00233640428     0.457366008     0.381944271
  54     1      50               0  0.000342826272  0.000515281685     0.140291311   0.00233640993     0.457366006      0.38194345
          wgpu 1d 98g 169c x3w 3ms | egraph 23g->23v+0snap 4ms | graft 2 (-7n, 0 snap) cpu 0 | f64 20 | gen 0.1s | dropped inexpr 3 oversz 0 unbuild 0 {}
  55     0     100               0  0.000342826273  0.000515282793      0.14029131   0.00233640428     0.457366008     0.381944271
  55     1      50               0  0.000342826272  0.000515281685     0.140291311   0.00233640993     0.457366006      0.38194345
          wgpu 1d 87g 161c x3w 3ms | egraph 14g->15v+0snap 3ms | graft 3 (-9n, 0 snap) cpu 0 | f64 20 | gen 0.2s
  56     0     100               0  0.000342826273  0.000515282793      0.14029131   0.00233640428     0.457366008     0.381944271
  56     1      50               0  0.000342826272  0.000515281685     0.140291311   0.00233640993     0.457366006      0.38194345
          wgpu 1d 88g 161c x3w 3ms | egraph 17g->15v+0snap 4ms | graft 2 (-7n, 0 snap) cpu 0 | f64 20 | gen 0.1s
