/opt/anaconda3/lib/python3.12/site-packages/geppy/__init__.py:26: UserWarning: pkg_resources is deprecated as an API. See https://setuptools.pypa.io/en/latest/pkg_resources.html. The pkg_resources package is slated for removal as early as 2025-11-30. Refrain from using this package or pin to Setuptools<81.
  from pkg_resources import get_distribution, DistributionNotFound
hff library OK (test fitness: (0.1415394733244273,))
registry: ['circle_area', 'gravity', 'coulomb', 'pendulum', 'keplers3', 'ideal_gas', 'I_6_2a', 'I_6_2', 'I_6_2b', 'I_8_14', 'I_9_18', 'I_10_7', 'I_11_19', 'I_12_1', 'I_12_2', 'I_12_4', 'I_12_5', 'I_12_11', 'I_13_4', 'I_13_12', 'I_14_3', 'I_14_4', 'I_15_3x', 'I_15_3t', 'I_15_1', 'I_16_6', 'I_18_4', 'I_18_12', 'I_18_14', 'I_24_6', 'I_25_13', 'I_26_2', 'I_27_6', 'I_29_4', 'I_29_16', 'I_30_3', 'I_30_5', 'I_32_5', 'I_32_17', 'I_34_8', 'I_34_1', 'I_34_14', 'I_34_27', 'I_37_4', 'I_38_12', 'I_39_1', 'I_39_11', 'I_39_22', 'I_40_1', 'I_41_16', 'I_43_16', 'I_43_31', 'I_43_43', 'I_44_4', 'I_47_23', 'I_48_2', 'I_50_26', 'II_2_42', 'II_3_24', 'II_4_23', 'II_6_11', 'II_6_15a', 'II_6_15b', 'II_8_7', 'II_8_31', 'II_10_9', 'II_11_3', 'II_11_17', 'II_11_20', 'II_11_27', 'II_11_28', 'II_13_17', 'II_13_23', 'II_13_34', 'II_15_4', 'II_15_5', 'II_21_32', 'II_24_17', 'II_27_16', 'II_27_18', 'II_34_2a', 'II_34_2', 'II_34_11', 'II_34_29a', 'II_34_29b', 'II_35_18', 'II_35_21', 'II_36_38', 'II_37_1', 'II_38_3', 'II_38_14', 'III_4_32', 'III_4_33', 'III_7_38', 'III_8_54', 'III_9_52', 'III_10_19', 'III_12_43', 'III_13_18', 'III_14_14', 'III_15_12', 'III_15_14', 'III_15_27', 'III_17_37', 'III_19_51', 'III_21_20', 'test_1', 'test_2', 'test_3', 'test_4', 'test_5', 'test_6', 'test_7', 'test_8', 'test_9', 'test_10', 'test_11', 'test_12', 'test_13', 'test_14', 'test_15', 'test_16', 'test_17', 'test_18', 'test_19', 'test_20']
[feynman override] head_length=48 (keep n_genes=3, avgval linker)
Selected problem: II_6_15a
  Description : Feynman I-III II.6.15a: Ef = p_d/(4*pi*epsilon)*3*z/r**5*sqrt(x**2+y**2)
  Variables   : ['epsilon', 'p_d', 'r', 'x', 'y', 'z']
  Train range : {'epsilon': (1.0, 3.0), 'p_d': (1.0, 3.0), 'r': (1.0, 3.0), 'x': (1.0, 3.0), 'y': (1.0, 3.0), 'z': (1.0, 3.0)}
  Extrap range: {'epsilon': (1.0, 4.5), 'p_d': (1.0, 4.5), 'r': (1.0, 4.5), 'x': (1.0, 4.5), 'y': (1.0, 4.5), 'z': (1.0, 4.5)}
  Truth       : p_d/(4*pi*epsilon)*3*z/r**5*sqrt(x**2+y**2)
  ✓ cache hit  (data/equations/II_6_15a, key=bbdb9099d25152a3)
  train           (800, 7)  target range=[0.00182, 3.464]
  val             (200, 7)  target range=[0.002426, 1.72]
  holdout         (200, 7)  target range=[0.002997, 3.095]
  extrapolation   (200, 7)  target range=[0.0003523, 9.709]
(skipping pairplot — too many variables: 6)
Wide primitive set enabled: sin, cos, exp, log added.
[E22 rules] variable pattern tags: {'coulomb_form'}
[rules] HFF_RULES=generic: ['sum_sq_all', 'power_law']
[E22/23 rules] static candidate count: 1
[E22/23 rules] allowed to take a fitness slot (exact): 0
  [sum_sq_all/sum_sq] a=-0.0086 b=4.2340e-01 1-R²_va=1.0010e+00
[fuller] denoise + snap IN THE JOIN (every gene, every generation, K=8); mutation operators: physics=0.2 concretize=0.05
Wrapper scope: per_island  (island → wrapper map: ['identity', 'identity'])
[wgpu] process pool disabled — Metal cannot survive fork(); the population is evaluated in one dispatch instead
Genes: head_length=48, n_genes=3, rnc_array_length=10
Population: (per-island, see below), elites: 2, generations: 400, migration FREQ: 30
  pump per-island sizes: intake=100 (tournsize=8), champion=50 (tournsize=5)
Initialising evolution at 2026-09-19 07:44:26.627810
 gen  deme   evals     min fitness          mse_tr          mse_va         max_err      mse_extrap  one_minus_r2_tr  one_minus_r2_va
   0     0     100               0    0.0763434685    0.0375977379      1.05923878     0.564728567     0.546301036       0.4826279
   0     1      50   0.00385014374    0.0763480303    0.0376141753      1.05893179      0.56467305     0.546333679     0.482838901
          wgpu 1d 285g 233c x3w 10ms | egraph 190g->83v+0snap 71ms | graft 13 (-81n, 0 snap) cpu 0 | f64 31 | gen 0.0s | dropped inexpr 3 oversz 0 unbuild 0 {}
Extending evolution: gen 1 → 400 (+400 generations)
   1     0     100               0    0.0763434685    0.0375977379      1.05923878     0.564728567     0.546301036       0.4826279
   1     1      50   0.00385014374    0.0763480303    0.0376141753      1.05893179      0.56467305     0.546333679     0.482838901
          wgpu 1d 142g 225c x3w 4ms | egraph 67g->79v+0snap 42ms | graft 11 (-67n, 0 snap) cpu 0 | f64 33 | gen 0.5s
   2     0     100               0    0.0763434685    0.0375977379      1.05923878     0.564728567     0.546301036       0.4826279
   2     1      50   0.00385014374    0.0763480303    0.0376141753      1.05893179      0.56467305     0.546333679     0.482838901
          wgpu 1d 197g 264c x3w 5ms | egraph 89g->118v+0snap 29ms | graft 21 (-124n, 0 snap) cpu 0 | f64 23 | gen 0.9s | dropped inexpr 1 oversz 0 unbuild 0 {}
   3     0     100               0    0.0763434685    0.0375977379      1.05923878     0.564728567     0.546301036       0.4826279
   3     1      50   0.00385014374    0.0763480303    0.0376141753      1.05893179      0.56467305     0.546333679     0.482838901
          wgpu 1d 153g 243c x3w 4ms | egraph 69g->97v+0snap 74ms | graft 15 (-107n, 0 snap) cpu 0 | f64 20 | gen 0.5s
   4     0     100               0    0.0763434685    0.0375977379      1.05923878     0.564728567     0.546301036       0.4826279
   4     1      50   0.00222500466    0.0629515744    0.0361649486      1.14211898     0.441490598     0.450470892     0.464235727
          wgpu 1d 185g 250c x3w 4ms | egraph 72g->104v+0snap 21ms | graft 23 (-155n, 0 snap) cpu 0 | f64 20 | gen 0.6s
   5     0     100               0    0.0763434685    0.0375977379      1.05923878     0.564728567     0.546301036       0.4826279
   5     1      50   0.00222500466    0.0629515744    0.0361649486      1.14211898     0.441490598     0.450470892     0.464235727
          wgpu 1d 154g 237c x3w 4ms | egraph 65g->91v+0snap 17ms | graft 19 (-111n, 0 snap) cpu 0 | f64 20 | gen 1.0s
   6     0     100               0    0.0763434685    0.0375977379      1.05923878     0.564728567     0.546301036       0.4826279
   6     1      50   0.00222500466    0.0629515744    0.0361649486      1.14211898     0.441490598     0.450470892     0.464235727
          wgpu 1d 153g 222c x3w 4ms | egraph 59g->76v+0snap 16ms | graft 22 (-141n, 0 snap) cpu 0 | f64 20 | gen 0.6s
   7     0     100               0    0.0763434685    0.0375977379      1.05923878     0.564728567     0.546301036       0.4826279
   7     1      50   0.00222500466    0.0629515744    0.0361649486      1.14211898     0.441490598     0.450470892     0.464235727
          wgpu 1d 151g 205c x3w 4ms | egraph 74g->59v+0snap 14ms | graft 13 (-83n, 0 snap) cpu 0 | f64 20 | gen 1.1s | dropped inexpr 1 oversz 0 unbuild 0 {}
   8     0     100               0    0.0763434685    0.0375977379      1.05923878     0.564728567     0.546301036       0.4826279
   8     1      50   0.00222500466    0.0629515744    0.0361649486      1.14211898     0.441490598     0.450470892     0.464235727
          wgpu 1d 149g 203c x3w 4ms | egraph 54g->57v+0snap 13ms | graft 19 (-100n, 0 snap) cpu 0 | f64 20 | gen 0.6s
   9     0     100               0    0.0763434685    0.0375977379      1.05923878     0.564728567     0.546301036       0.4826279
   9     1      50   0.00222500466    0.0629515744    0.0361649486      1.14211898     0.441490598     0.450470892     0.464235727
          wgpu 1d 155g 210c x3w 4ms | egraph 69g->64v+0snap 15ms | graft 10 (-93n, 0 snap) cpu 0 | f64 20 | gen 0.8s
  10     0     100               0    0.0763434685    0.0375977379      1.05923878     0.564728567     0.546301036       0.4826279
  10     1      50   0.00222500466    0.0629515744    0.0361649486      1.14211898     0.441490598     0.450470892     0.464235727
          wgpu 1d 151g 228c x3w 4ms | egraph 56g->82v+0snap 12ms | graft 30 (-166n, 0 snap) cpu 0 | f64 20 | gen 1.1s
--------- pump migration: intra (promote-2 + intake-reset) ---------
  11     0     100               0    0.0763434685    0.0375977379      1.05923878     0.564728567     0.546301036       0.4826279
  11     1      50               0    0.0763434685    0.0375977379      1.05923878     0.564728567     0.546301036       0.4826279
          wgpu 2d 276g 310c x3w 6ms | egraph 132g->84v+0snap 25ms | graft 13 (-82n, 0 snap) cpu 0 | f64 30 | gen 0.3s | dropped inexpr 2 oversz 0 unbuild 0 {}
  12     0     100               0    0.0763434685    0.0375977379      1.05923878     0.564728567     0.546301036       0.4826279
  12     1      50               0    0.0763434685    0.0375977379      1.05923878     0.564728567     0.546301036       0.4826279
          wgpu 1d 85g 163c x3w 3ms | egraph 36g->17v+0snap 7ms | graft 5 (-16n, 0 snap) cpu 0 | f64 20 | gen 0.3s
  13     0     100               0    0.0763434685    0.0375977379      1.05923878     0.564728567     0.546301036       0.4826279
  13     1      50               0    0.0763434685    0.0375977379      1.05923878     0.564728567     0.546301036       0.4826279
          wgpu 1d 81g 169c x3w 3ms | egraph 25g->23v+0snap 5ms | graft 5 (-16n, 0 snap) cpu 0 | f64 20 | gen 0.1s | dropped inexpr 1 oversz 0 unbuild 0 {}
  14     0     100               0    0.0763434685    0.0375977379      1.05923878     0.564728567     0.546301036       0.4826279
  14     1      50               0    0.0763434685    0.0375977379      1.05923878     0.564728567     0.546301036       0.4826279
          wgpu 1d 87g 162c x3w 3ms | egraph 28g->16v+0snap 9ms | graft 6 (-19n, 0 snap) cpu 0 | f64 20 | gen 0.1s
  15     0     100               0    0.0763434685    0.0375977379      1.05923878     0.564728567     0.546301036       0.4826279
  15     1      50               0    0.0763434685    0.0375977379      1.05923878     0.564728567     0.546301036       0.4826279
          wgpu 1d 64g 159c x3w 3ms | egraph 17g->13v+0snap 6ms | graft 3 (-6n, 0 snap) cpu 0 | f64 20 | gen 0.2s
  16     0     100               0    0.0763434685    0.0375977379      1.05923878     0.564728567     0.546301036       0.4826279
  16     1      50               0    0.0763434685    0.0375977379      1.05923878     0.564728567     0.546301036       0.4826279
          wgpu 1d 73g 163c x3w 2ms | egraph 19g->17v+0snap 4ms | graft 5 (-15n, 0 snap) cpu 0 | f64 20 | gen 0.1s
  17     0     100               0    0.0763434685    0.0375977379      1.05923878     0.564728567     0.546301036       0.4826279
  17     1      50               0    0.0763434685    0.0375977379      1.05923878     0.564728567     0.546301036       0.4826279
          wgpu 1d 76g 160c x3w 3ms | egraph 22g->14v+0snap 4ms | graft 2 (-4n, 0 snap) cpu 0 | f64 20 | gen 0.1s
  18     0     100               0    0.0763434685    0.0375977379      1.05923878     0.564728567     0.546301036       0.4826279
  18     1      50               0     0.056687558    0.0296483486     0.778536987     0.448573456     0.405646642     0.380584605
          wgpu 1d 81g 164c x3w 3ms | egraph 24g->18v+0snap 5ms | graft 1 (-5n, 0 snap) cpu 0 | f64 20 | gen 0.1s
  19     0     100               0    0.0763434685    0.0375977379      1.05923878     0.564728567     0.546301036       0.4826279
  19     1      50               0    0.0763434685    0.0375977379      1.05923878     0.564728567     0.546301036       0.4826279
          wgpu 1d 79g 158c x3w 3ms | egraph 30g->12v+0snap 5ms | graft 3 (-6n, 0 snap) cpu 0 | f64 20 | gen 0.1s
  20     0     100               0    0.0763434685    0.0375977379      1.05923878     0.564728567     0.546301036       0.4826279
  20     1      50               0    0.0523946546    0.0271833816     0.775222583     0.441390073     0.374927347     0.348942759
          wgpu 1d 82g 165c x3w 3ms | egraph 23g->19v+0snap 4ms | graft 4 (-9n, 0 snap) cpu 0 | f64 20 | gen 0.1s | dropped inexpr 1 oversz 0 unbuild 0 {}
--------- pump migration: intra (promote-2 + intake-reset) ---------
  21     0     100               0    0.0763434685    0.0375977379      1.05923878     0.564728567     0.546301036       0.4826279
  21     1      50               0    0.0763434685    0.0375977379      1.05923878     0.564728567     0.546301036       0.4826279
          wgpu 2d 237g 286c x3w 6ms | egraph 90g->60v+0snap 17ms | graft 11 (-49n, 0 snap) cpu 0 | f64 31 | gen 0.1s | dropped inexpr 3 oversz 0 unbuild 0 {}
  22     0     100               0    0.0763434685    0.0375977379      1.05923878     0.564728567     0.546301036       0.4826279
  22     1      50               0    0.0523946546    0.0271833816     0.775222583     0.441390073     0.374927347     0.348942759
          wgpu 1d 83g 164c x3w 3ms | egraph 32g->18v+0snap 6ms | graft 2 (-8n, 0 snap) cpu 0 | f64 20 | gen 0.1s | dropped inexpr 1 oversz 0 unbuild 0 {}
  23     0     100               0    0.0763434685    0.0375977379      1.05923878     0.564728567     0.546301036       0.4826279
  23     1      50               0    0.0523946546    0.0271833816     0.775222583     0.441390073     0.374927347     0.348942759
          wgpu 1d 93g 169c x3w 3ms | egraph 34g->23v+0snap 6ms | graft 6 (-18n, 0 snap) cpu 0 | f64 22 | gen 0.2s
