/opt/anaconda3/lib/python3.12/site-packages/geppy/__init__.py:26: UserWarning: pkg_resources is deprecated as an API. See https://setuptools.pypa.io/en/latest/pkg_resources.html. The pkg_resources package is slated for removal as early as 2025-11-30. Refrain from using this package or pin to Setuptools<81.
  from pkg_resources import get_distribution, DistributionNotFound
hff library OK (test fitness: (0.1415394733244273,))
registry: ['circle_area', 'gravity', 'coulomb', 'pendulum', 'keplers3', 'ideal_gas', 'I_6_2a', 'I_6_2', 'I_6_2b', 'I_8_14', 'I_9_18', 'I_10_7', 'I_11_19', 'I_12_1', 'I_12_2', 'I_12_4', 'I_12_5', 'I_12_11', 'I_13_4', 'I_13_12', 'I_14_3', 'I_14_4', 'I_15_3x', 'I_15_3t', 'I_15_1', 'I_16_6', 'I_18_4', 'I_18_12', 'I_18_14', 'I_24_6', 'I_25_13', 'I_26_2', 'I_27_6', 'I_29_4', 'I_29_16', 'I_30_3', 'I_30_5', 'I_32_5', 'I_32_17', 'I_34_8', 'I_34_1', 'I_34_14', 'I_34_27', 'I_37_4', 'I_38_12', 'I_39_1', 'I_39_11', 'I_39_22', 'I_40_1', 'I_41_16', 'I_43_16', 'I_43_31', 'I_43_43', 'I_44_4', 'I_47_23', 'I_48_2', 'I_50_26', 'II_2_42', 'II_3_24', 'II_4_23', 'II_6_11', 'II_6_15a', 'II_6_15b', 'II_8_7', 'II_8_31', 'II_10_9', 'II_11_3', 'II_11_17', 'II_11_20', 'II_11_27', 'II_11_28', 'II_13_17', 'II_13_23', 'II_13_34', 'II_15_4', 'II_15_5', 'II_21_32', 'II_24_17', 'II_27_16', 'II_27_18', 'II_34_2a', 'II_34_2', 'II_34_11', 'II_34_29a', 'II_34_29b', 'II_35_18', 'II_35_21', 'II_36_38', 'II_37_1', 'II_38_3', 'II_38_14', 'III_4_32', 'III_4_33', 'III_7_38', 'III_8_54', 'III_9_52', 'III_10_19', 'III_12_43', 'III_13_18', 'III_14_14', 'III_15_12', 'III_15_14', 'III_15_27', 'III_17_37', 'III_19_51', 'III_21_20', 'test_1', 'test_2', 'test_3', 'test_4', 'test_5', 'test_6', 'test_7', 'test_8', 'test_9', 'test_10', 'test_11', 'test_12', 'test_13', 'test_14', 'test_15', 'test_16', 'test_17', 'test_18', 'test_19', 'test_20']
[feynman override] head_length=48 (keep n_genes=3, avgval linker)
Selected problem: I_39_11
  Description : Feynman I-III I.39.11: E_n = 1/(gamma-1)*pr*V
  Variables   : ['gamma', 'pr', 'V']
  Train range : {'gamma': (2.0, 5.0), 'pr': (1.0, 5.0), 'V': (1.0, 5.0)}
  Extrap range: {'gamma': (2.0, 7.5), 'pr': (1.0, 7.5), 'V': (1.0, 7.5)}
  Truth       : 1/(gamma-1)*pr*V
  ✓ cache hit  (data/equations/I_39_11, key=c3c4d157f13ffb9f)
  train           (800, 4)  target range=[0.355, 20.51]
  val             (200, 4)  target range=[0.4164, 20.53]
  holdout         (200, 4)  target range=[0.4295, 17.4]
  extrapolation   (200, 4)  target range=[0.5823, 36.58]
  saved figure → data/figures/I_39_11/eda_pairplot.png
Wide primitive set enabled: sin, cos, exp, log added.
[E22 rules] variable pattern tags: {'no_pattern'}
[E22/23 rules] static candidate count: 1
[E22/23 rules] allowed to take a fitness slot (exact): 0
  [sum_sq_all/sum_sq] a=0.0928 b=8.1525e-01 1-R²_va=8.9054e-01
[fuller] denoise + snap IN THE JOIN (every gene, every generation, K=8); mutation operators: physics=0.2 concretize=0.05
Wrapper scope: per_island  (island → wrapper map: ['identity', 'identity'])
[wgpu] process pool disabled — Metal cannot survive fork(); the population is evaluated in one dispatch instead
Genes: head_length=48, n_genes=3, rnc_array_length=10
Population: (per-island, see below), elites: 2, generations: 400, migration FREQ: 30
  pump per-island sizes: intake=100 (tournsize=8), champion=50 (tournsize=5)
Initialising evolution at 2026-09-19 06:47:35.715132
 gen  deme   evals     min fitness          mse_tr          mse_va         max_err      mse_extrap  one_minus_r2_tr  one_minus_r2_va
   0     0     100    0.0668875712      2.08749219      2.29681548      5.70951891      23.7016769     0.248920703     0.190909872
   0     1      50     0.164213756      2.41045317      3.99126544      11.6902362      14.9870197     0.287431828     0.331751498
          wgpu 1d 358g 320c x3w 11ms | egraph 187g->170v+0snap 101ms | graft 38 (-149n, 0 snap) cpu 0 | f64 33 | gen 0.0s | dropped inexpr 2 oversz 0 unbuild 0 {}
Extending evolution: gen 1 → 400 (+400 generations)
   1     0     100   0.00880466523     0.830283967      1.15685487      5.72509916      4.92731791    0.0990062954    0.0961570563
   1     1      50    0.0279638702      1.61510898      2.71987735      9.85037509      11.9874612     0.192591888     0.226074511
          wgpu 1d 267g 348c x3w 6ms | egraph 97g->202v+0snap 34ms | graft 33 (-184n, 0 snap) cpu 0 | f64 26 | gen 0.4s | dropped inexpr 5 oversz 0 unbuild 0 {}
   2     0     100   0.00880466523     0.830283967      1.15685487      5.72509916      4.92731791    0.0990062954    0.0961570563
   2     1      50    0.0279638702      1.61510898      2.71987735      9.85037509      11.9874612     0.192591888     0.226074511
          wgpu 1d 218g 349c x3w 17ms | egraph 87g->203v+0snap 20ms | graft 41 (-173n, 0 snap) cpu 0 | f64 26 | gen 0.3s
   3     0     100               0     0.496827556     0.706439206      3.92089515      3.00278933    0.0592436537    0.0587187869
   3     1      50               0      1.54262697      2.42769188      8.97076534      10.8123094     0.183948851     0.201788237
          wgpu 1d 241g 407c x3w 5ms | egraph 92g->261v+0snap 24ms | graft 40 (-153n, 0 snap) cpu 0 | f64 20 | gen 0.3s
   4     0     100               0     0.496827556     0.706439206      3.92089515      3.00278933    0.0592436537    0.0587187869
   4     1      50               0      1.54262697      2.42769188      8.97076534      10.8123094     0.183948851     0.201788237
          wgpu 1d 269g 401c x3w 7ms | egraph 78g->255v+0snap 32ms | graft 33 (-147n, 0 snap) cpu 0 | f64 20 | gen 0.6s | dropped inexpr 1 oversz 0 unbuild 0 {}
   5     0     100               0     0.496827556     0.706439206      3.92089515      3.00278933    0.0592436537    0.0587187869
   5     1      50               0      1.54262697      2.42769188      8.97076534      10.8123094     0.183948851     0.201788237
          wgpu 1d 289g 341c x3w 6ms | egraph 93g->195v+0snap 28ms | graft 32 (-169n, 0 snap) cpu 0 | f64 20 | gen 0.6s | dropped inexpr 2 oversz 0 unbuild 0 {}
   6     0     100               0     0.496827556     0.706439206      3.92089515      3.00278933    0.0592436537    0.0587187869
   6     1      50               0      1.54262697      2.42769188      8.97076534      10.8123094     0.183948851     0.201788237
          wgpu 1d 326g 379c x3w 7ms | egraph 105g->233v+0snap 36ms | graft 40 (-215n, 0 snap) cpu 0 | f64 20 | gen 0.4s
   7     0     100               0     0.496827556     0.706439206      3.92089515      3.00278933    0.0592436537    0.0587187869
   7     1      50               0      1.54262697      2.42769188      8.97076534      10.8123094     0.183948851     0.201788237
          wgpu 1d 288g 348c x3w 6ms | egraph 98g->198v+4snap 37ms | graft 36 (-151n, 3 snap) cpu 0 | f64 20 | gen 0.5s | dropped inexpr 2 oversz 0 unbuild 0 {}
   8     0     100               0     0.496827556     0.706439206      3.92089515      3.00278933    0.0592436537    0.0587187869
   8     1      50               0      1.54262697      2.42769188      8.97076534      10.8123094     0.183948851     0.201788237
          wgpu 1d 329g 399c x3w 8ms | egraph 99g->253v+0snap 29ms | graft 48 (-219n, 0 snap) cpu 0 | f64 20 | gen 0.9s
   9     0     100               0     0.496827556     0.706439206      3.92089515      3.00278933    0.0592436537    0.0587187869
   9     1      50               0      1.54262697      2.42769188      8.97076534      10.8123094     0.183948851     0.201788237
          wgpu 1d 323g 395c x3w 7ms | egraph 88g->231v+18snap 29ms | graft 48 (-180n, 12 snap) cpu 0 | f64 20 | gen 0.9s
  10     0     100               0     0.496827556     0.706439206      3.92089515      3.00278933    0.0592436537    0.0587187869
  10     1      50               0      1.54262697      2.42769188      8.97076534      10.8123094     0.183948851     0.201788237
          wgpu 1d 300g 360c x3w 7ms | egraph 86g->213v+1snap 31ms | graft 42 (-184n, 0 snap) cpu 0 | f64 20 | gen 0.6s
--------- pump migration: intra (promote-2 + intake-reset) ---------
  11     0     100               0     0.496827556     0.706439206      3.92089515      3.00278933    0.0592436537    0.0587187869
  11     1      50               0      1.54262697      2.42769188      8.97076534      10.8123094     0.183948851     0.201788237
          wgpu 2d 465g 507c x3w 10ms | egraph 174g->281v+0snap 47ms | graft 47 (-180n, 0 snap) cpu 0 | f64 30 | gen 0.3s | dropped inexpr 2 oversz 0 unbuild 0 {}
  12     0     100               0     0.496827556     0.706439206      3.92089515      3.00278933    0.0592436537    0.0587187869
  12     1      50               0      1.54262697      2.42769188      8.97076534      10.8123094     0.183948851     0.201788237
          wgpu 1d 224g 275c x3w 5ms | egraph 59g->129v+0snap 17ms | graft 22 (-88n, 0 snap) cpu 0 | f64 20 | gen 0.4s
  13     0     100               0     0.496827556     0.706439206      3.92089515      3.00278933    0.0592436537    0.0587187869
  13     1      50               0      1.54262697      2.42769188      8.97076534      10.8123094     0.183948851     0.201788237
          wgpu 1d 262g 314c x3w 6ms | egraph 78g->168v+0snap 23ms | graft 27 (-124n, 0 snap) cpu 0 | f64 20 | gen 0.4s
  14     0     100               0     0.496827556     0.706439206      3.92089515      3.00278933    0.0592436537    0.0587187869
  14     1      50               0      1.54262697      2.42769188      8.97076534      10.8123094     0.183948851     0.201788237
          wgpu 1d 236g 288c x3w 7ms | egraph 67g->142v+0snap 18ms | graft 23 (-89n, 0 snap) cpu 0 | f64 20 | gen 0.4s
  15     0     100               0     0.496827556     0.706439206      3.92089515      3.00278933    0.0592436537    0.0587187869
  15     1      50               0      1.54262697      2.42769188      8.97076534      10.8123094     0.183948851     0.201788237
          wgpu 1d 237g 311c x3w 5ms | egraph 59g->165v+0snap 15ms | graft 28 (-105n, 0 snap) cpu 0 | f64 23 | gen 0.3s
  16     0     100               0     0.175122638     0.166198667      1.27082367      1.32141365    0.0208823058    0.0138143297
  16     1      50               0      1.54262697      2.42769188      8.97076534      10.8123094     0.183948851     0.201788237
          wgpu 1d 231g 313c x3w 6ms | egraph 57g->167v+0snap 22ms | graft 27 (-152n, 0 snap) cpu 0 | f64 20 | gen 0.4s
  17     0     100               0     0.175122638     0.166198667      1.27082367      1.32141365    0.0208823058    0.0138143297
  17     1      50               0      1.54262697      2.42769188      8.97076534      10.8123094     0.183948851     0.201788237
          wgpu 1d 213g 309c x3w 5ms | egraph 54g->163v+0snap 16ms | graft 22 (-106n, 0 snap) cpu 0 | f64 20 | gen 0.4s
  18     0     100               0     0.175122638     0.166198667      1.27082367      1.32141365    0.0208823058    0.0138143297
  18     1      50               0      1.54262697      2.42769188      8.97076534      10.8123094     0.183948851     0.201788237
          wgpu 1d 231g 310c x3w 6ms | egraph 55g->164v+0snap 19ms | graft 18 (-85n, 0 snap) cpu 0 | f64 24 | gen 0.7s
  19     0     100               0     0.175122638     0.166198667      1.27082367      1.32141365    0.0208823058    0.0138143297
  19     1      50               0      1.54262697      2.42769188      8.97076534      10.8123094     0.183948851     0.201788237
          wgpu 1d 202g 266c x3w 5ms | egraph 65g->120v+0snap 21ms | graft 12 (-57n, 0 snap) cpu 0 | f64 20 | gen 0.3s
  20     0     100               0     0.175122639     0.166198622      1.27082222      1.32141373    0.0208823059     0.013814326
  20     1      50               0      1.54262697      2.42769188      8.97076534      10.8123094     0.183948851     0.201788237
          wgpu 1d 241g 310c x3w 6ms | egraph 61g->164v+0snap 20ms | graft 21 (-108n, 0 snap) cpu 0 | f64 20 | gen 0.6s
--------- pump migration: intra (promote-2 + intake-reset) ---------
  21     0     100               0     0.175122638     0.166198667      1.27082367      1.32141365    0.0208823058    0.0138143297
  21     1      50               0      1.54262697      2.42769188      8.97076534      10.8123094     0.183948851     0.201788237
          wgpu 2d 387g 458c x3w 13ms | egraph 127g->232v+0snap 38ms | graft 39 (-148n, 0 snap) cpu 0 | f64 30 | gen 0.3s | dropped inexpr 1 oversz 0 unbuild 0 {}
  22     0     100               0     0.175122639     0.166198622      1.27082222      1.32141373    0.0208823059     0.013814326
  22     1      50               0      1.54262697      2.42769188      8.97076534      10.8123094     0.183948851     0.201788237
          wgpu 1d 195g 273c x3w 5ms | egraph 58g->127v+0snap 17ms | graft 19 (-76n, 0 snap) cpu 0 | f64 20 | gen 0.6s
  23     0     100               0     0.175122639     0.166198622      1.27082222      1.32141373    0.0208823059     0.013814326
  23     1      50               0      1.54262697      2.42769188      8.97076534      10.8123094     0.183948851     0.201788237
          wgpu 1d 160g 244c x3w 4ms | egraph 32g->98v+0snap 13ms | graft 16 (-57n, 0 snap) cpu 0 | f64 20 | gen 0.3s
  24     0     100               0     0.175122639     0.166198622      1.27082222      1.32141373    0.0208823059     0.013814326
  24     1      50               0      1.54262697      2.42769188      8.97076534      10.8123094     0.183948851     0.201788237
          wgpu 1d 205g 290c x3w 6ms | egraph 41g->144v+0snap 13ms | graft 15 (-79n, 0 snap) cpu 0 | f64 20 | gen 0.5s
  25     0     100               0     0.175122639     0.166198622      1.27082222      1.32141373    0.0208823059     0.013814326
  25     1      50               0      1.54262697      2.42769188      8.97076534      10.8123094     0.183948851     0.201788237
          wgpu 1d 129g 217c x3w 4ms | egraph 35g->71v+0snap 10ms | graft 10 (-41n, 0 snap) cpu 0 | f64 20 | gen 0.3s
  26     0     100               0     0.175122639     0.166198622      1.27082222      1.32141373    0.0208823059     0.013814326
  26     1      50               0      1.54262697      2.42769188      8.97076534      10.8123094     0.183948851     0.201788237
          wgpu 1d 147g 220c x3w 4ms | egraph 38g->74v+0snap 22ms | graft 12 (-76n, 0 snap) cpu 0 | f64 20 | gen 0.2s
  27     0     100               0     0.175122639     0.166198622      1.27082222      1.32141373    0.0208823059     0.013814326
  27     1      50               0     0.175122638     0.166198667      1.27082367      1.32141365    0.0208823058    0.0138143297
          wgpu 1d 125g 205c x3w 4ms | egraph 31g->59v+0snap 7ms | graft 12 (-39n, 0 snap) cpu 0 | f64 20 | gen 0.3s
  28     0     100               0     0.175122638     0.166198667      1.27082367      1.32141365    0.0208823058    0.0138143297
  28     1      50               0     0.175122638     0.166198667      1.27082367      1.32141365    0.0208823058    0.0138143297
          wgpu 1d 117g 194c x3w 3ms | egraph 30g->48v+0snap 10ms | graft 13 (-40n, 0 snap) cpu 0 | f64 20 | gen 0.2s
  29     0     100               0     0.175122638     0.166198667      1.27082367      1.32141365    0.0208823058    0.0138143297
  29     1      50               0      0.17512264     0.166198622      1.27082221      1.32141368     0.020882306     0.013814326
          wgpu 1d 91g 180c x3w 3ms | egraph 19g->34v+0snap 5ms | graft 10 (-27n, 0 snap) cpu 0 | f64 20 | gen 0.2s
  30     0     100               0     0.175122638     0.166198667      1.27082367      1.32141365    0.0208823058    0.0138143297
  30     1      50               0      0.17512264     0.166198622      1.27082221      1.32141368     0.020882306     0.013814326
          wgpu 1d 105g 184c x3w 4ms | egraph 19g->38v+0snap 5ms | graft 6 (-14n, 0 snap) cpu 0 | f64 20 | gen 0.2s
--------- pump migration: intra (promote-2 + intake-reset) ---------
  31     0     100               0     0.175122638     0.166198667      1.27082367      1.32141365    0.0208823058    0.0138143297
  31     1      50               0     0.175122638     0.166198667      1.27082367      1.32141365    0.0208823058    0.0138143297
          wgpu 2d 321g 366c x3w 8ms | egraph 101g->140v+0snap 47ms | graft 34 (-100n, 0 snap) cpu 0 | f64 30 | gen 0.2s | dropped inexpr 2 oversz 0 unbuild 0 {}
  32     0     100               0     0.175122638     0.166198667      1.27082367      1.32141365    0.0208823058    0.0138143297
  32     1      50               0     0.175122638     0.166198667      1.27082367      1.32141365    0.0208823058    0.0138143297
          wgpu 1d 106g 188c x3w 4ms | egraph 22g->42v+0snap 6ms | graft 9 (-25n, 0 snap) cpu 0 | f64 20 | gen 0.2s
  33     0     100               0     0.175122639     0.166198622      1.27082222      1.32141373    0.0208823059     0.013814326
  33     1      50               0     0.175122638     0.166198667      1.27082367      1.32141365    0.0208823058    0.0138143297
          wgpu 1d 96g 188c x3w 7ms | egraph 20g->42v+0snap 6ms | graft 11 (-36n, 0 snap) cpu 0 | f64 20 | gen 0.2s | dropped inexpr 1 oversz 0 unbuild 0 {}
  34     0     100               0     0.175122638     0.166198667      1.27082367      1.32141365    0.0208823058    0.0138143297
  34     1      50               0     0.175122638     0.166198667      1.27082367      1.32141365    0.0208823058    0.0138143297
          wgpu 1d 104g 182c x3w 3ms | egraph 31g->36v+0snap 8ms | graft 10 (-22n, 0 snap) cpu 0 | f64 20 | gen 0.2s
  35     0     100               0     0.175122639     0.166198622      1.27082222      1.32141373    0.0208823059     0.013814326
  35     1      50               0     0.175122638     0.166198667      1.27082367      1.32141365    0.0208823058    0.0138143297
          wgpu 1d 120g 197c x3w 5ms | egraph 24g->51v+0snap 8ms | graft 9 (-41n, 0 snap) cpu 0 | f64 20 | gen 0.1s
  36     0     100               0     0.175122639     0.166198622      1.27082222      1.32141373    0.0208823059     0.013814326
  36     1      50               0     0.175122639     0.166198622      1.27082222      1.32141373    0.0208823059     0.013814326
          wgpu 1d 122g 198c x3w 4ms | egraph 27g->52v+0snap 9ms | graft 16 (-59n, 0 snap) cpu 0 | f64 20 | gen 0.2s
  37     0     100               0     0.175122638     0.166198667      1.27082367      1.32141365    0.0208823058    0.0138143297
  37     1      50               0     0.175122639     0.166198622      1.27082222      1.32141373    0.0208823059     0.013814326
          wgpu 1d 93g 178c x3w 3ms | egraph 15g->32v+0snap 5ms | graft 6 (-17n, 0 snap) cpu 0 | f64 20 | gen 0.2s
  38     0     100               0     0.175122639     0.166198622      1.27082222      1.32141373    0.0208823059     0.013814326
  38     1      50               0     0.175122639     0.166198622      1.27082222      1.32141373    0.0208823059     0.013814326
          wgpu 1d 104g 192c x3w 3ms | egraph 20g->46v+0snap 6ms | graft 13 (-36n, 0 snap) cpu 0 | f64 20 | gen 0.1s
  39     0     100               0     0.175122639     0.166198622      1.27082222      1.32141373    0.0208823059     0.013814326
  39     1      50               0     0.175122639     0.166198622      1.27082222      1.32141373    0.0208823059     0.013814326
          wgpu 1d 113g 194c x3w 4ms | egraph 24g->48v+0snap 7ms | graft 17 (-38n, 0 snap) cpu 0 | f64 20 | gen 0.1s | dropped inexpr 1 oversz 0 unbuild 0 {}
  40     0     100               0     0.175122639     0.166198622      1.27082222      1.32141373    0.0208823059     0.013814326
  40     1      50               0     0.175122639     0.166198622      1.27082222      1.32141373    0.0208823059     0.013814326
          wgpu 1d 107g 184c x3w 8ms | egraph 31g->38v+0snap 8ms | graft 9 (-25n, 0 snap) cpu 0 | f64 20 | gen 0.2s
--------- pump migration: intra (promote-2 + intake-reset) ---------
  41     0     100               0     0.175122639     0.166198622      1.27082222      1.32141373    0.0208823059     0.013814326
  41     1      50               0     0.175122639     0.166198622      1.27082222      1.32141373    0.0208823059     0.013814326
          wgpu 2d 355g 383c x3w 8ms | egraph 124g->157v+0snap 34ms | graft 32 (-132n, 0 snap) cpu 0 | f64 30 | gen 0.2s | dropped inexpr 10 oversz 0 unbuild 0 {}
  42     0     100               0     0.175122639     0.166198622      1.27082222      1.32141373    0.0208823059     0.013814326
  42     1      50               0     0.175122639     0.166198622      1.27082222      1.32141373    0.0208823059     0.013814326
          wgpu 1d 98g 186c x3w 3ms | egraph 25g->40v+0snap 7ms | graft 7 (-19n, 0 snap) cpu 0 | f64 20 | gen 0.2s | dropped inexpr 1 oversz 0 unbuild 0 {}
  43     0     100               0     0.175122638     0.166198667      1.27082367      1.32141365    0.0208823058    0.0138143297
  43     1      50               0     0.175122639     0.166198622      1.27082222      1.32141373    0.0208823059     0.013814326
          wgpu 1d 111g 185c x3w 4ms | egraph 28g->39v+0snap 8ms | graft 17 (-40n, 0 snap) cpu 0 | f64 20 | gen 0.2s
  44     0     100               0     0.175122639     0.166198622      1.27082222      1.32141373    0.0208823059     0.013814326
  44     1      50               0     0.175122639     0.166198622      1.27082222      1.32141373    0.0208823059     0.013814326
          wgpu 1d 120g 193c x3w 4ms | egraph 37g->47v+0snap 9ms | graft 10 (-24n, 0 snap) cpu 0 | f64 20 | gen 0.2s
  45     0     100               0     0.175122639     0.166198622      1.27082222      1.32141373    0.0208823059     0.013814326
  45     1      50               0     0.175122639     0.166198622      1.27082222      1.32141373    0.0208823059     0.013814326
          wgpu 1d 92g 181c x3w 4ms | egraph 26g->35v+0snap 9ms | graft 9 (-32n, 0 snap) cpu 0 | f64 20 | gen 0.2s
  46     0     100               0     0.175122638     0.166198667      1.27082367      1.32141365    0.0208823058    0.0138143297
  46     1      50               0     0.175122639     0.166198622      1.27082222      1.32141373    0.0208823059     0.013814326
          wgpu 1d 90g 176c x3w 3ms | egraph 19g->30v+0snap 6ms | graft 8 (-17n, 0 snap) cpu 0 | f64 20 | gen 0.2s
  47     0     100               0     0.175122639     0.166198622      1.27082222      1.32141373    0.0208823059     0.013814326
  47     1      50               0     0.175122638     0.166198667      1.27082367      1.32141365    0.0208823058    0.0138143297
          wgpu 1d 107g 187c x3w 12ms | egraph 22g->41v+0snap 8ms | graft 8 (-26n, 0 snap) cpu 0 | f64 20 | gen 0.2s | dropped inexpr 1 oversz 0 unbuild 0 {}
  48     0     100               0     0.175122639     0.166198622      1.27082222      1.32141373    0.0208823059     0.013814326
  48     1      50               0     0.175122639     0.166198622      1.27082222      1.32141373    0.0208823059     0.013814326
          wgpu 1d 97g 175c x3w 3ms | egraph 29g->29v+0snap 8ms | graft 8 (-26n, 0 snap) cpu 0 | f64 20 | gen 0.2s
  49     0     100               0     0.175122639     0.166198622      1.27082222      1.32141373    0.0208823059     0.013814326
  49     1      50               0     0.175122639     0.166198622      1.27082222      1.32141373    0.0208823059     0.013814326
          wgpu 1d 105g 191c x3w 4ms | egraph 20g->45v+0snap 13ms | graft 15 (-58n, 0 snap) cpu 0 | f64 20 | gen 0.2s
  50     0     100               0     0.175122639     0.166198622      1.27082222      1.32141373    0.0208823059     0.013814326
  50     1      50               0     0.175122639     0.166198622      1.27082222      1.32141373    0.0208823059     0.013814326
          wgpu 1d 113g 181c x3w 4ms | egraph 28g->35v+0snap 8ms | graft 10 (-26n, 0 snap) cpu 0 | f64 20 | gen 0.1s
--------- pump migration: intra (promote-2 + intake-reset) ---------
  51     0     100               0     0.175122639     0.166198622      1.27082222      1.32141373    0.0208823059     0.013814326
  51     1      50               0     0.175122639     0.166198622      1.27082222      1.32141373    0.0208823059     0.013814326
          wgpu 2d 327g 378c x3w 14ms | egraph 106g->152v+0snap 32ms | graft 31 (-128n, 0 snap) cpu 0 | f64 30 | gen 0.2s | dropped inexpr 2 oversz 0 unbuild 0 {}
  52     0     100               0     0.175122639     0.166198622      1.27082222      1.32141373    0.0208823059     0.013814326
  52     1      50               0     0.175122638     0.166198667      1.27082367      1.32141365    0.0208823058    0.0138143297
          wgpu 1d 103g 189c x3w 4ms | egraph 25g->43v+0snap 8ms | graft 15 (-43n, 0 snap) cpu 0 | f64 20 | gen 0.2s
  53     0     100               0     0.175122639     0.166198622      1.27082222      1.32141373    0.0208823059     0.013814326
  53     1      50               0     0.175122638     0.166198667      1.27082367      1.32141365    0.0208823058    0.0138143297
          wgpu 1d 94g 178c x3w 3ms | egraph 19g->32v+0snap 5ms | graft 10 (-24n, 0 snap) cpu 0 | f64 20 | gen 0.2s
  54     0     100               0     0.175122639     0.166198622      1.27082222      1.32141373    0.0208823059     0.013814326
  54     1      50               0     0.175122638     0.166198667      1.27082367      1.32141365    0.0208823058    0.0138143297
          wgpu 1d 108g 178c x3w 4ms | egraph 27g->32v+0snap 7ms | graft 8 (-31n, 0 snap) cpu 0 | f64 20 | gen 0.2s
  55     0     100               0     0.175122639     0.166198622      1.27082222      1.32141373    0.0208823059     0.013814326
  55     1      50               0     0.175122638     0.166198667      1.27082367      1.32141365    0.0208823058    0.0138143297
          wgpu 1d 100g 179c x3w 3ms | egraph 26g->33v+0snap 8ms | graft 7 (-27n, 0 snap) cpu 0 | f64 20 | gen 0.3s
  56     0     100               0     0.175122639     0.166198622      1.27082222      1.32141373    0.0208823059     0.013814326
  56     1      50               0     0.175122638     0.166198667      1.27082367      1.32141365    0.0208823058    0.0138143297
          wgpu 1d 93g 180c x3w 3ms | egraph 20g->34v+0snap 11ms | graft 11 (-33n, 0 snap) cpu 0 | f64 20 | gen 0.2s
  57     0     100               0     0.175122639     0.166198622      1.27082222      1.32141373    0.0208823059     0.013814326
  57     1      50               0     0.175122638     0.166198667      1.27082367      1.32141365    0.0208823058    0.0138143297
          wgpu 1d 103g 187c x3w 3ms | egraph 29g->41v+0snap 9ms | graft 9 (-30n, 0 snap) cpu 0 | f64 20 | gen 0.2s
  58     0     100               0     0.175122639     0.166198622      1.27082222      1.32141373    0.0208823059     0.013814326
  58     1      50               0     0.175122638     0.166198667      1.27082367      1.32141365    0.0208823058    0.0138143297
          wgpu 1d 107g 193c x3w 4ms | egraph 23g->47v+0snap 7ms | graft 10 (-25n, 0 snap) cpu 0 | f64 20 | gen 0.1s | dropped inexpr 1 oversz 0 unbuild 0 {}
  59     0     100               0     0.175122639     0.166198622      1.27082222      1.32141373    0.0208823059     0.013814326
  59     1      50               0     0.175122638     0.166198667      1.27082367      1.32141365    0.0208823058    0.0138143297
          wgpu 1d 110g 186c x3w 13ms | egraph 31g->40v+0snap 8ms | graft 11 (-40n, 0 snap) cpu 0 | f64 20 | gen 0.2s
  60     0     100               0     0.175122638     0.166198667      1.27082367      1.32141365    0.0208823058    0.0138143297
  60     1      50               0     0.175122638     0.166198667      1.27082367      1.32141365    0.0208823058    0.0138143297
          wgpu 1d 84g 168c x3w 3ms | egraph 19g->22v+0snap 6ms | graft 3 (-20n, 0 snap) cpu 0 | f64 20 | gen 0.2s
--------- pump migration: intra (promote-2 + intake-reset) + cross ---------
  61     0     100               0      1.22968329      1.76749336      7.76633463      9.45953766     0.146632227     0.146912948
  61     1      50               0     0.175122638     0.166198667      1.27082367      1.32141365    0.0208823058    0.0138143297
          wgpu 2d 366g 431c x3w 11ms | egraph 122g->205v+0snap 31ms | graft 31 (-130n, 0 snap) cpu 0 | f64 30 | gen 0.2s | dropped inexpr 4 oversz 0 unbuild 0 {}
  62     0     100               0     0.175122639     0.166198622      1.27082222      1.32141373    0.0208823059     0.013814326
  62     1      50               0     0.175122638     0.166198667      1.27082367      1.32141365    0.0208823058    0.0138143297
          wgpu 1d 126g 206c x3w 4ms | egraph 34g->60v+0snap 8ms | graft 12 (-33n, 0 snap) cpu 0 | f64 20 | gen 0.2s | dropped inexpr 1 oversz 0 unbuild 0 {}
  63     0     100               0     0.175122639     0.166198622      1.27082222      1.32141373    0.0208823059     0.013814326
  63     1      50               0     0.175122639     0.166198622      1.27082222      1.32141373    0.0208823059     0.013814326
          wgpu 1d 99g 183c x3w 3ms | egraph 29g->37v+0snap 10ms | graft 5 (-12n, 0 snap) cpu 0 | f64 20 | gen 0.2s | dropped inexpr 5 oversz 0 unbuild 0 {}
  64     0     100               0     0.175122639     0.166198622      1.27082222      1.32141373    0.0208823059     0.013814326
  64     1      50               0     0.175122639     0.166198622      1.27082222      1.32141373    0.0208823059     0.013814326
          wgpu 1d 106g 189c x3w 4ms | egraph 30g->43v+0snap 12ms | graft 5 (-19n, 0 snap) cpu 0 | f64 20 | gen 0.2s | dropped inexpr 4 oversz 0 unbuild 0 {}
  65     0     100               0     0.175122639     0.166198622      1.27082222      1.32141373    0.0208823059     0.013814326
  65     1      50               0     0.175122639     0.166198622      1.27082222      1.32141373    0.0208823059     0.013814326
          wgpu 1d 105g 186c x3w 3ms | egraph 23g->40v+0snap 8ms | graft 17 (-56n, 0 snap) cpu 0 | f64 20 | gen 0.1s
  66     0     100               0     0.175122639     0.166198622      1.27082222      1.32141373    0.0208823059     0.013814326
  66     1      50               0     0.175122639     0.166198622      1.27082222      1.32141373    0.0208823059     0.013814326
          wgpu 1d 98g 186c x3w 3ms | egraph 19g->40v+0snap 12ms | graft 14 (-46n, 0 snap) cpu 0 | f64 20 | gen 0.1s | dropped inexpr 3 oversz 0 unbuild 0 {}
  67     0     100               0     0.175122639     0.166198622      1.27082222      1.32141373    0.0208823059     0.013814326
  67     1      50               0     0.175122638     0.166198667      1.27082367      1.32141365    0.0208823058    0.0138143297
          wgpu 1d 104g 191c x3w 7ms | egraph 21g->45v+0snap 7ms | graft 16 (-57n, 0 snap) cpu 0 | f64 20 | gen 0.2s | dropped inexpr 4 oversz 0 unbuild 0 {}
  68     0     100               0     0.175122639     0.166198622      1.27082222      1.32141373    0.0208823059     0.013814326
  68     1      50               0     0.175122639     0.166198622      1.27082222      1.32141373    0.0208823059     0.013814326
          wgpu 1d 118g 193c x3w 4ms | egraph 26g->47v+0snap 11ms | graft 16 (-47n, 0 snap) cpu 0 | f64 20 | gen 0.2s | dropped inexpr 2 oversz 0 unbuild 0 {}
  69     0     100               0     0.175122639     0.166198622      1.27082222      1.32141373    0.0208823059     0.013814326
  69     1      50               0     0.175122639     0.166198622      1.27082222      1.32141373    0.0208823059     0.013814326
          wgpu 1d 106g 188c x3w 4ms | egraph 23g->42v+0snap 8ms | graft 11 (-42n, 0 snap) cpu 0 | f64 20 | gen 0.2s
  70     0     100               0     0.175122638     0.166198667      1.27082367      1.32141365    0.0208823058    0.0138143297
  70     1      50               0     0.175122639     0.166198622      1.27082222      1.32141373    0.0208823059     0.013814326
          wgpu 1d 133g 198c x3w 7ms | egraph 44g->52v+0snap 12ms | graft 17 (-60n, 0 snap) cpu 0 | f64 20 | gen 0.3s | dropped inexpr 3 oversz 0 unbuild 0 {}
--------- pump migration: intra (promote-2 + intake-reset) ---------
  71     0     100               0     0.175122638     0.166198667      1.27082367      1.32141365    0.0208823058    0.0138143297
  71     1      50               0     0.175122639     0.166198622      1.27082222      1.32141373    0.0208823059     0.013814326
          wgpu 2d 348g 389c x3w 9ms | egraph 114g->163v+0snap 40ms | graft 32 (-147n, 0 snap) cpu 0 | f64 30 | gen 0.2s | dropped inexpr 14 oversz 0 unbuild 0 {}
  72     0     100               0     0.175122637     0.166198646      1.27082221       1.3214137    0.0208823056     0.013814328
  72     1      50               0     0.175122639     0.166198622      1.27082222      1.32141373    0.0208823059     0.013814326
          wgpu 1d 111g 217c x3w 9ms | egraph 23g->71v+0snap 7ms | graft 15 (-50n, 0 snap) cpu 0 | f64 20 | gen 0.2s | dropped inexpr 8 oversz 0 unbuild 0 {}
  73     0     100               0     0.175122637     0.166198646      1.27082221       1.3214137    0.0208823056     0.013814328
  73     1      50               0     0.175122638     0.166198667      1.27082367      1.32141365    0.0208823058    0.0138143297
          wgpu 1d 135g 226c x3w 7ms | egraph 39g->80v+0snap 10ms | graft 15 (-68n, 0 snap) cpu 0 | f64 20 | gen 0.2s | dropped inexpr 9 oversz 0 unbuild 0 {}
  74     0     100               0     0.175122634     0.166198617      1.27082221      1.32141369    0.0208823052    0.0138143255
  74     1      50               0     0.175122639     0.166198622      1.27082222      1.32141373    0.0208823059     0.013814326
          wgpu 1d 152g 235c x3w 5ms | egraph 39g->89v+0snap 11ms | graft 17 (-80n, 0 snap) cpu 0 | f64 20 | gen 0.2s | dropped inexpr 10 oversz 0 unbuild 0 {}
  75     0     100               0     0.175122634     0.166198617      1.27082221      1.32141369    0.0208823052    0.0138143255
  75     1      50               0     0.175122639     0.166198622      1.27082222      1.32141373    0.0208823059     0.013814326
          wgpu 1d 107g 206c x3w 4ms | egraph 23g->60v+0snap 6ms | graft 9 (-27n, 0 snap) cpu 0 | f64 20 | gen 0.1s | dropped inexpr 1 oversz 0 unbuild 0 {}
  76     0     100               0     0.175122649     0.166198605      1.27082187      1.32141371     0.020882307    0.0138143246
  76     1      50               0     0.175122639     0.166198622      1.27082222      1.32141373    0.0208823059     0.013814326
          wgpu 1d 125g 204c x3w 4ms | egraph 33g->58v+0snap 8ms | graft 9 (-25n, 0 snap) cpu 0 | f64 20 | gen 0.2s | dropped inexpr 1 oversz 0 unbuild 0 {}
  77     0     100               0     0.175122649     0.166198605      1.27082187      1.32141371     0.020882307    0.0138143246
  77     1      50               0     0.175122639     0.166198622      1.27082222      1.32141373    0.0208823059     0.013814326
          wgpu 1d 152g 265c x3w 4ms | egraph 47g->119v+0snap 16ms | graft 17 (-60n, 0 snap) cpu 0 | f64 20 | gen 0.2s | dropped inexpr 1 oversz 0 unbuild 0 {}
  78     0     100               0     0.175122638     0.166198667      1.27082367      1.32141365    0.0208823058    0.0138143297
  78     1      50               0     0.175122638     0.166198667      1.27082367      1.32141365    0.0208823058    0.0138143297
          wgpu 1d 135g 276c x3w 4ms | egraph 38g->130v+0snap 12ms | graft 16 (-61n, 0 snap) cpu 0 | f64 20 | gen 0.2s
  79     0     100               0     0.175122638     0.166198667      1.27082367      1.32141365    0.0208823058    0.0138143297
  79     1      50               0     0.175122638     0.166198667      1.27082367      1.32141365    0.0208823058    0.0138143297
          wgpu 1d 159g 286c x3w 4ms | egraph 43g->140v+0snap 14ms | graft 22 (-79n, 0 snap) cpu 0 | f64 20 | gen 0.2s
  80     0     100               0     0.175122649     0.166198605      1.27082187      1.32141371     0.020882307    0.0138143246
  80     1      50               0     0.175122638     0.166198667      1.27082367      1.32141365    0.0208823058    0.0138143297
          wgpu 1d 138g 278c x3w 3ms | egraph 29g->132v+0snap 12ms | graft 19 (-81n, 0 snap) cpu 0 | f64 20 | gen 0.2s
--------- pump migration: intra (promote-2 + intake-reset) ---------
  81     0     100               0     0.175122641     0.166198615      1.27082222      1.32141367     0.020882306    0.0138143254
  81     1      50               0     0.175122638     0.166198667      1.27082367      1.32141365    0.0208823058    0.0138143297
          wgpu 2d 369g 477c x3w 9ms | egraph 107g->251v+0snap 29ms | graft 44 (-212n, 0 snap) cpu 0 | f64 30 | gen 0.2s | dropped inexpr 2 oversz 0 unbuild 0 {}
  82     0     100               0     0.175122641     0.166198615      1.27082222      1.32141367     0.020882306    0.0138143254
  82     1      50               0     0.175122638     0.166198667      1.27082367      1.32141365    0.0208823058    0.0138143297
          wgpu 1d 175g 347c x3w 5ms | egraph 47g->201v+0snap 19ms | graft 25 (-104n, 0 snap) cpu 0 | f64 20 | gen 0.2s
  83     0     100               0     0.145757049        0.134473      1.05707659      1.39748682    0.0173806385     0.011177312
  83     1      50               0     0.175122641     0.166198615      1.27082222      1.32141367     0.020882306    0.0138143254
          wgpu 1d 176g 358c x3w 5ms | egraph 43g->212v+0snap 10ms | graft 26 (-100n, 0 snap) cpu 0 | f64 20 | gen 0.2s
  84     0     100               0     0.145757049        0.134473      1.05707659      1.39748682    0.0173806385     0.011177312
  84     1      50               0     0.175122638     0.166198667      1.27082367      1.32141365    0.0208823058    0.0138143297
          wgpu 1d 202g 426c x3w 5ms | egraph 57g->280v+0snap 13ms | graft 32 (-161n, 0 snap) cpu 0 | f64 20 | gen 0.2s
  85     0     100               0     0.145757049        0.134473      1.05707659      1.39748682    0.0173806385     0.011177312
  85     1      50               0     0.175122638     0.166198667      1.27082367      1.32141365    0.0208823058    0.0138143297
          wgpu 1d 227g 452c x3w 5ms | egraph 58g->306v+0snap 16ms | graft 35 (-178n, 0 snap) cpu 0 | f64 20 | gen 0.2s
  86     0     100               0     0.145757049        0.134473      1.05707659      1.39748682    0.0173806385     0.011177312
  86     1      50               0     0.175122641     0.166198615      1.27082222      1.32141367     0.020882306    0.0138143254
          wgpu 1d 213g 416c x3w 5ms | egraph 51g->270v+0snap 12ms | graft 32 (-151n, 0 snap) cpu 0 | f64 20 | gen 0.2s
  87     0     100               0     0.145757049        0.134473      1.05707659      1.39748682    0.0173806385     0.011177312
  87     1      50               0     0.175122638     0.166198667      1.27082367      1.32141365    0.0208823058    0.0138143297
          wgpu 1d 192g 435c x3w 5ms | egraph 42g->289v+0snap 11ms | graft 42 (-227n, 0 snap) cpu 0 | f64 20 | gen 0.2s | dropped inexpr 1 oversz 0 unbuild 0 {}
  88     0     100               0     0.145757049        0.134473      1.05707659      1.39748682    0.0173806385     0.011177312
  88     1      50               0     0.175122638     0.166198667      1.27082367      1.32141365    0.0208823058    0.0138143297
          wgpu 1d 226g 452c x3w 9ms | egraph 54g->306v+0snap 13ms | graft 42 (-234n, 0 snap) cpu 0 | f64 20 | gen 0.2s
  89     0     100               0     0.145757049        0.134473      1.05707659      1.39748682    0.0173806385     0.011177312
  89     1      50               0     0.175122641     0.166198615      1.27082222      1.32141367     0.020882306    0.0138143254
          wgpu 1d 222g 443c x3w 5ms | egraph 51g->297v+0snap 22ms | graft 42 (-222n, 0 snap) cpu 0 | f64 20 | gen 0.2s
  90     0     100               0     0.145757049        0.134473      1.05707659      1.39748682    0.0173806385     0.011177312
  90     1      50               0     0.175122641     0.166198615      1.27082222      1.32141367     0.020882306    0.0138143254
          wgpu 1d 237g 451c x3w 5ms | egraph 52g->305v+0snap 17ms | graft 52 (-248n, 0 snap) cpu 0 | f64 20 | gen 0.2s | dropped inexpr 1 oversz 0 unbuild 0 {}
--------- pump migration: intra (promote-2 + intake-reset) + cross ---------
  91     0     100               0     0.145757044     0.134472967      1.05707659      1.39748702    0.0173806379    0.0111773093
  91     1      50               0     0.175122638     0.166198667      1.27082367      1.32141365    0.0208823058    0.0138143297
          wgpu 2d 406g 579c x3w 18ms | egraph 104g->353v+0snap 33ms | graft 61 (-261n, 0 snap) cpu 0 | f64 30 | gen 0.2s | dropped inexpr 6 oversz 0 unbuild 0 {}
  92     0     100               0     0.145757044     0.134472967      1.05707659      1.39748702    0.0173806379    0.0111773093
  92     1      50               0     0.175122638     0.166198667      1.27082367      1.32141365    0.0208823058    0.0138143297
          wgpu 1d 198g 408c x3w 5ms | egraph 46g->262v+0snap 11ms | graft 29 (-108n, 0 snap) cpu 0 | f64 20 | gen 0.2s
  93     0     100               0     0.145757049        0.134473      1.05707659      1.39748682    0.0173806385     0.011177312
  93     1      50               0     0.175122638     0.166198667      1.27082367      1.32141365    0.0208823058    0.0138143297
          wgpu 1d 211g 394c x3w 5ms | egraph 45g->248v+0snap 11ms | graft 41 (-208n, 0 snap) cpu 0 | f64 20 | gen 0.2s | dropped inexpr 1 oversz 0 unbuild 0 {}
  94     0     100               0     0.145757048     0.134472957      1.05707659      1.39748692    0.0173806384    0.0111773085
  94     1      50               0     0.175122638     0.166198667      1.27082367      1.32141365    0.0208823058    0.0138143297
          wgpu 1d 186g 360c x3w 4ms | egraph 34g->214v+0snap 14ms | graft 36 (-133n, 0 snap) cpu 0 | f64 20 | gen 0.2s
  95     0     100               0     0.145757048     0.134472957      1.05707659      1.39748692    0.0173806384    0.0111773085
  95     1      50               0     0.175122638     0.166198667      1.27082367      1.32141365    0.0208823058    0.0138143297
          wgpu 1d 160g 374c x3w 4ms | egraph 33g->228v+0snap 7ms | graft 31 (-122n, 0 snap) cpu 0 | f64 20 | gen 0.2s
  96     0     100               0     0.145757048     0.134472957      1.05707659      1.39748692    0.0173806384    0.0111773085
  96     1      50               0     0.175122638     0.166198667      1.27082367      1.32141365    0.0208823058    0.0138143297
          wgpu 1d 185g 411c x3w 9ms | egraph 36g->265v+0snap 9ms | graft 38 (-143n, 0 snap) cpu 0 | f64 20 | gen 0.2s
  97     0     100               0     0.145757049        0.134473      1.05707659      1.39748682    0.0173806385     0.011177312
  97     1      50               0     0.175122638     0.166198667      1.27082367      1.32141365    0.0208823058    0.0138143297
          wgpu 1d 180g 375c x3w 5ms | egraph 34g->229v+0snap 9ms | graft 38 (-169n, 0 snap) cpu 0 | f64 20 | gen 0.2s
  98     0     100               0     0.145757048     0.134472957      1.05707659      1.39748692    0.0173806384    0.0111773085
  98     1      50               0     0.175122638     0.166198667      1.27082367      1.32141365    0.0208823058    0.0138143297
          wgpu 1d 183g 365c x3w 5ms | egraph 34g->219v+0snap 9ms | graft 32 (-125n, 0 snap) cpu 0 | f64 20 | gen 0.2s
  99     0     100               0     0.145757051     0.134472961      1.05707659      1.39748692    0.0173806386    0.0111773088
  99     1      50               0     0.175122638     0.166198667      1.27082367      1.32141365    0.0208823058    0.0138143297
          wgpu 1d 178g 384c x3w 5ms | egraph 31g->238v+0snap 8ms | graft 39 (-160n, 0 snap) cpu 0 | f64 20 | gen 0.2s | dropped inexpr 1 oversz 0 unbuild 0 {}
 100     0     100               0     0.145757048     0.134472957      1.05707659      1.39748692    0.0173806384    0.0111773085
 100     1      50               0     0.175122638     0.166198667      1.27082367      1.32141365    0.0208823058    0.0138143297
          wgpu 1d 184g 373c x3w 7ms | egraph 42g->227v+0snap 12ms | graft 37 (-163n, 0 snap) cpu 0 | f64 20 | gen 0.2s
--------- pump migration: intra (promote-2 + intake-reset) ---------
 101     0     100               0     0.145757048     0.134472957      1.05707659      1.39748692    0.0173806384    0.0111773085
 101     1      50               0     0.175122638     0.166198667      1.27082367      1.32141365    0.0208823058    0.0138143297
          wgpu 2d 400g 610c x3w 9ms | egraph 117g->384v+0snap 36ms | graft 66 (-259n, 0 snap) cpu 0 | f64 30 | gen 0.2s | dropped inexpr 4 oversz 0 unbuild 0 {}
 102     0     100               0     0.145757048     0.134472957      1.05707659      1.39748692    0.0173806384    0.0111773085
 102     1      50               0     0.145757048     0.134472957      1.05707659      1.39748692    0.0173806384    0.0111773085
          wgpu 1d 206g 434c x3w 5ms | egraph 40g->288v+0snap 10ms | graft 47 (-191n, 0 snap) cpu 0 | f64 20 | gen 0.2s
 103     0     100               0     0.145757048     0.134472957      1.05707659      1.39748692    0.0173806384    0.0111773085
 103     1      50               0     0.145757048     0.134472957      1.05707659      1.39748692    0.0173806384    0.0111773085
          wgpu 1d 182g 429c x3w 8ms | egraph 36g->283v+0snap 8ms | graft 45 (-178n, 0 snap) cpu 0 | f64 20 | gen 0.2s
 104     0     100               0     0.145757048     0.134472957      1.05707659      1.39748692    0.0173806384    0.0111773085
 104     1      50               0     0.145757048     0.134472957      1.05707659      1.39748692    0.0173806384    0.0111773085
          wgpu 1d 199g 444c x3w 5ms | egraph 39g->298v+0snap 9ms | graft 40 (-151n, 0 snap) cpu 0 | f64 20 | gen 0.2s
 105     0     100               0     0.145757048     0.134472957      1.05707659      1.39748692    0.0173806384    0.0111773085
 105     1      50               0     0.145757048     0.134472957      1.05707659      1.39748692    0.0173806384    0.0111773085
          wgpu 1d 200g 460c x3w 5ms | egraph 33g->314v+0snap 8ms | graft 46 (-195n, 0 snap) cpu 0 | f64 20 | gen 0.2s
 106     0     100               0     0.145757048     0.134472957      1.05707659      1.39748692    0.0173806384    0.0111773085
 106     1      50               0     0.145757048     0.134472957      1.05707659      1.39748692    0.0173806384    0.0111773085
          wgpu 1d 219g 467c x3w 5ms | egraph 37g->321v+0snap 9ms | graft 53 (-223n, 0 snap) cpu 0 | f64 20 | gen 0.2s | dropped inexpr 2 oversz 0 unbuild 0 {}
 107     0     100               0     0.145757048     0.134472957      1.05707659      1.39748692    0.0173806384    0.0111773085
 107     1      50               0     0.145757048     0.134472957      1.05707659      1.39748692    0.0173806384    0.0111773085
          wgpu 1d 207g 452c x3w 5ms | egraph 32g->306v+0snap 8ms | graft 44 (-157n, 0 snap) cpu 0 | f64 20 | gen 0.2s
 108     0     100               0     0.145757048     0.134472957      1.05707659      1.39748692    0.0173806384    0.0111773085
 108     1      50               0     0.145757048     0.134472957      1.05707659      1.39748692    0.0173806384    0.0111773085
          wgpu 1d 199g 439c x3w 5ms | egraph 27g->293v+0snap 7ms | graft 46 (-183n, 0 snap) cpu 0 | f64 20 | gen 0.2s
 109     0     100               0     0.145757048     0.134472957      1.05707659      1.39748692    0.0173806384    0.0111773085
 109     1      50               0     0.145757048     0.134472957      1.05707659      1.39748692    0.0173806384    0.0111773085
          wgpu 1d 184g 441c x3w 5ms | egraph 20g->295v+0snap 5ms | graft 48 (-183n, 0 snap) cpu 0 | f64 20 | gen 0.2s | dropped inexpr 1 oversz 0 unbuild 0 {}
 110     0     100               0     0.145757048     0.134472957      1.05707659      1.39748692    0.0173806384    0.0111773085
 110     1      50               0     0.145757049        0.134473      1.05707659      1.39748682    0.0173806385     0.011177312
          wgpu 1d 195g 457c x3w 5ms | egraph 19g->311v+0snap 6ms | graft 38 (-137n, 0 snap) cpu 0 | f64 20 | gen 0.2s
--------- pump migration: intra (promote-2 + intake-reset) ---------
 111     0     100               0     0.145757048     0.134472957      1.05707659      1.39748692    0.0173806384    0.0111773085
 111     1      50               0     0.145757048     0.134472957      1.05707659      1.39748692    0.0173806384    0.0111773085
          wgpu 2d 438g 664c x3w 10ms | egraph 113g->438v+0snap 52ms | graft 64 (-239n, 0 snap) cpu 0 | f64 30 | gen 0.2s | dropped inexpr 1 oversz 0 unbuild 0 {}
 112     0     100               0     0.145757048     0.134472957      1.05707659      1.39748692    0.0173806384    0.0111773085
 112     1      50               0     0.145757049        0.134473      1.05707659      1.39748682    0.0173806385     0.011177312
          wgpu 1d 188g 452c x3w 5ms | egraph 29g->306v+0snap 8ms | graft 41 (-142n, 0 snap) cpu 0 | f64 20 | gen 0.2s | dropped inexpr 1 oversz 0 unbuild 0 {}
 113     0     100               0     0.145757048     0.134472957      1.05707659      1.39748692    0.0173806384    0.0111773085
 113     1      50               0     0.145757049        0.134473      1.05707659      1.39748682    0.0173806385     0.011177312
          wgpu 1d 216g 459c x3w 5ms | egraph 33g->313v+0snap 18ms | graft 44 (-166n, 0 snap) cpu 0 | f64 20 | gen 0.2s | dropped inexpr 1 oversz 0 unbuild 0 {}
 114     0     100               0     0.145757048     0.134472957      1.05707659      1.39748692    0.0173806384    0.0111773085
 114     1      50               0     0.145757049        0.134473      1.05707659      1.39748682    0.0173806385     0.011177312
          wgpu 1d 232g 463c x3w 5ms | egraph 35g->317v+0snap 9ms | graft 50 (-192n, 0 snap) cpu 0 | f64 20 | gen 0.2s
 115     0     100               0     0.145757048     0.134472957      1.05707659      1.39748692    0.0173806384    0.0111773085
 115     1      50               0     0.145757049        0.134473      1.05707659      1.39748682    0.0173806385     0.011177312
          wgpu 1d 213g 439c x3w 5ms | egraph 31g->293v+0snap 11ms | graft 40 (-162n, 0 snap) cpu 0 | f64 20 | gen 0.2s
 116     0     100               0     0.145757049        0.134473      1.05707659      1.39748682    0.0173806385     0.011177312
 116     1      50               0     0.145757049        0.134473      1.05707659      1.39748682    0.0173806385     0.011177312
          wgpu 1d 220g 463c x3w 5ms | egraph 34g->317v+0snap 9ms | graft 53 (-209n, 0 snap) cpu 0 | f64 20 | gen 0.2s | dropped inexpr 5 oversz 0 unbuild 0 {}
 117     0     100               0     0.145757049        0.134473      1.05707659      1.39748682    0.0173806385     0.011177312
 117     1      50               0     0.145757049        0.134473      1.05707659      1.39748682    0.0173806385     0.011177312
          wgpu 1d 174g 444c x3w 5ms | egraph 22g->298v+0snap 8ms | graft 32 (-128n, 0 snap) cpu 0 | f64 20 | gen 0.2s | dropped inexpr 2 oversz 0 unbuild 0 {}
 118     0     100               0     0.145757049        0.134473      1.05707659      1.39748682    0.0173806385     0.011177312
 118     1      50               0     0.145757049        0.134473      1.05707659      1.39748682    0.0173806385     0.011177312
          wgpu 1d 197g 459c x3w 5ms | egraph 32g->313v+0snap 9ms | graft 45 (-193n, 0 snap) cpu 0 | f64 20 | gen 0.2s | dropped inexpr 3 oversz 0 unbuild 0 {}
 119     0     100               0     0.145757049        0.134473      1.05707659      1.39748682    0.0173806385     0.011177312
 119     1      50               0     0.145757049        0.134473      1.05707659      1.39748682    0.0173806385     0.011177312
          wgpu 1d 195g 453c x3w 5ms | egraph 34g->307v+0snap 9ms | graft 45 (-165n, 0 snap) cpu 0 | f64 20 | gen 0.2s | dropped inexpr 4 oversz 0 unbuild 0 {}
 120     0     100               0     0.145757049        0.134473      1.05707659      1.39748682    0.0173806385     0.011177312
 120     1      50               0     0.145757049        0.134473      1.05707659      1.39748682    0.0173806385     0.011177312
          wgpu 1d 189g 468c x3w 5ms | egraph 24g->322v+0snap 7ms | graft 43 (-204n, 0 snap) cpu 0 | f64 20 | gen 0.2s | dropped inexpr 1 oversz 0 unbuild 0 {}
--------- pump migration: intra (promote-2 + intake-reset) + cross ---------
 121     0     100               0     0.145757049        0.134473      1.05707659      1.39748682    0.0173806385     0.011177312
 121     1      50               0     0.145757049        0.134473      1.05707659      1.39748682    0.0173806385     0.011177312
          wgpu 2d 434g 641c x3w 10ms | egraph 102g->415v+0snap 31ms | graft 62 (-245n, 0 snap) cpu 0 | f64 30 | gen 0.2s | dropped inexpr 7 oversz 0 unbuild 0 {}
 122     0     100               0     0.145757049        0.134473      1.05707659      1.39748682    0.0173806385     0.011177312
 122     1      50               0     0.145757049        0.134473      1.05707659      1.39748682    0.0173806385     0.011177312
          wgpu 1d 250g 490c x3w 6ms | egraph 39g->344v+0snap 28ms | graft 40 (-176n, 0 snap) cpu 0 | f64 20 | gen 0.2s | dropped inexpr 3 oversz 0 unbuild 0 {}
 123     0     100               0     0.145757049        0.134473      1.05707659      1.39748682    0.0173806385     0.011177312
 123     1      50               0     0.145757049        0.134473      1.05707659      1.39748682    0.0173806385     0.011177312
          wgpu 1d 219g 474c x3w 9ms | egraph 41g->328v+0snap 16ms | graft 56 (-221n, 0 snap) cpu 0 | f64 20 | gen 0.2s | dropped inexpr 1 oversz 0 unbuild 0 {}
 124     0     100               0     0.145757051     0.134472961      1.05707659      1.39748692    0.0173806386    0.0111773088
 124     1      50               0     0.145757049        0.134473      1.05707659      1.39748682    0.0173806385     0.011177312
          wgpu 1d 214g 484c x3w 12ms | egraph 32g->338v+0snap 9ms | graft 50 (-194n, 0 snap) cpu 0 | f64 20 | gen 0.2s | dropped inexpr 1 oversz 0 unbuild 0 {}
 125     0     100               0     0.145757048     0.134472957      1.05707659      1.39748692    0.0173806384    0.0111773085
 125     1      50               0     0.145757049        0.134473      1.05707659      1.39748682    0.0173806385     0.011177312
          wgpu 1d 173g 467c x3w 10ms | egraph 22g->321v+0snap 7ms | graft 35 (-115n, 0 snap) cpu 0 | f64 20 | gen 0.2s | dropped inexpr 1 oversz 0 unbuild 0 {}
 126     0     100               0     0.145757048     0.134472957      1.05707659      1.39748692    0.0173806384    0.0111773085
 126     1      50               0     0.145757049        0.134473      1.05707659      1.39748682    0.0173806385     0.011177312
          wgpu 1d 256g 519c x3w 10ms | egraph 45g->373v+0snap 17ms | graft 60 (-193n, 0 snap) cpu 0 | f64 20 | gen 0.3s | dropped inexpr 1 oversz 0 unbuild 0 {}
 127     0     100               0     0.145757048     0.134472957      1.05707659      1.39748692    0.0173806384    0.0111773085
 127     1      50               0     0.145757049        0.134473      1.05707659      1.39748682    0.0173806385     0.011177312
          wgpu 1d 207g 455c x3w 5ms | egraph 35g->309v+0snap 8ms | graft 43 (-176n, 0 snap) cpu 0 | f64 20 | gen 0.2s
 128     0     100               0     0.145757048     0.134472957      1.05707659      1.39748692    0.0173806384    0.0111773085
 128     1      50               0     0.145757049        0.134473      1.05707659      1.39748682    0.0173806385     0.011177312
          wgpu 1d 213g 437c x3w 5ms | egraph 35g->291v+0snap 10ms | graft 51 (-248n, 0 snap) cpu 0 | f64 20 | gen 0.2s
 129     0     100               0  7.25405365e-31  6.86201135e-31  2.22044605e-15  3.74240544e-30  8.65001623e-32  5.70366111e-32
 129     1      50               0     0.145757049        0.134473      1.05707659      1.39748682    0.0173806385     0.011177312
          wgpu 1d 185g 394c x3w 5ms | egraph 45g->248v+0snap 10ms | graft 32 (-145n, 0 snap) cpu 0 | f64 20 | gen 0.3s

*** Early stop at generation 129: best val_R² = 1.0000000000 ≥ 0.9999999990, holdout_R² = 1.0000000000 confirmed

This sub-run: 2026-09-19 06:47:36.004199 → 2026-09-19 06:48:07.919037
Now at generation 129 (HOF size: 31)
[join] 142 dispatches, 25,051 genes, 127,821 candidates scored in 0.76s GPU+host; e-graph 6,250 trees -> 22,640 variants + 23 snaps in 2.00s; 3,631 grafts (15 snap), 14,794 nodes removed; cpu-path individuals 0, f64-rejected 0, snaps refused for naming an input 23
[join]   inexpressible:    115  no pset token for semantic id "pow" with arity 2
[join]   inexpressible:     37  no pset token for semantic id "div" with arity 2
[join]   inexpressible:      3  no pset token for semantic id "sqrt" with arity 1
  HFF-chosen LSM kept: a=-0.333333, b=-0.713643
Chromosome wrapper: id=0  →  identity
hof[0] runtime val: mse=4.892e-31  R²=1.000000
Pre-snap expression (after sympify + LSM compose):
  1.0*V*pr/(gamma - 1)

Per-level snap results (before MSE scoring):
  strict      →  V*pr/(gamma - 1)
  default     →  V*pr/(gamma - 1)
  aggressive  →  V*pr/(gamma - 1)

Snap-level comparison (sorted by holdout MSE, lowest first)
------------------------------------------------------------------------------------------
  level       MSE            R²         expression                                        
------------------------------------------------------------------------------------------
★ strict      1.88e-31       1.0000     V*pr/(gamma - 1)                                  
  default     1.88e-31       1.0000     V*pr/(gamma - 1)                                  
  aggressive  1.88e-31       1.0000     V*pr/(gamma - 1)                                  

Winning snap level: 'strict'  →  V*pr/(gamma - 1)

Canonical discovered expression: V*pr/(gamma - 1)
[38;2;0;50;255m
############################################################ [38;2;255;255;255m
[38;2;0;50;255m Equation Recovery: I_39_11 [38;2;255;255;255m
[38;2;0;50;255m Truth: 1/(gamma-1)*pr*V [38;2;255;255;255m
[38;2;0;50;255m [38;2;255;255;255m
[38;2;255;0;255m     Exact recovery     : True [38;2;255;255;255m
[38;2;255;0;255m     Numerical recovery : True (max rel_err 0.00e+00 on 10k samples) [38;2;255;255;255m
[38;2;255;0;255m     Discovered         : V*pr/(gamma - 1) [38;2;255;255;255m
[38;2;255;0;255m     LSM (a, b)         : (-0.333333, -0.713643) [38;2;255;255;255m
[38;2;0;50;255m
############################################################ [38;2;255;255;255m
In-range holdout : MSE=7.46e-31  MAE=5.82e-16  R²=1.0000
Extrapolation    : MSE=2.671e-30  MAE=8.56e-16  R²=1.0000

Top 10 HOF models (north_pole=truenorth) (★ = Pareto-optimal)
(deduped HOF: 7 unique chromosomes from 31 raw HOF entries)
 ----------------------------------------------------------------------------------------------------------------
       model     wrapper      length   train_mse     val_mse     max_err    train_r2      val_r2 angular_distance
 ----------------------------------------------------------------------------------------------------------------
★           0    identity          12      0.0000      0.0000      0.0000      1.0000      1.0000      0.0000
           25    identity           9      0.1751      0.1662      1.2708      0.9791      0.9862      0.1488
           28    identity           9      0.1751      0.1662      1.2708      0.9791      0.9862      0.1488
            5    identity           9      0.1751      0.1662      1.2708      0.9791      0.9862      0.1488
           15    identity          19      0.1806      0.1945      1.5907      0.9785      0.9838      0.1695
           30    identity          16      0.4968      0.7064      3.9209      0.9408      0.9413      0.4812
           29    identity          34      1.5426      2.4277      8.9708      0.8161      0.7982      1.5708

Pareto-optimal in top 7: 1    Pareto-optimal in full HOF: 1 / 7

Recovery sweep across 7/7 unique HOF chromosomes (capped):
  Structural / exact     : 1/7  (14.3%)
  Numerical (≤1e-6 err)  : 1/7  (14.3%)
{
    "date": "2026/09/19",
    "seed": "5",
    "task": "equation_recovery",
    "north_pole_method": "truenorth",
    "hff_include_val": true,
    "problem": "I_39_11",
    "truth_expr": "1/(gamma-1)*pr*V",
    "final_terminal_inputs": [
        "gamma",
        "pr",
        "V"
    ],
    "wide_primitives": true,
    "head_length": "48",
    "n_genes": "3",
    "rnc_array_length": "10",
    "tournament size": "intake=8, champion=5",
    "population size": "150",
    "population per island": "intake=100, champion=50",
    "gpu_join": true,
    "eclass_k": 8,
    "number of elites": "2",
    "number of generations": "400",
    "number of islands": "2",
    "migration FREQ": "30",
    "wrapper_id": 0,
    "wrapper_name": "identity",
    "recovery_exact": true,
    "recovery_numerical": true,
    "recovery_max_rel_err": 0.0,
    "discovered_expr": "V*pr/(gamma - 1)",
    "holdout_mse": 7.459820009391744e-31,
    "holdout_r2": 1.0,
    "extrap_mse": 2.6707872022388882e-30,
    "extrap_r2": 1.0,
    "hof_size": 7,
    "hof_exact_recoveries": 1,
    "hof_numerical_recoveries": 1
}
