/opt/anaconda3/lib/python3.12/site-packages/geppy/__init__.py:26: UserWarning: pkg_resources is deprecated as an API. See https://setuptools.pypa.io/en/latest/pkg_resources.html. The pkg_resources package is slated for removal as early as 2025-11-30. Refrain from using this package or pin to Setuptools<81.
  from pkg_resources import get_distribution, DistributionNotFound
hff library OK (test fitness: (0.1415394733244273,))
registry: ['circle_area', 'gravity', 'coulomb', 'pendulum', 'keplers3', 'ideal_gas', 'I_6_2a', 'I_6_2', 'I_6_2b', 'I_8_14', 'I_9_18', 'I_10_7', 'I_11_19', 'I_12_1', 'I_12_2', 'I_12_4', 'I_12_5', 'I_12_11', 'I_13_4', 'I_13_12', 'I_14_3', 'I_14_4', 'I_15_3x', 'I_15_3t', 'I_15_1', 'I_16_6', 'I_18_4', 'I_18_12', 'I_18_14', 'I_24_6', 'I_25_13', 'I_26_2', 'I_27_6', 'I_29_4', 'I_29_16', 'I_30_3', 'I_30_5', 'I_32_5', 'I_32_17', 'I_34_8', 'I_34_1', 'I_34_14', 'I_34_27', 'I_37_4', 'I_38_12', 'I_39_1', 'I_39_11', 'I_39_22', 'I_40_1', 'I_41_16', 'I_43_16', 'I_43_31', 'I_43_43', 'I_44_4', 'I_47_23', 'I_48_2', 'I_50_26', 'II_2_42', 'II_3_24', 'II_4_23', 'II_6_11', 'II_6_15a', 'II_6_15b', 'II_8_7', 'II_8_31', 'II_10_9', 'II_11_3', 'II_11_17', 'II_11_20', 'II_11_27', 'II_11_28', 'II_13_17', 'II_13_23', 'II_13_34', 'II_15_4', 'II_15_5', 'II_21_32', 'II_24_17', 'II_27_16', 'II_27_18', 'II_34_2a', 'II_34_2', 'II_34_11', 'II_34_29a', 'II_34_29b', 'II_35_18', 'II_35_21', 'II_36_38', 'II_37_1', 'II_38_3', 'II_38_14', 'III_4_32', 'III_4_33', 'III_7_38', 'III_8_54', 'III_9_52', 'III_10_19', 'III_12_43', 'III_13_18', 'III_14_14', 'III_15_12', 'III_15_14', 'III_15_27', 'III_17_37', 'III_19_51', 'III_21_20', 'test_1', 'test_2', 'test_3', 'test_4', 'test_5', 'test_6', 'test_7', 'test_8', 'test_9', 'test_10', 'test_11', 'test_12', 'test_13', 'test_14', 'test_15', 'test_16', 'test_17', 'test_18', 'test_19', 'test_20']
[feynman override] head_length=48 (keep n_genes=3, avgval linker)
Selected problem: II_37_1
  Description : Feynman I-III II.37.1: E_n = mom*(1+chi)*B
  Variables   : ['mom', 'B', 'chi']
  Train range : {'mom': (1.0, 5.0), 'B': (1.0, 5.0), 'chi': (1.0, 5.0)}
  Extrap range: {'mom': (1.0, 7.5), 'B': (1.0, 7.5), 'chi': (1.0, 7.5)}
  Truth       : mom*(1+chi)*B
  ✓ cache hit  (data/equations/II_37_1, key=7d81a64b2524ca94)
  train           (800, 4)  target range=[3.296, 125.3]
  val             (200, 4)  target range=[4.619, 117.5]
  holdout         (200, 4)  target range=[4.23, 115.7]
  extrapolation   (200, 4)  target range=[6.261, 338.5]
  saved figure → data/figures/II_37_1/eda_pairplot.png
Wide primitive set enabled: sin, cos, exp, log added.
[E22 rules] variable pattern tags: {'no_pattern'}
[E22/23 rules] static candidate count: 1
[E22/23 rules] allowed to take a fitness slot (exact): 0
  [sum_sq_all/sum_sq] a=1.7688 b=-1.8612e+01 1-R²_va=1.5300e-01
[fuller] denoise + snap IN THE JOIN (every gene, every generation, K=8); mutation operators: physics=0.2 concretize=0.05
Wrapper scope: per_island  (island → wrapper map: ['identity', 'identity'])
[wgpu] process pool disabled — Metal cannot survive fork(); the population is evaluated in one dispatch instead
Genes: head_length=48, n_genes=3, rnc_array_length=10
Population: (per-island, see below), elites: 2, generations: 400, migration FREQ: 30
  pump per-island sizes: intake=100 (tournsize=8), champion=50 (tournsize=5)
Initialising evolution at 2026-09-19 06:56:15.742065
 gen  deme   evals     min fitness          mse_tr          mse_va         max_err      mse_extrap  one_minus_r2_tr  one_minus_r2_va
   0     0     100               0      64.4617512      67.3480003      28.8165182       2008.8709     0.119103578     0.120339251
   0     1      50               0      64.4617512      67.3480003      28.8165182       2008.8709     0.119103578     0.120339251
          wgpu 1d 323g 279c x3w 9ms | egraph 187g->129v+0snap 78ms | graft 25 (-182n, 0 snap) cpu 0 | f64 30 | gen 0.0s | dropped inexpr 2 oversz 0 unbuild 0 {}
Extending evolution: gen 1 → 400 (+400 generations)
   1     0     100               0      64.4617512      67.3480003      28.8165182       2008.8709     0.119103578     0.120339251
   1     1      50               0      64.4617512      67.3480003      28.8165182       2008.8709     0.119103578     0.120339251
          wgpu 1d 70g 179c x3w 3ms | egraph 25g->33v+0snap 5ms | graft 2 (-6n, 0 snap) cpu 0 | f64 36 | gen 0.1s | dropped inexpr 3 oversz 0 unbuild 0 {}
   2     0     100               0      64.4617512      67.3480003      28.8165182       2008.8709     0.119103578     0.120339251
   2     1      50               0      64.4617512      67.3480003      28.8165182       2008.8709     0.119103578     0.120339251
          wgpu 1d 39g 156c x3w 3ms | egraph 15g->10v+0snap 4ms | graft 2 (-7n, 0 snap) cpu 0 | f64 37 | gen 0.2s
   3     0     100               0      64.4617512      67.3480003      28.8165182       2008.8709     0.119103578     0.120339251
   3     1      50               0      64.4617526      67.3479987      28.8165144      2008.87089     0.119103581     0.120339248
          wgpu 1d 44g 152c x3w 3ms | egraph 20g->6v+0snap 4ms | graft 1 (-2n, 0 snap) cpu 0 | f64 20 | gen 0.1s
   4     0     100               0      64.4617512      67.3480003      28.8165182       2008.8709     0.119103578     0.120339251
   4     1      50               0      64.4617526      67.3479987      28.8165144      2008.87089     0.119103581     0.120339248
          wgpu 1d 56g 160c x3w 3ms | egraph 19g->14v+0snap 5ms | graft 1 (-4n, 0 snap) cpu 0 | f64 20 | gen 0.1s
   5     0     100               0      64.4617512      67.3480003      28.8165182       2008.8709     0.119103578     0.120339251
   5     1      50               0      64.4617512      67.3480003      28.8165182       2008.8709     0.119103578     0.120339251
          wgpu 1d 44g 154c x3w 3ms | egraph 18g->8v+0snap 4ms | graft 2 (-8n, 0 snap) cpu 0 | f64 20 | gen 0.1s
   6     0     100               0      64.4617512      67.3480003      28.8165182       2008.8709     0.119103578     0.120339251
   6     1      50               0      64.4617512      67.3480003      28.8165182       2008.8709     0.119103578     0.120339251
          wgpu 1d 87g 185c x3w 3ms | egraph 28g->39v+0snap 7ms | graft 7 (-31n, 0 snap) cpu 0 | f64 20 | gen 0.1s
   7     0     100               0      64.4617512      67.3480003      28.8165182       2008.8709     0.119103578     0.120339251
   7     1      50               0      64.4617526      67.3479987      28.8165144      2008.87089     0.119103581     0.120339248
          wgpu 1d 64g 158c x3w 3ms | egraph 26g->12v+0snap 5ms | graft 3 (-8n, 0 snap) cpu 0 | f64 20 | gen 0.1s
   8     0     100               0      64.4617512      67.3480003      28.8165182       2008.8709     0.119103578     0.120339251
   8     1      50               0      64.4617526      67.3479987      28.8165144      2008.87089     0.119103581     0.120339248
          wgpu 1d 75g 168c x3w 3ms | egraph 31g->22v+0snap 7ms | graft 4 (-11n, 0 snap) cpu 0 | f64 20 | gen 0.1s
   9     0     100               0      64.4617512      67.3480003      28.8165182       2008.8709     0.119103578     0.120339251
   9     1      50               0      64.4617512      67.3480003      28.8165182       2008.8709     0.119103578     0.120339251
          wgpu 1d 54g 157c x3w 7ms | egraph 20g->11v+0snap 7ms | graft 3 (-8n, 0 snap) cpu 0 | f64 20 | gen 0.1s
  10     0     100               0      64.4617512      67.3480003      28.8165182       2008.8709     0.119103578     0.120339251
  10     1      50               0      64.4617512      67.3480003      28.8165182       2008.8709     0.119103578     0.120339251
          wgpu 1d 54g 159c x3w 3ms | egraph 24g->13v+0snap 6ms | graft 1 (-2n, 0 snap) cpu 0 | f64 20 | gen 0.2s
--------- pump migration: intra (promote-2 + intake-reset) ---------
  11     0     100               0      64.4617512      67.3480003      28.8165182       2008.8709     0.119103578     0.120339251
  11     1      50               0      64.4617526      67.3479987      28.8165144      2008.87089     0.119103581     0.120339248
          wgpu 2d 314g 432c x3w 7ms | egraph 141g->206v+0snap 74ms | graft 22 (-91n, 0 snap) cpu 0 | f64 30 | gen 0.2s | dropped inexpr 3 oversz 0 unbuild 0 {}
  12     0     100               0      64.4617512      67.3480003      28.8165182       2008.8709     0.119103578     0.120339251
  12     1      50               0      64.4617512      67.3480003      28.8165182       2008.8709     0.119103578     0.120339251
          wgpu 1d 151g 242c x3w 4ms | egraph 67g->96v+0snap 14ms | graft 8 (-48n, 0 snap) cpu 0 | f64 20 | gen 0.2s | dropped inexpr 1 oversz 0 unbuild 0 {}
  13     0     100               0      22.2137053      19.4037849      13.4919972      544.679567    0.0410434364    0.0346712142
  13     1      50               0      64.4617512      67.3480003      28.8165182       2008.8709     0.119103578     0.120339251
          wgpu 1d 94g 181c x3w 3ms | egraph 47g->35v+0snap 12ms | graft 5 (-13n, 0 snap) cpu 0 | f64 20 | gen 0.2s
  14     0     100               0      22.2137053      19.4037849      13.4919972      544.679567    0.0410434364    0.0346712142
  14     1      50               0      64.4617512      67.3480003      28.8165182       2008.8709     0.119103578     0.120339251
          wgpu 1d 163g 218c x3w 4ms | egraph 83g->72v+0snap 19ms | graft 9 (-25n, 0 snap) cpu 0 | f64 20 | gen 0.3s | dropped inexpr 2 oversz 0 unbuild 0 {}
  15     0     100               0      22.2137053      19.4037849      13.4919972      544.679567    0.0410434364    0.0346712142
  15     1      50               0      64.4617526      67.3479987      28.8165144      2008.87089     0.119103581     0.120339248
          wgpu 1d 125g 184c x3w 4ms | egraph 55g->38v+0snap 13ms | graft 3 (-6n, 0 snap) cpu 0 | f64 20 | gen 0.3s | dropped inexpr 2 oversz 0 unbuild 0 {}
  16     0     100               0      22.2137053      19.4037849      13.4919972      544.679567    0.0410434364    0.0346712142
  16     1      50               0      64.4617512      67.3480003      28.8165182       2008.8709     0.119103578     0.120339251
          wgpu 1d 128g 173c x3w 4ms | egraph 61g->27v+0snap 19ms | graft 3 (-6n, 0 snap) cpu 0 | f64 20 | gen 0.2s | dropped inexpr 1 oversz 0 unbuild 0 {}
  17     0     100               0      22.2137053      19.4037849      13.4919972      544.679567    0.0410434364    0.0346712142
  17     1      50               0      64.4617526      67.3479987      28.8165144      2008.87089     0.119103581     0.120339248
          wgpu 1d 118g 171c x3w 3ms | egraph 52g->25v+0snap 13ms | graft 2 (-11n, 0 snap) cpu 0 | f64 20 | gen 0.3s
  18     0     100               0      22.2137053      19.4037849      13.4919972      544.679567    0.0410434364    0.0346712142
  18     1      50               0      64.4617512      67.3480003      28.8165182       2008.8709     0.119103578     0.120339251
          wgpu 1d 136g 173c x3w 4ms | egraph 64g->27v+0snap 14ms | graft 6 (-17n, 0 snap) cpu 0 | f64 20 | gen 0.2s | dropped inexpr 1 oversz 0 unbuild 0 {}
  19     0     100               0      22.2137053      19.4037849      13.4919972      544.679567    0.0410434364    0.0346712142
  19     1      50               0      64.4617526      67.3479987      28.8165144      2008.87089     0.119103581     0.120339248
          wgpu 1d 142g 176c x3w 4ms | egraph 60g->30v+0snap 14ms | graft 7 (-14n, 0 snap) cpu 0 | f64 20 | gen 0.2s | dropped inexpr 2 oversz 0 unbuild 0 {}
  20     0     100               0      22.2137053      19.4037849      13.4919972      544.679567    0.0410434364    0.0346712142
  20     1      50               0      64.4617512      67.3480003      28.8165182       2008.8709     0.119103578     0.120339251
          wgpu 1d 136g 180c x3w 4ms | egraph 61g->34v+0snap 14ms | graft 7 (-30n, 0 snap) cpu 0 | f64 20 | gen 0.3s | dropped inexpr 2 oversz 0 unbuild 0 {}
--------- pump migration: intra (promote-2 + intake-reset) ---------
  21     0     100               0      22.2137053      19.4037849      13.4919972      544.679567    0.0410434364    0.0346712142
  21     1      50               0      64.4617526      67.3479982      28.8165133       2008.8709     0.119103581     0.120339247
          wgpu 2d 319g 321c x3w 7ms | egraph 136g->95v+0snap 32ms | graft 17 (-76n, 0 snap) cpu 0 | f64 30 | gen 0.2s | dropped inexpr 4 oversz 0 unbuild 0 {}
  22     0     100               0      22.2137053      19.4037849      13.4919972      544.679567    0.0410434364    0.0346712142
  22     1      50               0      64.4617526      67.3479987      28.8165144      2008.87089     0.119103581     0.120339248
          wgpu 1d 139g 176c x3w 4ms | egraph 49g->30v+0snap 12ms | graft 10 (-30n, 0 snap) cpu 0 | f64 20 | gen 0.3s | dropped inexpr 2 oversz 0 unbuild 0 {}
  23     0     100               0      22.2137053      19.4037849      13.4919972      544.679567    0.0410434364    0.0346712142
  23     1      50               0      64.4617526      67.3479987      28.8165144      2008.87089     0.119103581     0.120339248
          wgpu 1d 144g 179c x3w 4ms | egraph 44g->33v+0snap 11ms | graft 5 (-15n, 0 snap) cpu 0 | f64 20 | gen 0.3s | dropped inexpr 1 oversz 0 unbuild 0 {}
  24     0     100               0      22.2137053      19.4037849      13.4919972      544.679567    0.0410434364    0.0346712142
  24     1      50               0      64.4617526      67.3479987      28.8165144      2008.87089     0.119103581     0.120339248
          wgpu 1d 145g 180c x3w 4ms | egraph 51g->34v+0snap 12ms | graft 8 (-21n, 0 snap) cpu 0 | f64 20 | gen 0.3s | dropped inexpr 1 oversz 0 unbuild 0 {}
  25     0     100               0      22.2137053      19.4037849      13.4919972      544.679567    0.0410434364    0.0346712142
  25     1      50               0      64.4617526      67.3479987      28.8165144      2008.87089     0.119103581     0.120339248
          wgpu 1d 128g 172c x3w 4ms | egraph 44g->26v+0snap 11ms | graft 6 (-27n, 0 snap) cpu 0 | f64 20 | gen 0.2s
  26     0     100               0      22.2137053      19.4037849      13.4919972      544.679567    0.0410434364    0.0346712142
  26     1      50               0      64.4617526      67.3479987      28.8165144      2008.87089     0.119103581     0.120339248
          wgpu 1d 132g 174c x3w 4ms | egraph 43g->28v+0snap 11ms | graft 1 (-4n, 0 snap) cpu 0 | f64 20 | gen 0.2s
  27     0     100               0      22.2137053      19.4037849      13.4919972      544.679567    0.0410434364    0.0346712142
  27     1      50               0      64.4617526      67.3479987      28.8165144      2008.87089     0.119103581     0.120339248
          wgpu 1d 158g 184c x3w 4ms | egraph 54g->38v+0snap 29ms | graft 6 (-23n, 0 snap) cpu 0 | f64 20 | gen 0.4s
  28     0     100               0      22.2137053      19.4037849      13.4919972      544.679567    0.0410434364    0.0346712142
  28     1      50               0      64.4617526      67.3479987      28.8165144      2008.87089     0.119103581     0.120339248
          wgpu 1d 165g 197c x3w 4ms | egraph 60g->51v+0snap 15ms | graft 9 (-24n, 0 snap) cpu 0 | f64 20 | gen 0.3s | dropped inexpr 1 oversz 0 unbuild 0 {}
  29     0     100               0      22.2137053      19.4037849      13.4919972      544.679567    0.0410434364    0.0346712142
  29     1      50               0      64.4617526      67.3479987      28.8165144      2008.87089     0.119103581     0.120339248
          wgpu 1d 160g 201c x3w 4ms | egraph 37g->55v+0snap 10ms | graft 3 (-8n, 0 snap) cpu 0 | f64 20 | gen 0.4s | dropped inexpr 1 oversz 0 unbuild 0 {}
  30     0     100               0      22.2137053      19.4037849      13.4919972      544.679567    0.0410434364    0.0346712142
  30     1      50               0      64.4617526      67.3479987      28.8165144      2008.87089     0.119103581     0.120339248
          wgpu 1d 176g 194c x3w 4ms | egraph 61g->48v+0snap 18ms | graft 7 (-19n, 0 snap) cpu 0 | f64 20 | gen 0.3s | dropped inexpr 3 oversz 0 unbuild 0 {}
--------- pump migration: intra (promote-2 + intake-reset) ---------
  31     0     100               0      22.2137053      19.4037849      13.4919972      544.679567    0.0410434364    0.0346712142
  31     1      50               0      64.4617526      67.3479987      28.8165144      2008.87089     0.119103581     0.120339248
          wgpu 2d 370g 363c x3w 8ms | egraph 138g->137v+0snap 43ms | graft 21 (-161n, 0 snap) cpu 0 | f64 30 | gen 0.3s | dropped inexpr 7 oversz 0 unbuild 0 {}
  32     0     100               0      22.2137053      19.4037849      13.4919972      544.679567    0.0410434364    0.0346712142
  32     1      50               0      64.4617526      67.3479987      28.8165144      2008.87089     0.119103581     0.120339248
          wgpu 1d 177g 197c x3w 4ms | egraph 59g->51v+0snap 14ms | graft 8 (-25n, 0 snap) cpu 0 | f64 20 | gen 0.4s | dropped inexpr 2 oversz 0 unbuild 0 {}
  33     0     100               0     0.812833806     0.768942684      1.92740651      23.7111755   0.00150184276   0.00137396784
  33     1      50               0     0.539375931     0.468595221      2.83604269      12.1400678  0.000996584828  0.000837298772
          wgpu 1d 163g 216c x3w 4ms | egraph 60g->70v+0snap 14ms | graft 3 (-15n, 0 snap) cpu 0 | f64 20 | gen 0.5s | dropped inexpr 5 oversz 0 unbuild 0 {}
  34     0     100               0     0.812833806     0.768942684      1.92740651      23.7111755   0.00150184276   0.00137396784
  34     1      50               0     0.539375931     0.468595221      2.83604269      12.1400678  0.000996584828  0.000837298772
          wgpu 1d 206g 237c x3w 12ms | egraph 74g->91v+0snap 20ms | graft 8 (-33n, 0 snap) cpu 0 | f64 20 | gen 0.3s | dropped inexpr 6 oversz 0 unbuild 0 {}
  35     0     100               0     0.812833806     0.768942684      1.92740651      23.7111755   0.00150184276   0.00137396784
  35     1      50               0     0.539375931     0.468595221      2.83604269      12.1400678  0.000996584828  0.000837298772
          wgpu 1d 203g 233c x3w 4ms | egraph 74g->87v+0snap 20ms | graft 6 (-27n, 0 snap) cpu 0 | f64 20 | gen 0.4s | dropped inexpr 5 oversz 0 unbuild 0 {}
  36     0     100               0     0.812833806     0.768942684      1.92740651      23.7111755   0.00150184276   0.00137396784
  36     1      50               0     0.539375931     0.468595221      2.83604269      12.1400678  0.000996584828  0.000837298772
          wgpu 1d 201g 230c x3w 4ms | egraph 75g->84v+0snap 19ms | graft 4 (-22n, 0 snap) cpu 0 | f64 20 | gen 0.5s | dropped inexpr 4 oversz 0 unbuild 0 {}
  37     0     100               0     0.812833806     0.768942684      1.92740651      23.7111755   0.00150184276   0.00137396784
  37     1      50               0     0.206565174     0.188938039      1.67159888      11.4772117  0.000381662782  0.000337599661
          wgpu 1d 246g 258c x3w 5ms | egraph 101g->112v+0snap 25ms | graft 17 (-62n, 0 snap) cpu 0 | f64 20 | gen 0.4s | dropped inexpr 14 oversz 0 unbuild 0 {}
  38     0     100               0     0.812833806     0.768942684      1.92740651      23.7111755   0.00150184276   0.00137396784
  38     1      50               0  9.76106902e-29  8.91649481e-29  2.84217094e-14  1.20365186e-27  1.80351639e-31  1.59322371e-31
          wgpu 1d 196g 224c x3w 5ms | egraph 64g->78v+0snap 15ms | graft 9 (-45n, 0 snap) cpu 0 | f64 20 | gen 0.3s | dropped inexpr 7 oversz 0 unbuild 0 {}

*** Early stop at generation 38: best val_R² = 1.0000000000 ≥ 0.9999999990, holdout_R² = 1.0000000000 confirmed

This sub-run: 2026-09-19 06:56:15.977868 → 2026-09-19 06:56:25.938765
Now at generation 38 (HOF size: 31)
[join] 42 dispatches, 5,845 genes, 23,919 candidates scored in 0.17s GPU+host; e-graph 2,328 trees -> 2,035 variants + 0 snaps in 0.67s; 271 grafts (0 snap), 1,167 nodes removed; cpu-path individuals 0, f64-rejected 0, snaps refused for naming an input 0
[join]   inexpressible:     82  no pset token for semantic id "pow" with arity 2
  HFF-chosen LSM kept: a=3, b=-10
Chromosome wrapper: id=0  →  identity
hof[0] runtime val: mse=8.916e-29  R²=1.000000
Pre-snap expression (after sympify + LSM compose):
  1.0*B*chi*mom + 1.0*B*mom + 1.24344978758018e-14

Per-level snap results (before MSE scoring):
  strict      →  B*mom*(chi + 1)
  default     →  B*mom*(chi + 1)
  aggressive  →  B*mom*(chi + 1)

Snap-level comparison (sorted by holdout MSE, lowest first)
------------------------------------------------------------------------------------------
  level       MSE            R²         expression                                        
------------------------------------------------------------------------------------------
★ strict      1.027e-29      1.0000     B*mom*(chi + 1)                                   
  default     1.027e-29      1.0000     B*mom*(chi + 1)                                   
  aggressive  1.027e-29      1.0000     B*mom*(chi + 1)                                   

Winning snap level: 'strict'  →  B*mom*(chi + 1)

Canonical discovered expression: B*mom*(chi + 1)
[38;2;0;50;255m
############################################################ [38;2;255;255;255m
[38;2;0;50;255m Equation Recovery: II_37_1 [38;2;255;255;255m
[38;2;0;50;255m Truth: mom*(1+chi)*B [38;2;255;255;255m
[38;2;0;50;255m [38;2;255;255;255m
[38;2;255;0;255m     Exact recovery     : True [38;2;255;255;255m
[38;2;255;0;255m     Numerical recovery : True (max rel_err 0.00e+00 on 10k samples) [38;2;255;255;255m
[38;2;255;0;255m     Discovered         : B*mom*(chi + 1) [38;2;255;255;255m
[38;2;255;0;255m     LSM (a, b)         : (3, -10) [38;2;255;255;255m
[38;2;0;50;255m
############################################################ [38;2;255;255;255m
In-range holdout : MSE=9.709e-29  MAE=7.221e-15  R²=1.0000
Extrapolation    : MSE=1.204e-27  MAE=2.046e-14  R²=1.0000

Top 10 HOF models (north_pole=truenorth) (★ = Pareto-optimal)
(deduped HOF: 5 unique chromosomes from 31 raw HOF entries)
 ----------------------------------------------------------------------------------------------------------------
       model     wrapper      length   train_mse     val_mse     max_err    train_r2      val_r2 angular_distance
 ----------------------------------------------------------------------------------------------------------------
★           0    identity           9      0.0000      0.0000      0.0000      1.0000      1.0000      0.0000
           30    identity           3     64.4618     67.3480     28.8165      0.8809      0.8797      1.5708
            2    identity           3     64.4618     67.3480     28.8165      0.8809      0.8797      1.5708
           25    identity           3     64.4618     67.3480     28.8165      0.8809      0.8797      1.5708
           12    identity           3     64.4618     67.3480     28.8165      0.8809      0.8797      1.5708

Pareto-optimal in top 5: 1    Pareto-optimal in full HOF: 1 / 5

Recovery sweep across 5/5 unique HOF chromosomes (capped):
  Structural / exact     : 1/5  (20.0%)
  Numerical (≤1e-6 err)  : 1/5  (20.0%)
{
    "date": "2026/09/19",
    "seed": "5",
    "task": "equation_recovery",
    "north_pole_method": "truenorth",
    "hff_include_val": true,
    "problem": "II_37_1",
    "truth_expr": "mom*(1+chi)*B",
    "final_terminal_inputs": [
        "mom",
        "B",
        "chi"
    ],
    "wide_primitives": true,
    "head_length": "48",
    "n_genes": "3",
    "rnc_array_length": "10",
    "tournament size": "intake=8, champion=5",
    "population size": "150",
    "population per island": "intake=100, champion=50",
    "gpu_join": true,
    "eclass_k": 8,
    "number of elites": "2",
    "number of generations": "400",
    "number of islands": "2",
    "migration FREQ": "30",
    "wrapper_id": 0,
    "wrapper_name": "identity",
    "recovery_exact": true,
    "recovery_numerical": true,
    "recovery_max_rel_err": 0.0,
    "discovered_expr": "B*mom*(chi + 1)",
    "holdout_mse": 9.709300021460213e-29,
    "holdout_r2": 1.0,
    "extrap_mse": 1.203651857795272e-27,
    "extrap_r2": 1.0,
    "hof_size": 5,
    "hof_exact_recoveries": 1,
    "hof_numerical_recoveries": 1
}
