/opt/anaconda3/lib/python3.12/site-packages/geppy/__init__.py:26: UserWarning: pkg_resources is deprecated as an API. See https://setuptools.pypa.io/en/latest/pkg_resources.html. The pkg_resources package is slated for removal as early as 2025-11-30. Refrain from using this package or pin to Setuptools<81.
  from pkg_resources import get_distribution, DistributionNotFound
hff library OK (test fitness: (0.1415394733244273,))
registry: ['circle_area', 'gravity', 'coulomb', 'pendulum', 'keplers3', 'ideal_gas', 'I_6_2a', 'I_6_2', 'I_6_2b', 'I_8_14', 'I_9_18', 'I_10_7', 'I_11_19', 'I_12_1', 'I_12_2', 'I_12_4', 'I_12_5', 'I_12_11', 'I_13_4', 'I_13_12', 'I_14_3', 'I_14_4', 'I_15_3x', 'I_15_3t', 'I_15_1', 'I_16_6', 'I_18_4', 'I_18_12', 'I_18_14', 'I_24_6', 'I_25_13', 'I_26_2', 'I_27_6', 'I_29_4', 'I_29_16', 'I_30_3', 'I_30_5', 'I_32_5', 'I_32_17', 'I_34_8', 'I_34_1', 'I_34_14', 'I_34_27', 'I_37_4', 'I_38_12', 'I_39_1', 'I_39_11', 'I_39_22', 'I_40_1', 'I_41_16', 'I_43_16', 'I_43_31', 'I_43_43', 'I_44_4', 'I_47_23', 'I_48_2', 'I_50_26', 'II_2_42', 'II_3_24', 'II_4_23', 'II_6_11', 'II_6_15a', 'II_6_15b', 'II_8_7', 'II_8_31', 'II_10_9', 'II_11_3', 'II_11_17', 'II_11_20', 'II_11_27', 'II_11_28', 'II_13_17', 'II_13_23', 'II_13_34', 'II_15_4', 'II_15_5', 'II_21_32', 'II_24_17', 'II_27_16', 'II_27_18', 'II_34_2a', 'II_34_2', 'II_34_11', 'II_34_29a', 'II_34_29b', 'II_35_18', 'II_35_21', 'II_36_38', 'II_37_1', 'II_38_3', 'II_38_14', 'III_4_32', 'III_4_33', 'III_7_38', 'III_8_54', 'III_9_52', 'III_10_19', 'III_12_43', 'III_13_18', 'III_14_14', 'III_15_12', 'III_15_14', 'III_15_27', 'III_17_37', 'III_19_51', 'III_21_20', 'test_1', 'test_2', 'test_3', 'test_4', 'test_5', 'test_6', 'test_7', 'test_8', 'test_9', 'test_10', 'test_11', 'test_12', 'test_13', 'test_14', 'test_15', 'test_16', 'test_17', 'test_18', 'test_19', 'test_20']
[feynman override] head_length=48 (keep n_genes=3, avgval linker)
Selected problem: I_12_5
  Description : Feynman I-III I.12.5: F = q2*Ef
  Variables   : ['q2', 'Ef']
  Train range : {'q2': (1.0, 5.0), 'Ef': (1.0, 5.0)}
  Extrap range: {'q2': (1.0, 7.5), 'Ef': (1.0, 7.5)}
  Truth       : q2*Ef
  ✓ cache hit  (data/equations/I_12_5, key=2a94e780ba09715d)
  train           (800, 3)  target range=[1.192, 22.92]
  val             (200, 3)  target range=[1.485, 22.28]
  holdout         (200, 3)  target range=[1.205, 24.22]
  extrapolation   (200, 3)  target range=[1.747, 48.94]
  saved figure → data/figures/I_12_5/eda_pairplot.png
Wide primitive set enabled: sin, cos, exp, log added.
[E22 rules] variable pattern tags: {'no_pattern'}
[E22/23 rules] static candidate count: 1
  [sum_sq_all/sum_sq] a=0.4879 b=-1.0825e+00 1-R²_va=1.2078e-01
[fuller] gene operators ACTIVE (denoise=0.2 physics=0.2 snap=1.0 concretize=0.05)
Wrapper scope: per_island  (island → wrapper map: ['identity', 'identity'])
Genes: head_length=48, n_genes=3, rnc_array_length=10
Population size: 25, tournament: 3, elites: 2, generations: 400, migration FREQ: 30
  pump per-island sizes: intake=100 (tournsize=8), champion=50 (tournsize=5)
Initialising evolution at 2026-09-19 01:45:17.230299
 gen  deme   evals     min fitness          mse_tr          mse_va         max_err      mse_extrap  one_minus_r2_tr  one_minus_r2_va
   0     0     100               0      0.10069043     0.102351892      1.96538834      2.34330707   0.00382643715   0.00463128495
   0     1      50   0.00456107904       2.2649587      2.09133769      3.02389496      29.4583344    0.0860729479    0.0946302073
Extending evolution: gen 1 → 400 (+400 generations)
   1     0     100               0      0.10069043     0.102351892      1.96538834      2.34330707   0.00382643715   0.00463128495
   1     1      50  4.89080105e-05    0.0128655324    0.0141666642     0.321031588    0.0483753707  0.000488915888  0.000641022429
   2     0     100               0      0.10069043     0.102351892      1.96538834      2.34330707   0.00382643715   0.00463128495
   2     1      50               0  1.24368113e-28  1.05978286e-28  2.13162821e-14  2.93562999e-28  4.72623631e-30  4.79537436e-30

*** Early stop at generation 2: best val_R² = 1.0000000000 ≥ 0.9999999990, holdout_R² = 1.0000000000 confirmed

This sub-run: 2026-09-19 01:45:17.449951 → 2026-09-19 01:45:25.017599
Now at generation 2 (HOF size: 31)
  HFF-chosen LSM kept: a=2.94523, b=-5.89046
Chromosome wrapper: id=0  →  identity
hof[0] runtime val: mse=1.533e-29  R²=1.000000
Pre-snap expression (after sympify + LSM compose):
  0.981743593644414*(-10*Ef*q2*sqrt(-cos(log(10))) + 90*Ef*q2)/(cos(log(10)) + 81) - 8.88178419700125e-16

Per-level snap results (before MSE scoring):
  strict      →  Ef*q2
  default     →  Ef*q2
  aggressive  →  Ef*q2

Snap-level comparison (sorted by holdout MSE, lowest first)
------------------------------------------------------------------------------------------
  level       MSE            R²         expression                                        
------------------------------------------------------------------------------------------
★ strict      4.531e-31      1.0000     Ef*q2                                             
  default     4.531e-31      1.0000     Ef*q2                                             
  aggressive  4.531e-31      1.0000     Ef*q2                                             

Winning snap level: 'strict'  →  Ef*q2

Canonical discovered expression: Ef*q2
[38;2;0;50;255m
############################################################ [38;2;255;255;255m
[38;2;0;50;255m Equation Recovery: I_12_5 [38;2;255;255;255m
[38;2;0;50;255m Truth: q2*Ef [38;2;255;255;255m
[38;2;0;50;255m [38;2;255;255;255m
[38;2;255;0;255m     Exact recovery     : True [38;2;255;255;255m
[38;2;255;0;255m     Numerical recovery : True (max rel_err 0.00e+00 on 10k samples) [38;2;255;255;255m
[38;2;255;0;255m     Discovered         : Ef*q2 [38;2;255;255;255m
[38;2;255;0;255m     LSM (a, b)         : (2.94523, -5.89046) [38;2;255;255;255m
[38;2;0;50;255m
############################################################ [38;2;255;255;255m
In-range holdout : MSE=1.491e-29  MAE=3.216e-15  R²=1.0000
Extrapolation    : MSE=5.695e-29  MAE=5.916e-15  R²=1.0000

Top 10 HOF models (north_pole=truenorth) (★ = Pareto-optimal)
(deduped HOF: 21 unique chromosomes from 31 raw HOF entries)
 ----------------------------------------------------------------------------------------------------------------
       model     wrapper      length   train_mse     val_mse     max_err    train_r2      val_r2 angular_distance
 ----------------------------------------------------------------------------------------------------------------
★           0    identity          14      0.0000      0.0000      0.0000      1.0000      1.0000      0.0000
            2    identity           9      0.0000      0.0000      0.0000      1.0000      1.0000      0.0000
           14    sqrt_abs          15      0.0192      0.0201      0.3170      0.9993      0.9991      0.0673
           19    identity          15      0.0196      0.0216      0.4033      0.9993      0.9990      0.0852
           27    identity          14      0.0749      0.0699      0.5550      0.9972      0.9968      0.1235
           20    sqrt_abs          16      0.1027      0.1001      0.9757      0.9961      0.9955      0.2128
           15    sqrt_abs          63      0.0782      0.0784      1.0142      0.9970      0.9965      0.2174
           18    sqrt_abs          22      0.0780      0.0792      1.0749      0.9970      0.9964      0.2299
            5    sqrt_abs          24      0.0149      0.0264      1.1316      0.9994      0.9988      0.2376
           21    sqrt_abs          27      0.0705      0.0698      1.1525      0.9973      0.9968      0.2451

Pareto-optimal in top 10: 1    Pareto-optimal in full HOF: 1 / 21
[fuller-stats] {'denoise': {'calls': 50, 'resolved_rnc': 149}, 'physics': {'calls': 57, 'generated': 160, 'swapped_genes': 58, 'rule_F': 19, 'swapped_individuals': 40, 'rule_E3': 39, 'spec_gated_in': 39}, 'snap': {'calls': 292, 'candidates_seen': 870, 'no_baseline': 2}, 'concretize': {'calls': 12}}
[fuller-stats] {'denoise': {'calls': 50, 'resolved_rnc': 149}, 'physics': {'calls': 57, 'generated': 160, 'swapped_genes': 58, 'rule_F': 19, 'swapped_individuals': 40, 'rule_E3': 39, 'spec_gated_in': 39}, 'snap': {'calls': 292, 'candidates_seen': 870, 'no_baseline': 2}, 'concretize': {'calls': 12}}
[fuller-stats] {'denoise': {'calls': 50, 'resolved_rnc': 149}, 'physics': {'calls': 57, 'generated': 160, 'swapped_genes': 58, 'rule_F': 19, 'swapped_individuals': 40, 'rule_E3': 39, 'spec_gated_in': 39}, 'snap': {'calls': 292, 'candidates_seen': 870, 'no_baseline': 2}, 'concretize': {'calls': 12}}
<lambdifygenerated-131>:2: RuntimeWarning: invalid value encountered in sqrt
  return sqrt(10)*((1/10)*(-Ef*q2 - 232.664567204991)*sqrt(10*sqrt(log(Ef)) + 100) + 94.8171415279873*sqrt(6)*sqrt(0.0102142168611074*Ef*q2 + (1/10)*sqrt(log(Ef)) + 1))/sqrt(sqrt(log(Ef)) + 10)
[fuller-stats] {'denoise': {'calls': 50, 'resolved_rnc': 149}, 'physics': {'calls': 57, 'generated': 160, 'swapped_genes': 58, 'rule_F': 19, 'swapped_individuals': 40, 'rule_E3': 39, 'spec_gated_in': 39}, 'snap': {'calls': 292, 'candidates_seen': 870, 'no_baseline': 2}, 'concretize': {'calls': 12}}
<lambdifygenerated-134>:2: RuntimeWarning: invalid value encountered in sqrt
  return (-Ef*q2*(sqrt(log(Ef)) + 8) + 9.32287890502377*Ef*q2 - 0.267682090370016*sqrt(log(Ef)) - 2.14145672296013)/(sqrt(log(Ef)) + 8)
[fuller-stats] {'denoise': {'calls': 50, 'resolved_rnc': 149}, 'physics': {'calls': 57, 'generated': 160, 'swapped_genes': 58, 'rule_F': 19, 'swapped_individuals': 40, 'rule_E3': 39, 'spec_gated_in': 39}, 'snap': {'calls': 292, 'candidates_seen': 870, 'no_baseline': 2}, 'concretize': {'calls': 12}}
[fuller-stats] {'denoise': {'calls': 50, 'resolved_rnc': 149}, 'physics': {'calls': 57, 'generated': 160, 'swapped_genes': 58, 'rule_F': 19, 'swapped_individuals': 40, 'rule_E3': 39, 'spec_gated_in': 39}, 'snap': {'calls': 292, 'candidates_seen': 870, 'no_baseline': 2}, 'concretize': {'calls': 12}}
[fuller-stats] {'denoise': {'calls': 50, 'resolved_rnc': 149}, 'physics': {'calls': 57, 'generated': 160, 'swapped_genes': 58, 'rule_F': 19, 'swapped_individuals': 40, 'rule_E3': 39, 'spec_gated_in': 39}, 'snap': {'calls': 292, 'candidates_seen': 870, 'no_baseline': 2}, 'concretize': {'calls': 12}}
<lambdifygenerated-145>:2: RuntimeWarning: invalid value encountered in sqrt
  return -Ef*q2 + 1.69475833667665*sqrt(Ef*q2*(Ef*log(q2) + 1) + Ef + cos(sqrt(q2)/sin(Ef*exp(-q2*sin(0.54402111088937*Ef*cos(q2)/cos(cos((Ef - q2 + log(Ef))*log(q2*cos(Ef*q2))))))*sqrt(log(q2*cos(q2)))))) - 1.62056444237242
<lambdifygenerated-145>:2: RuntimeWarning: invalid value encountered in log
  return -Ef*q2 + 1.69475833667665*sqrt(Ef*q2*(Ef*log(q2) + 1) + Ef + cos(sqrt(q2)/sin(Ef*exp(-q2*sin(0.54402111088937*Ef*cos(q2)/cos(cos((Ef - q2 + log(Ef))*log(q2*cos(Ef*q2))))))*sqrt(log(q2*cos(q2)))))) - 1.62056444237242
[fuller-stats] {'denoise': {'calls': 50, 'resolved_rnc': 149}, 'physics': {'calls': 57, 'generated': 160, 'swapped_genes': 58, 'rule_F': 19, 'swapped_individuals': 40, 'rule_E3': 39, 'spec_gated_in': 39}, 'snap': {'calls': 292, 'candidates_seen': 870, 'no_baseline': 2}, 'concretize': {'calls': 12}}
[fuller-stats] {'denoise': {'calls': 50, 'resolved_rnc': 149}, 'physics': {'calls': 57, 'generated': 160, 'swapped_genes': 58, 'rule_F': 19, 'swapped_individuals': 40, 'rule_E3': 39, 'spec_gated_in': 39}, 'snap': {'calls': 292, 'candidates_seen': 870, 'no_baseline': 2}, 'concretize': {'calls': 12}}
<lambdifygenerated-153>:2: RuntimeWarning: invalid value encountered in sqrt
  return -Ef*q2 + 0.972336962576148*sqrt(Ef*q2*(Ef*q2 + 1) + cos(sqrt(q2)/sin(10*Ef*sqrt(log(Ef)))) - 3) + 0.0248279846738843
<lambdifygenerated-153>:2: RuntimeWarning: divide by zero encountered in divide
  return -Ef*q2 + 0.972336962576148*sqrt(Ef*q2*(Ef*q2 + 1) + cos(sqrt(q2)/sin(10*Ef*sqrt(log(Ef)))) - 3) + 0.0248279846738843
<lambdifygenerated-153>:2: RuntimeWarning: invalid value encountered in cos
  return -Ef*q2 + 0.972336962576148*sqrt(Ef*q2*(Ef*q2 + 1) + cos(sqrt(q2)/sin(10*Ef*sqrt(log(Ef)))) - 3) + 0.0248279846738843
[fuller-stats] {'denoise': {'calls': 50, 'resolved_rnc': 149}, 'physics': {'calls': 57, 'generated': 160, 'swapped_genes': 58, 'rule_F': 19, 'swapped_individuals': 40, 'rule_E3': 39, 'spec_gated_in': 39}, 'snap': {'calls': 292, 'candidates_seen': 870, 'no_baseline': 2}, 'concretize': {'calls': 12}}
<lambdifygenerated-157>:2: RuntimeWarning: invalid value encountered in sqrt
  return -Ef*q2 + 0.607366899329613*sqrt(8*Ef*q2*(Ef*log(q2) + 1) + 8*Ef + 8*sqrt(cos(sqrt(sin(0.347160642198369*Ef + 8)))) + 1) - 1.97069820859311
[fuller-stats] {'denoise': {'calls': 50, 'resolved_rnc': 149}, 'physics': {'calls': 57, 'generated': 160, 'swapped_genes': 58, 'rule_F': 19, 'swapped_individuals': 40, 'rule_E3': 39, 'spec_gated_in': 39}, 'snap': {'calls': 292, 'candidates_seen': 870, 'no_baseline': 2}, 'concretize': {'calls': 12}}
[fuller-stats] {'denoise': {'calls': 50, 'resolved_rnc': 149}, 'physics': {'calls': 57, 'generated': 160, 'swapped_genes': 58, 'rule_F': 19, 'swapped_individuals': 40, 'rule_E3': 39, 'spec_gated_in': 39}, 'snap': {'calls': 292, 'candidates_seen': 870, 'no_baseline': 2}, 'concretize': {'calls': 12}}

Recovery sweep across 12/21 unique HOF chromosomes (capped):
  Structural / exact     : 2/12  (16.7%)
  Numerical (≤1e-6 err)  : 2/12  (16.7%)
{
    "date": "2026/09/19",
    "seed": "5",
    "task": "equation_recovery",
    "north_pole_method": "truenorth",
    "hff_include_val": true,
    "problem": "I_12_5",
    "truth_expr": "q2*Ef",
    "final_terminal_inputs": [
        "q2",
        "Ef"
    ],
    "wide_primitives": true,
    "head_length": "48",
    "n_genes": "3",
    "rnc_array_length": "10",
    "tournament size": "3",
    "population size": "25",
    "number of elites": "2",
    "number of generations": "400",
    "number of islands": "2",
    "migration FREQ": "30",
    "wrapper_id": 0,
    "wrapper_name": "identity",
    "recovery_exact": true,
    "recovery_numerical": true,
    "recovery_max_rel_err": 0.0,
    "discovered_expr": "Ef*q2",
    "holdout_mse": 1.4914154970301873e-29,
    "holdout_r2": 1.0,
    "extrap_mse": 5.694614311467468e-29,
    "extrap_r2": 1.0,
    "hof_size": 21,
    "hof_exact_recoveries": 2,
    "hof_numerical_recoveries": 2
}
