/opt/anaconda3/lib/python3.12/site-packages/geppy/__init__.py:26: UserWarning: pkg_resources is deprecated as an API. See https://setuptools.pypa.io/en/latest/pkg_resources.html. The pkg_resources package is slated for removal as early as 2025-11-30. Refrain from using this package or pin to Setuptools<81.
  from pkg_resources import get_distribution, DistributionNotFound
hff library OK (test fitness: (0.1415394733244273,))
registry: ['circle_area', 'gravity', 'coulomb', 'pendulum', 'keplers3', 'ideal_gas', 'I_6_2a', 'I_6_2', 'I_6_2b', 'I_8_14', 'I_9_18', 'I_10_7', 'I_11_19', 'I_12_1', 'I_12_2', 'I_12_4', 'I_12_5', 'I_12_11', 'I_13_4', 'I_13_12', 'I_14_3', 'I_14_4', 'I_15_3x', 'I_15_3t', 'I_15_1', 'I_16_6', 'I_18_4', 'I_18_12', 'I_18_14', 'I_24_6', 'I_25_13', 'I_26_2', 'I_27_6', 'I_29_4', 'I_29_16', 'I_30_3', 'I_30_5', 'I_32_5', 'I_32_17', 'I_34_8', 'I_34_1', 'I_34_14', 'I_34_27', 'I_37_4', 'I_38_12', 'I_39_1', 'I_39_11', 'I_39_22', 'I_40_1', 'I_41_16', 'I_43_16', 'I_43_31', 'I_43_43', 'I_44_4', 'I_47_23', 'I_48_2', 'I_50_26', 'II_2_42', 'II_3_24', 'II_4_23', 'II_6_11', 'II_6_15a', 'II_6_15b', 'II_8_7', 'II_8_31', 'II_10_9', 'II_11_3', 'II_11_17', 'II_11_20', 'II_11_27', 'II_11_28', 'II_13_17', 'II_13_23', 'II_13_34', 'II_15_4', 'II_15_5', 'II_21_32', 'II_24_17', 'II_27_16', 'II_27_18', 'II_34_2a', 'II_34_2', 'II_34_11', 'II_34_29a', 'II_34_29b', 'II_35_18', 'II_35_21', 'II_36_38', 'II_37_1', 'II_38_3', 'II_38_14', 'III_4_32', 'III_4_33', 'III_7_38', 'III_8_54', 'III_9_52', 'III_10_19', 'III_12_43', 'III_13_18', 'III_14_14', 'III_15_12', 'III_15_14', 'III_15_27', 'III_17_37', 'III_19_51', 'III_21_20', 'test_1', 'test_2', 'test_3', 'test_4', 'test_5', 'test_6', 'test_7', 'test_8', 'test_9', 'test_10', 'test_11', 'test_12', 'test_13', 'test_14', 'test_15', 'test_16', 'test_17', 'test_18', 'test_19', 'test_20']
[feynman override] head_length=48 (keep n_genes=3, avgval linker)
Selected problem: I_14_4
  Description : Feynman I-III I.14.4: U = 1/2*k_spring*x**2
  Variables   : ['k_spring', 'x']
  Train range : {'k_spring': (1.0, 5.0), 'x': (1.0, 5.0)}
  Extrap range: {'k_spring': (1.0, 7.5), 'x': (1.0, 7.5)}
  Truth       : 1/2*k_spring*x**2
  ✓ cache hit  (data/equations/I_14_4, key=0798cb9061b9b618)
  train           (800, 3)  target range=[0.6414, 55.44]
  val             (200, 3)  target range=[0.8347, 51.87]
  holdout         (200, 3)  target range=[0.6474, 60.28]
  extrapolation   (200, 3)  target range=[0.9786, 171.6]
  saved figure → data/figures/I_14_4/eda_pairplot.png
Wide primitive set enabled: sin, cos, exp, log added.
[E22 rules] variable pattern tags: {'no_pattern'}
[E22/23 rules] static candidate count: 1
  [sum_sq_all/sum_sq] a=1.1685 b=-8.7475e+00 1-R²_va=2.3459e-01
[fuller] gene operators ACTIVE (denoise=0.2 physics=0.2 snap=1.0 concretize=0.05)
Wrapper scope: per_island  (island → wrapper map: ['identity', 'identity'])
Genes: head_length=48, n_genes=3, rnc_array_length=10
Population size: 25, tournament: 3, elites: 2, generations: 400, migration FREQ: 30
  pump per-island sizes: intake=100 (tournsize=8), champion=50 (tournsize=5)
Initialising evolution at 2026-09-19 01:45:17.231963
 gen  deme   evals     min fitness          mse_tr          mse_va         max_err      mse_extrap  one_minus_r2_tr  one_minus_r2_va
   0     0     100               0      11.7534628      11.1489256      9.19167795      147.889415    0.0703121556    0.0804548219
   0     1      50               0  9.59006955e-29  6.56749507e-29  2.84217094e-14  7.82553284e-28  5.73701956e-31  4.73935038e-31
Extending evolution: gen 1 → 400 (+400 generations)
   1     0     100               0      11.7534628      11.1489256      9.19167795      147.889415    0.0703121556    0.0804548219
   1     1      50               0  9.59006955e-29  6.56749507e-29  2.84217094e-14  7.82553284e-28  5.73701956e-31  4.73935038e-31

*** Early stop at generation 1: best val_R² = 1.0000000000 ≥ 0.9999999990, holdout_R² = 1.0000000000 confirmed

This sub-run: 2026-09-19 01:45:17.449321 → 2026-09-19 01:45:20.991487
Now at generation 1 (HOF size: 31)
  HFF-chosen LSM kept: a=1.14851, b=-2.67986
Chromosome wrapper: id=0  →  identity
hof[0] runtime val: mse=6.567e-29  R²=1.000000
Pre-snap expression (after sympify + LSM compose):
  0.382836431877686*k_spring*x**2/sqrt(-cos(log(9)))

Per-level snap results (before MSE scoring):
  strict      →  k_spring*x**2/2
  default     →  k_spring*x**2/2
  aggressive  →  k_spring*x**2/2

Snap-level comparison (sorted by holdout MSE, lowest first)
------------------------------------------------------------------------------------------
  level       MSE            R²         expression                                        
------------------------------------------------------------------------------------------
★ strict      2.187e-30      1.0000     k_spring*x**2/2                                   
  default     2.187e-30      1.0000     k_spring*x**2/2                                   
  aggressive  2.187e-30      1.0000     k_spring*x**2/2                                   

Winning snap level: 'strict'  →  k_spring*x**2/2

Canonical discovered expression: k_spring*x**2/2
[38;2;0;50;255m
############################################################ [38;2;255;255;255m
[38;2;0;50;255m Equation Recovery: I_14_4 [38;2;255;255;255m
[38;2;0;50;255m Truth: 1/2*k_spring*x**2 [38;2;255;255;255m
[38;2;0;50;255m [38;2;255;255;255m
[38;2;255;0;255m     Exact recovery     : True [38;2;255;255;255m
[38;2;255;0;255m     Numerical recovery : True (max rel_err 0.00e+00 on 10k samples) [38;2;255;255;255m
[38;2;255;0;255m     Discovered         : k_spring*x**2/2 [38;2;255;255;255m
[38;2;255;0;255m     LSM (a, b)         : (1.14851, -2.67986) [38;2;255;255;255m
[38;2;0;50;255m
############################################################ [38;2;255;255;255m
In-range holdout : MSE=9.187e-29  MAE=6.986e-15  R²=1.0000
Extrapolation    : MSE=7.826e-28  MAE=2.002e-14  R²=1.0000

Top 10 HOF models (north_pole=truenorth) (★ = Pareto-optimal)
(deduped HOF: 21 unique chromosomes from 31 raw HOF entries)
 ----------------------------------------------------------------------------------------------------------------
       model     wrapper      length   train_mse     val_mse     max_err    train_r2      val_r2 angular_distance
 ----------------------------------------------------------------------------------------------------------------
★           0    identity          14      0.0000      0.0000      0.0000      1.0000      1.0000      0.0000
            1    identity          14      0.0000      0.0000      0.0000      1.0000      1.0000      0.0000
            8    identity          14      0.0602      0.0582      0.8223      0.9996      0.9996      0.0395
            5    identity          14      0.1671      0.1481      0.8987      0.9990      0.9989      0.0438
            9    identity          15      0.0845      0.0584      1.2502      0.9995      0.9996      0.0600
           10    identity          32      1.5845      1.3894      2.8663      0.9905      0.9900      0.1559
           11    identity          15      3.7139      3.3361      4.0538      0.9778      0.9759      0.2614
           12    identity          15      4.3514      4.7910      4.9037      0.9740      0.9654      0.3271
           13    identity          18      4.1313      3.8699      5.5085      0.9753      0.9721      0.3309
           14    identity          15      5.1992      4.8329      5.2734      0.9689      0.9651      0.3553

Pareto-optimal in top 10: 1    Pareto-optimal in full HOF: 1 / 21
[fuller-stats] {'denoise': {'calls': 19, 'resolved_rnc': 57}, 'physics': {'calls': 28, 'generated': 84, 'swapped_genes': 25, 'rule_F': 10, 'swapped_individuals': 19, 'rule_E3': 15, 'spec_gated_in': 15}, 'snap': {'calls': 146, 'candidates_seen': 435, 'no_baseline': 1}, 'concretize': {'calls': 8}}
[fuller-stats] {'denoise': {'calls': 19, 'resolved_rnc': 57}, 'physics': {'calls': 28, 'generated': 84, 'swapped_genes': 25, 'rule_F': 10, 'swapped_individuals': 19, 'rule_E3': 15, 'spec_gated_in': 15}, 'snap': {'calls': 146, 'candidates_seen': 435, 'no_baseline': 1}, 'concretize': {'calls': 8}}
[fuller-stats] {'denoise': {'calls': 19, 'resolved_rnc': 57}, 'physics': {'calls': 28, 'generated': 84, 'swapped_genes': 25, 'rule_F': 10, 'swapped_individuals': 19, 'rule_E3': 15, 'spec_gated_in': 15}, 'snap': {'calls': 146, 'candidates_seen': 435, 'no_baseline': 1}, 'concretize': {'calls': 8}}
[fuller-stats] {'denoise': {'calls': 19, 'resolved_rnc': 57}, 'physics': {'calls': 28, 'generated': 84, 'swapped_genes': 25, 'rule_F': 10, 'swapped_individuals': 19, 'rule_E3': 15, 'spec_gated_in': 15}, 'snap': {'calls': 146, 'candidates_seen': 435, 'no_baseline': 1}, 'concretize': {'calls': 8}}
[fuller-stats] {'denoise': {'calls': 19, 'resolved_rnc': 57}, 'physics': {'calls': 28, 'generated': 84, 'swapped_genes': 25, 'rule_F': 10, 'swapped_individuals': 19, 'rule_E3': 15, 'spec_gated_in': 15}, 'snap': {'calls': 146, 'candidates_seen': 435, 'no_baseline': 1}, 'concretize': {'calls': 8}}
<lambdifygenerated-140>:2: RuntimeWarning: invalid value encountered in log
  return (-0.5*k_spring*x**2*sqrt(cos(log(sin(x)))) + 0.493259694223974*k_spring*x**2 + 0.118684142954102*sqrt(cos(log(sin(x)))) - 1.18684142954102)/(sqrt(cos(log(sin(x)))) - 10)
[fuller-stats] {'denoise': {'calls': 19, 'resolved_rnc': 57}, 'physics': {'calls': 28, 'generated': 84, 'swapped_genes': 25, 'rule_F': 10, 'swapped_individuals': 19, 'rule_E3': 15, 'spec_gated_in': 15}, 'snap': {'calls': 146, 'candidates_seen': 435, 'no_baseline': 1}, 'concretize': {'calls': 8}}
[fuller-stats] {'denoise': {'calls': 19, 'resolved_rnc': 57}, 'physics': {'calls': 28, 'generated': 84, 'swapped_genes': 25, 'rule_F': 10, 'swapped_individuals': 19, 'rule_E3': 15, 'spec_gated_in': 15}, 'snap': {'calls': 146, 'candidates_seen': 435, 'no_baseline': 1}, 'concretize': {'calls': 8}}
[fuller-stats] {'denoise': {'calls': 19, 'resolved_rnc': 57}, 'physics': {'calls': 28, 'generated': 84, 'swapped_genes': 25, 'rule_F': 10, 'swapped_individuals': 19, 'rule_E3': 15, 'spec_gated_in': 15}, 'snap': {'calls': 146, 'candidates_seen': 435, 'no_baseline': 1}, 'concretize': {'calls': 8}}
[fuller-stats] {'denoise': {'calls': 19, 'resolved_rnc': 57}, 'physics': {'calls': 28, 'generated': 84, 'swapped_genes': 25, 'rule_F': 10, 'swapped_individuals': 19, 'rule_E3': 15, 'spec_gated_in': 15}, 'snap': {'calls': 146, 'candidates_seen': 435, 'no_baseline': 1}, 'concretize': {'calls': 8}}
[fuller-stats] {'denoise': {'calls': 19, 'resolved_rnc': 57}, 'physics': {'calls': 28, 'generated': 84, 'swapped_genes': 25, 'rule_F': 10, 'swapped_individuals': 19, 'rule_E3': 15, 'spec_gated_in': 15}, 'snap': {'calls': 146, 'candidates_seen': 435, 'no_baseline': 1}, 'concretize': {'calls': 8}}
[fuller-stats] {'denoise': {'calls': 19, 'resolved_rnc': 57}, 'physics': {'calls': 28, 'generated': 84, 'swapped_genes': 25, 'rule_F': 10, 'swapped_individuals': 19, 'rule_E3': 15, 'spec_gated_in': 15}, 'snap': {'calls': 146, 'candidates_seen': 435, 'no_baseline': 1}, 'concretize': {'calls': 8}}
[fuller-stats] {'denoise': {'calls': 19, 'resolved_rnc': 57}, 'physics': {'calls': 28, 'generated': 84, 'swapped_genes': 25, 'rule_F': 10, 'swapped_individuals': 19, 'rule_E3': 15, 'spec_gated_in': 15}, 'snap': {'calls': 146, 'candidates_seen': 435, 'no_baseline': 1}, 'concretize': {'calls': 8}}

Recovery sweep across 12/21 unique HOF chromosomes (capped):
  Structural / exact     : 2/12  (16.7%)
  Numerical (≤1e-6 err)  : 2/12  (16.7%)
{
    "date": "2026/09/19",
    "seed": "5",
    "task": "equation_recovery",
    "north_pole_method": "truenorth",
    "hff_include_val": true,
    "problem": "I_14_4",
    "truth_expr": "1/2*k_spring*x**2",
    "final_terminal_inputs": [
        "k_spring",
        "x"
    ],
    "wide_primitives": true,
    "head_length": "48",
    "n_genes": "3",
    "rnc_array_length": "10",
    "tournament size": "3",
    "population size": "25",
    "number of elites": "2",
    "number of generations": "400",
    "number of islands": "2",
    "migration FREQ": "30",
    "wrapper_id": 0,
    "wrapper_name": "identity",
    "recovery_exact": true,
    "recovery_numerical": true,
    "recovery_max_rel_err": 0.0,
    "discovered_expr": "k_spring*x**2/2",
    "holdout_mse": 9.18651943437992e-29,
    "holdout_r2": 1.0,
    "extrap_mse": 7.825532843564294e-28,
    "extrap_r2": 1.0,
    "hof_size": 21,
    "hof_exact_recoveries": 2,
    "hof_numerical_recoveries": 2
}
