/opt/anaconda3/lib/python3.12/site-packages/geppy/__init__.py:26: UserWarning: pkg_resources is deprecated as an API. See https://setuptools.pypa.io/en/latest/pkg_resources.html. The pkg_resources package is slated for removal as early as 2025-11-30. Refrain from using this package or pin to Setuptools<81.
  from pkg_resources import get_distribution, DistributionNotFound
hff library OK (test fitness: (0.1415394733244273,))
registry: ['circle_area', 'gravity', 'coulomb', 'pendulum', 'keplers3', 'ideal_gas', 'I_6_2a', 'I_6_2', 'I_6_2b', 'I_8_14', 'I_9_18', 'I_10_7', 'I_11_19', 'I_12_1', 'I_12_2', 'I_12_4', 'I_12_5', 'I_12_11', 'I_13_4', 'I_13_12', 'I_14_3', 'I_14_4', 'I_15_3x', 'I_15_3t', 'I_15_1', 'I_16_6', 'I_18_4', 'I_18_12', 'I_18_14', 'I_24_6', 'I_25_13', 'I_26_2', 'I_27_6', 'I_29_4', 'I_29_16', 'I_30_3', 'I_30_5', 'I_32_5', 'I_32_17', 'I_34_8', 'I_34_1', 'I_34_14', 'I_34_27', 'I_37_4', 'I_38_12', 'I_39_1', 'I_39_11', 'I_39_22', 'I_40_1', 'I_41_16', 'I_43_16', 'I_43_31', 'I_43_43', 'I_44_4', 'I_47_23', 'I_48_2', 'I_50_26', 'II_2_42', 'II_3_24', 'II_4_23', 'II_6_11', 'II_6_15a', 'II_6_15b', 'II_8_7', 'II_8_31', 'II_10_9', 'II_11_3', 'II_11_17', 'II_11_20', 'II_11_27', 'II_11_28', 'II_13_17', 'II_13_23', 'II_13_34', 'II_15_4', 'II_15_5', 'II_21_32', 'II_24_17', 'II_27_16', 'II_27_18', 'II_34_2a', 'II_34_2', 'II_34_11', 'II_34_29a', 'II_34_29b', 'II_35_18', 'II_35_21', 'II_36_38', 'II_37_1', 'II_38_3', 'II_38_14', 'III_4_32', 'III_4_33', 'III_7_38', 'III_8_54', 'III_9_52', 'III_10_19', 'III_12_43', 'III_13_18', 'III_14_14', 'III_15_12', 'III_15_14', 'III_15_27', 'III_17_37', 'III_19_51', 'III_21_20', 'test_1', 'test_2', 'test_3', 'test_4', 'test_5', 'test_6', 'test_7', 'test_8', 'test_9', 'test_10', 'test_11', 'test_12', 'test_13', 'test_14', 'test_15', 'test_16', 'test_17', 'test_18', 'test_19', 'test_20']
[feynman override] head_length=48 (keep n_genes=3, avgval linker)
Selected problem: I_11_19
  Description : Feynman I-III I.11.19: A = x1*y1+x2*y2+x3*y3
  Variables   : ['x1', 'x2', 'x3', 'y1', 'y2', 'y3']
  Train range : {'x1': (1.0, 5.0), 'x2': (1.0, 5.0), 'x3': (1.0, 5.0), 'y1': (1.0, 5.0), 'y2': (1.0, 5.0), 'y3': (1.0, 5.0)}
  Extrap range: {'x1': (1.0, 7.5), 'x2': (1.0, 7.5), 'x3': (1.0, 7.5), 'y1': (1.0, 7.5), 'y2': (1.0, 7.5), 'y3': (1.0, 7.5)}
  Truth       : x1*y1+x2*y2+x3*y3
  ✓ cache hit  (data/equations/I_11_19, key=b729ea5ea747b159)
  train           (800, 7)  target range=[8.176, 60.68]
  val             (200, 7)  target range=[8.842, 50.79]
  holdout         (200, 7)  target range=[6.761, 49.23]
  extrapolation   (200, 7)  target range=[15.25, 115.2]
(skipping pairplot — too many variables: 6)
Wide primitive set enabled: sin, cos, exp, log added.
[E22 rules] variable pattern tags: {'paired_numbered', 'x_y_pairs'}
  x_y_pairs: [('x1', 'y1'), ('x2', 'y2'), ('x3', 'y3')]
[E22/23 rules] static candidate count: 16
  [pairwise_xy_product/x1*y1] a=0.9526 b=1.8224e+01 1-R²_va=6.9733e-01
  [pairwise_xy_product/x2*y2] a=0.9897 b=1.8096e+01 1-R²_va=6.8275e-01
  [pairwise_xy_product/x3*y3] a=0.9455 b=1.8636e+01 1-R²_va=7.8346e-01
  [pairwise_xy_product/x1*y1+x2*y2] a=0.9735 b=9.2987e+00 1-R²_va=4.0523e-01
  [pairwise_xy_product/x1*y1+x3*y3] a=0.9943 b=9.0731e+00 1-R²_va=3.2412e-01
  [pairwise_xy_product/x2*y2+x3*y3] a=0.9767 b=9.5999e+00 1-R²_va=4.4073e-01
  [pairwise_xy_product/x1*y1+x2*y2+x3*y3] a=1.0000 b=-2.4825e-16 1-R²_va=2.3650e-30
  [sum_sq_all/sum_sq] a=0.4895 b=-3.3175e+00 1-R²_va=1.2473e-01
  [prefix_sum_sq/x1^2+x2^2+x3^2] a=0.4849 b=1.2033e+01 1-R²_va=6.3793e-01
  [prefix_sum_sq/y1^2+y2^2+y3^2] a=0.4852 b=1.1900e+01 1-R²_va=6.0435e-01
  [euclidean_distance/(x1-x2)^2+(y1-y2)^2] a=-0.0226 b=2.7095e+01 1-R²_va=1.0033e+00
  [euclidean_distance/sqrt((x1-x2)^2+(y1-y2)^2)] a=-0.1660 b=2.7324e+01 1-R²_va=1.0054e+00
  [euclidean_distance/(x1-x3)^2+(y1-y3)^2] a=-0.0613 b=2.7310e+01 1-R²_va=1.0098e+00
  [euclidean_distance/sqrt((x1-x3)^2+(y1-y3)^2)] a=-0.2623 b=2.7526e+01 1-R²_va=1.0091e+00
  [euclidean_distance/(x2-x3)^2+(y2-y3)^2] a=-0.0635 b=2.7317e+01 1-R²_va=9.9932e-01
  [euclidean_distance/sqrt((x2-x3)^2+(y2-y3)^2)] a=-0.3528 b=2.7711e+01 1-R²_va=9.9963e-01
[fuller] denoise + snap IN THE JOIN (every gene, every generation, K=8); mutation operators: physics=0.2 concretize=0.05
Wrapper scope: per_island  (island → wrapper map: ['identity', 'identity'])
[wgpu] process pool disabled — Metal cannot survive fork(); the population is evaluated in one dispatch instead
Genes: head_length=48, n_genes=3, rnc_array_length=10
Population: (per-island, see below), elites: 2, generations: 400, migration FREQ: 30
  pump per-island sizes: intake=100 (tournsize=8), champion=50 (tournsize=5)
Initialising evolution at 2026-09-19 03:42:16.305088
 gen  deme   evals     min fitness          mse_tr          mse_va         max_err      mse_extrap  one_minus_r2_tr  one_minus_r2_va
   0     0     100               0  1.60063822e-28   1.5165062e-28  2.13162821e-14  7.13067149e-28   2.1259059e-30  2.36500966e-30
   0     1      50               0  1.60063822e-28   1.5165062e-28  2.13162821e-14  7.13067149e-28   2.1259059e-30  2.36500966e-30
          wgpu 1d 288g 237c x3w 8ms | egraph 190g->87v+0snap 48ms | graft 41 (-151n, 0 snap) cpu 0 | f64 0 | gen 0.0s | dropped inexpr 3 oversz 0 unbuild 0 {}
Extending evolution: gen 1 → 400 (+400 generations)
   1     0     100               0  1.60063822e-28   1.5165062e-28  2.13162821e-14  7.13067149e-28   2.1259059e-30  2.36500966e-30
   1     1      50               0  1.60063822e-28   1.5165062e-28  2.13162821e-14  7.13067149e-28   2.1259059e-30  2.36500966e-30
          wgpu 1d 199g 211c x3w 4ms | egraph 68g->65v+0snap 17ms | graft 31 (-133n, 0 snap) cpu 0 | f64 0 | gen 0.1s | dropped inexpr 3 oversz 0 unbuild 0 {}
  early-stop: rule x1*y1+x2*y2+x3*y3 confirmed on holdout (R²=1.0000000000)

*** Early stop at generation 1: best val_R² = 1.0000000000 ≥ 0.9999999990, holdout_R² = 1.0000000000 confirmed

This sub-run: 2026-09-19 03:42:16.447319 → 2026-09-19 03:42:16.569146
Now at generation 1 (HOF size: 31)
[join] 2 dispatches, 487 genes, 1,344 candidates scored in 0.01s GPU+host; e-graph 258 trees -> 152 variants + 0 snaps in 0.07s; 72 grafts (0 snap), 284 nodes removed; cpu-path individuals 0, f64-rejected 0
[join]   inexpressible:      5  no pset token for semantic id "pow" with arity 2
[join]   inexpressible:      1  no pset token for semantic id "div" with arity 2
>>> hof[0] won via static RULE: pairwise_xy_product/x1*y1+x2*y2+x3*y3
    rule sym_expr: x1*y1 + x2*y2 + x3*y3
  HFF-chosen LSM kept: a=1, b=-2.48248e-16
Chromosome wrapper: id=0  →  identity
hof[0] runtime val (rule): mse=1.517e-28  R²=1.000000
Pre-snap expression (after sympify + LSM compose):
  1.0*x1*y1 + 1.0*x2*y2 + 1.0*x3*y3 - 2.48248264907509e-16

Per-level snap results (before MSE scoring):
  strict      →  x1*y1 + x2*y2 + x3*y3
  default     →  x1*y1 + x2*y2 + x3*y3
  aggressive  →  x1*y1 + x2*y2 + x3*y3

Snap-level comparison (sorted by holdout MSE, lowest first)
------------------------------------------------------------------------------------------
  level       MSE            R²         expression                                        
------------------------------------------------------------------------------------------
★ strict      2.209e-30      1.0000     x1*y1 + x2*y2 + x3*y3                             
  default     2.209e-30      1.0000     x1*y1 + x2*y2 + x3*y3                             
  aggressive  2.209e-30      1.0000     x1*y1 + x2*y2 + x3*y3                             

Winning snap level: 'strict'  →  x1*y1 + x2*y2 + x3*y3

Canonical discovered expression: x1*y1 + x2*y2 + x3*y3
[38;2;0;50;255m
############################################################ [38;2;255;255;255m
[38;2;0;50;255m Equation Recovery: I_11_19 [38;2;255;255;255m
[38;2;0;50;255m Truth: x1*y1+x2*y2+x3*y3 [38;2;255;255;255m
[38;2;0;50;255m [38;2;255;255;255m
[38;2;255;0;255m     Exact recovery     : True [38;2;255;255;255m
[38;2;255;0;255m     Numerical recovery : True (max rel_err 0.00e+00 on 10k samples) [38;2;255;255;255m
[38;2;255;0;255m     Discovered         : x1*y1 + x2*y2 + x3*y3 [38;2;255;255;255m
[38;2;255;0;255m     LSM (a, b)         : (1, -2.48248e-16) [38;2;255;255;255m
[38;2;0;50;255m
############################################################ [38;2;255;255;255m
In-range holdout : MSE=1.632e-28  MAE=1.201e-14  R²=1.0000
Extrapolation    : MSE=7.131e-28  MAE=2.457e-14  R²=1.0000

Top 10 HOF models (north_pole=truenorth) (★ = Pareto-optimal)
(deduped HOF: 1 unique chromosomes from 31 raw HOF entries)
 ----------------------------------------------------------------------------------------------------------------
       model     wrapper      length   train_mse     val_mse     max_err    train_r2      val_r2 angular_distance
 ----------------------------------------------------------------------------------------------------------------
★           0        rule           5      0.0000      0.0000      0.0000      1.0000      1.0000      0.0000

Pareto-optimal in top 1: 1    Pareto-optimal in full HOF: 1 / 1

Recovery sweep across 1/1 unique HOF chromosomes (capped):
  Structural / exact     : 1/1  (100.0%)
  Numerical (≤1e-6 err)  : 1/1  (100.0%)
{
    "date": "2026/09/19",
    "seed": "5",
    "task": "equation_recovery",
    "north_pole_method": "truenorth",
    "hff_include_val": true,
    "problem": "I_11_19",
    "truth_expr": "x1*y1+x2*y2+x3*y3",
    "final_terminal_inputs": [
        "x1",
        "x2",
        "x3",
        "y1",
        "y2",
        "y3"
    ],
    "wide_primitives": true,
    "head_length": "48",
    "n_genes": "3",
    "rnc_array_length": "10",
    "tournament size": "intake=8, champion=5",
    "population size": "150",
    "population per island": "intake=100, champion=50",
    "gpu_join": true,
    "eclass_k": 8,
    "number of elites": "2",
    "number of generations": "400",
    "number of islands": "2",
    "migration FREQ": "30",
    "wrapper_id": 0,
    "wrapper_name": "identity",
    "recovery_exact": true,
    "recovery_numerical": true,
    "recovery_max_rel_err": 0.0,
    "discovered_expr": "x1*y1 + x2*y2 + x3*y3",
    "holdout_mse": 1.6318771115854461e-28,
    "holdout_r2": 1.0,
    "extrap_mse": 7.13067149447377e-28,
    "extrap_r2": 1.0,
    "hof_size": 1,
    "hof_exact_recoveries": 1,
    "hof_numerical_recoveries": 1
}
