/opt/anaconda3/lib/python3.12/site-packages/geppy/__init__.py:26: UserWarning: pkg_resources is deprecated as an API. See https://setuptools.pypa.io/en/latest/pkg_resources.html. The pkg_resources package is slated for removal as early as 2025-11-30. Refrain from using this package or pin to Setuptools<81.
  from pkg_resources import get_distribution, DistributionNotFound
hff library OK (test fitness: (0.1415394733244273,))
registry: ['circle_area', 'gravity', 'coulomb', 'pendulum', 'keplers3', 'ideal_gas', 'I_6_2a', 'I_6_2', 'I_6_2b', 'I_8_14', 'I_9_18', 'I_10_7', 'I_11_19', 'I_12_1', 'I_12_2', 'I_12_4', 'I_12_5', 'I_12_11', 'I_13_4', 'I_13_12', 'I_14_3', 'I_14_4', 'I_15_3x', 'I_15_3t', 'I_15_1', 'I_16_6', 'I_18_4', 'I_18_12', 'I_18_14', 'I_24_6', 'I_25_13', 'I_26_2', 'I_27_6', 'I_29_4', 'I_29_16', 'I_30_3', 'I_30_5', 'I_32_5', 'I_32_17', 'I_34_8', 'I_34_1', 'I_34_14', 'I_34_27', 'I_37_4', 'I_38_12', 'I_39_1', 'I_39_11', 'I_39_22', 'I_40_1', 'I_41_16', 'I_43_16', 'I_43_31', 'I_43_43', 'I_44_4', 'I_47_23', 'I_48_2', 'I_50_26', 'II_2_42', 'II_3_24', 'II_4_23', 'II_6_11', 'II_6_15a', 'II_6_15b', 'II_8_7', 'II_8_31', 'II_10_9', 'II_11_3', 'II_11_17', 'II_11_20', 'II_11_27', 'II_11_28', 'II_13_17', 'II_13_23', 'II_13_34', 'II_15_4', 'II_15_5', 'II_21_32', 'II_24_17', 'II_27_16', 'II_27_18', 'II_34_2a', 'II_34_2', 'II_34_11', 'II_34_29a', 'II_34_29b', 'II_35_18', 'II_35_21', 'II_36_38', 'II_37_1', 'II_38_3', 'II_38_14', 'III_4_32', 'III_4_33', 'III_7_38', 'III_8_54', 'III_9_52', 'III_10_19', 'III_12_43', 'III_13_18', 'III_14_14', 'III_15_12', 'III_15_14', 'III_15_27', 'III_17_37', 'III_19_51', 'III_21_20', 'test_1', 'test_2', 'test_3', 'test_4', 'test_5', 'test_6', 'test_7', 'test_8', 'test_9', 'test_10', 'test_11', 'test_12', 'test_13', 'test_14', 'test_15', 'test_16', 'test_17', 'test_18', 'test_19', 'test_20']
[feynman override] head_length=48 (keep n_genes=3, avgval linker)
Selected problem: I_12_5
  Description : Feynman I-III I.12.5: F = q2*Ef
  Variables   : ['q2', 'Ef']
  Train range : {'q2': (1.0, 5.0), 'Ef': (1.0, 5.0)}
  Extrap range: {'q2': (1.0, 7.5), 'Ef': (1.0, 7.5)}
  Truth       : q2*Ef
  ✓ cache hit  (data/equations/I_12_5, key=2a94e780ba09715d)
  train           (800, 3)  target range=[1.192, 22.92]
  val             (200, 3)  target range=[1.485, 22.28]
  holdout         (200, 3)  target range=[1.205, 24.22]
  extrapolation   (200, 3)  target range=[1.747, 48.94]
  saved figure → data/figures/I_12_5/eda_pairplot.png
Wide primitive set enabled: sin, cos, exp, log added.
[E22 rules] variable pattern tags: {'no_pattern'}
[E22/23 rules] static candidate count: 1
  [sum_sq_all/sum_sq] a=0.4879 b=-1.0825e+00 1-R²_va=1.2078e-01
[fuller] denoise + snap IN THE JOIN (every gene, every generation, K=8); mutation operators: physics=0.2 concretize=0.05
Wrapper scope: per_island  (island → wrapper map: ['identity', 'identity'])
[wgpu] process pool disabled — Metal cannot survive fork(); the population is evaluated in one dispatch instead
Genes: head_length=48, n_genes=3, rnc_array_length=10
Population: (per-island, see below), elites: 2, generations: 400, migration FREQ: 30
  pump per-island sizes: intake=100 (tournsize=8), champion=50 (tournsize=5)
Initialising evolution at 2026-09-19 03:42:29.324612
 gen  deme   evals     min fitness          mse_tr          mse_va         max_err      mse_extrap  one_minus_r2_tr  one_minus_r2_va
   0     0     100  4.81881528e-06      0.10069043     0.102351892      1.96538834      2.34330707   0.00382643715   0.00463128495
   0     1      50    0.0204210967       2.2649587      2.09133769      3.02389496      29.4583344    0.0860729479    0.0946302073
          wgpu 1d 362g 324c x3w 9ms | egraph 192g->174v+0snap 62ms | graft 77 (-250n, 0 snap) cpu 0 | f64 14 | gen 0.0s | dropped inexpr 8 oversz 0 unbuild 0 {}
Extending evolution: gen 1 → 400 (+400 generations)
   1     0     100               0  1.37032535e-29  1.11956619e-29  7.10542736e-15  2.65040008e-29  5.20750962e-31  5.06588586e-31
   1     1      50               0     0.388120614      0.40062161      1.60060578      4.71650846    0.0147493574     0.018127587
          wgpu 1d 184g 255c x3w 4ms | egraph 94g->109v+0snap 17ms | graft 42 (-168n, 0 snap) cpu 0 | f64 35 | gen 0.2s | dropped inexpr 21 oversz 0 unbuild 0 {}

*** Early stop at generation 1: best val_R² = 1.0000000000 ≥ 0.9999999990, holdout_R² = 1.0000000000 confirmed

This sub-run: 2026-09-19 03:42:29.512397 → 2026-09-19 03:42:29.744474
Now at generation 1 (HOF size: 31)
[join] 2 dispatches, 546 genes, 1,737 candidates scored in 0.01s GPU+host; e-graph 286 trees -> 283 variants + 0 snaps in 0.08s; 119 grafts (0 snap), 418 nodes removed; cpu-path individuals 0, f64-rejected 0
[join]   inexpressible:     21  no pset token for semantic id "pow" with arity 2
[join]   inexpressible:      8  no pset token for semantic id "div" with arity 2
  HFF-chosen LSM kept: a=1.5, b=-0.421875
Chromosome wrapper: id=0  →  identity
hof[0] runtime val: mse=1.047e-29  R²=1.000000
Pre-snap expression (after sympify + LSM compose):
  1.0*Ef*q2 + 1.83186799063151e-15

Per-level snap results (before MSE scoring):
  strict      →  Ef*q2
  default     →  Ef*q2
  aggressive  →  Ef*q2

Snap-level comparison (sorted by holdout MSE, lowest first)
------------------------------------------------------------------------------------------
  level       MSE            R²         expression                                        
------------------------------------------------------------------------------------------
★ strict      4.531e-31      1.0000     Ef*q2                                             
  default     4.531e-31      1.0000     Ef*q2                                             
  aggressive  4.531e-31      1.0000     Ef*q2                                             

Winning snap level: 'strict'  →  Ef*q2

Canonical discovered expression: Ef*q2
[38;2;0;50;255m
############################################################ [38;2;255;255;255m
[38;2;0;50;255m Equation Recovery: I_12_5 [38;2;255;255;255m
[38;2;0;50;255m Truth: q2*Ef [38;2;255;255;255m
[38;2;0;50;255m [38;2;255;255;255m
[38;2;255;0;255m     Exact recovery     : True [38;2;255;255;255m
[38;2;255;0;255m     Numerical recovery : True (max rel_err 0.00e+00 on 10k samples) [38;2;255;255;255m
[38;2;255;0;255m     Discovered         : Ef*q2 [38;2;255;255;255m
[38;2;255;0;255m     LSM (a, b)         : (1.5, -0.421875) [38;2;255;255;255m
[38;2;0;50;255m
############################################################ [38;2;255;255;255m
In-range holdout : MSE=1.397e-29  MAE=3.452e-15  R²=1.0000
Extrapolation    : MSE=2.501e-29  MAE=4.342e-15  R²=1.0000

Top 10 HOF models (north_pole=truenorth) (★ = Pareto-optimal)
(deduped HOF: 15 unique chromosomes from 31 raw HOF entries)
 ----------------------------------------------------------------------------------------------------------------
       model     wrapper      length   train_mse     val_mse     max_err    train_r2      val_r2 angular_distance
 ----------------------------------------------------------------------------------------------------------------
★           0    identity          13      0.0000      0.0000      0.0000      1.0000      1.0000      0.0000
            3    identity           7      0.0000      0.0000      0.0000      1.0000      1.0000      0.0000
            8    sqrt_abs          16      0.0772      0.0787      1.4493      0.9971      0.9964      0.2412
           10    sqrt_abs          17      0.0742      0.0764      1.8429      0.9972      0.9965      0.3049
            9    sqrt_abs          16      0.0963      0.0966      1.8380      0.9963      0.9956      0.3061
           11    sqrt_abs          16      0.0888      0.0963      1.9580      0.9966      0.9956      0.3252
           27    sqrt_abs          16      0.1007      0.1024      1.9654      0.9962      0.9954      0.3273
           26    sqrt_abs          16      0.1007      0.1024      1.9654      0.9962      0.9954      0.3273
           23    sqrt_abs          12      0.1007      0.1024      1.9654      0.9962      0.9954      0.3273
           30    sqrt_abs          19      0.1007      0.1024      1.9654      0.9962      0.9954      0.3273

Pareto-optimal in top 10: 1    Pareto-optimal in full HOF: 1 / 15

Recovery sweep across 12/15 unique HOF chromosomes (capped):
  Structural / exact     : 2/12  (16.7%)
  Numerical (≤1e-6 err)  : 2/12  (16.7%)
{
    "date": "2026/09/19",
    "seed": "5",
    "task": "equation_recovery",
    "north_pole_method": "truenorth",
    "hff_include_val": true,
    "problem": "I_12_5",
    "truth_expr": "q2*Ef",
    "final_terminal_inputs": [
        "q2",
        "Ef"
    ],
    "wide_primitives": true,
    "head_length": "48",
    "n_genes": "3",
    "rnc_array_length": "10",
    "tournament size": "intake=8, champion=5",
    "population size": "150",
    "population per island": "intake=100, champion=50",
    "gpu_join": true,
    "eclass_k": 8,
    "number of elites": "2",
    "number of generations": "400",
    "number of islands": "2",
    "migration FREQ": "30",
    "wrapper_id": 0,
    "wrapper_name": "identity",
    "recovery_exact": true,
    "recovery_numerical": true,
    "recovery_max_rel_err": 0.0,
    "discovered_expr": "Ef*q2",
    "holdout_mse": 1.3965549731773606e-29,
    "holdout_r2": 1.0,
    "extrap_mse": 2.5010095442933534e-29,
    "extrap_r2": 1.0,
    "hof_size": 15,
    "hof_exact_recoveries": 2,
    "hof_numerical_recoveries": 2
}
