/opt/anaconda3/lib/python3.12/site-packages/geppy/__init__.py:26: UserWarning: pkg_resources is deprecated as an API. See https://setuptools.pypa.io/en/latest/pkg_resources.html. The pkg_resources package is slated for removal as early as 2025-11-30. Refrain from using this package or pin to Setuptools<81.
  from pkg_resources import get_distribution, DistributionNotFound
hff library OK (test fitness: (0.1415394733244273,))
registry: ['circle_area', 'gravity', 'coulomb', 'pendulum', 'keplers3', 'ideal_gas', 'I_6_2a', 'I_6_2', 'I_6_2b', 'I_8_14', 'I_9_18', 'I_10_7', 'I_11_19', 'I_12_1', 'I_12_2', 'I_12_4', 'I_12_5', 'I_12_11', 'I_13_4', 'I_13_12', 'I_14_3', 'I_14_4', 'I_15_3x', 'I_15_3t', 'I_15_1', 'I_16_6', 'I_18_4', 'I_18_12', 'I_18_14', 'I_24_6', 'I_25_13', 'I_26_2', 'I_27_6', 'I_29_4', 'I_29_16', 'I_30_3', 'I_30_5', 'I_32_5', 'I_32_17', 'I_34_8', 'I_34_1', 'I_34_14', 'I_34_27', 'I_37_4', 'I_38_12', 'I_39_1', 'I_39_11', 'I_39_22', 'I_40_1', 'I_41_16', 'I_43_16', 'I_43_31', 'I_43_43', 'I_44_4', 'I_47_23', 'I_48_2', 'I_50_26', 'II_2_42', 'II_3_24', 'II_4_23', 'II_6_11', 'II_6_15a', 'II_6_15b', 'II_8_7', 'II_8_31', 'II_10_9', 'II_11_3', 'II_11_17', 'II_11_20', 'II_11_27', 'II_11_28', 'II_13_17', 'II_13_23', 'II_13_34', 'II_15_4', 'II_15_5', 'II_21_32', 'II_24_17', 'II_27_16', 'II_27_18', 'II_34_2a', 'II_34_2', 'II_34_11', 'II_34_29a', 'II_34_29b', 'II_35_18', 'II_35_21', 'II_36_38', 'II_37_1', 'II_38_3', 'II_38_14', 'III_4_32', 'III_4_33', 'III_7_38', 'III_8_54', 'III_9_52', 'III_10_19', 'III_12_43', 'III_13_18', 'III_14_14', 'III_15_12', 'III_15_14', 'III_15_27', 'III_17_37', 'III_19_51', 'III_21_20', 'test_1', 'test_2', 'test_3', 'test_4', 'test_5', 'test_6', 'test_7', 'test_8', 'test_9', 'test_10', 'test_11', 'test_12', 'test_13', 'test_14', 'test_15', 'test_16', 'test_17', 'test_18', 'test_19', 'test_20']
[feynman override] head_length=48 (keep n_genes=3, avgval linker)
Selected problem: I_14_3
  Description : Feynman I-III I.14.3: U = m*g*z
  Variables   : ['m', 'g', 'z']
  Train range : {'m': (1.0, 5.0), 'g': (1.0, 5.0), 'z': (1.0, 5.0)}
  Extrap range: {'m': (1.0, 7.5), 'g': (1.0, 7.5), 'z': (1.0, 7.5)}
  Truth       : m*g*z
  ✓ cache hit  (data/equations/I_14_3, key=8a1f90d1a09f3679)
  train           (800, 4)  target range=[1.665, 103.6]
  val             (200, 4)  target range=[2.599, 97.39]
  holdout         (200, 4)  target range=[2.309, 96.07]
  extrapolation   (200, 4)  target range=[4.279, 295.7]
  saved figure → data/figures/I_14_3/eda_pairplot.png
Wide primitive set enabled: sin, cos, exp, log added.
[E22 rules] variable pattern tags: {'no_pattern'}
[E22/23 rules] static candidate count: 1
  [sum_sq_all/sum_sq] a=1.4384 b=-1.7630e+01 1-R²_va=1.5694e-01
[fuller] denoise + snap IN THE JOIN (every gene, every generation, K=8); mutation operators: physics=0.2 concretize=0.05
Wrapper scope: per_island  (island → wrapper map: ['identity', 'identity'])
[wgpu] process pool disabled — Metal cannot survive fork(); the population is evaluated in one dispatch instead
Genes: head_length=48, n_genes=3, rnc_array_length=10
Population: (per-island, see below), elites: 2, generations: 400, migration FREQ: 30
  pump per-island sizes: intake=100 (tournsize=8), champion=50 (tournsize=5)
Initialising evolution at 2026-09-19 03:43:45.980852
 gen  deme   evals     min fitness          mse_tr          mse_va         max_err      mse_extrap  one_minus_r2_tr  one_minus_r2_va
   0     0     100    0.0410297722      58.0065062      59.5105911      23.1503954      974.020063     0.160233567      0.15693894
   0     1      50    0.0409993668      58.0065062      59.5105911      23.1503954      974.020063     0.160233567      0.15693894
          wgpu 1d 323g 279c x3w 8ms | egraph 187g->129v+0snap 61ms | graft 67 (-269n, 0 snap) cpu 0 | f64 0 | gen 0.0s | dropped inexpr 2 oversz 0 unbuild 0 {}
Extending evolution: gen 1 → 400 (+400 generations)
   1     0     100               0      58.0065062      59.5105911      23.1503954      974.020063     0.160233567      0.15693894
   1     1      50    0.0124176908      58.0065062      59.5105911      23.1503954      974.020063     0.160233567      0.15693894
          wgpu 1d 208g 209c x3w 4ms | egraph 85g->63v+0snap 15ms | graft 35 (-165n, 0 snap) cpu 0 | f64 0 | gen 0.4s | dropped inexpr 5 oversz 0 unbuild 0 {}
   2     0     100               0      58.0065062      59.5105911      23.1503954      974.020063     0.160233567      0.15693894
   2     1      50               0      58.0065062      59.5105911      23.1503954      974.020063     0.160233567      0.15693894
          wgpu 1d 178g 193c x3w 3ms | egraph 60g->45v+2snap 15ms | graft 28 (-88n, 0 snap) cpu 0 | f64 0 | gen 0.2s | dropped inexpr 4 oversz 0 unbuild 0 {}
   3     0     100               0      58.0065062      59.5105911      23.1503954      974.020063     0.160233567      0.15693894
   3     1      50               0      58.0065062      59.5105911      23.1503954      974.020063     0.160233567      0.15693894
          wgpu 1d 174g 174c x3w 4ms | egraph 64g->28v+0snap 13ms | graft 20 (-81n, 0 snap) cpu 0 | f64 0 | gen 0.1s | dropped inexpr 3 oversz 0 unbuild 0 {}
   4     0     100               0      58.0065062      59.5105911      23.1503954      974.020063     0.160233567      0.15693894
   4     1      50               0      58.0065062      59.5105911      23.1503954      974.020063     0.160233567      0.15693894
          wgpu 1d 139g 166c x3w 3ms | egraph 44g->20v+0snap 6ms | graft 13 (-45n, 0 snap) cpu 0 | f64 1 | gen 0.1s | dropped inexpr 2 oversz 0 unbuild 0 {}
   5     0     100               0      58.0065062      59.5105911      23.1503954      974.020063     0.160233567      0.15693894
   5     1      50               0      58.0065062      59.5105911      23.1503954      974.020063     0.160233567      0.15693894
          wgpu 1d 161g 198c x3w 3ms | egraph 61g->52v+0snap 11ms | graft 36 (-114n, 0 snap) cpu 0 | f64 3 | gen 0.2s | dropped inexpr 3 oversz 0 unbuild 0 {}
   6     0     100               0      58.0065062      59.5105911      23.1503954      974.020063     0.160233567      0.15693894
   6     1      50               0      58.0065062      59.5105911      23.1503954      974.020063     0.160233567      0.15693894
          wgpu 1d 141g 194c x3w 3ms | egraph 48g->48v+0snap 7ms | graft 31 (-83n, 0 snap) cpu 0 | f64 7 | gen 0.1s | dropped inexpr 2 oversz 0 unbuild 0 {}
   7     0     100               0      58.0065062      59.5105911      23.1503954      974.020063     0.160233567      0.15693894
   7     1      50               0      58.0065062      59.5105911      23.1503954      974.020063     0.160233567      0.15693894
          wgpu 1d 110g 186c x3w 3ms | egraph 37g->38v+2snap 8ms | graft 24 (-61n, 0 snap) cpu 0 | f64 4 | gen 0.1s | dropped inexpr 1 oversz 0 unbuild 0 {}
   8     0     100               0      58.0065062      59.5105911      23.1503954      974.020063     0.160233567      0.15693894
   8     1      50               0      58.0065062      59.5105911      23.1503954      974.020063     0.160233567      0.15693894
          wgpu 1d 99g 201c x3w 3ms | egraph 34g->55v+0snap 5ms | graft 33 (-91n, 0 snap) cpu 0 | f64 11 | gen 0.1s | dropped inexpr 3 oversz 0 unbuild 0 {}
   9     0     100               0      58.0065062      59.5105911      23.1503954      974.020063     0.160233567      0.15693894
   9     1      50               0      58.0065062      59.5105911      23.1503954      974.020063     0.160233567      0.15693894
          wgpu 1d 95g 197c x3w 3ms | egraph 33g->51v+0snap 7ms | graft 32 (-79n, 0 snap) cpu 0 | f64 15 | gen 0.2s | dropped inexpr 3 oversz 0 unbuild 0 {}
  10     0     100               0      58.0065062      59.5105911      23.1503954      974.020063     0.160233567      0.15693894
  10     1      50               0      58.0065062      59.5105911      23.1503954      974.020063     0.160233567      0.15693894
          wgpu 1d 97g 201c x3w 3ms | egraph 31g->55v+0snap 5ms | graft 28 (-69n, 0 snap) cpu 0 | f64 20 | gen 0.2s | dropped inexpr 3 oversz 0 unbuild 0 {}
--------- pump migration: intra (promote-2 + intake-reset) ---------
  11     0     100               0      58.0065062      59.5105911      23.1503954      974.020063     0.160233567      0.15693894
  11     1      50               0      58.0065062      59.5105911      23.1503954      974.020063     0.160233567      0.15693894
          wgpu 2d 365g 355c x3w 7ms | egraph 138g->129v+0snap 24ms | graft 75 (-176n, 0 snap) cpu 0 | f64 2 | gen 0.1s | dropped inexpr 6 oversz 0 unbuild 0 {}
  12     0     100               0      58.0065062      59.5105911      23.1503954      974.020063     0.160233567      0.15693894
  12     1      50               0      58.0065062      59.5105911      23.1503954      974.020063     0.160233567      0.15693894
          wgpu 1d 118g 179c x3w 3ms | egraph 33g->33v+0snap 11ms | graft 22 (-47n, 0 snap) cpu 0 | f64 8 | gen 0.3s | dropped inexpr 1 oversz 0 unbuild 0 {}
  13     0     100               0      58.0065062      59.5105911      23.1503954      974.020063     0.160233567      0.15693894
  13     1      50               0      58.0065062      59.5105911      23.1503954      974.020063     0.160233567      0.15693894
          wgpu 1d 122g 187c x3w 3ms | egraph 38g->41v+0snap 14ms | graft 29 (-97n, 0 snap) cpu 0 | f64 8 | gen 0.1s | dropped inexpr 5 oversz 0 unbuild 0 {}
  14     0     100               0      58.0065062      59.5105911      23.1503954      974.020063     0.160233567      0.15693894
  14     1      50               0      58.0065062      59.5105911      23.1503954      974.020063     0.160233567      0.15693894
          wgpu 1d 104g 174c x3w 3ms | egraph 31g->28v+0snap 5ms | graft 21 (-50n, 0 snap) cpu 0 | f64 10 | gen 0.1s | dropped inexpr 7 oversz 0 unbuild 0 {}
  15     0     100               0      58.0065062      59.5105911      23.1503954      974.020063     0.160233567      0.15693894
  15     1      50               0      58.0065062      59.5105911      23.1503954      974.020063     0.160233567      0.15693894
          wgpu 1d 107g 175c x3w 3ms | egraph 38g->29v+0snap 6ms | graft 21 (-55n, 0 snap) cpu 0 | f64 10 | gen 0.1s | dropped inexpr 5 oversz 0 unbuild 0 {}
  16     0     100               0      58.0065062      59.5105911      23.1503954      974.020063     0.160233567      0.15693894
  16     1      50               0      58.0065062      59.5105911      23.1503954      974.020063     0.160233567      0.15693894
          wgpu 1d 80g 166c x3w 3ms | egraph 15g->20v+0snap 3ms | graft 16 (-35n, 0 snap) cpu 0 | f64 10 | gen 0.1s | dropped inexpr 2 oversz 0 unbuild 0 {}
  17     0     100               0      58.0065062      59.5105911      23.1503954      974.020063     0.160233567      0.15693894
  17     1      50               0      58.0065062      59.5105911      23.1503954      974.020063     0.160233567      0.15693894
          wgpu 1d 69g 163c x3w 3ms | egraph 20g->17v+0snap 4ms | graft 15 (-39n, 0 snap) cpu 0 | f64 10 | gen 0.1s | dropped inexpr 3 oversz 0 unbuild 0 {}
  18     0     100               0      58.0065062      59.5105911      23.1503954      974.020063     0.160233567      0.15693894
  18     1      50               0      58.0065062      59.5105911      23.1503954      974.020063     0.160233567      0.15693894
          wgpu 1d 91g 176c x3w 3ms | egraph 25g->30v+0snap 6ms | graft 21 (-76n, 0 snap) cpu 0 | f64 10 | gen 0.1s | dropped inexpr 8 oversz 0 unbuild 0 {}
  19     0     100               0      58.0065062      59.5105911      23.1503954      974.020063     0.160233567      0.15693894
  19     1      50               0  3.77256088e-29  4.38813739e-29  2.84217094e-14  3.11517227e-28  1.04210877e-31  1.15722196e-31
          wgpu 1d 119g 185c x3w 3ms | egraph 37g->39v+0snap 5ms | graft 27 (-76n, 0 snap) cpu 0 | f64 10 | gen 0.1s | dropped inexpr 13 oversz 0 unbuild 0 {}

*** Early stop at generation 19: best val_R² = 1.0000000000 ≥ 0.9999999990, holdout_R² = 1.0000000000 confirmed

This sub-run: 2026-09-19 03:43:46.149024 → 2026-09-19 03:43:49.075027
Now at generation 19 (HOF size: 31)
[join] 21 dispatches, 2,900 genes, 11,874 candidates scored in 0.07s GPU+host; e-graph 1,059 trees -> 950 variants + 4 snaps in 0.23s; 594 grafts (0 snap), 1,796 nodes removed; cpu-path individuals 0, f64-rejected 0
[join]   inexpressible:     44  no pset token for semantic id "pow" with arity 2
[join]   inexpressible:     33  no pset token for semantic id "div" with arity 2
[join]   inexpressible:      4  no pset token for semantic id "sqrt" with arity 1
  HFF-chosen LSM kept: a=3, b=-2.64509
Chromosome wrapper: id=0  →  identity
hof[0] runtime val: mse=1.861e-29  R²=1.000000
Pre-snap expression (after sympify + LSM compose):
  1.0*g*m*z + 8.88178419700125e-16

Per-level snap results (before MSE scoring):
  strict      →  g*m*z
  default     →  g*m*z
  aggressive  →  g*m*z

Snap-level comparison (sorted by holdout MSE, lowest first)
------------------------------------------------------------------------------------------
  level       MSE            R²         expression                                        
------------------------------------------------------------------------------------------
★ strict      3.239e-30      1.0000     g*m*z                                             
  default     3.239e-30      1.0000     g*m*z                                             
  aggressive  3.239e-30      1.0000     g*m*z                                             

Winning snap level: 'strict'  →  g*m*z

Canonical discovered expression: g*m*z
[38;2;0;50;255m
############################################################ [38;2;255;255;255m
[38;2;0;50;255m Equation Recovery: I_14_3 [38;2;255;255;255m
[38;2;0;50;255m Truth: m*g*z [38;2;255;255;255m
[38;2;0;50;255m [38;2;255;255;255m
[38;2;255;0;255m     Exact recovery     : True [38;2;255;255;255m
[38;2;255;0;255m     Numerical recovery : True (max rel_err 0.00e+00 on 10k samples) [38;2;255;255;255m
[38;2;255;0;255m     Discovered         : g*m*z [38;2;255;255;255m
[38;2;255;0;255m     LSM (a, b)         : (3, -2.64509) [38;2;255;255;255m
[38;2;0;50;255m
############################################################ [38;2;255;255;255m
In-range holdout : MSE=1.615e-29  MAE=2.358e-15  R²=1.0000
Extrapolation    : MSE=1.603e-28  MAE=6.151e-15  R²=1.0000

Top 10 HOF models (north_pole=truenorth) (★ = Pareto-optimal)
(deduped HOF: 2 unique chromosomes from 31 raw HOF entries)
 ----------------------------------------------------------------------------------------------------------------
       model     wrapper      length   train_mse     val_mse     max_err    train_r2      val_r2 angular_distance
 ----------------------------------------------------------------------------------------------------------------
★           0    identity           7      0.0000      0.0000      0.0000      1.0000      1.0000      0.0000
            1        rule           5     58.0065     59.5106     23.1504      0.8398      0.8431      1.5708

Pareto-optimal in top 2: 1    Pareto-optimal in full HOF: 1 / 2

Recovery sweep across 2/2 unique HOF chromosomes (capped):
  Structural / exact     : 1/2  (50.0%)
  Numerical (≤1e-6 err)  : 1/2  (50.0%)
{
    "date": "2026/09/19",
    "seed": "5",
    "task": "equation_recovery",
    "north_pole_method": "truenorth",
    "hff_include_val": true,
    "problem": "I_14_3",
    "truth_expr": "m*g*z",
    "final_terminal_inputs": [
        "m",
        "g",
        "z"
    ],
    "wide_primitives": true,
    "head_length": "48",
    "n_genes": "3",
    "rnc_array_length": "10",
    "tournament size": "intake=8, champion=5",
    "population size": "150",
    "population per island": "intake=100, champion=50",
    "gpu_join": true,
    "eclass_k": 8,
    "number of elites": "2",
    "number of generations": "400",
    "number of islands": "2",
    "migration FREQ": "30",
    "wrapper_id": 0,
    "wrapper_name": "identity",
    "recovery_exact": true,
    "recovery_numerical": true,
    "recovery_max_rel_err": 0.0,
    "discovered_expr": "g*m*z",
    "holdout_mse": 1.6149954882137164e-29,
    "holdout_r2": 1.0,
    "extrap_mse": 1.6032414607259235e-28,
    "extrap_r2": 1.0,
    "hof_size": 2,
    "hof_exact_recoveries": 1,
    "hof_numerical_recoveries": 1
}
