/opt/anaconda3/lib/python3.12/site-packages/geppy/__init__.py:26: UserWarning: pkg_resources is deprecated as an API. See https://setuptools.pypa.io/en/latest/pkg_resources.html. The pkg_resources package is slated for removal as early as 2025-11-30. Refrain from using this package or pin to Setuptools<81.
  from pkg_resources import get_distribution, DistributionNotFound
hff library OK (test fitness: (0.1415394733244273,))
registry: ['circle_area', 'gravity', 'coulomb', 'pendulum', 'keplers3', 'ideal_gas', 'I_6_2a', 'I_6_2', 'I_6_2b', 'I_8_14', 'I_9_18', 'I_10_7', 'I_11_19', 'I_12_1', 'I_12_2', 'I_12_4', 'I_12_5', 'I_12_11', 'I_13_4', 'I_13_12', 'I_14_3', 'I_14_4', 'I_15_3x', 'I_15_3t', 'I_15_1', 'I_16_6', 'I_18_4', 'I_18_12', 'I_18_14', 'I_24_6', 'I_25_13', 'I_26_2', 'I_27_6', 'I_29_4', 'I_29_16', 'I_30_3', 'I_30_5', 'I_32_5', 'I_32_17', 'I_34_8', 'I_34_1', 'I_34_14', 'I_34_27', 'I_37_4', 'I_38_12', 'I_39_1', 'I_39_11', 'I_39_22', 'I_40_1', 'I_41_16', 'I_43_16', 'I_43_31', 'I_43_43', 'I_44_4', 'I_47_23', 'I_48_2', 'I_50_26', 'II_2_42', 'II_3_24', 'II_4_23', 'II_6_11', 'II_6_15a', 'II_6_15b', 'II_8_7', 'II_8_31', 'II_10_9', 'II_11_3', 'II_11_17', 'II_11_20', 'II_11_27', 'II_11_28', 'II_13_17', 'II_13_23', 'II_13_34', 'II_15_4', 'II_15_5', 'II_21_32', 'II_24_17', 'II_27_16', 'II_27_18', 'II_34_2a', 'II_34_2', 'II_34_11', 'II_34_29a', 'II_34_29b', 'II_35_18', 'II_35_21', 'II_36_38', 'II_37_1', 'II_38_3', 'II_38_14', 'III_4_32', 'III_4_33', 'III_7_38', 'III_8_54', 'III_9_52', 'III_10_19', 'III_12_43', 'III_13_18', 'III_14_14', 'III_15_12', 'III_15_14', 'III_15_27', 'III_17_37', 'III_19_51', 'III_21_20', 'test_1', 'test_2', 'test_3', 'test_4', 'test_5', 'test_6', 'test_7', 'test_8', 'test_9', 'test_10', 'test_11', 'test_12', 'test_13', 'test_14', 'test_15', 'test_16', 'test_17', 'test_18', 'test_19', 'test_20']
[feynman override] head_length=48 (keep n_genes=3, avgval linker)
Selected problem: I_18_14
  Description : Feynman I-III I.18.14: L = m*r*v*sin(theta)
  Variables   : ['m', 'r', 'v', 'theta']
  Train range : {'m': (1.0, 5.0), 'r': (1.0, 5.0), 'v': (1.0, 5.0), 'theta': (1.0, 5.0)}
  Extrap range: {'m': (1.0, 7.5), 'r': (1.0, 7.5), 'v': (1.0, 7.5), 'theta': (1.0, 7.5)}
  Truth       : m*r*v*sin(theta)
  ✓ cache hit  (data/equations/I_18_14, key=fa722a361c797696)
  train           (800, 5)  target range=[-95.77, 82.65]
  val             (200, 5)  target range=[-79.32, 81.39]
  holdout         (200, 5)  target range=[-78.69, 91.21]
  extrapolation   (200, 5)  target range=[-262.8, 206.6]
  saved figure → data/figures/I_18_14/eda_pairplot.png
Wide primitive set enabled: sin, cos, exp, log added.
[E22 rules] variable pattern tags: {'has_gaussian_input'}
[E22/23 rules] static candidate count: 6
  [sum_sq_all/sum_sq] a=-0.6805 b=2.9881e+01 1-R²_va=8.4751e-01
  [gaussian_density/N(theta;0,1)] a=239.1429 b=-7.0878e+00 1-R²_va=6.2847e-01
  [angle_diff_trig/sin(2*theta/2)] a=27.7013 b=-9.8985e-02 1-R²_va=3.1461e-01
  [angle_diff_trig/sin(2*theta/2)^2] a=2.8398 b=3.0288e-01 1-R²_va=1.0061e+00
  [angle_diff_trig/sin(3*theta/2)] a=3.7726 b=2.2365e+00 1-R²_va=9.9087e-01
  [angle_diff_trig/sin(3*theta/2)^2] a=8.7060 b=-2.0709e+00 1-R²_va=9.6511e-01
[fuller] denoise + snap IN THE JOIN (every gene, every generation, K=8); mutation operators: physics=0.2 concretize=0.05
Wrapper scope: per_island  (island → wrapper map: ['identity', 'identity'])
[wgpu] process pool disabled — Metal cannot survive fork(); the population is evaluated in one dispatch instead
Genes: head_length=48, n_genes=3, rnc_array_length=10
Population: (per-island, see below), elites: 2, generations: 400, migration FREQ: 30
  pump per-island sizes: intake=100 (tournsize=8), champion=50 (tournsize=5)
Initialising evolution at 2026-09-19 03:48:48.838979
 gen  deme   evals     min fitness          mse_tr          mse_va         max_err      mse_extrap  one_minus_r2_tr  one_minus_r2_va
   0     0     100    0.0342543378      216.457426      210.502315      53.9404828      3038.27557      0.32788477     0.314608631
   0     1      50     0.017311696      216.457426      210.502315      53.9404828      3038.27557      0.32788477     0.314608631
          wgpu 1d 295g 250c x3w 9ms | egraph 187g->100v+0snap 48ms | graft 56 (-144n, 0 snap) cpu 0 | f64 0 | gen 0.0s | dropped inexpr 5 oversz 0 unbuild 0 {}
Extending evolution: gen 1 → 400 (+400 generations)
   1     0     100    0.0341653835      216.457426      210.502315      53.9404828      3038.27557      0.32788477     0.314608631
   1     1      50               0      216.457426      210.502315      53.9404828      3038.27557      0.32788477     0.314608631
          wgpu 1d 200g 200c x3w 4ms | egraph 71g->54v+0snap 13ms | graft 22 (-58n, 0 snap) cpu 0 | f64 0 | gen 0.1s | dropped inexpr 1 oversz 0 unbuild 0 {}
   2     0     100    0.0341653835      216.457426      210.502315      53.9404828      3038.27557      0.32788477     0.314608631
   2     1      50               0      216.457426      210.502315      53.9404828      3038.27557      0.32788477     0.314608631
          wgpu 1d 202g 199c x3w 4ms | egraph 74g->53v+0snap 54ms | graft 24 (-97n, 0 snap) cpu 0 | f64 5 | gen 0.2s | dropped inexpr 4 oversz 0 unbuild 0 {}
   3     0     100    0.0341653835      216.457426      210.502315      53.9404828      3038.27557      0.32788477     0.314608631
   3     1      50               0      216.457426      210.502315      53.9404828      3038.27557      0.32788477     0.314608631
          wgpu 1d 137g 201c x3w 3ms | egraph 63g->55v+0snap 9ms | graft 24 (-85n, 0 snap) cpu 0 | f64 0 | gen 0.2s | dropped inexpr 1 oversz 0 unbuild 0 {}
   4     0     100    0.0341653835      216.457426      210.502315      53.9404828      3038.27557      0.32788477     0.314608631
   4     1      50               0      216.457426      210.502315      53.9404828      3038.27557      0.32788477     0.314608631
          wgpu 1d 153g 231c x3w 3ms | egraph 58g->85v+0snap 10ms | graft 32 (-122n, 0 snap) cpu 0 | f64 0 | gen 0.1s | dropped inexpr 2 oversz 0 unbuild 0 {}
   5     0     100    0.0325996563      216.457426      210.502315      53.9404828      3038.27557      0.32788477     0.314608631
   5     1      50               0      216.457426      210.502315      53.9404828      3038.27557      0.32788477     0.314608631
          wgpu 1d 186g 220c x3w 4ms | egraph 69g->74v+0snap 12ms | graft 28 (-95n, 0 snap) cpu 0 | f64 0 | gen 0.1s
   6     0     100               0      216.457426      210.502315      53.9404828      3038.27557      0.32788477     0.314608631
   6     1      50               0      216.457426      210.502315      53.9404828      3038.27557      0.32788477     0.314608631
          wgpu 1d 203g 222c x3w 4ms | egraph 72g->76v+0snap 13ms | graft 29 (-90n, 0 snap) cpu 0 | f64 0 | gen 0.3s
   7     0     100               0      216.457426      210.502315      53.9404828      3038.27557      0.32788477     0.314608631
   7     1      50               0      216.457426      210.502315      53.9404828      3038.27557      0.32788477     0.314608631
          wgpu 1d 219g 219c x3w 4ms | egraph 74g->73v+0snap 14ms | graft 27 (-105n, 0 snap) cpu 0 | f64 0 | gen 0.3s | dropped inexpr 1 oversz 0 unbuild 0 {}
   8     0     100               0      216.457426      210.502315      53.9404828      3038.27557      0.32788477     0.314608631
   8     1      50               0      216.457426      210.502315      53.9404828      3038.27557      0.32788477     0.314608631
          wgpu 1d 203g 203c x3w 4ms | egraph 71g->57v+0snap 13ms | graft 30 (-75n, 0 snap) cpu 0 | f64 0 | gen 0.1s | dropped inexpr 2 oversz 0 unbuild 0 {}
   9     0     100               0      216.457426      210.502315      53.9404828      3038.27557      0.32788477     0.314608631
   9     1      50               0      216.457426      210.502315      53.9404828      3038.27557      0.32788477     0.314608631
          wgpu 1d 115g 172c x3w 3ms | egraph 32g->26v+0snap 5ms | graft 20 (-54n, 0 snap) cpu 0 | f64 0 | gen 0.1s
  10     0     100               0      216.457426      210.502315      53.9404828      3038.27557      0.32788477     0.314608631
  10     1      50               0      216.457426      210.502315      53.9404828      3038.27557      0.32788477     0.314608631
          wgpu 1d 108g 168c x3w 3ms | egraph 40g->22v+0snap 6ms | graft 17 (-43n, 0 snap) cpu 0 | f64 0 | gen 0.1s | dropped inexpr 2 oversz 0 unbuild 0 {}
--------- pump migration: intra (promote-2 + intake-reset) ---------
  11     0     100               0      216.457426      210.502315      53.9404828      3038.27557      0.32788477     0.314608631
  11     1      50               0      216.457426      210.502315      53.9404828      3038.27557      0.32788477     0.314608631
          wgpu 2d 301g 325c x3w 7ms | egraph 116g->99v+0snap 25ms | graft 58 (-218n, 0 snap) cpu 0 | f64 0 | gen 0.3s | dropped inexpr 6 oversz 0 unbuild 0 {}
  12     0     100               0      216.457426      210.502315      53.9404828      3038.27557      0.32788477     0.314608631
  12     1      50               0      216.457426      210.502315      53.9404828      3038.27557      0.32788477     0.314608631
          wgpu 1d 101g 168c x3w 3ms | egraph 31g->22v+0snap 6ms | graft 18 (-48n, 0 snap) cpu 0 | f64 0 | gen 0.1s | dropped inexpr 4 oversz 0 unbuild 0 {}
  13     0     100               0      216.457426      210.502315      53.9404828      3038.27557      0.32788477     0.314608631
  13     1      50               0      216.457426      210.502315      53.9404828      3038.27557      0.32788477     0.314608631
          wgpu 1d 94g 166c x3w 3ms | egraph 26g->20v+0snap 5ms | graft 16 (-36n, 0 snap) cpu 0 | f64 0 | gen 0.1s
  14     0     100               0      216.457426      210.502315      53.9404828      3038.27557      0.32788477     0.314608631
  14     1      50               0      216.457426      210.502315      53.9404828      3038.27557      0.32788477     0.314608631
          wgpu 1d 93g 165c x3w 3ms | egraph 28g->19v+0snap 7ms | graft 16 (-37n, 0 snap) cpu 0 | f64 1 | gen 0.1s | dropped inexpr 2 oversz 0 unbuild 0 {}
  15     0     100               0      216.457426      210.502315      53.9404828      3038.27557      0.32788477     0.314608631
  15     1      50               0      216.457426      210.502315      53.9404828      3038.27557      0.32788477     0.314608631
          wgpu 1d 97g 174c x3w 3ms | egraph 29g->28v+0snap 8ms | graft 20 (-73n, 0 snap) cpu 0 | f64 4 | gen 0.3s
  16     0     100               0      216.457426      210.502315      53.9404828      3038.27557      0.32788477     0.314608631
  16     1      50               0      216.457426      210.502315      53.9404828      3038.27557      0.32788477     0.314608631
          wgpu 1d 112g 200c x3w 3ms | egraph 36g->54v+0snap 9ms | graft 27 (-98n, 0 snap) cpu 0 | f64 9 | gen 0.3s | dropped inexpr 1 oversz 0 unbuild 0 {}
  17     0     100               0      216.457426      210.502315      53.9404828      3038.27557      0.32788477     0.314608631
  17     1      50               0      216.457426      210.502315      53.9404828      3038.27557      0.32788477     0.314608631
          wgpu 1d 105g 177c x3w 3ms | egraph 35g->31v+0snap 7ms | graft 17 (-50n, 0 snap) cpu 0 | f64 6 | gen 0.2s | dropped inexpr 1 oversz 0 unbuild 0 {}
  18     0     100               0      216.457426      210.502315      53.9404828      3038.27557      0.32788477     0.314608631
  18     1      50               0      216.457426      210.502315      53.9404828      3038.27557      0.32788477     0.314608631
          wgpu 1d 131g 207c x3w 3ms | egraph 43g->61v+0snap 12ms | graft 27 (-71n, 0 snap) cpu 0 | f64 13 | gen 0.5s
  19     0     100               0      216.457426      210.502315      53.9404828      3038.27557      0.32788477     0.314608631
  19     1      50               0      216.457426      210.502315      53.9404828      3038.27557      0.32788477     0.314608631
          wgpu 1d 122g 194c x3w 3ms | egraph 35g->48v+0snap 12ms | graft 22 (-73n, 0 snap) cpu 0 | f64 8 | gen 0.4s
  20     0     100               0      216.457426      210.502315      53.9404828      3038.27557      0.32788477     0.314608631
  20     1      50               0      216.457426      210.502315      53.9404828      3038.27557      0.32788477     0.314608631
          wgpu 1d 129g 203c x3w 3ms | egraph 39g->57v+0snap 8ms | graft 28 (-127n, 0 snap) cpu 0 | f64 10 | gen 0.2s
--------- pump migration: intra (promote-2 + intake-reset) ---------
  21     0     100               0      216.457426      210.502315      53.9404828      3038.27557      0.32788477     0.314608631
  21     1      50               0      216.457426      210.502315      53.9404828      3038.27557      0.32788477     0.314608631
          wgpu 2d 321g 345c x3w 7ms | egraph 130g->119v+0snap 23ms | graft 59 (-189n, 0 snap) cpu 0 | f64 10 | gen 0.2s | dropped inexpr 1 oversz 0 unbuild 0 {}
  22     0     100               0      216.457426      210.502315      53.9404828      3038.27557      0.32788477     0.314608631
  22     1      50               0      216.457426      210.502315      53.9404828      3038.27557      0.32788477     0.314608631
          wgpu 1d 113g 192c x3w 3ms | egraph 35g->46v+0snap 7ms | graft 29 (-104n, 0 snap) cpu 0 | f64 6 | gen 0.2s
  23     0     100               0      216.457426      210.502315      53.9404828      3038.27557      0.32788477     0.314608631
  23     1      50               0      216.457426      210.502315      53.9404828      3038.27557      0.32788477     0.314608631
          wgpu 1d 156g 201c x3w 4ms | egraph 58g->55v+0snap 13ms | graft 31 (-87n, 0 snap) cpu 0 | f64 10 | gen 0.3s | dropped inexpr 1 oversz 0 unbuild 0 {}
  24     0     100               0      216.457426      210.502315      53.9404828      3038.27557      0.32788477     0.314608631
  24     1      50               0      216.457426      210.502315      53.9404828      3038.27557      0.32788477     0.314608631
          wgpu 1d 134g 194c x3w 3ms | egraph 40g->48v+0snap 7ms | graft 28 (-98n, 0 snap) cpu 0 | f64 10 | gen 0.2s
  25     0     100               0      216.457426      210.502315      53.9404828      3038.27557      0.32788477     0.314608631
  25     1      50               0      216.457426      210.502315      53.9404828      3038.27557      0.32788477     0.314608631
          wgpu 1d 104g 172c x3w 3ms | egraph 31g->26v+0snap 8ms | graft 16 (-52n, 0 snap) cpu 0 | f64 10 | gen 0.1s | dropped inexpr 2 oversz 0 unbuild 0 {}
  26     0     100               0      216.457426      210.502315      53.9404828      3038.27557      0.32788477     0.314608631
  26     1      50               0      216.457426      210.502315      53.9404828      3038.27557      0.32788477     0.314608631
          wgpu 1d 119g 200c x3w 3ms | egraph 32g->54v+0snap 7ms | graft 26 (-80n, 0 snap) cpu 0 | f64 9 | gen 0.2s
  27     0     100               0      216.457426      210.502315      53.9404828      3038.27557      0.32788477     0.314608631
  27     1      50               0      216.457426      210.502315      53.9404828      3038.27557      0.32788477     0.314608631
          wgpu 1d 125g 200c x3w 3ms | egraph 41g->54v+0snap 6ms | graft 24 (-65n, 0 snap) cpu 0 | f64 10 | gen 0.2s | dropped inexpr 1 oversz 0 unbuild 0 {}
  28     0     100               0      216.457426      210.502315      53.9404828      3038.27557      0.32788477     0.314608631
  28     1      50               0      216.457426      210.502315      53.9404828      3038.27557      0.32788477     0.314608631
          wgpu 1d 105g 175c x3w 3ms | egraph 30g->29v+0snap 7ms | graft 15 (-47n, 0 snap) cpu 0 | f64 7 | gen 0.2s | dropped inexpr 1 oversz 0 unbuild 0 {}
  29     0     100               0      216.457426      210.502315      53.9404828      3038.27557      0.32788477     0.314608631
  29     1      50               0      216.457426      210.502315      53.9404828      3038.27557      0.32788477     0.314608631
          wgpu 1d 107g 184c x3w 3ms | egraph 20g->38v+0snap 5ms | graft 19 (-61n, 0 snap) cpu 0 | f64 7 | gen 0.1s | dropped inexpr 1 oversz 0 unbuild 0 {}
  30     0     100               0      216.457426      210.502315      53.9404828      3038.27557      0.32788477     0.314608631
  30     1      50               0      216.457426      210.502315      53.9404828      3038.27557      0.32788477     0.314608631
          wgpu 1d 134g 197c x3w 3ms | egraph 37g->51v+0snap 7ms | graft 23 (-54n, 0 snap) cpu 0 | f64 10 | gen 0.2s | dropped inexpr 1 oversz 0 unbuild 0 {}
--------- pump migration: intra (promote-2 + intake-reset) ---------
  31     0     100               0      216.457426      210.502315      53.9404828      3038.27557      0.32788477     0.314608631
  31     1      50               0      216.457426      210.502315      53.9404828      3038.27557      0.32788477     0.314608631
          wgpu 2d 307g 326c x3w 7ms | egraph 117g->100v+0snap 19ms | graft 47 (-136n, 0 snap) cpu 0 | f64 10 | gen 0.2s | dropped inexpr 1 oversz 0 unbuild 0 {}
  32     0     100               0      216.457426      210.502315      53.9404828      3038.27557      0.32788477     0.314608631
  32     1      50               0      216.457426      210.502315      53.9404828      3038.27557      0.32788477     0.314608631
          wgpu 1d 121g 196c x3w 3ms | egraph 39g->50v+0snap 6ms | graft 16 (-61n, 0 snap) cpu 0 | f64 10 | gen 0.2s
  33     0     100               0      216.457426      210.502315      53.9404828      3038.27557      0.32788477     0.314608631
  33     1      50               0      216.457426      210.502315      53.9404828      3038.27557      0.32788477     0.314608631
          wgpu 1d 164g 219c x3w 4ms | egraph 51g->73v+0snap 8ms | graft 33 (-130n, 0 snap) cpu 0 | f64 10 | gen 0.2s | dropped inexpr 1 oversz 0 unbuild 0 {}
  34     0     100               0      216.457426      210.502315      53.9404828      3038.27557      0.32788477     0.314608631
  34     1      50               0      216.457426      210.502315      53.9404828      3038.27557      0.32788477     0.314608631
          wgpu 1d 143g 192c x3w 3ms | egraph 45g->46v+0snap 7ms | graft 18 (-49n, 0 snap) cpu 0 | f64 10 | gen 0.2s | dropped inexpr 1 oversz 0 unbuild 0 {}
  35     0     100               0      216.457426      210.502315      53.9404828      3038.27557      0.32788477     0.314608631
  35     1      50               0      216.457426      210.502315      53.9404828      3038.27557      0.32788477     0.314608631
          wgpu 1d 130g 189c x3w 3ms | egraph 31g->43v+0snap 5ms | graft 25 (-67n, 0 snap) cpu 0 | f64 10 | gen 0.2s
  36     0     100               0      216.457426      210.502315      53.9404828      3038.27557      0.32788477     0.314608631
  36     1      50               0      216.457426      210.502315      53.9404828      3038.27557      0.32788477     0.314608631
          wgpu 1d 123g 198c x3w 3ms | egraph 36g->52v+0snap 6ms | graft 17 (-45n, 0 snap) cpu 0 | f64 10 | gen 0.2s
  37     0     100               0      216.457426      210.502315      53.9404828      3038.27557      0.32788477     0.314608631
  37     1      50               0      216.457426      210.502315      53.9404828      3038.27557      0.32788477     0.314608631
          wgpu 1d 88g 182c x3w 3ms | egraph 22g->36v+0snap 4ms | graft 17 (-68n, 0 snap) cpu 0 | f64 10 | gen 0.1s
  38     0     100               0      216.457426      210.502315      53.9404828      3038.27557      0.32788477     0.314608631
  38     1      50               0      216.457426      210.502315      53.9404828      3038.27557      0.32788477     0.314608631
          wgpu 1d 98g 179c x3w 3ms | egraph 22g->33v+0snap 4ms | graft 23 (-64n, 0 snap) cpu 0 | f64 5 | gen 0.1s | dropped inexpr 1 oversz 0 unbuild 0 {}
  39     0     100               0      216.457426      210.502315      53.9404828      3038.27557      0.32788477     0.314608631
  39     1      50               0      216.457426      210.502315      53.9404828      3038.27557      0.32788477     0.314608631
          wgpu 1d 101g 185c x3w 3ms | egraph 29g->39v+0snap 6ms | graft 26 (-62n, 0 snap) cpu 0 | f64 10 | gen 0.1s | dropped inexpr 1 oversz 0 unbuild 0 {}
  40     0     100               0      216.457426      210.502315      53.9404828      3038.27557      0.32788477     0.314608631
  40     1      50               0      216.457426      210.502315      53.9404828      3038.27557      0.32788477     0.314608631
          wgpu 1d 98g 183c x3w 3ms | egraph 22g->37v+0snap 4ms | graft 21 (-57n, 0 snap) cpu 0 | f64 10 | gen 0.1s
--------- pump migration: intra (promote-2 + intake-reset) ---------
  41     0     100               0      216.457426      210.502315      53.9404828      3038.27557      0.32788477     0.314608631
  41     1      50               0      216.457426      210.502315      53.9404828      3038.27557      0.32788477     0.314608631
          wgpu 2d 329g 334c x3w 7ms | egraph 109g->108v+0snap 22ms | graft 59 (-200n, 0 snap) cpu 0 | f64 10 | gen 0.2s | dropped inexpr 4 oversz 0 unbuild 0 {}
  42     0     100               0      216.457426      210.502315      53.9404828      3038.27557      0.32788477     0.314608631
  42     1      50               0      216.457426      210.502315      53.9404828      3038.27557      0.32788477     0.314608631
          wgpu 1d 98g 186c x3w 3ms | egraph 23g->40v+0snap 5ms | graft 22 (-52n, 0 snap) cpu 0 | f64 3 | gen 0.2s
  43     0     100               0      216.457426      210.502315      53.9404828      3038.27557      0.32788477     0.314608631
  43     1      50               0      216.457426      210.502315      53.9404828      3038.27557      0.32788477     0.314608631
          wgpu 1d 86g 174c x3w 3ms | egraph 24g->28v+0snap 5ms | graft 18 (-40n, 0 snap) cpu 0 | f64 6 | gen 0.1s
  44     0     100               0      216.457426      210.502315      53.9404828      3038.27557      0.32788477     0.314608631
  44     1      50               0      216.457426      210.502315      53.9404828      3038.27557      0.32788477     0.314608631
          wgpu 1d 74g 167c x3w 3ms | egraph 20g->21v+0snap 7ms | graft 13 (-39n, 0 snap) cpu 0 | f64 6 | gen 0.1s
  45     0     100               0      216.457426      210.502315      53.9404828      3038.27557      0.32788477     0.314608631
  45     1      50               0      216.457426      210.502315      53.9404828      3038.27557      0.32788477     0.314608631
          wgpu 1d 70g 168c x3w 3ms | egraph 13g->22v+0snap 4ms | graft 16 (-37n, 0 snap) cpu 0 | f64 10 | gen 0.2s
  46     0     100               0      216.457426      210.502315      53.9404828      3038.27557      0.32788477     0.314608631
  46     1      50               0      216.457426      210.502315      53.9404828      3038.27557      0.32788477     0.314608631
          wgpu 1d 65g 161c x3w 3ms | egraph 8g->15v+0snap 3ms | graft 9 (-14n, 0 snap) cpu 0 | f64 10 | gen 0.2s
  47     0     100               0      216.457426      210.502315      53.9404828      3038.27557      0.32788477     0.314608631
  47     1      50               0      216.457426      210.502315      53.9404828      3038.27557      0.32788477     0.314608631
          wgpu 1d 65g 173c x3w 3ms | egraph 16g->27v+0snap 5ms | graft 19 (-56n, 0 snap) cpu 0 | f64 8 | gen 0.2s | dropped inexpr 1 oversz 0 unbuild 0 {}
  48     0     100               0      216.457426      210.502315      53.9404828      3038.27557      0.32788477     0.314608631
  48     1      50               0      216.457426      210.502315      53.9404828      3038.27557      0.32788477     0.314608631
          wgpu 1d 130g 208c x3w 3ms | egraph 36g->62v+0snap 9ms | graft 35 (-102n, 0 snap) cpu 0 | f64 10 | gen 0.2s
  49     0     100               0      216.457426      210.502315      53.9404828      3038.27557      0.32788477     0.314608631
  49     1      50               0      216.457426      210.502315      53.9404828      3038.27557      0.32788477     0.314608631
          wgpu 1d 112g 197c x3w 3ms | egraph 31g->51v+0snap 7ms | graft 23 (-79n, 0 snap) cpu 0 | f64 10 | gen 0.1s
  50     0     100               0      216.457426      210.502315      53.9404828      3038.27557      0.32788477     0.314608631
  50     1      50               0      216.457426      210.502315      53.9404828      3038.27557      0.32788477     0.314608631
          wgpu 1d 94g 191c x3w 3ms | egraph 27g->45v+0snap 6ms | graft 17 (-44n, 0 snap) cpu 0 | f64 10 | gen 0.1s
--------- pump migration: intra (promote-2 + intake-reset) ---------
  51     0     100               0      216.457426      210.502315      53.9404828      3038.27557      0.32788477     0.314608631
  51     1      50               0      216.457426      210.502315      53.9404828      3038.27557      0.32788477     0.314608631
          wgpu 2d 332g 352c x3w 7ms | egraph 125g->126v+0snap 22ms | graft 67 (-167n, 0 snap) cpu 0 | f64 2 | gen 0.1s | dropped inexpr 9 oversz 0 unbuild 0 {}
  52     0     100               0      216.457426      210.502315      53.9404828      3038.27557      0.32788477     0.314608631
  52     1      50               0      216.457426      210.502315      53.9404828      3038.27557      0.32788477     0.314608631
          wgpu 1d 109g 190c x3w 3ms | egraph 24g->44v+0snap 4ms | graft 18 (-66n, 0 snap) cpu 0 | f64 6 | gen 0.1s | dropped inexpr 2 oversz 0 unbuild 0 {}
  53     0     100               0      216.457426      210.502315      53.9404828      3038.27557      0.32788477     0.314608631
  53     1      50               0      216.457426      210.502315      53.9404828      3038.27557      0.32788477     0.314608631
          wgpu 1d 98g 190c x3w 3ms | egraph 17g->44v+0snap 3ms | graft 24 (-58n, 0 snap) cpu 0 | f64 7 | gen 0.1s | dropped inexpr 1 oversz 0 unbuild 0 {}
  54     0     100               0      216.457426      210.502315      53.9404828      3038.27557      0.32788477     0.314608631
  54     1      50               0      216.457426      210.502315      53.9404828      3038.27557      0.32788477     0.314608631
          wgpu 1d 94g 190c x3w 3ms | egraph 12g->44v+0snap 3ms | graft 26 (-81n, 0 snap) cpu 0 | f64 5 | gen 0.2s
  55     0     100               0      216.457426      210.502315      53.9404828      3038.27557      0.32788477     0.314608631
  55     1      50               0      216.457426      210.502315      53.9404828      3038.27557      0.32788477     0.314608631
          wgpu 1d 116g 208c x3w 3ms | egraph 32g->62v+0snap 8ms | graft 27 (-92n, 0 snap) cpu 0 | f64 10 | gen 0.1s
  56     0     100               0      216.457426      210.502315      53.9404828      3038.27557      0.32788477     0.314608631
  56     1      50               0      216.457426      210.502315      53.9404828      3038.27557      0.32788477     0.314608631
          wgpu 1d 61g 170c x3w 3ms | egraph 10g->24v+0snap 3ms | graft 12 (-28n, 0 snap) cpu 0 | f64 4 | gen 0.1s
  57     0     100               0      216.457426      210.502315      53.9404828      3038.27557      0.32788477     0.314608631
  57     1      50               0      216.457426      210.502315      53.9404828      3038.27557      0.32788477     0.314608631
          wgpu 1d 94g 193c x3w 3ms | egraph 18g->47v+0snap 8ms | graft 21 (-63n, 0 snap) cpu 0 | f64 10 | gen 0.1s | dropped inexpr 1 oversz 0 unbuild 0 {}
  58     0     100               0      216.457426      210.502315      53.9404828      3038.27557      0.32788477     0.314608631
  58     1      50               0      216.457426      210.502315      53.9404828      3038.27557      0.32788477     0.314608631
          wgpu 1d 84g 171c x3w 3ms | egraph 17g->25v+0snap 4ms | graft 13 (-53n, 0 snap) cpu 0 | f64 6 | gen 0.2s
  59     0     100               0      216.457426      210.502315      53.9404828      3038.27557      0.32788477     0.314608631
  59     1      50               0      216.457426      210.502315      53.9404828      3038.27557      0.32788477     0.314608631
          wgpu 1d 66g 162c x3w 3ms | egraph 14g->16v+0snap 4ms | graft 8 (-21n, 0 snap) cpu 0 | f64 5 | gen 0.1s
  60     0     100               0      216.457426      210.502315      53.9404828      3038.27557      0.32788477     0.314608631
  60     1      50               0      216.457426      210.502315      53.9404828      3038.27557      0.32788477     0.314608631
          wgpu 1d 80g 173c x3w 3ms | egraph 13g->27v+0snap 4ms | graft 22 (-71n, 0 snap) cpu 0 | f64 5 | gen 0.1s
--------- pump migration: intra (promote-2 + intake-reset) + cross ---------
  61     0     100               0      216.457426      210.502315      53.9404828      3038.27557      0.32788477     0.314608631
  61     1      50               0      216.457426      210.502315      53.9404828      3038.27557      0.32788477     0.314608631
          wgpu 2d 292g 313c x3w 7ms | egraph 99g->87v+0snap 26ms | graft 50 (-138n, 0 snap) cpu 0 | f64 5 | gen 0.2s | dropped inexpr 3 oversz 0 unbuild 0 {}
  62     0     100               0      216.457426      210.502315      53.9404828      3038.27557      0.32788477     0.314608631
  62     1      50               0      216.457426      210.502315      53.9404828      3038.27557      0.32788477     0.314608631
          wgpu 1d 82g 169c x3w 3ms | egraph 14g->23v+0snap 3ms | graft 20 (-48n, 0 snap) cpu 0 | f64 6 | gen 0.1s | dropped inexpr 1 oversz 0 unbuild 0 {}
  63     0     100               0      216.457426      210.502315      53.9404828      3038.27557      0.32788477     0.314608631
  63     1      50               0      216.457426      210.502315      53.9404828      3038.27557      0.32788477     0.314608631
          wgpu 1d 83g 172c x3w 3ms | egraph 11g->26v+0snap 4ms | graft 16 (-56n, 0 snap) cpu 0 | f64 4 | gen 0.1s | dropped inexpr 1 oversz 0 unbuild 0 {}
  64     0     100               0      216.457426      210.502315      53.9404828      3038.27557      0.32788477     0.314608631
  64     1      50               0      216.457426      210.502315      53.9404828      3038.27557      0.32788477     0.314608631
          wgpu 1d 71g 171c x3w 3ms | egraph 7g->25v+0snap 3ms | graft 21 (-62n, 0 snap) cpu 0 | f64 4 | gen 0.1s
  65     0     100               0      216.457426      210.502315      53.9404828      3038.27557      0.32788477     0.314608631
  65     1      50               0      216.457426      210.502315      53.9404828      3038.27557      0.32788477     0.314608631
          wgpu 1d 78g 172c x3w 3ms | egraph 16g->26v+0snap 4ms | graft 21 (-56n, 0 snap) cpu 0 | f64 10 | gen 0.2s
  66     0     100               0      216.457426      210.502315      53.9404828      3038.27557      0.32788477     0.314608631
  66     1      50               0      211.218364      194.976921      49.7483315      5014.60784     0.319948759     0.291404976
          wgpu 1d 85g 168c x3w 3ms | egraph 20g->22v+0snap 4ms | graft 11 (-24n, 0 snap) cpu 0 | f64 10 | gen 0.1s
  67     0     100               0      216.457426      210.502315      53.9404828      3038.27557      0.32788477     0.314608631
  67     1      50               0      211.218364      194.976921      49.7483315      5014.60784     0.319948759     0.291404976
          wgpu 1d 92g 180c x3w 3ms | egraph 21g->34v+0snap 4ms | graft 21 (-52n, 0 snap) cpu 0 | f64 10 | gen 0.1s
  68     0     100               0      216.457426      210.502315      53.9404828      3038.27557      0.32788477     0.314608631
  68     1      50               0      211.218364      194.976921      49.7483315      5014.60784     0.319948759     0.291404976
          wgpu 1d 73g 163c x3w 3ms | egraph 12g->17v+0snap 4ms | graft 13 (-39n, 0 snap) cpu 0 | f64 10 | gen 0.1s
  69     0     100               0      216.457426      210.502315      53.9404828      3038.27557      0.32788477     0.314608631
  69     1      50               0      211.218364      194.976921      49.7483315      5014.60784     0.319948759     0.291404976
          wgpu 1d 69g 166c x3w 3ms | egraph 9g->20v+0snap 3ms | graft 14 (-43n, 0 snap) cpu 0 | f64 10 | gen 0.1s
  70     0     100               0      216.457426      210.502315      53.9404828      3038.27557      0.32788477     0.314608631
  70     1      50               0      211.218364      194.976921      49.7483315      5014.60784     0.319948759     0.291404976
          wgpu 1d 83g 170c x3w 3ms | egraph 20g->24v+0snap 5ms | graft 20 (-35n, 0 snap) cpu 0 | f64 10 | gen 0.1s
--------- pump migration: intra (promote-2 + intake-reset) ---------
  71     0     100               0      216.457426      210.502315      53.9404828      3038.27557      0.32788477     0.314608631
  71     1      50               0      216.457426      210.502315      53.9404828      3038.27557      0.32788477     0.314608631
          wgpu 2d 259g 298c x3w 6ms | egraph 85g->72v+0snap 15ms | graft 41 (-141n, 0 snap) cpu 0 | f64 10 | gen 0.1s | dropped inexpr 2 oversz 0 unbuild 0 {}
  72     0     100               0      216.457426      210.502315      53.9404828      3038.27557      0.32788477     0.314608631
  72     1      50               0      211.218364      194.976921      49.7483315      5014.60784     0.319948759     0.291404976
          wgpu 1d 80g 168c x3w 3ms | egraph 15g->22v+0snap 4ms | graft 19 (-46n, 0 snap) cpu 0 | f64 10 | gen 0.2s
  73     0     100               0      216.457426      210.502315      53.9404828      3038.27557      0.32788477     0.314608631
  73     1      50               0      211.218364      194.976921      49.7483315      5014.60784     0.319948759     0.291404976
          wgpu 1d 61g 164c x3w 3ms | egraph 12g->18v+0snap 3ms | graft 17 (-45n, 0 snap) cpu 0 | f64 10 | gen 0.1s | dropped inexpr 1 oversz 0 unbuild 0 {}
  74     0     100               0      216.457426      210.502315      53.9404828      3038.27557      0.32788477     0.314608631
  74     1      50               0      211.218364      194.976921      49.7483315      5014.60784     0.319948759     0.291404976
          wgpu 1d 94g 176c x3w 3ms | egraph 15g->30v+0snap 4ms | graft 17 (-34n, 0 snap) cpu 0 | f64 10 | gen 0.2s
  75     0     100               0      216.457426      210.502315      53.9404828      3038.27557      0.32788477     0.314608631
  75     1      50               0      211.218364      194.976921      49.7483315      5014.60784     0.319948759     0.291404976
          wgpu 1d 67g 167c x3w 3ms | egraph 10g->21v+0snap 3ms | graft 19 (-46n, 0 snap) cpu 0 | f64 10 | gen 0.1s
  76     0     100               0      216.457426      210.502315      53.9404828      3038.27557      0.32788477     0.314608631
  76     1      50               0      211.218364      194.976921      49.7483315      5014.60784     0.319948759     0.291404976
          wgpu 1d 89g 176c x3w 3ms | egraph 15g->30v+0snap 4ms | graft 18 (-48n, 0 snap) cpu 0 | f64 10 | gen 0.1s | dropped inexpr 1 oversz 0 unbuild 0 {}
  77     0     100               0      216.457426      210.502315      53.9404828      3038.27557      0.32788477     0.314608631
  77     1      50               0      211.218364      194.976921      49.7483315      5014.60784     0.319948759     0.291404976
          wgpu 1d 82g 169c x3w 3ms | egraph 14g->23v+0snap 4ms | graft 16 (-36n, 0 snap) cpu 0 | f64 10 | gen 0.1s
  78     0     100               0      216.457426      210.502315      53.9404828      3038.27557      0.32788477     0.314608631
  78     1      50               0      211.218364      194.976921      49.7483315      5014.60784     0.319948759     0.291404976
          wgpu 1d 81g 174c x3w 3ms | egraph 14g->28v+0snap 4ms | graft 22 (-54n, 0 snap) cpu 0 | f64 10 | gen 0.1s
  79     0     100               0      216.457426      210.502315      53.9404828      3038.27557      0.32788477     0.314608631
  79     1      50               0      211.218364      194.976921      49.7483315      5014.60784     0.319948759     0.291404976
          wgpu 1d 86g 173c x3w 3ms | egraph 16g->27v+0snap 4ms | graft 18 (-34n, 0 snap) cpu 0 | f64 10 | gen 0.1s
  80     0     100               0      216.457426      210.502315      53.9404828      3038.27557      0.32788477     0.314608631
  80     1      50               0      211.218364      194.976921      49.7483315      5014.60784     0.319948759     0.291404976
          wgpu 1d 75g 174c x3w 3ms | egraph 15g->28v+0snap 4ms | graft 22 (-46n, 0 snap) cpu 0 | f64 10 | gen 0.1s
--------- pump migration: intra (promote-2 + intake-reset) ---------
  81     0     100               0      216.457426      210.502315      53.9404828      3038.27557      0.32788477     0.314608631
  81     1      50               0      211.218364      194.976921      49.7483315      5014.60784     0.319948759     0.291404976
          wgpu 2d 251g 288c x3w 6ms | egraph 80g->62v+0snap 16ms | graft 35 (-110n, 0 snap) cpu 0 | f64 10 | gen 0.1s | dropped inexpr 1 oversz 0 unbuild 0 {}
  82     0     100               0      216.457426      210.502315      53.9404828      3038.27557      0.32788477     0.314608631
  82     1      50               0      211.218364      194.976921      49.7483315      5014.60784     0.319948759     0.291404976
          wgpu 1d 87g 171c x3w 3ms | egraph 13g->25v+0snap 4ms | graft 20 (-55n, 0 snap) cpu 0 | f64 10 | gen 0.1s
  83     0     100               0      216.457426      210.502315      53.9404828      3038.27557      0.32788477     0.314608631
  83     1      50               0      211.218364      194.976921      49.7483315      5014.60784     0.319948759     0.291404976
          wgpu 1d 85g 175c x3w 3ms | egraph 14g->29v+0snap 4ms | graft 21 (-52n, 0 snap) cpu 0 | f64 10 | gen 0.1s
  84     0     100               0      216.457426      210.502315      53.9404828      3038.27557      0.32788477     0.314608631
  84     1      50               0      211.218364      194.976921      49.7483315      5014.60784     0.319948759     0.291404976
          wgpu 1d 108g 176c x3w 3ms | egraph 25g->30v+0snap 5ms | graft 21 (-51n, 0 snap) cpu 0 | f64 10 | gen 0.1s
  85     0     100               0      216.457426      210.502315      53.9404828      3038.27557      0.32788477     0.314608631
  85     1      50               0      211.218364      194.976921      49.7483315      5014.60784     0.319948759     0.291404976
          wgpu 1d 70g 165c x3w 3ms | egraph 11g->19v+0snap 4ms | graft 16 (-43n, 0 snap) cpu 0 | f64 10 | gen 0.1s
  86     0     100               0      216.457426      210.502315      53.9404828      3038.27557      0.32788477     0.314608631
  86     1      50               0      211.218364      194.976921      49.7483315      5014.60784     0.319948759     0.291404976
          wgpu 1d 81g 167c x3w 3ms | egraph 10g->21v+0snap 3ms | graft 20 (-63n, 0 snap) cpu 0 | f64 10 | gen 0.1s
  87     0     100               0      216.457426      210.502315      53.9404828      3038.27557      0.32788477     0.314608631
  87     1      50               0      211.218364      194.976921      49.7483315      5014.60784     0.319948759     0.291404976
          wgpu 1d 91g 171c x3w 3ms | egraph 16g->25v+0snap 4ms | graft 16 (-51n, 0 snap) cpu 0 | f64 10 | gen 0.2s
  88     0     100               0      216.457426      210.502315      53.9404828      3038.27557      0.32788477     0.314608631
  88     1      50               0      211.218364      194.976921      49.7483315      5014.60784     0.319948759     0.291404976
          wgpu 1d 77g 171c x3w 3ms | egraph 9g->25v+0snap 3ms | graft 21 (-50n, 0 snap) cpu 0 | f64 10 | gen 0.1s
  89     0     100               0      216.457426      210.502315      53.9404828      3038.27557      0.32788477     0.314608631
  89     1      50               0      211.218364      194.976921      49.7483315      5014.60784     0.319948759     0.291404976
          wgpu 1d 95g 185c x3w 3ms | egraph 15g->39v+0snap 6ms | graft 24 (-95n, 0 snap) cpu 0 | f64 10 | gen 0.2s
  90     0     100               0      216.457426      210.502315      53.9404828      3038.27557      0.32788477     0.314608631
  90     1      50               0      211.218364      194.976921      49.7483315      5014.60784     0.319948759     0.291404976
          wgpu 1d 78g 169c x3w 3ms | egraph 17g->23v+0snap 6ms | graft 16 (-42n, 0 snap) cpu 0 | f64 10 | gen 0.2s
--------- pump migration: intra (promote-2 + intake-reset) + cross ---------
  91     0     100               0      216.457426      210.502315      53.9404828      3038.27557      0.32788477     0.314608631
  91     1      50               0      211.218364      194.976921      49.7483315      5014.60784     0.319948759     0.291404976
          wgpu 2d 303g 314c x3w 7ms | egraph 98g->86v+2snap 19ms | graft 42 (-139n, 0 snap) cpu 0 | f64 11 | gen 0.1s | dropped inexpr 7 oversz 0 unbuild 0 {}
  92     0     100               0      216.457426      210.502315      53.9404828      3038.27557      0.32788477     0.314608631
  92     1      50               0      216.457426      210.502315      53.9404828      3038.27557      0.32788477     0.314608631
          wgpu 1d 95g 172c x3w 3ms | egraph 15g->26v+0snap 4ms | graft 20 (-47n, 0 snap) cpu 0 | f64 10 | gen 0.1s
  93     0     100               0      216.457426      210.502315      53.9404828      3038.27557      0.32788477     0.314608631
  93     1      50               0      216.457426      210.502315      53.9404828      3038.27557      0.32788477     0.314608631
          wgpu 1d 65g 161c x3w 3ms | egraph 9g->15v+0snap 3ms | graft 13 (-25n, 0 snap) cpu 0 | f64 10 | gen 0.1s
  94     0     100               0      216.457426      210.502315      53.9404828      3038.27557      0.32788477     0.314608631
  94     1      50               0      216.457426      210.502315      53.9404828      3038.27557      0.32788477     0.314608631
          wgpu 1d 65g 165c x3w 3ms | egraph 13g->19v+0snap 4ms | graft 15 (-40n, 0 snap) cpu 0 | f64 9 | gen 0.1s
  95     0     100               0      216.457426      210.502315      53.9404828      3038.27557      0.32788477     0.314608631
  95     1      50               0      216.457426      210.502315      53.9404828      3038.27557      0.32788477     0.314608631
          wgpu 1d 91g 180c x3w 3ms | egraph 20g->34v+0snap 5ms | graft 22 (-59n, 0 snap) cpu 0 | f64 10 | gen 0.1s
  96     0     100               0      216.457426      210.502315      53.9404828      3038.27557      0.32788477     0.314608631
  96     1      50               0      216.457426      210.502315      53.9404828      3038.27557      0.32788477     0.314608631
          wgpu 1d 71g 165c x3w 3ms | egraph 14g->19v+0snap 3ms | graft 12 (-28n, 0 snap) cpu 0 | f64 10 | gen 0.1s
  97     0     100               0      216.457426      210.502315      53.9404828      3038.27557      0.32788477     0.314608631
  97     1      50               0      216.457426      210.502315      53.9404828      3038.27557      0.32788477     0.314608631
          wgpu 1d 77g 174c x3w 3ms | egraph 12g->27v+1snap 6ms | graft 20 (-54n, 0 snap) cpu 0 | f64 10 | gen 0.3s
  98     0     100               0      216.457426      210.502315      53.9404828      3038.27557      0.32788477     0.314608631
  98     1      50               0      216.457426      210.502315      53.9404828      3038.27557      0.32788477     0.314608631
          wgpu 1d 68g 170c x3w 3ms | egraph 9g->24v+0snap 4ms | graft 15 (-47n, 0 snap) cpu 0 | f64 3 | gen 0.1s
  99     0     100               0      216.457426      210.502315      53.9404828      3038.27557      0.32788477     0.314608631
  99     1      50               0      216.457426      210.502315      53.9404828      3038.27557      0.32788477     0.314608631
          wgpu 1d 63g 166c x3w 3ms | egraph 7g->20v+0snap 4ms | graft 17 (-41n, 0 snap) cpu 0 | f64 8 | gen 0.1s | dropped inexpr 1 oversz 0 unbuild 0 {}
 100     0     100               0      216.457426      210.502315      53.9404828      3038.27557      0.32788477     0.314608631
 100     1      50               0      216.457426      210.502315      53.9404828      3038.27557      0.32788477     0.314608631
          wgpu 1d 71g 165c x3w 3ms | egraph 14g->19v+0snap 3ms | graft 13 (-29n, 0 snap) cpu 0 | f64 10 | gen 0.1s
--------- pump migration: intra (promote-2 + intake-reset) ---------
 101     0     100               0      216.457426      210.502315      53.9404828      3038.27557      0.32788477     0.314608631
 101     1      50               0      216.457426      210.502315      53.9404828      3038.27557      0.32788477     0.314608631
          wgpu 2d 320g 327c x3w 7ms | egraph 119g->101v+0snap 17ms | graft 57 (-156n, 0 snap) cpu 0 | f64 2 | gen 0.1s | dropped inexpr 2 oversz 0 unbuild 0 {}
 102     0     100               0      216.457426      210.502315      53.9404828      3038.27557      0.32788477     0.314608631
 102     1      50               0      216.457426      210.502315      53.9404828      3038.27557      0.32788477     0.314608631
          wgpu 1d 99g 170c x3w 3ms | egraph 23g->24v+0snap 4ms | graft 18 (-50n, 0 snap) cpu 0 | f64 7 | gen 0.2s
 103     0     100               0      216.457426      210.502315      53.9404828      3038.27557      0.32788477     0.314608631
 103     1      50               0      216.457426      210.502315      53.9404828      3038.27557      0.32788477     0.314608631
          wgpu 1d 87g 178c x3w 3ms | egraph 13g->32v+0snap 4ms | graft 19 (-66n, 0 snap) cpu 0 | f64 2 | gen 0.1s | dropped inexpr 1 oversz 0 unbuild 0 {}
 104     0     100               0      216.457426      210.502315      53.9404828      3038.27557      0.32788477     0.314608631
 104     1      50               0      216.457426      210.502315      53.9404828      3038.27557      0.32788477     0.314608631
          wgpu 1d 69g 166c x3w 3ms | egraph 11g->20v+0snap 3ms | graft 18 (-60n, 0 snap) cpu 0 | f64 4 | gen 0.1s
 105     0     100               0      216.457426      210.502315      53.9404828      3038.27557      0.32788477     0.314608631
 105     1      50               0      216.457426      210.502315      53.9404828      3038.27557      0.32788477     0.314608631
          wgpu 1d 76g 168c x3w 3ms | egraph 13g->22v+0snap 8ms | graft 15 (-43n, 0 snap) cpu 0 | f64 4 | gen 0.2s
 106     0     100               0      216.457426      210.502315      53.9404828      3038.27557      0.32788477     0.314608631
 106     1      50               0      216.457426      210.502315      53.9404828      3038.27557      0.32788477     0.314608631
          wgpu 1d 64g 164c x3w 3ms | egraph 6g->18v+0snap 2ms | graft 14 (-40n, 0 snap) cpu 0 | f64 3 | gen 0.1s
 107     0     100               0      216.457426      210.502315      53.9404828      3038.27557      0.32788477     0.314608631
 107     1      50               0      216.457426      210.502315      53.9404828      3038.27557      0.32788477     0.314608631
          wgpu 1d 81g 178c x3w 3ms | egraph 11g->32v+0snap 3ms | graft 24 (-52n, 0 snap) cpu 0 | f64 2 | gen 0.2s
 108     0     100               0      216.457426      210.502315      53.9404828      3038.27557      0.32788477     0.314608631
 108     1      50               0      216.457426      210.502315      53.9404828      3038.27557      0.32788477     0.314608631
          wgpu 1d 75g 169c x3w 3ms | egraph 11g->23v+0snap 4ms | graft 16 (-48n, 0 snap) cpu 0 | f64 3 | gen 0.1s
 109     0     100               0      216.457426      210.502315      53.9404828      3038.27557      0.32788477     0.314608631
 109     1      50               0      216.457426      210.502315      53.9404828      3038.27557      0.32788477     0.314608631
          wgpu 1d 79g 176c x3w 3ms | egraph 13g->30v+0snap 3ms | graft 21 (-55n, 0 snap) cpu 0 | f64 4 | gen 0.2s
 110     0     100               0      216.457426      210.502315      53.9404828      3038.27557      0.32788477     0.314608631
 110     1      50               0      216.457426      210.502315      53.9404828      3038.27557      0.32788477     0.314608631
          wgpu 1d 68g 174c x3w 3ms | egraph 11g->28v+0snap 8ms | graft 19 (-70n, 0 snap) cpu 0 | f64 10 | gen 0.3s
--------- pump migration: intra (promote-2 + intake-reset) ---------
 111     0     100               0      216.457426      210.502315      53.9404828      3038.27557      0.32788477     0.314608631
 111     1      50               0      216.457426      210.502315      53.9404828      3038.27557      0.32788477     0.314608631
          wgpu 2d 299g 348c x3w 7ms | egraph 98g->122v+0snap 29ms | graft 62 (-153n, 0 snap) cpu 0 | f64 14 | gen 0.3s | dropped inexpr 2 oversz 0 unbuild 0 {}
 112     0     100               0      216.457426      210.502315      53.9404828      3038.27557      0.32788477     0.314608631
 112     1      50               0      216.457426      210.502315      53.9404828      3038.27557      0.32788477     0.314608631
          wgpu 1d 87g 180c x3w 3ms | egraph 25g->34v+0snap 6ms | graft 23 (-70n, 0 snap) cpu 0 | f64 10 | gen 0.1s
 113     0     100               0      216.457426      210.502315      53.9404828      3038.27557      0.32788477     0.314608631
 113     1      50               0      216.457426      210.502315      53.9404828      3038.27557      0.32788477     0.314608631
          wgpu 1d 105g 181c x3w 3ms | egraph 35g->35v+0snap 7ms | graft 22 (-54n, 0 snap) cpu 0 | f64 10 | gen 0.1s | dropped inexpr 1 oversz 0 unbuild 0 {}
 114     0     100               0      216.457426      210.502315      53.9404828      3038.27557      0.32788477     0.314608631
 114     1      50               0      216.457426      210.502315      53.9404828      3038.27557      0.32788477     0.314608631
          wgpu 1d 94g 179c x3w 3ms | egraph 24g->33v+0snap 11ms | graft 21 (-90n, 0 snap) cpu 0 | f64 10 | gen 0.1s | dropped inexpr 6 oversz 0 unbuild 0 {}
 115     0     100               0      216.457426      210.502315      53.9404828      3038.27557      0.32788477     0.314608631
 115     1      50               0      216.457426      210.502315      53.9404828      3038.27557      0.32788477     0.314608631
          wgpu 1d 106g 187c x3w 3ms | egraph 35g->41v+0snap 8ms | graft 19 (-59n, 0 snap) cpu 0 | f64 10 | gen 0.2s | dropped inexpr 1 oversz 0 unbuild 0 {}
 116     0     100               0      216.457426      210.502315      53.9404828      3038.27557      0.32788477     0.314608631
 116     1      50               0      216.457426      210.502315      53.9404828      3038.27557      0.32788477     0.314608631
          wgpu 1d 95g 178c x3w 3ms | egraph 30g->32v+0snap 5ms | graft 18 (-76n, 0 snap) cpu 0 | f64 10 | gen 0.1s | dropped inexpr 3 oversz 0 unbuild 0 {}
 117     0     100               0      216.457426      210.502315      53.9404828      3038.27557      0.32788477     0.314608631
 117     1      50               0      216.457426      210.502315      53.9404828      3038.27557      0.32788477     0.314608631
          wgpu 1d 66g 179c x3w 3ms | egraph 17g->33v+0snap 3ms | graft 24 (-70n, 0 snap) cpu 0 | f64 10 | gen 0.2s | dropped inexpr 3 oversz 0 unbuild 0 {}
 118     0     100               0      216.457426      210.502315      53.9404828      3038.27557      0.32788477     0.314608631
 118     1      50               0      216.457426      210.502315      53.9404828      3038.27557      0.32788477     0.314608631
          wgpu 1d 67g 165c x3w 3ms | egraph 14g->19v+0snap 8ms | graft 12 (-53n, 0 snap) cpu 0 | f64 10 | gen 0.1s | dropped inexpr 1 oversz 0 unbuild 0 {}
 119     0     100               0      216.457426      210.502315      53.9404828      3038.27557      0.32788477     0.314608631
 119     1      50               0      216.457426      210.502315      53.9404828      3038.27557      0.32788477     0.314608631
          wgpu 1d 92g 183c x3w 3ms | egraph 21g->37v+0snap 8ms | graft 21 (-67n, 0 snap) cpu 0 | f64 10 | gen 0.2s | dropped inexpr 3 oversz 0 unbuild 0 {}
 120     0     100               0      216.457426      210.502315      53.9404828      3038.27557      0.32788477     0.314608631
 120     1      50               0      216.457426      210.502315      53.9404828      3038.27557      0.32788477     0.314608631
          wgpu 1d 85g 177c x3w 3ms | egraph 16g->31v+0snap 9ms | graft 18 (-74n, 0 snap) cpu 0 | f64 10 | gen 0.2s | dropped inexpr 2 oversz 0 unbuild 0 {}
--------- pump migration: intra (promote-2 + intake-reset) + cross ---------
 121     0     100               0      85.5565786      72.1289224      26.4276658      1073.52003     0.129599153     0.107801102
 121     1      50               0      216.457426      210.502315      53.9404828      3038.27557      0.32788477     0.314608631
          wgpu 2d 282g 337c x3w 7ms | egraph 102g->111v+0snap 20ms | graft 69 (-180n, 0 snap) cpu 0 | f64 11 | gen 0.2s | dropped inexpr 4 oversz 0 unbuild 0 {}
 122     0     100               0      85.5565786      72.1289224      26.4276658      1073.52003     0.129599153     0.107801102
 122     1      50               0      216.457426      210.502315      53.9404828      3038.27557      0.32788477     0.314608631
          wgpu 1d 115g 179c x3w 3ms | egraph 41g->33v+0snap 6ms | graft 20 (-60n, 0 snap) cpu 0 | f64 10 | gen 0.2s | dropped inexpr 2 oversz 0 unbuild 0 {}
 123     0     100               0      85.5565786      72.1289224      26.4276658      1073.52003     0.129599153     0.107801102
 123     1      50               0      216.457426      210.502315      53.9404828      3038.27557      0.32788477     0.314608631
          wgpu 1d 127g 200c x3w 3ms | egraph 41g->54v+0snap 9ms | graft 29 (-123n, 0 snap) cpu 0 | f64 10 | gen 0.3s | dropped inexpr 7 oversz 0 unbuild 0 {}
 124     0     100               0      85.5565786      72.1289224      26.4276658      1073.52003     0.129599153     0.107801102
 124     1      50               0      216.457426      210.502315      53.9404828      3038.27557      0.32788477     0.314608631
          wgpu 1d 128g 193c x3w 3ms | egraph 40g->47v+0snap 9ms | graft 23 (-89n, 0 snap) cpu 0 | f64 10 | gen 0.1s | dropped inexpr 8 oversz 0 unbuild 0 {}
 125     0     100               0      85.5565786      72.1289224      26.4276658      1073.52003     0.129599153     0.107801102
 125     1      50               0      216.457426      210.502315      53.9404828      3038.27557      0.32788477     0.314608631
          wgpu 1d 143g 201c x3w 3ms | egraph 36g->55v+0snap 9ms | graft 27 (-116n, 0 snap) cpu 0 | f64 10 | gen 0.3s | dropped inexpr 6 oversz 0 unbuild 0 {}
 126     0     100               0      85.5565786      72.1289224      26.4276658      1073.52003     0.129599153     0.107801102
 126     1      50               0      216.457426      210.502315      53.9404828      3038.27557      0.32788477     0.314608631
          wgpu 1d 135g 198c x3w 3ms | egraph 41g->52v+0snap 6ms | graft 33 (-113n, 0 snap) cpu 0 | f64 10 | gen 0.2s | dropped inexpr 5 oversz 0 unbuild 0 {}
 127     0     100               0      85.5565786      72.1289224      26.4276658      1073.52003     0.129599153     0.107801102
 127     1      50               0      216.457426      210.502315      53.9404828      3038.27557      0.32788477     0.314608631
          wgpu 1d 145g 207c x3w 3ms | egraph 36g->61v+0snap 7ms | graft 31 (-125n, 0 snap) cpu 0 | f64 10 | gen 0.2s | dropped inexpr 9 oversz 0 unbuild 0 {}
 128     0     100               0      85.5565786      72.1289224      26.4276658      1073.52003     0.129599153     0.107801102
 128     1      50               0      216.457426      210.502315      53.9404828      3038.27557      0.32788477     0.314608631
          wgpu 1d 128g 187c x3w 3ms | egraph 34g->41v+0snap 8ms | graft 26 (-87n, 0 snap) cpu 0 | f64 10 | gen 0.3s | dropped inexpr 1 oversz 0 unbuild 0 {}
 129     0     100               0      85.5565786      72.1289224      26.4276658      1073.52003     0.129599153     0.107801102
 129     1      50               0      216.457426      210.502315      53.9404828      3038.27557      0.32788477     0.314608631
          wgpu 1d 136g 199c x3w 3ms | egraph 41g->53v+0snap 7ms | graft 24 (-71n, 0 snap) cpu 0 | f64 10 | gen 0.1s | dropped inexpr 8 oversz 0 unbuild 0 {}
 130     0     100               0      85.5565786      72.1289224      26.4276658      1073.52003     0.129599153     0.107801102
 130     1      50               0      216.457426      210.502315      53.9404828      3038.27557      0.32788477     0.314608631
          wgpu 1d 131g 188c x3w 3ms | egraph 38g->41v+1snap 8ms | graft 28 (-90n, 1 snap) cpu 0 | f64 10 | gen 0.1s | dropped inexpr 3 oversz 0 unbuild 0 {}
--------- pump migration: intra (promote-2 + intake-reset) ---------
 131     0     100               0      85.5565786      72.1289224      26.4276658      1073.52003     0.129599153     0.107801102
 131     1      50               0      85.5565786      72.1289224      26.4276658      1073.52003     0.129599153     0.107801102
          wgpu 2d 352g 357c x3w 7ms | egraph 124g->131v+0snap 22ms | graft 67 (-252n, 0 snap) cpu 0 | f64 20 | gen 0.2s | dropped inexpr 8 oversz 0 unbuild 0 {}
 132     0     100               0      85.5565786      72.1289224      26.4276658      1073.52003     0.129599153     0.107801102
 132     1      50               0      85.5565786      72.1289224      26.4276658      1073.52003     0.129599153     0.107801102
          wgpu 1d 162g 214c x3w 3ms | egraph 36g->68v+0snap 8ms | graft 36 (-137n, 0 snap) cpu 0 | f64 20 | gen 0.4s | dropped inexpr 7 oversz 0 unbuild 0 {}
 133     0     100               0      85.5565786      72.1289224      26.4276658      1073.52003     0.129599153     0.107801102
 133     1      50               0      85.5565786      72.1289224      26.4276658      1073.52003     0.129599153     0.107801102
          wgpu 1d 171g 206c x3w 4ms | egraph 43g->60v+0snap 8ms | graft 33 (-121n, 0 snap) cpu 0 | f64 20 | gen 0.2s | dropped inexpr 5 oversz 0 unbuild 0 {}
 134     0     100               0      85.5565786      72.1289224      26.4276658      1073.52003     0.129599153     0.107801102
 134     1      50               0      85.5565786      72.1289224      26.4276658      1073.52003     0.129599153     0.107801102
          wgpu 1d 158g 205c x3w 3ms | egraph 41g->59v+0snap 7ms | graft 36 (-122n, 0 snap) cpu 0 | f64 20 | gen 0.2s | dropped inexpr 4 oversz 0 unbuild 0 {}
 135     0     100               0      85.5565786      72.1289224      26.4276658      1073.52003     0.129599153     0.107801102
 135     1      50               0      85.5565786      72.1289224      26.4276658      1073.52003     0.129599153     0.107801102
          wgpu 1d 172g 201c x3w 4ms | egraph 30g->55v+0snap 9ms | graft 32 (-107n, 0 snap) cpu 0 | f64 20 | gen 0.3s | dropped inexpr 5 oversz 0 unbuild 0 {}
 136     0     100               0      85.5565786      72.1289224      26.4276658      1073.52003     0.129599153     0.107801102
 136     1      50               0      85.5565786      72.1289224      26.4276658      1073.52003     0.129599153     0.107801102
          wgpu 1d 167g 202c x3w 4ms | egraph 35g->56v+0snap 6ms | graft 35 (-117n, 0 snap) cpu 0 | f64 20 | gen 0.2s | dropped inexpr 5 oversz 0 unbuild 0 {}
 137     0     100               0      85.5565786      72.1289224      26.4276658      1073.52003     0.129599153     0.107801102
 137     1      50               0      85.5565786      72.1289224      26.4276658      1073.52003     0.129599153     0.107801102
          wgpu 1d 144g 186c x3w 3ms | egraph 39g->40v+0snap 7ms | graft 25 (-92n, 0 snap) cpu 0 | f64 20 | gen 0.2s | dropped inexpr 3 oversz 0 unbuild 0 {}
 138     0     100               0      85.5565786      72.1289224      26.4276658      1073.52003     0.129599153     0.107801102
 138     1      50               0      85.5565786      72.1289224      26.4276658      1073.52003     0.129599153     0.107801102
          wgpu 1d 163g 195c x3w 3ms | egraph 39g->49v+0snap 10ms | graft 26 (-106n, 0 snap) cpu 0 | f64 20 | gen 0.3s | dropped inexpr 5 oversz 0 unbuild 0 {}
 139     0     100               0      85.5565786      72.1289224      26.4276658      1073.52003     0.129599153     0.107801102
 139     1      50               0      85.5565786      72.1289224      26.4276658      1073.52003     0.129599153     0.107801102
          wgpu 1d 180g 218c x3w 4ms | egraph 41g->72v+0snap 9ms | graft 38 (-141n, 0 snap) cpu 0 | f64 20 | gen 0.3s | dropped inexpr 7 oversz 0 unbuild 0 {}
 140     0     100               0      85.5565786      72.1289224      26.4276658      1073.52003     0.129599153     0.107801102
 140     1      50               0      85.5565786      72.1289224      26.4276658      1073.52003     0.129599153     0.107801102
          wgpu 1d 157g 196c x3w 3ms | egraph 39g->50v+0snap 7ms | graft 31 (-111n, 0 snap) cpu 0 | f64 20 | gen 0.2s | dropped inexpr 2 oversz 0 unbuild 0 {}
--------- pump migration: intra (promote-2 + intake-reset) ---------
 141     0     100               0      85.5565786      72.1289224      26.4276658      1073.52003     0.129599153     0.107801102
 141     1      50               0      85.5565786      72.1289224      26.4276658      1073.52003     0.129599153     0.107801102
          wgpu 2d 416g 390c x3w 8ms | egraph 124g->164v+0snap 40ms | graft 79 (-248n, 0 snap) cpu 0 | f64 20 | gen 0.2s | dropped inexpr 3 oversz 0 unbuild 0 {}
 142     0     100               0      85.5565786      72.1289224      26.4276658      1073.52003     0.129599153     0.107801102
 142     1      50               0      85.5565786      72.1289224      26.4276658      1073.52003     0.129599153     0.107801102
          wgpu 1d 159g 191c x3w 3ms | egraph 41g->45v+0snap 7ms | graft 26 (-77n, 0 snap) cpu 0 | f64 20 | gen 0.2s | dropped inexpr 5 oversz 0 unbuild 0 {}
 143     0     100               0      85.5565786      72.1289224      26.4276658      1073.52003     0.129599153     0.107801102
 143     1      50               0      85.5565786      72.1289224      26.4276658      1073.52003     0.129599153     0.107801102
          wgpu 1d 163g 198c x3w 3ms | egraph 43g->52v+0snap 7ms | graft 34 (-107n, 0 snap) cpu 0 | f64 20 | gen 0.2s | dropped inexpr 5 oversz 0 unbuild 0 {}
 144     0     100               0      85.5565786      72.1289224      26.4276658      1073.52003     0.129599153     0.107801102
 144     1      50               0      85.5565786      72.1289224      26.4276658      1073.52003     0.129599153     0.107801102
          wgpu 1d 155g 190c x3w 3ms | egraph 41g->44v+0snap 8ms | graft 25 (-107n, 0 snap) cpu 0 | f64 20 | gen 0.3s | dropped inexpr 6 oversz 0 unbuild 0 {}
 145     0     100               0      85.5565786      72.1289224      26.4276658      1073.52003     0.129599153     0.107801102
 145     1      50               0      5.34332353      5.42191018      7.89310367      166.573446   0.00809394457   0.00810337758
          wgpu 1d 173g 201c x3w 4ms | egraph 39g->55v+0snap 7ms | graft 30 (-82n, 0 snap) cpu 0 | f64 20 | gen 0.5s | dropped inexpr 3 oversz 0 unbuild 0 {}
 146     0     100               0      85.5565786      72.1289224      26.4276658      1073.52003     0.129599153     0.107801102
 146     1      50               0      5.34332353      5.42191018      7.89310367      166.573446   0.00809394457   0.00810337758
          wgpu 1d 210g 221c x3w 4ms | egraph 71g->75v+0snap 11ms | graft 36 (-142n, 0 snap) cpu 0 | f64 20 | gen 0.6s | dropped inexpr 5 oversz 0 unbuild 0 {}
 147     0     100               0      85.5565786      72.1289224      26.4276658      1073.52003     0.129599153     0.107801102
 147     1      50               0      5.34332353      5.42191018      7.89310367      166.573446   0.00809394457   0.00810337758
          wgpu 1d 185g 230c x3w 4ms | egraph 58g->84v+0snap 9ms | graft 40 (-172n, 0 snap) cpu 0 | f64 20 | gen 0.3s | dropped inexpr 6 oversz 0 unbuild 0 {}
 148     0     100               0      85.5565786      72.1289224      26.4276658      1073.52003     0.129599153     0.107801102
 148     1      50               0      0.00400517   0.00350864219     0.299150816    0.0884113018  6.06694013e-06  5.24388112e-06
          wgpu 1d 181g 243c x3w 4ms | egraph 55g->97v+0snap 9ms | graft 45 (-145n, 0 snap) cpu 0 | f64 20 | gen 0.4s | dropped inexpr 6 oversz 0 unbuild 0 {}
 149     0     100               0      85.5565786      72.1289224      26.4276658      1073.52003     0.129599153     0.107801102
 149     1      50               0      0.00400517   0.00350864219     0.299150816    0.0884113018  6.06694013e-06  5.24388112e-06
          wgpu 1d 173g 272c x3w 4ms | egraph 46g->126v+0snap 7ms | graft 51 (-141n, 0 snap) cpu 0 | f64 20 | gen 0.3s | dropped inexpr 5 oversz 0 unbuild 0 {}
 150     0     100               0      85.5565786      72.1289224      26.4276658      1073.52003     0.129599153     0.107801102
 150     1      50               0   0.00400522467   0.00350872841     0.299167337    0.0884126805  6.06702295e-06  5.24400998e-06
          wgpu 1d 186g 276c x3w 4ms | egraph 50g->130v+0snap 8ms | graft 53 (-179n, 0 snap) cpu 0 | f64 20 | gen 0.2s | dropped inexpr 3 oversz 0 unbuild 0 {}
--------- pump migration: intra (promote-2 + intake-reset) + cross ---------
 151     0     100               0      85.5565786      72.1289224      26.4276658      1073.52003     0.129599153     0.107801102
 151     1      50               0      85.5565786      72.1289224      26.4276658      1073.52003     0.129599153     0.107801102
          wgpu 2d 404g 421c x3w 7ms | egraph 128g->193v+2snap 24ms | graft 86 (-286n, 0 snap) cpu 0 | f64 20 | gen 0.3s | dropped inexpr 7 oversz 0 unbuild 0 {}
 152     0     100               0      85.5565786      72.1289224      26.4276658      1073.52003     0.129599153     0.107801102
 152     1      50               0   0.00400522467   0.00350872841     0.299167337    0.0884126805  6.06702295e-06  5.24400998e-06
          wgpu 1d 171g 232c x3w 4ms | egraph 41g->85v+1snap 7ms | graft 32 (-115n, 1 snap) cpu 0 | f64 20 | gen 0.2s | dropped inexpr 3 oversz 0 unbuild 0 {}
 153     0     100               0      85.5565786      72.1289224      26.4276658      1073.52003     0.129599153     0.107801102
 153     1      50               0      0.00400517   0.00350864219     0.299150816    0.0884113018  6.06694013e-06  5.24388112e-06
          wgpu 1d 185g 253c x3w 4ms | egraph 42g->103v+4snap 8ms | graft 32 (-98n, 0 snap) cpu 0 | f64 20 | gen 0.2s | dropped inexpr 5 oversz 0 unbuild 0 {}
 154     0     100               0      85.5565786      72.1289224      26.4276658      1073.52003     0.129599153     0.107801102
 154     1      50               0   0.00400522467   0.00350872841     0.299167337    0.0884126805  6.06702295e-06  5.24400998e-06
          wgpu 1d 183g 247c x3w 4ms | egraph 29g->101v+0snap 6ms | graft 37 (-108n, 0 snap) cpu 0 | f64 20 | gen 0.2s | dropped inexpr 5 oversz 0 unbuild 0 {}
 155     0     100               0      85.5565786      72.1289224      26.4276658      1073.52003     0.129599153     0.107801102
 155     1      50               0      0.00400517   0.00350864219     0.299150816    0.0884113018  6.06694013e-06  5.24388112e-06
          wgpu 1d 173g 239c x3w 4ms | egraph 40g->92v+1snap 9ms | graft 35 (-124n, 0 snap) cpu 0 | f64 20 | gen 0.3s | dropped inexpr 3 oversz 0 unbuild 0 {}
 156     0     100               0      85.5565786      72.1289224      26.4276658      1073.52003     0.129599153     0.107801102
 156     1      50               0   0.00400522467   0.00350872841     0.299167337    0.0884126805  6.06702295e-06  5.24400998e-06
          wgpu 1d 174g 238c x3w 4ms | egraph 38g->89v+3snap 43ms | graft 30 (-97n, 0 snap) cpu 0 | f64 20 | gen 0.3s | dropped inexpr 6 oversz 0 unbuild 0 {}
 157     0     100               0      85.5565786      72.1289224      26.4276658      1073.52003     0.129599153     0.107801102
 157     1      50               0      0.00400517   0.00350864219     0.299150816    0.0884113018  6.06694013e-06  5.24388112e-06
          wgpu 1d 182g 246c x3w 4ms | egraph 31g->99v+1snap 6ms | graft 36 (-104n, 0 snap) cpu 0 | f64 20 | gen 0.2s | dropped inexpr 3 oversz 0 unbuild 0 {}
 158     0     100               0      85.5565786      72.1289224      26.4276658      1073.52003     0.129599153     0.107801102
 158     1      50               0   0.00400522467   0.00350872841     0.299167337    0.0884126805  6.06702295e-06  5.24400998e-06
          wgpu 1d 185g 254c x3w 4ms | egraph 34g->107v+1snap 7ms | graft 31 (-125n, 0 snap) cpu 0 | f64 20 | gen 0.2s | dropped inexpr 5 oversz 0 unbuild 0 {}
 159     0     100               0      85.5565786      72.1289224      26.4276658      1073.52003     0.129599153     0.107801102
 159     1      50               0   0.00400522467   0.00350872841     0.299167337    0.0884126805  6.06702295e-06  5.24400998e-06
          wgpu 1d 190g 252c x3w 4ms | egraph 47g->106v+0snap 8ms | graft 43 (-134n, 0 snap) cpu 0 | f64 20 | gen 0.2s | dropped inexpr 9 oversz 0 unbuild 0 {}
 160     0     100               0      85.5565786      72.1289224      26.4276658      1073.52003     0.129599153     0.107801102
 160     1      50               0   0.00400522467   0.00350872841     0.299167337    0.0884126805  6.06702295e-06  5.24400998e-06
          wgpu 1d 193g 252c x3w 4ms | egraph 49g->105v+1snap 9ms | graft 33 (-151n, 0 snap) cpu 0 | f64 20 | gen 0.2s | dropped inexpr 10 oversz 0 unbuild 0 {}
--------- pump migration: intra (promote-2 + intake-reset) ---------
 161     0     100               0      85.5565786      72.1289224      26.4276658      1073.52003     0.129599153     0.107801102
 161     1      50               0      0.00400517   0.00350864219     0.299150816    0.0884113018  6.06694013e-06  5.24388112e-06
          wgpu 2d 386g 406c x3w 7ms | egraph 125g->178v+2snap 20ms | graft 83 (-274n, 0 snap) cpu 0 | f64 24 | gen 0.2s | dropped inexpr 9 oversz 0 unbuild 0 {}
 162     0     100               0      85.5565786      72.1289224      26.4276658      1073.52003     0.129599153     0.107801102
 162     1      50               0  4.13428541e-29  4.65740397e-29  3.55271368e-14  2.94333064e-28  6.26252121e-32  6.96077612e-32
          wgpu 1d 163g 235c x3w 4ms | egraph 35g->88v+1snap 7ms | graft 29 (-115n, 0 snap) cpu 0 | f64 20 | gen 0.3s | dropped inexpr 1 oversz 0 unbuild 0 {}

*** Early stop at generation 162: best val_R² = 1.0000000000 ≥ 0.9999999990, holdout_R² = 1.0000000000 confirmed

This sub-run: 2026-09-19 03:48:48.992643 → 2026-09-19 03:49:19.905934
Now at generation 162 (HOF size: 31)
[join] 179 dispatches, 22,328 genes, 100,401 candidates scored in 0.58s GPU+host; e-graph 6,217 trees -> 8,364 variants + 21 snaps in 1.41s; 4,411 grafts (2 snap), 13,839 nodes removed; cpu-path individuals 0, f64-rejected 0
[join]   inexpressible:    305  no pset token for semantic id "pow" with arity 2
[join]   inexpressible:     12  no pset token for semantic id "div" with arity 2
[join]   inexpressible:      6  no pset token for semantic id "sqrt" with arity 1
  HFF-chosen LSM kept: a=3, b=0.801858
Chromosome wrapper: id=0  →  identity
hof[0] runtime val: mse=3.761e-29  R²=1.000000
Pre-snap expression (after sympify + LSM compose):
  1.0*m*r*v*sin(theta) - 4.44089209850063e-16

Per-level snap results (before MSE scoring):
  strict      →  m*r*v*sin(theta)
  default     →  m*r*v*sin(theta)
  aggressive  →  m*r*v*sin(theta)

Snap-level comparison (sorted by holdout MSE, lowest first)
------------------------------------------------------------------------------------------
  level       MSE            R²         expression                                        
------------------------------------------------------------------------------------------
★ strict      1.274e-29      1.0000     m*r*v*sin(theta)                                  
  default     1.274e-29      1.0000     m*r*v*sin(theta)                                  
  aggressive  1.274e-29      1.0000     m*r*v*sin(theta)                                  

Winning snap level: 'strict'  →  m*r*v*sin(theta)

Canonical discovered expression: m*r*v*sin(theta)
[38;2;0;50;255m
############################################################ [38;2;255;255;255m
[38;2;0;50;255m Equation Recovery: I_18_14 [38;2;255;255;255m
[38;2;0;50;255m Truth: m*r*v*sin(theta) [38;2;255;255;255m
[38;2;0;50;255m [38;2;255;255;255m
[38;2;255;0;255m     Exact recovery     : True [38;2;255;255;255m
[38;2;255;0;255m     Numerical recovery : True (max rel_err 0.00e+00 on 10k samples) [38;2;255;255;255m
[38;2;255;0;255m     Discovered         : m*r*v*sin(theta) [38;2;255;255;255m
[38;2;255;0;255m     LSM (a, b)         : (3, 0.801858) [38;2;255;255;255m
[38;2;0;50;255m
############################################################ [38;2;255;255;255m
In-range holdout : MSE=3.882e-29  MAE=3.848e-15  R²=1.0000
Extrapolation    : MSE=2.836e-28  MAE=9.63e-15  R²=1.0000

Top 10 HOF models (north_pole=truenorth) (★ = Pareto-optimal)
(deduped HOF: 2 unique chromosomes from 31 raw HOF entries)
 ----------------------------------------------------------------------------------------------------------------
       model     wrapper      length   train_mse     val_mse     max_err    train_r2      val_r2 angular_distance
 ----------------------------------------------------------------------------------------------------------------
★           0    identity          10      0.0000      0.0000      0.0000      1.0000      1.0000      0.0000
            1        rule           1    216.4574    210.5023     53.9405      0.6721      0.6854      1.5708

Pareto-optimal in top 2: 1    Pareto-optimal in full HOF: 1 / 2

Recovery sweep across 2/2 unique HOF chromosomes (capped):
  Structural / exact     : 1/2  (50.0%)
  Numerical (≤1e-6 err)  : 1/2  (50.0%)
{
    "date": "2026/09/19",
    "seed": "5",
    "task": "equation_recovery",
    "north_pole_method": "truenorth",
    "hff_include_val": true,
    "problem": "I_18_14",
    "truth_expr": "m*r*v*sin(theta)",
    "final_terminal_inputs": [
        "m",
        "r",
        "v",
        "theta"
    ],
    "wide_primitives": true,
    "head_length": "48",
    "n_genes": "3",
    "rnc_array_length": "10",
    "tournament size": "intake=8, champion=5",
    "population size": "150",
    "population per island": "intake=100, champion=50",
    "gpu_join": true,
    "eclass_k": 8,
    "number of elites": "2",
    "number of generations": "400",
    "number of islands": "2",
    "migration FREQ": "30",
    "wrapper_id": 0,
    "wrapper_name": "identity",
    "recovery_exact": true,
    "recovery_numerical": true,
    "recovery_max_rel_err": 0.0,
    "discovered_expr": "m*r*v*sin(theta)",
    "holdout_mse": 3.882453285941063e-29,
    "holdout_r2": 1.0,
    "extrap_mse": 2.835553600098777e-28,
    "extrap_r2": 1.0,
    "hof_size": 2,
    "hof_exact_recoveries": 1,
    "hof_numerical_recoveries": 1
}
