/opt/anaconda3/lib/python3.12/site-packages/geppy/__init__.py:26: UserWarning: pkg_resources is deprecated as an API. See https://setuptools.pypa.io/en/latest/pkg_resources.html. The pkg_resources package is slated for removal as early as 2025-11-30. Refrain from using this package or pin to Setuptools<81.
  from pkg_resources import get_distribution, DistributionNotFound
hff library OK (test fitness: (0.1415394733244273,))
registry: ['circle_area', 'gravity', 'coulomb', 'pendulum', 'keplers3', 'ideal_gas', 'I_6_2a', 'I_6_2', 'I_6_2b', 'I_8_14', 'I_9_18', 'I_10_7', 'I_11_19', 'I_12_1', 'I_12_2', 'I_12_4', 'I_12_5', 'I_12_11', 'I_13_4', 'I_13_12', 'I_14_3', 'I_14_4', 'I_15_3x', 'I_15_3t', 'I_15_1', 'I_16_6', 'I_18_4', 'I_18_12', 'I_18_14', 'I_24_6', 'I_25_13', 'I_26_2', 'I_27_6', 'I_29_4', 'I_29_16', 'I_30_3', 'I_30_5', 'I_32_5', 'I_32_17', 'I_34_8', 'I_34_1', 'I_34_14', 'I_34_27', 'I_37_4', 'I_38_12', 'I_39_1', 'I_39_11', 'I_39_22', 'I_40_1', 'I_41_16', 'I_43_16', 'I_43_31', 'I_43_43', 'I_44_4', 'I_47_23', 'I_48_2', 'I_50_26', 'II_2_42', 'II_3_24', 'II_4_23', 'II_6_11', 'II_6_15a', 'II_6_15b', 'II_8_7', 'II_8_31', 'II_10_9', 'II_11_3', 'II_11_17', 'II_11_20', 'II_11_27', 'II_11_28', 'II_13_17', 'II_13_23', 'II_13_34', 'II_15_4', 'II_15_5', 'II_21_32', 'II_24_17', 'II_27_16', 'II_27_18', 'II_34_2a', 'II_34_2', 'II_34_11', 'II_34_29a', 'II_34_29b', 'II_35_18', 'II_35_21', 'II_36_38', 'II_37_1', 'II_38_3', 'II_38_14', 'III_4_32', 'III_4_33', 'III_7_38', 'III_8_54', 'III_9_52', 'III_10_19', 'III_12_43', 'III_13_18', 'III_14_14', 'III_15_12', 'III_15_14', 'III_15_27', 'III_17_37', 'III_19_51', 'III_21_20', 'test_1', 'test_2', 'test_3', 'test_4', 'test_5', 'test_6', 'test_7', 'test_8', 'test_9', 'test_10', 'test_11', 'test_12', 'test_13', 'test_14', 'test_15', 'test_16', 'test_17', 'test_18', 'test_19', 'test_20']
[feynman override] head_length=48 (keep n_genes=3, avgval linker)
Selected problem: I_34_8
  Description : Feynman I-III I.34.8: omega = q*v*B/p
  Variables   : ['q', 'v', 'B', 'p']
  Train range : {'q': (1.0, 5.0), 'v': (1.0, 5.0), 'B': (1.0, 5.0), 'p': (1.0, 5.0)}
  Extrap range: {'q': (1.0, 7.5), 'v': (1.0, 7.5), 'B': (1.0, 7.5), 'p': (1.0, 7.5)}
  Truth       : q*v*B/p
  ✓ cache hit  (data/equations/I_34_8, key=394c636e15dcced5)
  train           (800, 5)  target range=[0.5662, 75.73]
  val             (200, 5)  target range=[0.5598, 55.85]
  holdout         (200, 5)  target range=[0.5471, 73.85]
  extrapolation   (200, 5)  target range=[0.594, 197.4]
  saved figure → data/figures/I_34_8/eda_pairplot.png
Wide primitive set enabled: sin, cos, exp, log added.
[E22 rules] variable pattern tags: {'no_pattern'}
[E22/23 rules] static candidate count: 1
  [sum_sq_all/sum_sq] a=0.2870 b=-1.0774e+00 1-R²_va=8.7143e-01
[fuller] denoise + snap IN THE JOIN (every gene, every generation, K=8); mutation operators: physics=0.2 concretize=0.05
Wrapper scope: per_island  (island → wrapper map: ['identity', 'identity'])
[wgpu] process pool disabled — Metal cannot survive fork(); the population is evaluated in one dispatch instead
Genes: head_length=48, n_genes=3, rnc_array_length=10
Population: (per-island, see below), elites: 2, generations: 400, migration FREQ: 30
  pump per-island sizes: intake=100 (tournsize=8), champion=50 (tournsize=5)
Initialising evolution at 2026-09-19 03:53:37.280589
 gen  deme   evals     min fitness          mse_tr          mse_va         max_err      mse_extrap  one_minus_r2_tr  one_minus_r2_va
   0     0     100               0      43.2020956      50.4184685      29.7256093      428.605028     0.461987084     0.481131278
   0     1      50     0.031074866      43.2049739      52.7606297      32.2050335      458.870613     0.462017864     0.503481957
          wgpu 1d 295g 250c x3w 8ms | egraph 187g->100v+0snap 50ms | graft 52 (-134n, 0 snap) cpu 0 | f64 32 | gen 0.0s | dropped inexpr 5 oversz 0 unbuild 0 {}
Extending evolution: gen 1 → 400 (+400 generations)
   1     0     100               0      43.2020956      50.4184685      29.7256093      428.605028     0.461987084     0.481131278
   1     1      50   0.00784901082      32.9742656      39.7755734      28.8958979      398.653795     0.352614488     0.379568698
          wgpu 1d 103g 179c x3w 3ms | egraph 49g->33v+0snap 11ms | graft 13 (-53n, 0 snap) cpu 0 | f64 33 | gen 0.3s | dropped inexpr 3 oversz 0 unbuild 0 {}
   2     0     100               0      31.6899268       35.035201      24.9150917      353.340202     0.338880248     0.334332468
   2     1      50               0      32.9742656      39.7755734      28.8958979      398.653795     0.352614488     0.379568698
          wgpu 1d 59g 152c x3w 3ms | egraph 28g->6v+0snap 4ms | graft 5 (-8n, 0 snap) cpu 0 | f64 20 | gen 0.1s
   3     0     100               0      31.6899268       35.035201      24.9150917      353.340202     0.338880248     0.334332468
   3     1      50               0      32.9742656      39.7755734      28.8958979      398.653795     0.352614488     0.379568698
          wgpu 1d 87g 159c x3w 3ms | egraph 53g->13v+0snap 8ms | graft 9 (-26n, 0 snap) cpu 0 | f64 28 | gen 0.2s
   4     0     100               0      31.6899268       35.035201      24.9150917      353.340202     0.338880248     0.334332468
   4     1      50               0       32.974266      39.7755739      28.8958969      398.653803     0.352614492     0.379568703
          wgpu 1d 72g 155c x3w 3ms | egraph 36g->9v+0snap 6ms | graft 7 (-18n, 0 snap) cpu 0 | f64 20 | gen 0.1s
   5     0     100               0      31.6899268       35.035201      24.9150917      353.340202     0.338880248     0.334332468
   5     1      50               0       32.974266      39.7755739      28.8958969      398.653803     0.352614492     0.379568703
          wgpu 1d 92g 164c x3w 3ms | egraph 34g->18v+0snap 6ms | graft 9 (-28n, 0 snap) cpu 0 | f64 20 | gen 0.2s
   6     0     100               0      31.6899268       35.035201      24.9150917      353.340202     0.338880248     0.334332468
   6     1      50               0      32.9742656      39.7755734      28.8958979      398.653795     0.352614488     0.379568698
          wgpu 1d 102g 173c x3w 3ms | egraph 45g->27v+0snap 8ms | graft 15 (-64n, 0 snap) cpu 0 | f64 20 | gen 0.2s
   7     0     100               0      31.6899268       35.035201      24.9150917      353.340202     0.338880248     0.334332468
   7     1      50               0       32.974266      39.7755739      28.8958969      398.653803     0.352614492     0.379568703
          wgpu 1d 88g 161c x3w 3ms | egraph 34g->15v+0snap 6ms | graft 8 (-26n, 0 snap) cpu 0 | f64 20 | gen 0.1s
   8     0     100               0      31.6899268       35.035201      24.9150917      353.340202     0.338880248     0.334332468
   8     1      50               0       32.974266      39.7755739      28.8958969      398.653803     0.352614492     0.379568703
          wgpu 1d 102g 187c x3w 3ms | egraph 35g->41v+0snap 8ms | graft 18 (-64n, 0 snap) cpu 0 | f64 20 | gen 0.3s | dropped inexpr 1 oversz 0 unbuild 0 {}
   9     0     100               0      31.6899268       35.035201      24.9150917      353.340202     0.338880248     0.334332468
   9     1      50               0       32.974266      39.7755739      28.8958969      398.653803     0.352614492     0.379568703
          wgpu 1d 86g 171c x3w 3ms | egraph 31g->25v+0snap 6ms | graft 9 (-34n, 0 snap) cpu 0 | f64 20 | gen 0.1s | dropped inexpr 1 oversz 0 unbuild 0 {}
  10     0     100               0      31.6899268       35.035201      24.9150917      353.340202     0.338880248     0.334332468
  10     1      50               0       32.974266      39.7755739      28.8958969      398.653803     0.352614492     0.379568703
          wgpu 1d 94g 179c x3w 3ms | egraph 29g->33v+0snap 6ms | graft 13 (-49n, 0 snap) cpu 0 | f64 20 | gen 0.1s
--------- pump migration: intra (promote-2 + intake-reset) ---------
  11     0     100               0      31.6899268       35.035201      24.9150917      353.340202     0.338880248     0.334332468
  11     1      50               0      31.0831438      38.8519463      28.3926766      351.754947     0.332391538     0.370754748
          wgpu 2d 287g 326c x3w 7ms | egraph 121g->100v+0snap 20ms | graft 43 (-167n, 0 snap) cpu 0 | f64 30 | gen 0.1s | dropped inexpr 3 oversz 0 unbuild 0 {}
  12     0     100               0      31.6899268       35.035201      24.9150917      353.340202     0.338880248     0.334332468
  12     1      50               0      31.0831438      38.8519463      28.3926766      351.754947     0.332391538     0.370754748
          wgpu 1d 99g 173c x3w 3ms | egraph 39g->27v+0snap 6ms | graft 11 (-41n, 0 snap) cpu 0 | f64 20 | gen 0.1s
  13     0     100               0      31.6899268       35.035201      24.9150917      353.340202     0.338880248     0.334332468
  13     1      50               0      31.0831438      38.8519463      28.3926766      351.754947     0.332391538     0.370754748
          wgpu 1d 107g 167c x3w 3ms | egraph 38g->21v+0snap 6ms | graft 16 (-60n, 0 snap) cpu 0 | f64 20 | gen 0.1s
  14     0     100               0      8.48128376      9.49041163      13.3267675      144.910743    0.0906956827     0.090564708
  14     1      50               0      13.5429033       16.534526      15.3581263      209.137763     0.144822752     0.157784991
          wgpu 1d 125g 172c x3w 3ms | egraph 47g->26v+0snap 7ms | graft 16 (-46n, 0 snap) cpu 0 | f64 20 | gen 0.1s
  15     0     100               0      8.48128376      9.49041163      13.3267675      144.910743    0.0906956827     0.090564708
  15     1      50               0      13.5429033       16.534526      15.3581263      209.137763     0.144822752     0.157784991
          wgpu 1d 109g 158c x3w 3ms | egraph 39g->12v+0snap 6ms | graft 10 (-31n, 0 snap) cpu 0 | f64 20 | gen 0.2s | dropped inexpr 2 oversz 0 unbuild 0 {}
  16     0     100               0      8.48128376      9.49041163      13.3267675      144.910743    0.0906956827     0.090564708
  16     1      50               0      13.5429033       16.534526      15.3581263      209.137763     0.144822752     0.157784991
          wgpu 1d 106g 166c x3w 3ms | egraph 42g->20v+0snap 7ms | graft 10 (-38n, 0 snap) cpu 0 | f64 20 | gen 0.1s | dropped inexpr 2 oversz 0 unbuild 0 {}
  17     0     100               0      4.91875708      5.58824709      11.0579212      106.331413    0.0525993522    0.0533272934
  17     1      50               0      13.5429033       16.534526      15.3581263      209.137763     0.144822752     0.157784991
          wgpu 1d 128g 173c x3w 3ms | egraph 47g->27v+0snap 7ms | graft 14 (-49n, 0 snap) cpu 0 | f64 20 | gen 0.1s | dropped inexpr 2 oversz 0 unbuild 0 {}
  18     0     100               0      4.91875708      5.58824709      11.0579212      106.331413    0.0525993522    0.0533272934
  18     1      50               0      13.5429033       16.534526      15.3581263      209.137763     0.144822752     0.157784991
          wgpu 1d 125g 173c x3w 3ms | egraph 43g->27v+0snap 6ms | graft 12 (-48n, 0 snap) cpu 0 | f64 20 | gen 0.1s | dropped inexpr 2 oversz 0 unbuild 0 {}
  19     0     100               0      4.91875708      5.58824752      11.0579194      106.331419    0.0525993522    0.0533272975
  19     1      50               0      13.5429033       16.534526      15.3581263      209.137763     0.144822752     0.157784991
          wgpu 1d 120g 164c x3w 3ms | egraph 43g->18v+0snap 7ms | graft 8 (-20n, 0 snap) cpu 0 | f64 20 | gen 0.1s | dropped inexpr 2 oversz 0 unbuild 0 {}
  20     0     100               0      4.91875708      5.58824752      11.0579194      106.331419    0.0525993522    0.0533272975
  20     1      50               0      13.5429033       16.534526      15.3581263      209.137763     0.144822752     0.157784991
          wgpu 1d 104g 167c x3w 3ms | egraph 37g->21v+0snap 6ms | graft 8 (-33n, 0 snap) cpu 0 | f64 20 | gen 0.2s | dropped inexpr 1 oversz 0 unbuild 0 {}
--------- pump migration: intra (promote-2 + intake-reset) ---------
  21     0     100               0      4.91875708      5.58824752      11.0579194      106.331419    0.0525993522    0.0533272975
  21     1      50               0      13.5429033       16.534526      15.3581263      209.137763     0.144822752     0.157784991
          wgpu 2d 290g 302c x3w 6ms | egraph 127g->76v+0snap 18ms | graft 43 (-125n, 0 snap) cpu 0 | f64 30 | gen 0.1s | dropped inexpr 5 oversz 0 unbuild 0 {}
  22     0     100               0      4.91875708      5.58824752      11.0579194      106.331419    0.0525993522    0.0533272975
  22     1      50               0      13.5429033       16.534526      15.3581263      209.137763     0.144822752     0.157784991
          wgpu 1d 116g 170c x3w 3ms | egraph 33g->24v+0snap 6ms | graft 13 (-53n, 0 snap) cpu 0 | f64 20 | gen 0.2s
  23     0     100               0      4.91875708      5.58824709      11.0579212      106.331413    0.0525993522    0.0533272934
  23     1      50               0      1.31409218      1.29690888      5.71909795      18.9541966    0.0140524113    0.0123760885
          wgpu 1d 128g 181c x3w 3ms | egraph 48g->35v+0snap 8ms | graft 19 (-67n, 0 snap) cpu 0 | f64 20 | gen 0.2s | dropped inexpr 2 oversz 0 unbuild 0 {}
  24     0     100               0      4.91875708      5.58824752      11.0579194      106.331419    0.0525993522    0.0533272975
  24     1      50               0      13.5429033       16.534526      15.3581263      209.137763     0.144822752     0.157784991
          wgpu 1d 124g 163c x3w 3ms | egraph 50g->17v+0snap 8ms | graft 12 (-30n, 0 snap) cpu 0 | f64 20 | gen 0.2s | dropped inexpr 1 oversz 0 unbuild 0 {}
  25     0     100               0  5.19227632e-30  6.38169983e-30  1.42108547e-14  4.24442296e-29  5.55242648e-32  6.08990215e-32
  25     1      50               0      13.5429033       16.534526      15.3581263      209.137763     0.144822752     0.157784991
          wgpu 1d 119g 169c x3w 3ms | egraph 54g->23v+0snap 9ms | graft 14 (-36n, 0 snap) cpu 0 | f64 20 | gen 0.3s | dropped inexpr 2 oversz 0 unbuild 0 {}

*** Early stop at generation 25: best val_R² = 1.0000000000 ≥ 0.9999999990, holdout_R² = 1.0000000000 confirmed

This sub-run: 2026-09-19 03:53:37.470073 → 2026-09-19 03:53:41.723371
Now at generation 25 (HOF size: 31)
[join] 28 dispatches, 3,267 genes, 14,262 candidates scored in 0.09s GPU+host; e-graph 1,369 trees -> 794 variants + 0 snaps in 0.25s; 407 grafts (0 snap), 1,348 nodes removed; cpu-path individuals 0, f64-rejected 0
[join]   inexpressible:     32  no pset token for semantic id "pow" with arity 2
[join]   inexpressible:      2  no pset token for semantic id "div" with arity 2
  HFF-chosen LSM kept: a=3, b=-3.24844
Chromosome wrapper: id=0  →  identity
hof[0] runtime val: mse=4.183e-30  R²=1.000000
Pre-snap expression (after sympify + LSM compose):
  1.0*B*q*v/p + 8.88178419700125e-16

Per-level snap results (before MSE scoring):
  strict      →  B*q*v/p
  default     →  B*q*v/p
  aggressive  →  B*q*v/p

Snap-level comparison (sorted by holdout MSE, lowest first)
------------------------------------------------------------------------------------------
  level       MSE            R²         expression                                        
------------------------------------------------------------------------------------------
★ strict      2.638e-30      1.0000     B*q*v/p                                           
  default     2.638e-30      1.0000     B*q*v/p                                           
  aggressive  2.638e-30      1.0000     B*q*v/p                                           

Winning snap level: 'strict'  →  B*q*v/p

Canonical discovered expression: B*q*v/p
[38;2;0;50;255m
############################################################ [38;2;255;255;255m
[38;2;0;50;255m Equation Recovery: I_34_8 [38;2;255;255;255m
[38;2;0;50;255m Truth: q*v*B/p [38;2;255;255;255m
[38;2;0;50;255m [38;2;255;255;255m
[38;2;255;0;255m     Exact recovery     : True [38;2;255;255;255m
[38;2;255;0;255m     Numerical recovery : True (max rel_err 0.00e+00 on 10k samples) [38;2;255;255;255m
[38;2;255;0;255m     Discovered         : B*q*v/p [38;2;255;255;255m
[38;2;255;0;255m     LSM (a, b)         : (3, -3.24844) [38;2;255;255;255m
[38;2;0;50;255m
############################################################ [38;2;255;255;255m
In-range holdout : MSE=8.83e-30  MAE=1.845e-15  R²=1.0000
Extrapolation    : MSE=3.123e-29  MAE=2.885e-15  R²=1.0000

Top 10 HOF models (north_pole=truenorth) (★ = Pareto-optimal)
(deduped HOF: 5 unique chromosomes from 31 raw HOF entries)
 ----------------------------------------------------------------------------------------------------------------
       model     wrapper      length   train_mse     val_mse     max_err    train_r2      val_r2 angular_distance
 ----------------------------------------------------------------------------------------------------------------
★           0    identity          15      0.0000      0.0000      0.0000      1.0000      1.0000      0.0000
           28    identity          10     31.6899     35.0352     24.9151      0.6611      0.6657      1.1028
           24    identity           6     32.9743     39.7756     28.8959      0.6474      0.6204      1.2355
           22    identity           6     32.9743     39.7756     28.8959      0.6474      0.6204      1.2355
           30    identity           5     43.2021     50.4185     29.7256      0.5380      0.5189      1.5708

Pareto-optimal in top 5: 1    Pareto-optimal in full HOF: 1 / 5

Recovery sweep across 5/5 unique HOF chromosomes (capped):
  Structural / exact     : 1/5  (20.0%)
  Numerical (≤1e-6 err)  : 1/5  (20.0%)
{
    "date": "2026/09/19",
    "seed": "5",
    "task": "equation_recovery",
    "north_pole_method": "truenorth",
    "hff_include_val": true,
    "problem": "I_34_8",
    "truth_expr": "q*v*B/p",
    "final_terminal_inputs": [
        "q",
        "v",
        "B",
        "p"
    ],
    "wide_primitives": true,
    "head_length": "48",
    "n_genes": "3",
    "rnc_array_length": "10",
    "tournament size": "intake=8, champion=5",
    "population size": "150",
    "population per island": "intake=100, champion=50",
    "gpu_join": true,
    "eclass_k": 8,
    "number of elites": "2",
    "number of generations": "400",
    "number of islands": "2",
    "migration FREQ": "30",
    "wrapper_id": 0,
    "wrapper_name": "identity",
    "recovery_exact": true,
    "recovery_numerical": true,
    "recovery_max_rel_err": 0.0,
    "discovered_expr": "B*q*v/p",
    "holdout_mse": 8.829818719751938e-30,
    "holdout_r2": 1.0,
    "extrap_mse": 3.123007879132655e-29,
    "extrap_r2": 1.0,
    "hof_size": 5,
    "hof_exact_recoveries": 1,
    "hof_numerical_recoveries": 1
}
