/opt/anaconda3/lib/python3.12/site-packages/geppy/__init__.py:26: UserWarning: pkg_resources is deprecated as an API. See https://setuptools.pypa.io/en/latest/pkg_resources.html. The pkg_resources package is slated for removal as early as 2025-11-30. Refrain from using this package or pin to Setuptools<81.
  from pkg_resources import get_distribution, DistributionNotFound
hff library OK (test fitness: (0.1415394733244273,))
registry: ['circle_area', 'gravity', 'coulomb', 'pendulum', 'keplers3', 'ideal_gas', 'I_6_2a', 'I_6_2', 'I_6_2b', 'I_8_14', 'I_9_18', 'I_10_7', 'I_11_19', 'I_12_1', 'I_12_2', 'I_12_4', 'I_12_5', 'I_12_11', 'I_13_4', 'I_13_12', 'I_14_3', 'I_14_4', 'I_15_3x', 'I_15_3t', 'I_15_1', 'I_16_6', 'I_18_4', 'I_18_12', 'I_18_14', 'I_24_6', 'I_25_13', 'I_26_2', 'I_27_6', 'I_29_4', 'I_29_16', 'I_30_3', 'I_30_5', 'I_32_5', 'I_32_17', 'I_34_8', 'I_34_1', 'I_34_14', 'I_34_27', 'I_37_4', 'I_38_12', 'I_39_1', 'I_39_11', 'I_39_22', 'I_40_1', 'I_41_16', 'I_43_16', 'I_43_31', 'I_43_43', 'I_44_4', 'I_47_23', 'I_48_2', 'I_50_26', 'II_2_42', 'II_3_24', 'II_4_23', 'II_6_11', 'II_6_15a', 'II_6_15b', 'II_8_7', 'II_8_31', 'II_10_9', 'II_11_3', 'II_11_17', 'II_11_20', 'II_11_27', 'II_11_28', 'II_13_17', 'II_13_23', 'II_13_34', 'II_15_4', 'II_15_5', 'II_21_32', 'II_24_17', 'II_27_16', 'II_27_18', 'II_34_2a', 'II_34_2', 'II_34_11', 'II_34_29a', 'II_34_29b', 'II_35_18', 'II_35_21', 'II_36_38', 'II_37_1', 'II_38_3', 'II_38_14', 'III_4_32', 'III_4_33', 'III_7_38', 'III_8_54', 'III_9_52', 'III_10_19', 'III_12_43', 'III_13_18', 'III_14_14', 'III_15_12', 'III_15_14', 'III_15_27', 'III_17_37', 'III_19_51', 'III_21_20', 'test_1', 'test_2', 'test_3', 'test_4', 'test_5', 'test_6', 'test_7', 'test_8', 'test_9', 'test_10', 'test_11', 'test_12', 'test_13', 'test_14', 'test_15', 'test_16', 'test_17', 'test_18', 'test_19', 'test_20']
[feynman override] head_length=48 (keep n_genes=3, avgval linker)
Selected problem: I_47_23
  Description : Feynman I-III I.47.23: c = sqrt(gamma*pr/rho)
  Variables   : ['gamma', 'pr', 'rho']
  Train range : {'gamma': (1.0, 5.0), 'pr': (1.0, 5.0), 'rho': (1.0, 5.0)}
  Extrap range: {'gamma': (1.0, 7.5), 'pr': (1.0, 7.5), 'rho': (1.0, 7.5)}
  Truth       : sqrt(gamma*pr/rho)
  ✓ cache hit  (data/equations/I_47_23, key=789fd9056ddc49e9)
  train           (800, 4)  target range=[0.5532, 4.431]
  val             (200, 4)  target range=[0.6233, 4.277]
  holdout         (200, 4)  target range=[0.6174, 4.267]
  extrapolation   (200, 4)  target range=[0.6416, 5.41]
  saved figure → data/figures/I_47_23/eda_pairplot.png
Wide primitive set enabled: sin, cos, exp, log added.
[E22 rules] variable pattern tags: {'no_pattern'}
[E22/23 rules] static candidate count: 1
  [sum_sq_all/sum_sq] a=0.0167 b=1.3158e+00 1-R²_va=9.3656e-01
[fuller] denoise + snap IN THE JOIN (every gene, every generation, K=8); mutation operators: physics=0.2 concretize=0.05
Wrapper scope: per_island  (island → wrapper map: ['identity', 'identity'])
[wgpu] process pool disabled — Metal cannot survive fork(); the population is evaluated in one dispatch instead
Genes: head_length=48, n_genes=3, rnc_array_length=10
Population: (per-island, see below), elites: 2, generations: 400, migration FREQ: 30
  pump per-island sizes: intake=100 (tournsize=8), champion=50 (tournsize=5)
Initialising evolution at 2026-09-19 04:07:11.694760
 gen  deme   evals     min fitness          mse_tr          mse_va         max_err      mse_extrap  one_minus_r2_tr  one_minus_r2_va
   0     0     100  8.02452088e-08    0.0401660288    0.0306621692     0.865619157     0.119015775     0.086016314    0.0735937276
   0     1      50               0      0.10007369    0.0849128846     0.964541146     0.320900013     0.214309709     0.203803445
          wgpu 1d 357g 319c x3w 9ms | egraph 187g->169v+0snap 58ms | graft 72 (-212n, 0 snap) cpu 0 | f64 30 | gen 0.0s | dropped inexpr 2 oversz 0 unbuild 0 {}
Extending evolution: gen 1 → 400 (+400 generations)
   1     0     100  8.02452088e-08    0.0401660288    0.0306621692     0.865619157     0.119015775     0.086016314    0.0735937276
   1     1      50               0      0.10007369    0.0849128846     0.964541146     0.320900013     0.214309709     0.203803445
          wgpu 1d 212g 327c x3w 4ms | egraph 76g->181v+0snap 14ms | graft 80 (-273n, 0 snap) cpu 0 | f64 35 | gen 0.2s | dropped inexpr 4 oversz 0 unbuild 0 {}
   2     0     100  8.02452088e-08    0.0401660288    0.0306621692     0.865619157     0.119015775     0.086016314    0.0735937276
   2     1      50               0      0.10007369    0.0849128846     0.964541146     0.320900013     0.214309709     0.203803445
          wgpu 1d 221g 357c x3w 4ms | egraph 71g->211v+0snap 14ms | graft 100 (-299n, 0 snap) cpu 0 | f64 20 | gen 0.2s | dropped inexpr 8 oversz 0 unbuild 0 {}
   3     0     100  8.02452088e-08    0.0401660288    0.0306621692     0.865619157     0.119015775     0.086016314    0.0735937276
   3     1      50               0      0.10007369    0.0849128846     0.964541146     0.320900013     0.214309709     0.203803445
          wgpu 1d 198g 379c x3w 4ms | egraph 59g->233v+0snap 9ms | graft 98 (-287n, 0 snap) cpu 0 | f64 20 | gen 0.2s | dropped inexpr 6 oversz 0 unbuild 0 {}
   4     0     100  8.02452088e-08    0.0401660288    0.0306621692     0.865619157     0.119015775     0.086016314    0.0735937276
   4     1      50               0      0.10007369    0.0849128846     0.964541146     0.320900013     0.214309709     0.203803445
          wgpu 1d 183g 391c x3w 4ms | egraph 49g->245v+0snap 10ms | graft 91 (-273n, 0 snap) cpu 0 | f64 20 | gen 0.3s | dropped inexpr 10 oversz 0 unbuild 0 {}
   5     0     100  8.02452088e-08    0.0401660288    0.0306621692     0.865619157     0.119015775     0.086016314    0.0735937276
   5     1      50               0      0.10007369    0.0849128846     0.964541146     0.320900013     0.214309709     0.203803445
          wgpu 1d 210g 372c x3w 4ms | egraph 63g->226v+0snap 10ms | graft 112 (-326n, 0 snap) cpu 0 | f64 20 | gen 0.2s | dropped inexpr 9 oversz 0 unbuild 0 {}
   6     0     100  8.02452088e-08    0.0401660288    0.0306621692     0.865619157     0.119015775     0.086016314    0.0735937276
   6     1      50               0      0.10007369    0.0849128846     0.964541146     0.320900013     0.214309709     0.203803445
          wgpu 1d 212g 369c x3w 4ms | egraph 53g->223v+0snap 8ms | graft 97 (-281n, 0 snap) cpu 0 | f64 20 | gen 0.2s | dropped inexpr 11 oversz 0 unbuild 0 {}
   7     0     100  8.02452088e-08    0.0401660288    0.0306621692     0.865619157     0.119015775     0.086016314    0.0735937276
   7     1      50               0      0.10007369    0.0849128846     0.964541146     0.320900013     0.214309709     0.203803445
          wgpu 1d 174g 367c x3w 4ms | egraph 37g->221v+0snap 7ms | graft 102 (-300n, 0 snap) cpu 0 | f64 20 | gen 0.2s | dropped inexpr 2 oversz 0 unbuild 0 {}
   8     0     100  8.02452088e-08    0.0401660288    0.0306621692     0.865619157     0.119015775     0.086016314    0.0735937276
   8     1      50               0      0.10007369    0.0849128846     0.964541146     0.320900013     0.214309709     0.203803445
          wgpu 1d 183g 337c x3w 4ms | egraph 46g->191v+0snap 7ms | graft 80 (-220n, 0 snap) cpu 0 | f64 20 | gen 0.2s | dropped inexpr 7 oversz 0 unbuild 0 {}
   9     0     100  8.02452088e-08    0.0401660288    0.0306621692     0.865619157     0.119015775     0.086016314    0.0735937276
   9     1      50               0      0.10007369    0.0849128846     0.964541146     0.320900013     0.214309709     0.203803445
          wgpu 1d 211g 356c x3w 4ms | egraph 56g->210v+0snap 9ms | graft 94 (-267n, 0 snap) cpu 0 | f64 20 | gen 0.2s | dropped inexpr 12 oversz 0 unbuild 0 {}
  10     0     100  8.02452088e-08    0.0401660288    0.0306621692     0.865619157     0.119015775     0.086016314    0.0735937276
  10     1      50               0      0.10007369    0.0849128846     0.964541146     0.320900013     0.214309709     0.203803445
          wgpu 1d 147g 349c x3w 4ms | egraph 33g->203v+0snap 5ms | graft 106 (-323n, 0 snap) cpu 0 | f64 20 | gen 0.2s | dropped inexpr 6 oversz 0 unbuild 0 {}
--------- pump migration: intra (promote-2 + intake-reset) ---------
  11     0     100  8.02452088e-08    0.0401660288    0.0306621692     0.865619157     0.119015775     0.086016314    0.0735937276
  11     1      50               0      0.10007369    0.0849128846     0.964541146     0.320900013     0.214309709     0.203803445
          wgpu 2d 498g 601c x3w 9ms | egraph 157g->375v+0snap 27ms | graft 124 (-529n, 0 snap) cpu 0 | f64 30 | gen 0.3s | dropped inexpr 8 oversz 0 unbuild 0 {}
  12     0     100  8.02452088e-08    0.0401660288    0.0306621692     0.865619157     0.119015775     0.086016314    0.0735937276
  12     1      50               0    0.0311524318    0.0218594699     0.500916764    0.0679536795    0.0667135247    0.0524659512
          wgpu 1d 198g 328c x3w 4ms | egraph 44g->182v+0snap 7ms | graft 84 (-266n, 0 snap) cpu 0 | f64 20 | gen 0.2s
  13     0     100  8.02452088e-08    0.0401660288    0.0306621692     0.865619157     0.119015775     0.086016314    0.0735937276
  13     1      50               0      0.10007369    0.0849128846     0.964541146     0.320900013     0.214309709     0.203803445
          wgpu 1d 152g 270c x3w 4ms | egraph 44g->124v+0snap 8ms | graft 85 (-203n, 0 snap) cpu 0 | f64 27 | gen 0.3s | dropped inexpr 6 oversz 0 unbuild 0 {}
  14     0     100  8.02452088e-08    0.0401660288    0.0306621692     0.865619157     0.119015775     0.086016314    0.0735937276
  14     1      50               0      0.10007369    0.0849128846     0.964541146     0.320900013     0.214309709     0.203803445
          wgpu 1d 204g 332c x3w 4ms | egraph 45g->186v+0snap 8ms | graft 94 (-261n, 0 snap) cpu 0 | f64 20 | gen 0.2s | dropped inexpr 7 oversz 0 unbuild 0 {}
  15     0     100  8.02452088e-08    0.0401660288    0.0306621692     0.865619157     0.119015775     0.086016314    0.0735937276
  15     1      50               0      0.10007369    0.0849128846     0.964541146     0.320900013     0.214309709     0.203803445
          wgpu 1d 212g 350c x3w 4ms | egraph 46g->204v+0snap 9ms | graft 98 (-331n, 0 snap) cpu 0 | f64 20 | gen 0.3s | dropped inexpr 8 oversz 0 unbuild 0 {}
  16     0     100  8.02452088e-08    0.0401660288    0.0306621692     0.865619157     0.119015775     0.086016314    0.0735937276
  16     1      50               0      0.10007369    0.0849128846     0.964541146     0.320900013     0.214309709     0.203803445
          wgpu 1d 207g 314c x3w 4ms | egraph 49g->168v+0snap 8ms | graft 74 (-229n, 0 snap) cpu 0 | f64 20 | gen 0.2s | dropped inexpr 4 oversz 0 unbuild 0 {}
  17     0     100  8.02452088e-08    0.0401660288    0.0306621692     0.865619157     0.119015775     0.086016314    0.0735937276
  17     1      50               0      0.10007369    0.0849128846     0.964541146     0.320900013     0.214309709     0.203803445
          wgpu 1d 166g 293c x3w 4ms | egraph 30g->147v+0snap 6ms | graft 81 (-216n, 0 snap) cpu 0 | f64 20 | gen 0.2s
  18     0     100  8.02452088e-08    0.0401660288    0.0306621692     0.865619157     0.119015775     0.086016314    0.0735937276
  18     1      50               0      0.10007369    0.0849128846     0.964541146     0.320900013     0.214309709     0.203803445
          wgpu 1d 178g 312c x3w 4ms | egraph 34g->166v+0snap 6ms | graft 92 (-251n, 0 snap) cpu 0 | f64 20 | gen 0.2s | dropped inexpr 1 oversz 0 unbuild 0 {}
  19     0     100  8.02452088e-08    0.0401660288    0.0306621692     0.865619157     0.119015775     0.086016314    0.0735937276
  19     1      50               0    0.0232290162    0.0173974846     0.519581923    0.0597581212    0.0497453796    0.0417565286
          wgpu 1d 198g 279c x3w 4ms | egraph 52g->132v+1snap 11ms | graft 70 (-179n, 0 snap) cpu 0 | f64 22 | gen 0.2s | dropped inexpr 5 oversz 0 unbuild 0 {}
  20     0     100  8.02452088e-08    0.0401660288    0.0306621692     0.865619157     0.119015775     0.086016314    0.0735937276
  20     1      50               0    0.0232290162    0.0173974846     0.519581923    0.0597581212    0.0497453796    0.0417565286
          wgpu 1d 184g 268c x3w 4ms | egraph 46g->122v+0snap 8ms | graft 66 (-166n, 0 snap) cpu 0 | f64 20 | gen 0.3s | dropped inexpr 6 oversz 0 unbuild 0 {}
--------- pump migration: intra (promote-2 + intake-reset) ---------
  21     0     100  8.02452088e-08    0.0401660288    0.0306621692     0.865619157     0.119015775     0.086016314    0.0735937276
  21     1      50               0    0.0232290162    0.0173974846     0.519581923    0.0597581212    0.0497453796    0.0417565286
          wgpu 2d 438g 468c x3w 8ms | egraph 148g->242v+0snap 29ms | graft 113 (-332n, 0 snap) cpu 0 | f64 30 | gen 0.3s | dropped inexpr 9 oversz 0 unbuild 0 {}
  22     0     100  8.02452088e-08    0.0401660288    0.0306621692     0.865619157     0.119015775     0.086016314    0.0735937276
  22     1      50               0    0.0232290162    0.0173974846     0.519581923    0.0597581212    0.0497453796    0.0417565286
          wgpu 1d 201g 306c x3w 4ms | egraph 47g->160v+0snap 8ms | graft 93 (-233n, 0 snap) cpu 0 | f64 20 | gen 0.2s | dropped inexpr 3 oversz 0 unbuild 0 {}
  23     0     100  8.02452088e-08    0.0401660288    0.0306621692     0.865619157     0.119015775     0.086016314    0.0735937276
  23     1      50               0    0.0232290162    0.0173974846     0.519581923    0.0597581212    0.0497453796    0.0417565286
          wgpu 1d 150g 281c x3w 3ms | egraph 29g->135v+0snap 5ms | graft 91 (-192n, 0 snap) cpu 0 | f64 20 | gen 0.1s | dropped inexpr 3 oversz 0 unbuild 0 {}
  24     0     100  8.02452088e-08    0.0401660288    0.0306621692     0.865619157     0.119015775     0.086016314    0.0735937276
  24     1      50               0    0.0232290162    0.0173974846     0.519581923    0.0597581212    0.0497453796    0.0417565286
          wgpu 1d 158g 278c x3w 3ms | egraph 45g->132v+0snap 7ms | graft 89 (-237n, 0 snap) cpu 0 | f64 20 | gen 0.2s | dropped inexpr 6 oversz 0 unbuild 0 {}
  25     0     100  8.02452088e-08    0.0401660288    0.0306621692     0.865619157     0.119015775     0.086016314    0.0735937276
  25     1      50               0    0.0199749533    0.0166147442     0.493734021    0.0583341383     0.042776742    0.0398778362
          wgpu 1d 158g 278c x3w 3ms | egraph 40g->132v+0snap 9ms | graft 79 (-171n, 0 snap) cpu 0 | f64 20 | gen 0.2s | dropped inexpr 3 oversz 0 unbuild 0 {}
  26     0     100  8.02452088e-08    0.0401660288    0.0306621692     0.865619157     0.119015775     0.086016314    0.0735937276
  26     1      50               0    0.0199749533    0.0166147442     0.493734021    0.0583341383     0.042776742    0.0398778362
          wgpu 1d 158g 265c x3w 3ms | egraph 38g->119v+0snap 6ms | graft 77 (-167n, 0 snap) cpu 0 | f64 20 | gen 0.1s | dropped inexpr 1 oversz 0 unbuild 0 {}
  27     0     100  8.02452088e-08    0.0401660288    0.0306621692     0.865619157     0.119015775     0.086016314    0.0735937276
  27     1      50               0    0.0199749533    0.0166147442     0.493734021    0.0583341383     0.042776742    0.0398778362
          wgpu 1d 168g 286c x3w 4ms | egraph 45g->140v+0snap 7ms | graft 82 (-183n, 0 snap) cpu 0 | f64 20 | gen 0.2s | dropped inexpr 6 oversz 0 unbuild 0 {}
  28     0     100  8.02452088e-08    0.0401660288    0.0306621692     0.865619157     0.119015775     0.086016314    0.0735937276
  28     1      50               0    0.0199749533    0.0166147442     0.493734021    0.0583341383     0.042776742    0.0398778362
          wgpu 1d 187g 284c x3w 4ms | egraph 40g->138v+0snap 8ms | graft 79 (-229n, 0 snap) cpu 0 | f64 20 | gen 0.3s | dropped inexpr 5 oversz 0 unbuild 0 {}
  29     0     100  8.02452088e-08    0.0401660288    0.0306621692     0.865619157     0.119015775     0.086016314    0.0735937276
  29     1      50               0    0.0199749533    0.0166147442     0.493734021    0.0583341383     0.042776742    0.0398778362
          wgpu 1d 163g 269c x3w 4ms | egraph 32g->123v+0snap 6ms | graft 88 (-214n, 0 snap) cpu 0 | f64 20 | gen 0.2s | dropped inexpr 6 oversz 0 unbuild 0 {}
  30     0     100  8.02452088e-08    0.0401660288    0.0306621692     0.865619157     0.119015775     0.086016314    0.0735937276
  30     1      50               0    0.0199749538    0.0166147404     0.493733946     0.058334141    0.0427767432    0.0398778272
          wgpu 1d 160g 273c x3w 4ms | egraph 31g->127v+0snap 6ms | graft 84 (-173n, 0 snap) cpu 0 | f64 20 | gen 0.2s | dropped inexpr 1 oversz 0 unbuild 0 {}
--------- pump migration: intra (promote-2 + intake-reset) ---------
  31     0     100  8.02452088e-08    0.0401660288    0.0306621692     0.865619157     0.119015775     0.086016314    0.0735937276
  31     1      50               0    0.0199749538    0.0166147404     0.493733946     0.058334141    0.0427767432    0.0398778272
          wgpu 2d 410g 482c x3w 8ms | egraph 130g->256v+0snap 25ms | graft 125 (-371n, 0 snap) cpu 0 | f64 30 | gen 0.2s | dropped inexpr 3 oversz 0 unbuild 0 {}
  32     0     100  8.02452088e-08    0.0401660288    0.0306621692     0.865619157     0.119015775     0.086016314    0.0735937276
  32     1      50               0    0.0199749538    0.0166147404     0.493733946     0.058334141    0.0427767432    0.0398778272
          wgpu 1d 166g 270c x3w 4ms | egraph 43g->124v+0snap 7ms | graft 77 (-172n, 0 snap) cpu 0 | f64 20 | gen 0.2s
  33     0     100  8.02452088e-08    0.0401660288    0.0306621692     0.865619157     0.119015775     0.086016314    0.0735937276
  33     1      50               0    0.0199749538    0.0166147404     0.493733946     0.058334141    0.0427767432    0.0398778272
          wgpu 1d 166g 273c x3w 4ms | egraph 30g->127v+0snap 5ms | graft 86 (-230n, 0 snap) cpu 0 | f64 20 | gen 0.2s | dropped inexpr 2 oversz 0 unbuild 0 {}
  34     0     100  8.02452088e-08    0.0401660288    0.0306621692     0.865619157     0.119015775     0.086016314    0.0735937276
  34     1      50               0    0.0199749533    0.0166147442     0.493734021    0.0583341383     0.042776742    0.0398778362
          wgpu 1d 147g 273c x3w 3ms | egraph 33g->127v+0snap 7ms | graft 79 (-191n, 0 snap) cpu 0 | f64 20 | gen 0.2s | dropped inexpr 4 oversz 0 unbuild 0 {}
  35     0     100  8.02452088e-08    0.0401660288    0.0306621692     0.865619157     0.119015775     0.086016314    0.0735937276
  35     1      50               0    0.0199749538    0.0166147404     0.493733946     0.058334141    0.0427767432    0.0398778272
          wgpu 1d 154g 275c x3w 3ms | egraph 29g->129v+0snap 5ms | graft 77 (-209n, 0 snap) cpu 0 | f64 20 | gen 0.1s | dropped inexpr 6 oversz 0 unbuild 0 {}
  36     0     100  8.02452088e-08    0.0401660288    0.0306621692     0.865619157     0.119015775     0.086016314    0.0735937276
  36     1      50               0    0.0199749538    0.0166147404     0.493733946     0.058334141    0.0427767432    0.0398778272
          wgpu 1d 150g 290c x3w 3ms | egraph 25g->144v+0snap 4ms | graft 88 (-205n, 0 snap) cpu 0 | f64 20 | gen 0.1s | dropped inexpr 4 oversz 0 unbuild 0 {}
  37     0     100  8.02452088e-08    0.0401660288    0.0306621692     0.865619157     0.119015775     0.086016314    0.0735937276
  37     1      50               0    0.0199749538    0.0166147404     0.493733946     0.058334141    0.0427767432    0.0398778272
          wgpu 1d 173g 290c x3w 4ms | egraph 35g->144v+0snap 7ms | graft 68 (-182n, 0 snap) cpu 0 | f64 20 | gen 0.2s | dropped inexpr 5 oversz 0 unbuild 0 {}
  38     0     100  8.02452088e-08    0.0401660288    0.0306621692     0.865619157     0.119015775     0.086016314    0.0735937276
  38     1      50               0    0.0199749538    0.0166147404     0.493733946     0.058334141    0.0427767432    0.0398778272
          wgpu 1d 184g 290c x3w 4ms | egraph 33g->144v+0snap 5ms | graft 72 (-169n, 0 snap) cpu 0 | f64 20 | gen 0.2s | dropped inexpr 4 oversz 0 unbuild 0 {}
  39     0     100  8.02452088e-08    0.0401660288    0.0306621692     0.865619157     0.119015775     0.086016314    0.0735937276
  39     1      50               0    0.0177438381    0.0144576747     0.454779221    0.0492775692    0.0379987665    0.0347005513
          wgpu 1d 180g 284c x3w 4ms | egraph 42g->138v+0snap 7ms | graft 79 (-179n, 0 snap) cpu 0 | f64 20 | gen 0.2s | dropped inexpr 6 oversz 0 unbuild 0 {}
  40     0     100  8.02452088e-08    0.0401660288    0.0306621692     0.865619157     0.119015775     0.086016314    0.0735937276
  40     1      50               0    0.0177438381    0.0144576747     0.454779221    0.0492775692    0.0379987665    0.0347005513
          wgpu 1d 167g 283c x3w 4ms | egraph 33g->137v+0snap 7ms | graft 68 (-164n, 0 snap) cpu 0 | f64 20 | gen 0.2s | dropped inexpr 1 oversz 0 unbuild 0 {}
--------- pump migration: intra (promote-2 + intake-reset) ---------
  41     0     100               0    0.0345349342    0.0245733217      0.56975742    0.0877880207     0.073957218    0.0589795957
  41     1      50               0    0.0177438381    0.0144576747     0.454779221    0.0492775692    0.0379987665    0.0347005513
          wgpu 2d 367g 426c x3w 7ms | egraph 116g->200v+0snap 17ms | graft 84 (-278n, 0 snap) cpu 0 | f64 30 | gen 0.2s | dropped inexpr 3 oversz 0 unbuild 0 {}
  42     0     100               0    0.0345349342    0.0245733217      0.56975742    0.0877880207     0.073957218    0.0589795957
  42     1      50               0    0.0177438381    0.0144576747     0.454779221    0.0492775692    0.0379987665    0.0347005513
          wgpu 1d 185g 264c x3w 4ms | egraph 57g->118v+0snap 10ms | graft 37 (-214n, 0 snap) cpu 0 | f64 20 | gen 0.3s | dropped inexpr 1 oversz 0 unbuild 0 {}
  43     0     100               0    0.0345349342    0.0245733217      0.56975742    0.0877880207     0.073957218    0.0589795957
  43     1      50               0    0.0142318395    0.0117537283     0.419628258    0.0340180891    0.0304777547    0.0282106812
          wgpu 1d 190g 255c x3w 4ms | egraph 64g->109v+0snap 17ms | graft 44 (-188n, 0 snap) cpu 0 | f64 20 | gen 0.2s
  44     0     100               0    0.0345349342    0.0245733217      0.56975742    0.0877880207     0.073957218    0.0589795957
  44     1      50               0    0.0142318395    0.0117537283     0.419628258    0.0340180891    0.0304777547    0.0282106812
          wgpu 1d 179g 241c x3w 4ms | egraph 50g->95v+0snap 8ms | graft 44 (-172n, 0 snap) cpu 0 | f64 20 | gen 0.2s
  45     0     100               0    0.0345349342    0.0245733217      0.56975742    0.0877880207     0.073957218    0.0589795957
  45     1      50               0    0.0142318395    0.0117537283     0.419628258    0.0340180891    0.0304777547    0.0282106812
          wgpu 1d 172g 244c x3w 4ms | egraph 47g->98v+0snap 8ms | graft 45 (-185n, 0 snap) cpu 0 | f64 20 | gen 0.2s
  46     0     100               0    0.0345349342    0.0245733217      0.56975742    0.0877880207     0.073957218    0.0589795957
  46     1      50               0    0.0142318395    0.0117537283     0.419628258    0.0340180891    0.0304777547    0.0282106812
          wgpu 1d 170g 233c x3w 4ms | egraph 49g->87v+0snap 9ms | graft 40 (-148n, 0 snap) cpu 0 | f64 20 | gen 0.2s | dropped inexpr 2 oversz 0 unbuild 0 {}
  47     0     100               0    0.0201435718    0.0179175598     0.388530834     0.193280287    0.0431378418    0.0430047857
  47     1      50               0    0.0142318395    0.0117537283     0.419628258    0.0340180891    0.0304777547    0.0282106812
          wgpu 1d 181g 268c x3w 4ms | egraph 48g->122v+0snap 15ms | graft 38 (-167n, 0 snap) cpu 0 | f64 20 | gen 0.2s
  48     0     100               0    0.0201435718    0.0179175598     0.388530834     0.193280287    0.0431378418    0.0430047857
  48     1      50               0    0.0142318395    0.0117537283     0.419628258    0.0340180891    0.0304777547    0.0282106812
          wgpu 1d 172g 310c x3w 4ms | egraph 41g->164v+0snap 8ms | graft 39 (-227n, 0 snap) cpu 0 | f64 20 | gen 0.3s
  49     0     100               0    0.0201435718    0.0179175598     0.388530834     0.193280287    0.0431378418    0.0430047857
  49     1      50               0    0.0142318395    0.0117537283     0.419628258    0.0340180891    0.0304777547    0.0282106812
          wgpu 1d 191g 292c x3w 4ms | egraph 49g->146v+0snap 9ms | graft 40 (-137n, 0 snap) cpu 0 | f64 20 | gen 0.4s | dropped inexpr 2 oversz 0 unbuild 0 {}
  50     0     100               0    0.0201435718    0.0179175598     0.388530834     0.193280287    0.0431378418    0.0430047857
  50     1      50               0    0.0142318395    0.0117537283     0.419628258    0.0340180891    0.0304777547    0.0282106812
          wgpu 1d 165g 285c x3w 4ms | egraph 38g->139v+0snap 10ms | graft 33 (-74n, 0 snap) cpu 0 | f64 20 | gen 0.3s | dropped inexpr 1 oversz 0 unbuild 0 {}
--------- pump migration: intra (promote-2 + intake-reset) ---------
  51     0     100               0    0.0401660288    0.0306621692     0.865619157     0.119015775     0.086016314    0.0735937276
  51     1      50               0    0.0142318395    0.0117537283     0.419628258    0.0340180891    0.0304777547    0.0282106812
          wgpu 2d 414g 490c x3w 8ms | egraph 123g->264v+0snap 20ms | graft 80 (-262n, 0 snap) cpu 0 | f64 30 | gen 0.2s | dropped inexpr 6 oversz 0 unbuild 0 {}
  52     0     100               0    0.0201435718    0.0179175598     0.388530834     0.193280287    0.0431378418    0.0430047857
  52     1      50               0    0.0142318395    0.0117537283     0.419628258    0.0340180891    0.0304777547    0.0282106812
          wgpu 1d 165g 272c x3w 4ms | egraph 34g->126v+0snap 10ms | graft 34 (-124n, 0 snap) cpu 0 | f64 20 | gen 0.5s | dropped inexpr 1 oversz 0 unbuild 0 {}
  53     0     100               0    0.0201435718    0.0179175598     0.388530834     0.193280287    0.0431378418    0.0430047857
  53     1      50               0    0.0142318395    0.0117537283     0.419628258    0.0340180891    0.0304777547    0.0282106812
          wgpu 1d 161g 283c x3w 4ms | egraph 32g->137v+0snap 7ms | graft 29 (-76n, 0 snap) cpu 0 | f64 20 | gen 0.2s
  54     0     100               0    0.0201435718    0.0179175598     0.388530834     0.193280287    0.0431378418    0.0430047857
  54     1      50               0    0.0142318395    0.0117537283     0.419628258    0.0340180891    0.0304777547    0.0282106812
          wgpu 1d 204g 302c x3w 4ms | egraph 46g->156v+0snap 10ms | graft 45 (-195n, 0 snap) cpu 0 | f64 20 | gen 0.3s | dropped inexpr 1 oversz 0 unbuild 0 {}
  55     0     100               0    0.0201435718    0.0179175598     0.388530834     0.193280287    0.0431378418    0.0430047857
  55     1      50               0    0.0072915451   0.00758919377     0.320772766    0.0231764553    0.0156149824    0.0182151842
          wgpu 1d 176g 289c x3w 4ms | egraph 39g->143v+0snap 9ms | graft 36 (-123n, 0 snap) cpu 0 | f64 20 | gen 0.2s | dropped inexpr 2 oversz 0 unbuild 0 {}
  56     0     100               0    0.0201435718    0.0179175598     0.388530834     0.193280287    0.0431378418    0.0430047857
  56     1      50               0    0.0072915451   0.00758919377     0.320772766    0.0231764553    0.0156149824    0.0182151842
          wgpu 1d 156g 283c x3w 4ms | egraph 44g->137v+0snap 9ms | graft 25 (-96n, 0 snap) cpu 0 | f64 20 | gen 0.4s
  57     0     100               0    0.0201435718    0.0179175598     0.388530834     0.193280287    0.0431378418    0.0430047857
  57     1      50               0    0.0142318395    0.0117537283     0.419628258    0.0340180891    0.0304777547    0.0282106812
          wgpu 1d 185g 298c x3w 4ms | egraph 41g->152v+0snap 10ms | graft 38 (-101n, 0 snap) cpu 0 | f64 20 | gen 0.2s
  58     0     100               0    0.0201435718    0.0179175598     0.388530834     0.193280287    0.0431378418    0.0430047857
  58     1      50               0    0.0142318395    0.0117537283     0.419628258    0.0340180891    0.0304777547    0.0282106812
          wgpu 1d 169g 286c x3w 4ms | egraph 37g->140v+0snap 8ms | graft 31 (-133n, 0 snap) cpu 0 | f64 20 | gen 0.5s
  59     0     100               0    0.0201435718    0.0179175598     0.388530834     0.193280287    0.0431378418    0.0430047857
  59     1      50               0    0.0142318395    0.0117537283     0.419628258    0.0340180891    0.0304777547    0.0282106812
          wgpu 1d 178g 301c x3w 4ms | egraph 32g->155v+0snap 11ms | graft 42 (-146n, 0 snap) cpu 0 | f64 20 | gen 0.5s | dropped inexpr 1 oversz 0 unbuild 0 {}
  60     0     100               0    0.0201435718    0.0179175598     0.388530834     0.193280287    0.0431378418    0.0430047857
  60     1      50               0    0.0142318395    0.0117537283     0.419628258    0.0340180891    0.0304777547    0.0282106812
          wgpu 1d 196g 314c x3w 4ms | egraph 46g->168v+0snap 10ms | graft 44 (-140n, 0 snap) cpu 0 | f64 20 | gen 0.3s | dropped inexpr 5 oversz 0 unbuild 0 {}
--------- pump migration: intra (promote-2 + intake-reset) + cross ---------
  61     0     100               0    0.0201435718    0.0179175598     0.388530834     0.193280287    0.0431378418    0.0430047857
  61     1      50               0    0.0142318395    0.0117537283     0.419628258    0.0340180891    0.0304777547    0.0282106812
          wgpu 2d 347g 456c x3w 7ms | egraph 97g->230v+0snap 19ms | graft 83 (-246n, 0 snap) cpu 0 | f64 30 | gen 0.6s | dropped inexpr 4 oversz 0 unbuild 0 {}
  62     0     100               0    0.0201435718    0.0179175598     0.388530834     0.193280287    0.0431378418    0.0430047857
  62     1      50               0    0.0142318395    0.0117537283     0.419628258    0.0340180891    0.0304777547    0.0282106812
          wgpu 1d 199g 294c x3w 4ms | egraph 46g->148v+0snap 11ms | graft 47 (-148n, 0 snap) cpu 0 | f64 20 | gen 0.4s | dropped inexpr 3 oversz 0 unbuild 0 {}
  63     0     100               0    0.0201435718    0.0179175598     0.388530834     0.193280287    0.0431378418    0.0430047857
  63     1      50               0    0.0142318395    0.0117537283     0.419628258    0.0340180891    0.0304777547    0.0282106812
          wgpu 1d 178g 295c x3w 4ms | egraph 44g->149v+0snap 13ms | graft 36 (-180n, 0 snap) cpu 0 | f64 20 | gen 0.7s | dropped inexpr 5 oversz 0 unbuild 0 {}
  64     0     100               0    0.0201435718    0.0179175598     0.388530834     0.193280287    0.0431378418    0.0430047857
  64     1      50               0    0.0114590497   0.00902472903      0.28582947    0.0310950651    0.0245397727    0.0216606805
          wgpu 1d 188g 295c x3w 4ms | egraph 45g->149v+0snap 8ms | graft 38 (-126n, 0 snap) cpu 0 | f64 20 | gen 0.3s | dropped inexpr 15 oversz 0 unbuild 0 {}
  65     0     100               0    0.0201435718    0.0179175598     0.388530834     0.193280287    0.0431378418    0.0430047857
  65     1      50               0    0.0114590497   0.00902472903      0.28582947    0.0310950651    0.0245397727    0.0216606805
          wgpu 1d 194g 298c x3w 4ms | egraph 44g->152v+0snap 15ms | graft 36 (-135n, 0 snap) cpu 0 | f64 20 | gen 0.2s | dropped inexpr 13 oversz 0 unbuild 0 {}
  66     0     100               0    0.0201435718    0.0179175598     0.388530834     0.193280287    0.0431378418    0.0430047857
  66     1      50               0    0.0114590497   0.00902472903      0.28582947    0.0310950651    0.0245397727    0.0216606805
          wgpu 1d 172g 277c x3w 4ms | egraph 36g->131v+0snap 6ms | graft 37 (-116n, 0 snap) cpu 0 | f64 20 | gen 0.2s | dropped inexpr 8 oversz 0 unbuild 0 {}
  67     0     100               0    0.0201435718    0.0179175598     0.388530834     0.193280287    0.0431378418    0.0430047857
  67     1      50               0    0.0114590497   0.00902472903      0.28582947    0.0310950651    0.0245397727    0.0216606805
          wgpu 1d 187g 295c x3w 4ms | egraph 51g->149v+0snap 10ms | graft 42 (-138n, 0 snap) cpu 0 | f64 20 | gen 0.2s | dropped inexpr 13 oversz 0 unbuild 0 {}
  68     0     100               0    0.0201435718    0.0179175598     0.388530834     0.193280287    0.0431378418    0.0430047857
  68     1      50               0    0.0114590497   0.00902472903      0.28582947    0.0310950651    0.0245397727    0.0216606805
          wgpu 1d 146g 268c x3w 4ms | egraph 30g->122v+0snap 5ms | graft 34 (-103n, 0 snap) cpu 0 | f64 20 | gen 0.2s | dropped inexpr 5 oversz 0 unbuild 0 {}
  69     0     100               0    0.0201435718    0.0179175598     0.388530834     0.193280287    0.0431378418    0.0430047857
  69     1      50               0    0.0114590497   0.00902472903      0.28582947    0.0310950651    0.0245397727    0.0216606805
          wgpu 1d 177g 295c x3w 4ms | egraph 43g->149v+0snap 7ms | graft 41 (-121n, 0 snap) cpu 0 | f64 20 | gen 0.2s | dropped inexpr 9 oversz 0 unbuild 0 {}
  70     0     100               0    0.0201435718    0.0179175598     0.388530834     0.193280287    0.0431378418    0.0430047857
  70     1      50               0    0.0114590497   0.00902472903      0.28582947    0.0310950651    0.0245397727    0.0216606805
          wgpu 1d 183g 289c x3w 4ms | egraph 50g->143v+0snap 9ms | graft 36 (-118n, 0 snap) cpu 0 | f64 20 | gen 0.2s | dropped inexpr 15 oversz 0 unbuild 0 {}
--------- pump migration: intra (promote-2 + intake-reset) ---------
  71     0     100               0    0.0142713393    0.0127147124     0.297865815     0.191573869    0.0305623444    0.0305171847
  71     1      50               0    0.0114590497   0.00902472903      0.28582947    0.0310950651    0.0245397727    0.0216606805
          wgpu 2d 397g 481c x3w 7ms | egraph 117g->255v+0snap 18ms | graft 85 (-272n, 0 snap) cpu 0 | f64 30 | gen 0.2s | dropped inexpr 5 oversz 0 unbuild 0 {}
  72     0     100               0    0.0142713393    0.0127147124     0.297865815     0.191573869    0.0305623444    0.0305171847
  72     1      50               0    0.0114590497   0.00902472903      0.28582947    0.0310950651    0.0245397727    0.0216606805
          wgpu 1d 179g 290c x3w 4ms | egraph 34g->144v+0snap 6ms | graft 44 (-144n, 0 snap) cpu 0 | f64 20 | gen 0.2s | dropped inexpr 10 oversz 0 unbuild 0 {}
  73     0     100               0    0.0201435718    0.0179175598     0.388530834     0.193280287    0.0431378418    0.0430047857
  73     1      50               0    0.0114590497   0.00902472903      0.28582947    0.0310950651    0.0245397727    0.0216606805
          wgpu 1d 192g 293c x3w 4ms | egraph 49g->147v+0snap 7ms | graft 39 (-119n, 0 snap) cpu 0 | f64 20 | gen 0.2s | dropped inexpr 9 oversz 0 unbuild 0 {}
  74     0     100               0    0.0201435718    0.0179175598     0.388530834     0.193280287    0.0431378418    0.0430047857
  74     1      50               0    0.0114590497   0.00902472903      0.28582947    0.0310950651    0.0245397727    0.0216606805
          wgpu 1d 194g 291c x3w 4ms | egraph 42g->145v+0snap 7ms | graft 43 (-145n, 0 snap) cpu 0 | f64 20 | gen 0.2s | dropped inexpr 8 oversz 0 unbuild 0 {}
  75     0     100               0    0.0201435718    0.0179175598     0.388530834     0.193280287    0.0431378418    0.0430047857
  75     1      50               0    0.0114590497   0.00902472903      0.28582947    0.0310950651    0.0245397727    0.0216606805
          wgpu 1d 177g 290c x3w 4ms | egraph 45g->144v+0snap 7ms | graft 36 (-144n, 0 snap) cpu 0 | f64 20 | gen 0.2s | dropped inexpr 12 oversz 0 unbuild 0 {}
  76     0     100               0    0.0201435718    0.0179175598     0.388530834     0.193280287    0.0431378418    0.0430047857
  76     1      50               0    0.0114590497   0.00902472903      0.28582947    0.0310950651    0.0245397727    0.0216606805
          wgpu 1d 169g 274c x3w 4ms | egraph 36g->128v+0snap 8ms | graft 35 (-97n, 0 snap) cpu 0 | f64 20 | gen 0.2s | dropped inexpr 14 oversz 0 unbuild 0 {}
  77     0     100               0    0.0201435718    0.0179175598     0.388530834     0.193280287    0.0431378418    0.0430047857
  77     1      50               0    0.0114590497   0.00902472903      0.28582947    0.0310950651    0.0245397727    0.0216606805
          wgpu 1d 197g 287c x3w 4ms | egraph 48g->141v+0snap 7ms | graft 41 (-111n, 0 snap) cpu 0 | f64 20 | gen 0.3s | dropped inexpr 13 oversz 0 unbuild 0 {}
  78     0     100               0    0.0201435718    0.0179175598     0.388530834     0.193280287    0.0431378418    0.0430047857
  78     1      50               0    0.0114590497   0.00902472903      0.28582947    0.0310950651    0.0245397727    0.0216606805
          wgpu 1d 193g 291c x3w 4ms | egraph 39g->145v+0snap 7ms | graft 34 (-105n, 0 snap) cpu 0 | f64 20 | gen 0.2s | dropped inexpr 8 oversz 0 unbuild 0 {}
  79     0     100               0    0.0201435718    0.0179175598     0.388530834     0.193280287    0.0431378418    0.0430047857
  79     1      50               0    0.0114590497   0.00902472903      0.28582947    0.0310950651    0.0245397727    0.0216606805
          wgpu 1d 169g 284c x3w 4ms | egraph 40g->138v+0snap 6ms | graft 43 (-130n, 0 snap) cpu 0 | f64 20 | gen 0.2s | dropped inexpr 8 oversz 0 unbuild 0 {}
  80     0     100               0    0.0201435718    0.0179175598     0.388530834     0.193280287    0.0431378418    0.0430047857
  80     1      50               0    0.0114590497   0.00902472903      0.28582947    0.0310950651    0.0245397727    0.0216606805
          wgpu 1d 193g 301c x3w 4ms | egraph 48g->155v+0snap 8ms | graft 37 (-151n, 0 snap) cpu 0 | f64 20 | gen 0.3s | dropped inexpr 16 oversz 0 unbuild 0 {}
--------- pump migration: intra (promote-2 + intake-reset) ---------
  81     0     100               0    0.0201435718    0.0179175598     0.388530834     0.193280287    0.0431378418    0.0430047857
  81     1      50               0    0.0114590497   0.00902472903      0.28582947    0.0310950651    0.0245397727    0.0216606805
          wgpu 2d 409g 493c x3w 8ms | egraph 107g->267v+0snap 20ms | graft 80 (-340n, 0 snap) cpu 0 | f64 30 | gen 0.3s | dropped inexpr 15 oversz 0 unbuild 0 {}
  82     0     100               0    0.0201435718    0.0179175598     0.388530834     0.193280287    0.0431378418    0.0430047857
  82     1      50               0    0.0114590497   0.00902472903      0.28582947    0.0310950651    0.0245397727    0.0216606805
          wgpu 1d 163g 271c x3w 4ms | egraph 40g->125v+0snap 7ms | graft 30 (-80n, 0 snap) cpu 0 | f64 20 | gen 0.2s | dropped inexpr 3 oversz 0 unbuild 0 {}
  83     0     100               0    0.0201435718    0.0179175598     0.388530834     0.193280287    0.0431378418    0.0430047857
  83     1      50               0    0.0114590497   0.00902472903      0.28582947    0.0310950651    0.0245397727    0.0216606805
          wgpu 1d 187g 283c x3w 4ms | egraph 46g->137v+0snap 7ms | graft 31 (-106n, 0 snap) cpu 0 | f64 20 | gen 0.2s | dropped inexpr 12 oversz 0 unbuild 0 {}
  84     0     100               0    0.0201435718    0.0179175598     0.388530834     0.193280287    0.0431378418    0.0430047857
  84     1      50               0    0.0114590497   0.00902472903      0.28582947    0.0310950651    0.0245397727    0.0216606805
          wgpu 1d 173g 278c x3w 4ms | egraph 39g->132v+0snap 7ms | graft 27 (-67n, 0 snap) cpu 0 | f64 20 | gen 0.2s | dropped inexpr 4 oversz 0 unbuild 0 {}
  85     0     100               0    0.0201435718    0.0179175598     0.388530834     0.193280287    0.0431378418    0.0430047857
  85     1      50               0    0.0114590497   0.00902472903      0.28582947    0.0310950651    0.0245397727    0.0216606805
          wgpu 1d 177g 289c x3w 4ms | egraph 37g->143v+0snap 7ms | graft 37 (-125n, 0 snap) cpu 0 | f64 20 | gen 0.2s | dropped inexpr 5 oversz 0 unbuild 0 {}
  86     0     100               0    0.0201435718    0.0179175598     0.388530834     0.193280287    0.0431378418    0.0430047857
  86     1      50               0    0.0114590497   0.00902472903      0.28582947    0.0310950651    0.0245397727    0.0216606805
          wgpu 1d 164g 281c x3w 4ms | egraph 39g->135v+0snap 7ms | graft 31 (-123n, 0 snap) cpu 0 | f64 20 | gen 0.2s | dropped inexpr 8 oversz 0 unbuild 0 {}
  87     0     100               0    0.0201435718    0.0179175598     0.388530834     0.193280287    0.0431378418    0.0430047857
  87     1      50               0    0.0114590571   0.00902472745     0.285829311    0.0310950653    0.0245397885    0.0216606767
          wgpu 1d 154g 273c x3w 3ms | egraph 27g->127v+0snap 6ms | graft 34 (-113n, 0 snap) cpu 0 | f64 20 | gen 0.2s | dropped inexpr 5 oversz 0 unbuild 0 {}
  88     0     100               0    0.0201435718    0.0179175598     0.388530834     0.193280287    0.0431378418    0.0430047857
  88     1      50               0     0.011459057   0.00902472739     0.285829318    0.0310950652    0.0245397883    0.0216606766
          wgpu 1d 163g 267c x3w 3ms | egraph 29g->121v+0snap 5ms | graft 27 (-87n, 0 snap) cpu 0 | f64 20 | gen 0.2s | dropped inexpr 6 oversz 0 unbuild 0 {}
  89     0     100               0    0.0201435718    0.0179175598     0.388530834     0.193280287    0.0431378418    0.0430047857
  89     1      50               0     0.011459057   0.00902472739     0.285829318    0.0310950652    0.0245397883    0.0216606766
          wgpu 1d 177g 285c x3w 4ms | egraph 33g->139v+0snap 7ms | graft 37 (-139n, 0 snap) cpu 0 | f64 20 | gen 0.2s | dropped inexpr 6 oversz 0 unbuild 0 {}
  90     0     100               0    0.0201435718    0.0179175598     0.388530834     0.193280287    0.0431378418    0.0430047857
  90     1      50               0     0.011459057   0.00902472739     0.285829318    0.0310950652    0.0245397883    0.0216606766
          wgpu 1d 206g 291c x3w 4ms | egraph 40g->145v+0snap 9ms | graft 38 (-156n, 0 snap) cpu 0 | f64 20 | gen 0.2s | dropped inexpr 5 oversz 0 unbuild 0 {}
--------- pump migration: intra (promote-2 + intake-reset) + cross ---------
  91     0     100               0    0.0201435718    0.0179175598     0.388530834     0.193280287    0.0431378418    0.0430047857
  91     1      50               0     0.011459057   0.00902472739     0.285829318    0.0310950652    0.0245397883    0.0216606766
          wgpu 2d 442g 503c x3w 8ms | egraph 110g->277v+0snap 21ms | graft 94 (-329n, 0 snap) cpu 0 | f64 30 | gen 0.2s | dropped inexpr 3 oversz 0 unbuild 0 {}
  92     0     100               0    0.0201435718    0.0179175598     0.388530834     0.193280287    0.0431378418    0.0430047857
  92     1      50               0     0.011459057   0.00902472739     0.285829318    0.0310950652    0.0245397883    0.0216606766
          wgpu 1d 166g 273c x3w 4ms | egraph 32g->127v+0snap 7ms | graft 31 (-85n, 0 snap) cpu 0 | f64 20 | gen 0.2s
  93     0     100               0    0.0201435718    0.0179175598     0.388530834     0.193280287    0.0431378418    0.0430047857
  93     1      50               0    0.0114590497   0.00902472903      0.28582947    0.0310950651    0.0245397727    0.0216606805
          wgpu 1d 159g 273c x3w 4ms | egraph 33g->127v+0snap 8ms | graft 28 (-107n, 0 snap) cpu 0 | f64 20 | gen 0.2s
  94     0     100               0    0.0201435718    0.0179175598     0.388530834     0.193280287    0.0431378418    0.0430047857
  94     1      50               0    0.0114590497   0.00902472903      0.28582947    0.0310950651    0.0245397727    0.0216606805
          wgpu 1d 178g 292c x3w 4ms | egraph 39g->146v+0snap 7ms | graft 39 (-164n, 0 snap) cpu 0 | f64 20 | gen 0.2s
  95     0     100               0    0.0201435718    0.0179175598     0.388530834     0.193280287    0.0431378418    0.0430047857
  95     1      50               0    0.0114590497   0.00902472903      0.28582947    0.0310950651    0.0245397727    0.0216606805
          wgpu 1d 162g 285c x3w 4ms | egraph 36g->139v+0snap 9ms | graft 28 (-89n, 0 snap) cpu 0 | f64 20 | gen 0.2s | dropped inexpr 3 oversz 0 unbuild 0 {}
  96     0     100               0    0.0201435718    0.0179175598     0.388530834     0.193280287    0.0431378418    0.0430047857
  96     1      50               0    0.0114590497   0.00902472903      0.28582947    0.0310950651    0.0245397727    0.0216606805
          wgpu 1d 181g 287c x3w 4ms | egraph 37g->141v+0snap 7ms | graft 34 (-110n, 0 snap) cpu 0 | f64 20 | gen 0.2s | dropped inexpr 2 oversz 0 unbuild 0 {}
  97     0     100               0    0.0201435718    0.0179175598     0.388530834     0.193280287    0.0431378418    0.0430047857
  97     1      50               0    0.0114590497   0.00902472903      0.28582947    0.0310950651    0.0245397727    0.0216606805
          wgpu 1d 214g 304c x3w 4ms | egraph 44g->158v+0snap 8ms | graft 38 (-123n, 0 snap) cpu 0 | f64 20 | gen 0.2s | dropped inexpr 1 oversz 0 unbuild 0 {}
  98     0     100               0    0.0201435718    0.0179175598     0.388530834     0.193280287    0.0431378418    0.0430047857
  98     1      50               0    0.0114590497   0.00902472903      0.28582947    0.0310950651    0.0245397727    0.0216606805
          wgpu 1d 197g 297c x3w 4ms | egraph 39g->151v+0snap 7ms | graft 39 (-160n, 0 snap) cpu 0 | f64 20 | gen 0.3s | dropped inexpr 2 oversz 0 unbuild 0 {}
  99     0     100               0    0.0201435718    0.0179175598     0.388530834     0.193280287    0.0431378418    0.0430047857
  99     1      50               0    0.0114590497   0.00902472903      0.28582947    0.0310950651    0.0245397727    0.0216606805
          wgpu 1d 206g 295c x3w 4ms | egraph 44g->148v+1snap 9ms | graft 42 (-125n, 0 snap) cpu 0 | f64 20 | gen 0.2s | dropped inexpr 5 oversz 0 unbuild 0 {}
 100     0     100               0    0.0201435718    0.0179175598     0.388530834     0.193280287    0.0431378418    0.0430047857
 100     1      50               0    0.0114590497   0.00902472903      0.28582947    0.0310950651    0.0245397727    0.0216606805
          wgpu 1d 197g 293c x3w 4ms | egraph 42g->147v+0snap 7ms | graft 37 (-152n, 0 snap) cpu 0 | f64 20 | gen 0.2s | dropped inexpr 1 oversz 0 unbuild 0 {}
--------- pump migration: intra (promote-2 + intake-reset) ---------
<string>:1: RuntimeWarning: invalid value encountered in scalar multiply
 101     0     100               0    0.0201435718    0.0179175598     0.388530834     0.193280287    0.0431378418    0.0430047857
 101     1      50               0    0.0114590497   0.00902472903      0.28582947    0.0310950651    0.0245397727    0.0216606805
          wgpu 2d 387g 490c x3w 7ms | egraph 102g->264v+0snap 17ms | graft 78 (-228n, 0 snap) cpu 0 | f64 30 | gen 0.2s | dropped inexpr 3 oversz 0 unbuild 0 {}
 102     0     100               0    0.0201435718    0.0179175598     0.388530834     0.193280287    0.0431378418    0.0430047857
 102     1      50               0    0.0114590497   0.00902472903      0.28582947    0.0310950651    0.0245397727    0.0216606805
          wgpu 1d 184g 294c x3w 4ms | egraph 27g->148v+0snap 6ms | graft 37 (-107n, 0 snap) cpu 0 | f64 20 | gen 0.2s
 103     0     100               0    0.0201435718    0.0179175598     0.388530834     0.193280287    0.0431378418    0.0430047857
 103     1      50               0    0.0114590497   0.00902472903      0.28582947    0.0310950651    0.0245397727    0.0216606805
          wgpu 1d 168g 289c x3w 4ms | egraph 45g->143v+0snap 7ms | graft 38 (-101n, 0 snap) cpu 0 | f64 20 | gen 0.2s
 104     0     100               0    0.0201435718    0.0179175598     0.388530834     0.193280287    0.0431378418    0.0430047857
 104     1      50               0    0.0114590497   0.00902472903      0.28582947    0.0310950651    0.0245397727    0.0216606805
          wgpu 1d 178g 285c x3w 4ms | egraph 37g->139v+0snap 8ms | graft 30 (-97n, 0 snap) cpu 0 | f64 20 | gen 0.3s | dropped inexpr 3 oversz 0 unbuild 0 {}
 105     0     100               0    0.0201435718    0.0179175598     0.388530834     0.193280287    0.0431378418    0.0430047857
 105     1      50               0    0.0114590497   0.00902472903      0.28582947    0.0310950651    0.0245397727    0.0216606805
          wgpu 1d 215g 312c x3w 4ms | egraph 41g->166v+0snap 8ms | graft 43 (-138n, 0 snap) cpu 0 | f64 20 | gen 0.2s | dropped inexpr 3 oversz 0 unbuild 0 {}
 106     0     100               0    0.0201435718    0.0179175598     0.388530834     0.193280287    0.0431378418    0.0430047857
 106     1      50               0    0.0109316981   0.00848852571     0.276305315    0.0303894901    0.0234104392    0.0203737135
          wgpu 1d 246g 339c x3w 5ms | egraph 50g->193v+0snap 9ms | graft 49 (-200n, 0 snap) cpu 0 | f64 20 | gen 0.3s | dropped inexpr 4 oversz 0 unbuild 0 {}
 107     0     100               0    0.0201435718    0.0179175598     0.388530834     0.193280287    0.0431378418    0.0430047857
 107     1      50               0    0.0109316981   0.00848852571     0.276305315    0.0303894901    0.0234104392    0.0203737135
          wgpu 1d 275g 389c x3w 5ms | egraph 58g->243v+0snap 13ms | graft 54 (-285n, 0 snap) cpu 0 | f64 20 | gen 0.3s | dropped inexpr 19 oversz 0 unbuild 0 {}
 108     0     100               0    0.0201435718    0.0179175598     0.388530834     0.193280287    0.0431378418    0.0430047857
 108     1      50               0    0.0109316981   0.00848852571     0.276305315    0.0303894901    0.0234104392    0.0203737135
          wgpu 1d 272g 393c x3w 5ms | egraph 67g->247v+0snap 13ms | graft 60 (-289n, 0 snap) cpu 0 | f64 20 | gen 0.3s | dropped inexpr 17 oversz 0 unbuild 0 {}
 109     0     100               0    0.0201435718    0.0179175598     0.388530834     0.193280287    0.0431378418    0.0430047857
 109     1      50               0    0.0109316981   0.00848852571     0.276305315    0.0303894901    0.0234104392    0.0203737135
          wgpu 1d 239g 381c x3w 5ms | egraph 57g->235v+0snap 12ms | graft 47 (-232n, 0 snap) cpu 0 | f64 20 | gen 0.3s | dropped inexpr 15 oversz 0 unbuild 0 {}
 110     0     100               0    0.0201435718    0.0179175598     0.388530834     0.193280287    0.0431378418    0.0430047857
 110     1      50               0    0.0109316981   0.00848852571     0.276305315    0.0303894901    0.0234104392    0.0203737135
          wgpu 1d 282g 389c x3w 5ms | egraph 51g->243v+0snap 11ms | graft 55 (-309n, 0 snap) cpu 0 | f64 20 | gen 0.3s | dropped inexpr 23 oversz 0 unbuild 0 {}
--------- pump migration: intra (promote-2 + intake-reset) ---------
 111     0     100               0    0.0201435718    0.0179175598     0.388530834     0.193280287    0.0431378418    0.0430047857
 111     1      50               0    0.0109316981   0.00848852571     0.276305315    0.0303894901    0.0234104392    0.0203737135
          wgpu 2d 436g 533c x3w 8ms | egraph 132g->307v+0snap 32ms | graft 93 (-389n, 0 snap) cpu 0 | f64 30 | gen 0.3s | dropped inexpr 26 oversz 0 unbuild 0 {}
 112     0     100               0     0.135026631     0.109803111      1.25287319     0.308005019     0.289162097      0.26354366
 112     1      50               0    0.0109316981   0.00848852571     0.276305315    0.0303894901    0.0234104392    0.0203737135
          wgpu 1d 265g 361c x3w 5ms | egraph 74g->215v+0snap 16ms | graft 46 (-246n, 0 snap) cpu 0 | f64 20 | gen 0.6s | dropped inexpr 24 oversz 0 unbuild 0 {}
 113     0     100               0     0.135026631     0.109803111      1.25287319     0.308005019     0.289162097      0.26354366
 113     1      50               0    0.0109316981   0.00848852571     0.276305315    0.0303894901    0.0234104392    0.0203737135
          wgpu 1d 319g 372c x3w 6ms | egraph 97g->226v+0snap 20ms | graft 61 (-272n, 0 snap) cpu 0 | f64 20 | gen 0.4s | dropped inexpr 44 oversz 0 unbuild 0 {}
 114     0     100               0     0.135026631     0.109803111      1.25287319     0.308005019     0.289162097      0.26354366
 114     1      50               0    0.0109316981   0.00848852571     0.276305315    0.0303894901    0.0234104392    0.0203737135
          wgpu 1d 316g 382c x3w 6ms | egraph 85g->236v+0snap 17ms | graft 58 (-261n, 0 snap) cpu 0 | f64 20 | gen 0.3s | dropped inexpr 34 oversz 0 unbuild 0 {}
 115     0     100               0     0.135026631     0.109803111      1.25287319     0.308005019     0.289162097      0.26354366
 115     1      50               0    0.0109316981   0.00848852571     0.276305315    0.0303894901    0.0234104392    0.0203737135
          wgpu 1d 344g 394c x3w 6ms | egraph 96g->248v+0snap 21ms | graft 60 (-312n, 0 snap) cpu 0 | f64 20 | gen 0.8s | dropped inexpr 46 oversz 0 unbuild 0 {}
 116     0     100               0     0.135026631     0.109803111      1.25287319     0.308005019     0.289162097      0.26354366
 116     1      50               0    0.0109316981   0.00848852571     0.276305315    0.0303894901    0.0234104392    0.0203737135
          wgpu 1d 311g 380c x3w 5ms | egraph 89g->234v+0snap 17ms | graft 70 (-313n, 0 snap) cpu 0 | f64 20 | gen 0.7s | dropped inexpr 45 oversz 0 unbuild 0 {}
 117     0     100               0     0.135026631     0.109803111      1.25287319     0.308005019     0.289162097      0.26354366
 117     1      50               0    0.0109316981   0.00848852571     0.276305315    0.0303894901    0.0234104392    0.0203737135
          wgpu 1d 312g 375c x3w 6ms | egraph 81g->229v+0snap 18ms | graft 56 (-285n, 0 snap) cpu 0 | f64 20 | gen 0.3s | dropped inexpr 43 oversz 0 unbuild 0 {}
 118     0     100               0     0.135026631     0.109803111      1.25287319     0.308005019     0.289162097      0.26354366
 118     1      50               0    0.0109316981   0.00848852571     0.276305315    0.0303894901    0.0234104392    0.0203737135
          wgpu 1d 327g 377c x3w 6ms | egraph 77g->231v+0snap 15ms | graft 61 (-266n, 0 snap) cpu 0 | f64 20 | gen 0.3s | dropped inexpr 27 oversz 0 unbuild 0 {}
 119     0     100               0     0.135026631     0.109803111      1.25287319     0.308005019     0.289162097      0.26354366
 119     1      50               0    0.0109316981   0.00848852571     0.276305315    0.0303894901    0.0234104392    0.0203737135
          wgpu 1d 363g 382c x3w 6ms | egraph 101g->236v+0snap 20ms | graft 66 (-323n, 0 snap) cpu 0 | f64 20 | gen 0.6s | dropped inexpr 46 oversz 0 unbuild 0 {}
 120     0     100               0     0.135026631     0.109803111      1.25287319     0.308005019     0.289162097      0.26354366
 120     1      50               0    0.0109316981   0.00848852571     0.276305315    0.0303894901    0.0234104392    0.0203737135
          wgpu 1d 296g 343c x3w 5ms | egraph 77g->197v+0snap 18ms | graft 60 (-180n, 0 snap) cpu 0 | f64 20 | gen 0.6s | dropped inexpr 30 oversz 0 unbuild 0 {}
--------- pump migration: intra (promote-2 + intake-reset) + cross ---------
 121     0     100               0  4.84816122e-07  5.55416439e-07   0.00280668536  1.69976204e-06  1.03824294e-06  1.33308136e-06
 121     1      50               0     0.135026631     0.109803111      1.25287319     0.308005019     0.289162097      0.26354366
          wgpu 2d 482g 505c x3w 9ms | egraph 145g->279v+0snap 29ms | graft 103 (-410n, 0 snap) cpu 0 | f64 30 | gen 0.3s | dropped inexpr 23 oversz 0 unbuild 0 {}
 122     0     100               0      0.16947568     0.168238944      1.18912847      0.91497207     0.362935389     0.403798274
 122     1      50               0    0.0109316981   0.00848852571     0.276305315    0.0303894901    0.0234104392    0.0203737135
          wgpu 1d 254g 266c x3w 5ms | egraph 83g->120v+0snap 18ms | graft 49 (-190n, 0 snap) cpu 0 | f64 20 | gen 0.2s | dropped inexpr 17 oversz 0 unbuild 0 {}
 123     0     100               0  4.84816122e-07  5.55416439e-07   0.00280668536  1.69976204e-06  1.03824294e-06  1.33308136e-06
 123     1      50               0    0.0109316981   0.00848852571     0.276305315    0.0303894901    0.0234104392    0.0203737135
          wgpu 1d 263g 295c x3w 5ms | egraph 90g->149v+0snap 21ms | graft 53 (-192n, 0 snap) cpu 0 | f64 20 | gen 0.2s | dropped inexpr 16 oversz 0 unbuild 0 {}
 124     0     100               0  4.84816122e-07  5.55416439e-07   0.00280668536  1.69976204e-06  1.03824294e-06  1.33308136e-06
 124     1      50               0    0.0109316981   0.00848852571     0.276305315    0.0303894901    0.0234104392    0.0203737135
          wgpu 1d 301g 284c x3w 5ms | egraph 121g->138v+0snap 22ms | graft 55 (-283n, 0 snap) cpu 0 | f64 20 | gen 0.5s | dropped inexpr 9 oversz 0 unbuild 0 {}
 125     0     100               0  4.84816122e-07  5.55416439e-07   0.00280668536  1.69976204e-06  1.03824294e-06  1.33308136e-06
 125     1      50               0   0.00769464392   0.00570261768     0.222897962    0.0245811223    0.0164782262    0.0136871234
          wgpu 1d 253g 255c x3w 5ms | egraph 105g->109v+0snap 19ms | graft 43 (-162n, 0 snap) cpu 0 | f64 20 | gen 0.3s | dropped inexpr 6 oversz 0 unbuild 0 {}
 126     0     100               0  1.69750244e-08  1.70693712e-08  0.000358539595  6.48063266e-08  3.63523374e-08  4.09690081e-08
 126     1      50               0   0.00769464392   0.00570261768     0.222897962    0.0245811223    0.0164782262    0.0136871234
          wgpu 1d 279g 246c x3w 5ms | egraph 116g->100v+0snap 24ms | graft 58 (-207n, 0 snap) cpu 0 | f64 20 | gen 0.2s | dropped inexpr 4 oversz 0 unbuild 0 {}
 127     0     100               0  7.54110124e-09  8.53259681e-09  0.000329382054  2.52405123e-08  1.61494116e-08  2.04794906e-08
 127     1      50               0   0.00769464392   0.00570261768     0.222897962    0.0245811223    0.0164782262    0.0136871234
          wgpu 1d 243g 231c x3w 5ms | egraph 99g->84v+1snap 20ms | graft 43 (-137n, 0 snap) cpu 0 | f64 20 | gen 0.2s | dropped inexpr 2 oversz 0 unbuild 0 {}
 128     0     100               0  4.84816122e-07  5.55416439e-07   0.00280668536  1.69976204e-06  1.03824294e-06  1.33308136e-06
 128     1      50               0   0.00769464392   0.00570261768     0.222897962    0.0245811223    0.0164782262    0.0136871234
          wgpu 1d 250g 234c x3w 4ms | egraph 96g->88v+0snap 18ms | graft 47 (-174n, 0 snap) cpu 0 | f64 20 | gen 0.2s | dropped inexpr 7 oversz 0 unbuild 0 {}
 129     0     100               0  5.57449747e-10  4.59939609e-10  0.000104762303  9.12233007e-10  1.19378923e-09  1.10392289e-09
 129     1      50               0   0.00769464392   0.00570261768     0.222897962    0.0245811223    0.0164782262    0.0136871234
          wgpu 1d 273g 240c x3w 5ms | egraph 100g->94v+0snap 18ms | graft 50 (-178n, 0 snap) cpu 0 | f64 20 | gen 0.3s
 130     0     100               0  2.01868273e-31  1.20917586e-31  1.33226763e-15  3.23001563e-31  4.32304743e-31  2.90220037e-31
 130     1      50               0   0.00769464392   0.00570261768     0.222897962    0.0245811223    0.0164782262    0.0136871234
          wgpu 1d 261g 226c x3w 5ms | egraph 108g->80v+0snap 17ms | graft 43 (-139n, 0 snap) cpu 0 | f64 20 | gen 0.3s

*** Early stop at generation 130: best val_R² = 1.0000000000 ≥ 0.9999999990, holdout_R² = 1.0000000000 confirmed

This sub-run: 2026-09-19 04:07:11.908469 → 2026-09-19 04:07:45.999718
Now at generation 130 (HOF size: 31)
[join] 143 dispatches, 29,019 genes, 125,109 candidates scored in 0.58s GPU+host; e-graph 7,622 trees -> 21,610 variants + 3 snaps in 1.49s; 7,757 grafts (0 snap), 25,615 nodes removed; cpu-path individuals 0, f64-rejected 0
[join]   inexpressible:    521  no pset token for semantic id "div" with arity 2
[join]   inexpressible:    335  no pset token for semantic id "pow" with arity 2
[join]   inexpressible:    184  no pset token for semantic id "sqrt" with arity 1
  HFF-chosen LSM kept: a=0.0712454, b=-2.22045e-16
Chromosome wrapper: id=2  →  sqrt_abs
hof[0] runtime val: mse=7.716e-32  R²=1.000000
Pre-snap expression (after sympify + LSM compose):
  0.0712453645511851*sqrt(Abs(31.094010767585*gamma*pr*sqrt3/rho + 143.152914425495*gamma*pr/rho)) - 2.22044604925031e-16

Per-level snap results (before MSE scoring):
  strict      →  0.0712453645511851*sqrt(Abs(gamma*pr*(31.094010767585*sqrt3 + 143.152914425495)/rho))
  default     →  0.0712453645511851*sqrt(Abs(gamma*pr*(31.094010767585*sqrt3 + 143.152914425495)/rho))
  aggressive  →  0.0712453645511851*sqrt(Abs(gamma*pr*(31.094010767585*sqrt3 + 143.152914425495)/rho))

Snap-level comparison (sorted by holdout MSE, lowest first)
------------------------------------------------------------------------------------------
  level       MSE            R²         expression                                        
------------------------------------------------------------------------------------------
★ strict      inf            —          0.0712453645511851*sqrt(Abs(gamma*pr*(31.094010767
               note: TypeError: loop of ufunc does not support argument 0 of type Abs which has no callable sqrt method
  default     inf            —          0.0712453645511851*sqrt(Abs(gamma*pr*(31.094010767
               note: TypeError: loop of ufunc does not support argument 0 of type Abs which has no callable sqrt method
  aggressive  inf            —          0.0712453645511851*sqrt(Abs(gamma*pr*(31.094010767
               note: TypeError: loop of ufunc does not support argument 0 of type Abs which has no callable sqrt method

Winning snap level: 'strict'  →  0.0712453645511851*sqrt(Abs(gamma*pr*(31.094010767585*sqrt3 + 143.152914425495)/rho))

Canonical discovered expression: 0.0712453645511851*sqrt(Abs(gamma*pr*(31.094010767585*sqrt3 + 143.152914425495)/rho))
[38;2;0;50;255m
############################################################ [38;2;255;255;255m
[38;2;0;50;255m Equation Recovery: I_47_23 [38;2;255;255;255m
[38;2;0;50;255m Truth: sqrt(gamma*pr/rho) [38;2;255;255;255m
[38;2;0;50;255m [38;2;255;255;255m
[38;2;255;0;255m     Exact recovery     : False [38;2;255;255;255m
[38;2;255;0;255m     Numerical recovery : False (max rel_err inf on 10k samples) [38;2;255;255;255m
[38;2;255;0;255m     Discovered         : 0.0712453645511851*sqrt(Abs(gamma*pr*(31.094010767585*sqrt3 + 143.152914425495)/rho)) [38;2;255;255;255m
[38;2;255;0;255m     LSM (a, b)         : (0.0712454, -2.22045e-16) [38;2;255;255;255m
[38;2;0;50;255m
############################################################ [38;2;255;255;255m
In-range holdout : MSE=7.42e-32  MAE=1.676e-16  R²=1.0000
Extrapolation    : MSE=8.597e-32  MAE=1.926e-16  R²=1.0000

Top 10 HOF models (north_pole=truenorth) (★ = Pareto-optimal)
(deduped HOF: 12 unique chromosomes from 31 raw HOF entries)
 ----------------------------------------------------------------------------------------------------------------
       model     wrapper      length   train_mse     val_mse     max_err    train_r2      val_r2 angular_distance
 ----------------------------------------------------------------------------------------------------------------
★           0    sqrt_abs          45      0.0000      0.0000      0.0000      1.0000      1.0000      0.0000
           11    identity          17      0.0232      0.0174      0.5196      0.9503      0.9582      0.4426
           15    identity          17      0.0232      0.0174      0.5196      0.9503      0.9582      0.4426
            3    identity          13      0.0232      0.0174      0.5196      0.9503      0.9582      0.4426
           17    identity          17      0.0232      0.0174      0.5196      0.9503      0.9582      0.4426
           14    identity          17      0.0232      0.0174      0.5196      0.9503      0.9582      0.4426
            5    identity          15      0.0232      0.0174      0.5196      0.9503      0.9582      0.4426
           19    identity          17      0.0232      0.0174      0.5196      0.9503      0.9582      0.4426
           24    identity          17      0.0232      0.0174      0.5196      0.9503      0.9582      0.4426
           27    identity          17      0.0312      0.0219      0.5009      0.9333      0.9475      0.4933

Pareto-optimal in top 10: 1    Pareto-optimal in full HOF: 1 / 12

Recovery sweep across 12/12 unique HOF chromosomes (capped):
  Structural / exact     : 0/12  (0.0%)
  Numerical (≤1e-6 err)  : 0/12  (0.0%)
{
    "date": "2026/09/19",
    "seed": "5",
    "task": "equation_recovery",
    "north_pole_method": "truenorth",
    "hff_include_val": true,
    "problem": "I_47_23",
    "truth_expr": "sqrt(gamma*pr/rho)",
    "final_terminal_inputs": [
        "gamma",
        "pr",
        "rho"
    ],
    "wide_primitives": true,
    "head_length": "48",
    "n_genes": "3",
    "rnc_array_length": "10",
    "tournament size": "intake=8, champion=5",
    "population size": "150",
    "population per island": "intake=100, champion=50",
    "gpu_join": true,
    "eclass_k": 8,
    "number of elites": "2",
    "number of generations": "400",
    "number of islands": "2",
    "migration FREQ": "30",
    "wrapper_id": 2,
    "wrapper_name": "sqrt_abs",
    "recovery_exact": false,
    "recovery_numerical": false,
    "recovery_max_rel_err": Infinity,
    "discovered_expr": "0.0712453645511851*sqrt(Abs(gamma*pr*(31.094010767585*sqrt3 + 143.152914425495)/rho))",
    "holdout_mse": 7.420222889735142e-32,
    "holdout_r2": 1.0,
    "extrap_mse": 8.59735127174462e-32,
    "extrap_r2": 1.0,
    "hof_size": 12,
    "hof_exact_recoveries": 0,
    "hof_numerical_recoveries": 0
}
