/opt/anaconda3/lib/python3.12/site-packages/geppy/__init__.py:26: UserWarning: pkg_resources is deprecated as an API. See https://setuptools.pypa.io/en/latest/pkg_resources.html. The pkg_resources package is slated for removal as early as 2025-11-30. Refrain from using this package or pin to Setuptools<81.
  from pkg_resources import get_distribution, DistributionNotFound
hff library OK (test fitness: (0.1415394733244273,))
registry: ['circle_area', 'gravity', 'coulomb', 'pendulum', 'keplers3', 'ideal_gas', 'I_6_2a', 'I_6_2', 'I_6_2b', 'I_8_14', 'I_9_18', 'I_10_7', 'I_11_19', 'I_12_1', 'I_12_2', 'I_12_4', 'I_12_5', 'I_12_11', 'I_13_4', 'I_13_12', 'I_14_3', 'I_14_4', 'I_15_3x', 'I_15_3t', 'I_15_1', 'I_16_6', 'I_18_4', 'I_18_12', 'I_18_14', 'I_24_6', 'I_25_13', 'I_26_2', 'I_27_6', 'I_29_4', 'I_29_16', 'I_30_3', 'I_30_5', 'I_32_5', 'I_32_17', 'I_34_8', 'I_34_1', 'I_34_14', 'I_34_27', 'I_37_4', 'I_38_12', 'I_39_1', 'I_39_11', 'I_39_22', 'I_40_1', 'I_41_16', 'I_43_16', 'I_43_31', 'I_43_43', 'I_44_4', 'I_47_23', 'I_48_2', 'I_50_26', 'II_2_42', 'II_3_24', 'II_4_23', 'II_6_11', 'II_6_15a', 'II_6_15b', 'II_8_7', 'II_8_31', 'II_10_9', 'II_11_3', 'II_11_17', 'II_11_20', 'II_11_27', 'II_11_28', 'II_13_17', 'II_13_23', 'II_13_34', 'II_15_4', 'II_15_5', 'II_21_32', 'II_24_17', 'II_27_16', 'II_27_18', 'II_34_2a', 'II_34_2', 'II_34_11', 'II_34_29a', 'II_34_29b', 'II_35_18', 'II_35_21', 'II_36_38', 'II_37_1', 'II_38_3', 'II_38_14', 'III_4_32', 'III_4_33', 'III_7_38', 'III_8_54', 'III_9_52', 'III_10_19', 'III_12_43', 'III_13_18', 'III_14_14', 'III_15_12', 'III_15_14', 'III_15_27', 'III_17_37', 'III_19_51', 'III_21_20', 'test_1', 'test_2', 'test_3', 'test_4', 'test_5', 'test_6', 'test_7', 'test_8', 'test_9', 'test_10', 'test_11', 'test_12', 'test_13', 'test_14', 'test_15', 'test_16', 'test_17', 'test_18', 'test_19', 'test_20']
[feynman override] head_length=48 (keep n_genes=3, avgval linker)
Selected problem: II_15_4
  Description : Feynman I-III II.15.4: E_n = -mom*B*cos(theta)
  Variables   : ['mom', 'B', 'theta']
  Train range : {'mom': (1.0, 5.0), 'B': (1.0, 5.0), 'theta': (1.0, 5.0)}
  Extrap range: {'mom': (1.0, 7.5), 'B': (1.0, 7.5), 'theta': (1.0, 7.5)}
  Truth       : -mom*B*cos(theta)
  ✓ cache hit  (data/equations/II_15_4, key=790d72534e792b40)
  train           (800, 4)  target range=[-9.314, 21.47]
  val             (200, 4)  target range=[-8.539, 17.33]
  holdout         (200, 4)  target range=[-8.06, 20.6]
  extrapolation   (200, 4)  target range=[-40.83, 46.44]
  saved figure → data/figures/II_15_4/eda_pairplot.png
Wide primitive set enabled: sin, cos, exp, log added.
[E22 rules] variable pattern tags: {'has_gaussian_input'}
[E22/23 rules] static candidate count: 6
  [sum_sq_all/sum_sq] a=0.1849 b=-1.5339e+00 1-R²_va=9.5609e-01
  [gaussian_density/N(theta;0,1)] a=-48.1015 b=6.2782e+00 1-R²_va=7.7345e-01
  [angle_diff_trig/sin(2*theta/2)] a=-1.0373 b=4.3062e+00 1-R²_va=1.0202e+00
  [angle_diff_trig/sin(2*theta/2)^2] a=-10.7367 b=1.0528e+01 1-R²_va=6.1424e-01
  [angle_diff_trig/sin(3*theta/2)] a=-6.1706 b=3.9782e+00 1-R²_va=4.7815e-01
  [angle_diff_trig/sin(3*theta/2)^2] a=-1.0422 b=4.6797e+00 1-R²_va=9.8938e-01
[fuller] denoise + snap IN THE JOIN (every gene, every generation, K=8); mutation operators: physics=0.2 concretize=0.05
Wrapper scope: per_island  (island → wrapper map: ['identity', 'identity'])
[wgpu] process pool disabled — Metal cannot survive fork(); the population is evaluated in one dispatch instead
Genes: head_length=48, n_genes=3, rnc_array_length=10
Population: (per-island, see below), elites: 2, generations: 400, migration FREQ: 30
  pump per-island sizes: intake=100 (tournsize=8), champion=50 (tournsize=5)
Initialising evolution at 2026-09-19 04:31:39.381054
 gen  deme   evals     min fitness          mse_tr          mse_va         max_err      mse_extrap  one_minus_r2_tr  one_minus_r2_va
   0     0     100      0.06092768      11.3228583      10.9811251      9.00389893      209.151119     0.375905329      0.47815178
   0     1      50               0      11.3228583      10.9811251      9.00389893      209.151119     0.375905329      0.47815178
          wgpu 1d 323g 279c x3w 9ms | egraph 187g->129v+0snap 60ms | graft 67 (-242n, 0 snap) cpu 0 | f64 0 | gen 0.0s | dropped inexpr 2 oversz 0 unbuild 0 {}
Extending evolution: gen 1 → 400 (+400 generations)
   1     0     100      0.06092768      11.3228583      10.9811251      9.00389893      209.151119     0.375905329      0.47815178
   1     1      50               0      11.3228583      10.9811251      9.00389893      209.151119     0.375905329      0.47815178
          wgpu 1d 223g 223c x3w 4ms | egraph 86g->77v+0snap 14ms | graft 43 (-171n, 0 snap) cpu 0 | f64 1 | gen 0.3s | dropped inexpr 5 oversz 0 unbuild 0 {}
   2     0     100    0.0101186859      11.3228583      10.9811251      9.00389893      209.151119     0.375905329      0.47815178
   2     1      50               0      11.3228583      10.9811251      9.00389893      209.151119     0.375905329      0.47815178
          wgpu 1d 146g 231c x3w 3ms | egraph 58g->85v+0snap 9ms | graft 31 (-103n, 0 snap) cpu 0 | f64 0 | gen 0.1s | dropped inexpr 4 oversz 0 unbuild 0 {}
   3     0     100    0.0101186859      11.3228583      10.9811251      9.00389893      209.151119     0.375905329      0.47815178
   3     1      50               0      11.3228583      10.9811251      9.00389893      209.151119     0.375905329      0.47815178
          wgpu 1d 121g 191c x3w 3ms | egraph 43g->45v+0snap 7ms | graft 17 (-47n, 0 snap) cpu 0 | f64 1 | gen 0.1s | dropped inexpr 3 oversz 0 unbuild 0 {}
   4     0     100    0.0101186859      11.3228583      10.9811251      9.00389893      209.151119     0.375905329      0.47815178
   4     1      50               0      11.3228583      10.9811251      9.00389893      209.151119     0.375905329      0.47815178
          wgpu 1d 154g 243c x3w 4ms | egraph 56g->97v+0snap 12ms | graft 35 (-137n, 0 snap) cpu 0 | f64 7 | gen 0.4s | dropped inexpr 5 oversz 0 unbuild 0 {}
   5     0     100    0.0101186859      11.3228583      10.9811251      9.00389893      209.151119     0.375905329      0.47815178
   5     1      50               0      11.3228583      10.9811251      9.00389893      209.151119     0.375905329      0.47815178
          wgpu 1d 97g 249c x3w 3ms | egraph 33g->103v+0snap 6ms | graft 29 (-75n, 0 snap) cpu 0 | f64 9 | gen 0.1s | dropped inexpr 2 oversz 0 unbuild 0 {}
   6     0     100    0.0101186859      11.3228583      10.9811251      9.00389893      209.151119     0.375905329      0.47815178
   6     1      50               0      11.3228583      10.9811251      9.00389893      209.151119     0.375905329      0.47815178
          wgpu 1d 92g 245c x3w 3ms | egraph 32g->99v+0snap 5ms | graft 23 (-47n, 0 snap) cpu 0 | f64 9 | gen 0.1s | dropped inexpr 1 oversz 0 unbuild 0 {}
   7     0     100    0.0101186859      11.3228583      10.9811251      9.00389893      209.151119     0.375905329      0.47815178
   7     1      50               0      11.3228583      10.9811251      9.00389893      209.151119     0.375905329      0.47815178
          wgpu 1d 85g 250c x3w 3ms | egraph 22g->104v+0snap 4ms | graft 29 (-57n, 0 snap) cpu 0 | f64 8 | gen 0.1s | dropped inexpr 2 oversz 0 unbuild 0 {}
   8     0     100    0.0101186859      11.3228583      10.9811251      9.00389893      209.151119     0.375905329      0.47815178
   8     1      50               0      11.3228583      10.9811251      9.00389893      209.151119     0.375905329      0.47815178
          wgpu 1d 90g 238c x3w 3ms | egraph 24g->92v+0snap 5ms | graft 31 (-68n, 0 snap) cpu 0 | f64 13 | gen 0.1s | dropped inexpr 4 oversz 0 unbuild 0 {}
   9     0     100    0.0101186859      11.3228583      10.9811251      9.00389893      209.151119     0.375905329      0.47815178
   9     1      50               0      11.3228583      10.9811251      9.00389893      209.151119     0.375905329      0.47815178
          wgpu 1d 85g 238c x3w 3ms | egraph 25g->92v+0snap 4ms | graft 31 (-82n, 0 snap) cpu 0 | f64 14 | gen 0.1s | dropped inexpr 4 oversz 0 unbuild 0 {}
  10     0     100    0.0101186859      11.3228583      10.9811251      9.00389893      209.151119     0.375905329      0.47815178
  10     1      50               0      11.3228583      10.9811251      9.00389893      209.151119     0.375905329      0.47815178
          wgpu 1d 78g 243c x3w 3ms | egraph 23g->97v+0snap 4ms | graft 31 (-68n, 0 snap) cpu 0 | f64 13 | gen 0.2s | dropped inexpr 2 oversz 0 unbuild 0 {}
--------- pump migration: intra (promote-2 + intake-reset) ---------
  11     0     100    0.0101186859      11.3228583      10.9811251      9.00389893      209.151119     0.375905329      0.47815178
  11     1      50               0      11.3228583      10.9811251      9.00389893      209.151119     0.375905329      0.47815178
          wgpu 2d 306g 385c x3w 7ms | egraph 105g->159v+0snap 23ms | graft 55 (-164n, 0 snap) cpu 0 | f64 16 | gen 0.1s | dropped inexpr 8 oversz 0 unbuild 0 {}
  12     0     100    0.0101186859      11.3228583      10.9811251      9.00389893      209.151119     0.375905329      0.47815178
  12     1      50               0      11.3228583      10.9811251      9.00389893      209.151119     0.375905329      0.47815178
          wgpu 1d 69g 215c x3w 3ms | egraph 14g->69v+0snap 3ms | graft 26 (-61n, 0 snap) cpu 0 | f64 18 | gen 0.1s | dropped inexpr 2 oversz 0 unbuild 0 {}
  13     0     100    0.0101186859      11.3228583      10.9811251      9.00389893      209.151119     0.375905329      0.47815178
  13     1      50               0      11.3228583      10.9811251      9.00389893      209.151119     0.375905329      0.47815178
          wgpu 1d 81g 235c x3w 3ms | egraph 17g->89v+0snap 3ms | graft 34 (-71n, 0 snap) cpu 0 | f64 20 | gen 0.1s
  14     0     100    0.0101186859      11.3228583      10.9811251      9.00389893      209.151119     0.375905329      0.47815178
  14     1      50               0      11.3228583      10.9811251      9.00389893      209.151119     0.375905329      0.47815178
          wgpu 1d 82g 229c x3w 3ms | egraph 20g->83v+0snap 3ms | graft 26 (-74n, 0 snap) cpu 0 | f64 20 | gen 0.1s | dropped inexpr 3 oversz 0 unbuild 0 {}
  15     0     100    0.0023388839      4.33330444      3.43928752      6.65992656      72.1456556     0.143860515       0.1497571
  15     1      50               0      11.3228583      10.9811251      9.00389893      209.151119     0.375905329      0.47815178
          wgpu 1d 97g 238c x3w 3ms | egraph 26g->92v+0snap 7ms | graft 30 (-74n, 0 snap) cpu 0 | f64 18 | gen 0.1s | dropped inexpr 2 oversz 0 unbuild 0 {}
  16     0     100    0.0023388839      4.33330444      3.43928752      6.65992656      72.1456556     0.143860515       0.1497571
  16     1      50               0      11.3228583      10.9811251      9.00389893      209.151119     0.375905329      0.47815178
          wgpu 1d 84g 190c x3w 3ms | egraph 24g->44v+0snap 5ms | graft 25 (-88n, 0 snap) cpu 0 | f64 20 | gen 0.1s | dropped inexpr 1 oversz 0 unbuild 0 {}
  17     0     100    0.0023388839      4.33330444      3.43928752      6.65992656      72.1456556     0.143860515       0.1497571
  17     1      50               0      11.3228583      10.9811251      9.00389893      209.151119     0.375905329      0.47815178
          wgpu 1d 74g 167c x3w 3ms | egraph 21g->21v+0snap 4ms | graft 17 (-46n, 0 snap) cpu 0 | f64 19 | gen 0.1s | dropped inexpr 1 oversz 0 unbuild 0 {}
  18     0     100    0.0023388839      4.33330444      3.43928752      6.65992656      72.1456556     0.143860515       0.1497571
  18     1      50               0      11.3228583      10.9811251      9.00389893      209.151119     0.375905329      0.47815178
          wgpu 1d 80g 166c x3w 3ms | egraph 17g->20v+0snap 4ms | graft 16 (-45n, 0 snap) cpu 0 | f64 20 | gen 0.1s | dropped inexpr 3 oversz 0 unbuild 0 {}
  19     0     100    0.0023388839      4.33330444      3.43928752      6.65992656      72.1456556     0.143860515       0.1497571
  19     1      50               0      11.3228583      10.9811251      9.00389893      209.151119     0.375905329      0.47815178
          wgpu 1d 80g 166c x3w 3ms | egraph 24g->20v+0snap 4ms | graft 16 (-39n, 0 snap) cpu 0 | f64 18 | gen 0.1s | dropped inexpr 2 oversz 0 unbuild 0 {}
  20     0     100    0.0023388839      4.33330444      3.43928752      6.65992656      72.1456556     0.143860515       0.1497571
  20     1      50               0      11.3228583      10.9811251      9.00389893      209.151119     0.375905329      0.47815178
          wgpu 1d 95g 174c x3w 3ms | egraph 29g->28v+0snap 5ms | graft 22 (-48n, 0 snap) cpu 0 | f64 17 | gen 0.1s | dropped inexpr 5 oversz 0 unbuild 0 {}
--------- pump migration: intra (promote-2 + intake-reset) ---------
  21     0     100    0.0023388839      4.33330444      3.43928752      6.65992656      72.1456556     0.143860515       0.1497571
  21     1      50               0      11.3228583      10.9811251      9.00389893      209.151119     0.375905329      0.47815178
          wgpu 2d 282g 326c x3w 7ms | egraph 108g->100v+0snap 16ms | graft 49 (-139n, 0 snap) cpu 0 | f64 17 | gen 0.1s | dropped inexpr 4 oversz 0 unbuild 0 {}
  22     0     100    0.0023388839      4.33330444      3.43928752      6.65992656      72.1456556     0.143860515       0.1497571
  22     1      50               0      11.3228583      10.9811251      9.00389893      209.151119     0.375905329      0.47815178
          wgpu 1d 80g 164c x3w 3ms | egraph 19g->18v+0snap 3ms | graft 16 (-40n, 0 snap) cpu 0 | f64 20 | gen 0.1s | dropped inexpr 2 oversz 0 unbuild 0 {}
  23     0     100    0.0023388839      4.33330444      3.43928752      6.65992656      72.1456556     0.143860515       0.1497571
  23     1      50               0      11.3228583      10.9811251      9.00389893      209.151119     0.375905329      0.47815178
          wgpu 1d 77g 162c x3w 2ms | egraph 16g->16v+0snap 3ms | graft 12 (-33n, 0 snap) cpu 0 | f64 19 | gen 0.1s | dropped inexpr 1 oversz 0 unbuild 0 {}
  24     0     100    0.0023388839      4.33330444      3.43928752      6.65992656      72.1456556     0.143860515       0.1497571
  24     1      50               0      11.3228583      10.9811251      9.00389893      209.151119     0.375905329      0.47815178
          wgpu 1d 67g 159c x3w 3ms | egraph 15g->13v+0snap 2ms | graft 13 (-31n, 0 snap) cpu 0 | f64 16 | gen 0.1s
  25     0     100    0.0023388839      4.33330444      3.43928752      6.65992656      72.1456556     0.143860515       0.1497571
  25     1      50               0      4.63210782      4.19768537      5.96915395      61.7797799     0.153780429     0.182780062
          wgpu 1d 78g 168c x3w 3ms | egraph 12g->22v+0snap 3ms | graft 14 (-39n, 0 snap) cpu 0 | f64 20 | gen 0.1s | dropped inexpr 2 oversz 0 unbuild 0 {}
  26     0     100    0.0023388839      4.33330444      3.43928752      6.65992656      72.1456556     0.143860515       0.1497571
  26     1      50               0      4.63210782      4.19768537      5.96915395      61.7797799     0.153780429     0.182780062
          wgpu 1d 68g 159c x3w 3ms | egraph 14g->13v+0snap 3ms | graft 13 (-25n, 0 snap) cpu 0 | f64 20 | gen 0.2s
  27     0     100    0.0023388839      4.33330444      3.43928752      6.65992656      72.1456556     0.143860515       0.1497571
  27     1      50               0      4.63210755      4.19768522        5.969154        61.77978      0.15378042     0.182780056
          wgpu 1d 85g 164c x3w 3ms | egraph 22g->18v+0snap 4ms | graft 15 (-34n, 0 snap) cpu 0 | f64 20 | gen 0.1s
  28     0     100    0.0023388839      4.33330444      3.43928752      6.65992656      72.1456556     0.143860515       0.1497571
  28     1      50               0      4.63210782      4.19768537      5.96915395      61.7797799     0.153780429     0.182780062
          wgpu 1d 81g 160c x3w 3ms | egraph 18g->14v+0snap 3ms | graft 13 (-28n, 0 snap) cpu 0 | f64 20 | gen 0.1s
  29     0     100    0.0023388839      4.33330444      3.43928752      6.65992656      72.1456556     0.143860515       0.1497571
  29     1      50               0      4.63210782      4.19768537      5.96915395      61.7797799     0.153780429     0.182780062
          wgpu 1d 86g 156c x3w 3ms | egraph 21g->10v+0snap 5ms | graft 8 (-20n, 0 snap) cpu 0 | f64 20 | gen 0.1s
  30     0     100    0.0023388839      4.33330444      3.43928752      6.65992656      72.1456556     0.143860515       0.1497571
  30     1      50               0      4.63210782      4.19768537      5.96915395      61.7797799     0.153780429     0.182780062
          wgpu 1d 78g 158c x3w 3ms | egraph 15g->12v+0snap 4ms | graft 10 (-25n, 0 snap) cpu 0 | f64 20 | gen 0.1s
--------- pump migration: intra (promote-2 + intake-reset) ---------
  31     0     100    0.0023388839      4.33330444      3.43928752      6.65992656      72.1456556     0.143860515       0.1497571
  31     1      50               0      4.63210755      4.19768522        5.969154        61.77978      0.15378042     0.182780056
          wgpu 2d 285g 320c x3w 7ms | egraph 101g->94v+0snap 16ms | graft 52 (-139n, 0 snap) cpu 0 | f64 20 | gen 0.1s | dropped inexpr 6 oversz 0 unbuild 0 {}
  32     0     100    0.0023388839      4.33330444      3.43928752      6.65992656      72.1456556     0.143860515       0.1497571
  32     1      50               0      4.63210755      4.19768522        5.969154        61.77978      0.15378042     0.182780056
          wgpu 1d 76g 162c x3w 3ms | egraph 14g->16v+0snap 5ms | graft 13 (-43n, 0 snap) cpu 0 | f64 20 | gen 0.5s
  33     0     100    0.0023388839      4.33330444      3.43928752      6.65992656      72.1456556     0.143860515       0.1497571
  33     1      50               0      4.63210755      4.19768522        5.969154        61.77978      0.15378042     0.182780056
          wgpu 1d 76g 161c x3w 3ms | egraph 12g->15v+0snap 3ms | graft 13 (-30n, 0 snap) cpu 0 | f64 20 | gen 0.1s
  34     0     100    0.0023388839      4.33330444      3.43928752      6.65992656      72.1456556     0.143860515       0.1497571
  34     1      50               0      4.63210782      4.19768537      5.96915395      61.7797799     0.153780429     0.182780062
          wgpu 1d 68g 159c x3w 3ms | egraph 11g->13v+0snap 3ms | graft 10 (-24n, 0 snap) cpu 0 | f64 20 | gen 0.1s
  35     0     100    0.0023388839      4.33330444      3.43928752      6.65992656      72.1456556     0.143860515       0.1497571
  35     1      50               0      4.63210782      4.19768537      5.96915395      61.7797799     0.153780429     0.182780062
          wgpu 1d 71g 159c x3w 3ms | egraph 14g->13v+0snap 3ms | graft 10 (-23n, 0 snap) cpu 0 | f64 20 | gen 0.1s
  36     0     100    0.0023388839      4.33330444      3.43928752      6.65992656      72.1456556     0.143860515       0.1497571
  36     1      50               0      4.63210782      4.19768537      5.96915395      61.7797799     0.153780429     0.182780062
          wgpu 1d 78g 160c x3w 3ms | egraph 15g->14v+0snap 3ms | graft 12 (-28n, 0 snap) cpu 0 | f64 20 | gen 0.1s
  37     0     100    0.0023388839      4.33330444      3.43928752      6.65992656      72.1456556     0.143860515       0.1497571
  37     1      50               0      4.63210782      4.19768537      5.96915395      61.7797799     0.153780429     0.182780062
          wgpu 1d 73g 162c x3w 3ms | egraph 10g->16v+0snap 2ms | graft 14 (-32n, 0 snap) cpu 0 | f64 20 | gen 0.1s
  38     0     100    0.0023388839      4.33330444      3.43928752      6.65992656      72.1456556     0.143860515       0.1497571
  38     1      50               0      4.63210782      4.19768537      5.96915395      61.7797799     0.153780429     0.182780062
          wgpu 1d 82g 161c x3w 3ms | egraph 10g->15v+0snap 2ms | graft 11 (-25n, 0 snap) cpu 0 | f64 20 | gen 0.1s
  39     0     100    0.0023388839      4.33330444      3.43928752      6.65992656      72.1456556     0.143860515       0.1497571
  39     1      50               0      4.63210782      4.19768537      5.96915395      61.7797799     0.153780429     0.182780062
          wgpu 1d 83g 161c x3w 3ms | egraph 14g->15v+0snap 3ms | graft 12 (-29n, 0 snap) cpu 0 | f64 20 | gen 0.1s
  40     0     100    0.0023388839      4.33330444      3.43928752      6.65992656      72.1456556     0.143860515       0.1497571
  40     1      50               0      4.63210782      4.19768537      5.96915395      61.7797799     0.153780429     0.182780062
          wgpu 1d 87g 165c x3w 3ms | egraph 17g->19v+0snap 7ms | graft 14 (-45n, 0 snap) cpu 0 | f64 20 | gen 0.1s
--------- pump migration: intra (promote-2 + intake-reset) ---------
  41     0     100               0      10.9308481      10.1036295       8.8524479      96.6016003      0.36289106     0.439942937
  41     1      50               0      4.63210782      4.19768537      5.96915395      61.7797799     0.153780429     0.182780062
          wgpu 2d 289g 332c x3w 7ms | egraph 103g->106v+0snap 22ms | graft 52 (-160n, 0 snap) cpu 0 | f64 21 | gen 0.1s | dropped inexpr 4 oversz 0 unbuild 0 {}
  42     0     100               0      10.9308481      10.1036295       8.8524479      96.6016003      0.36289106     0.439942937
  42     1      50               0      4.63210782      4.19768537      5.96915395      61.7797799     0.153780429     0.182780062
          wgpu 1d 116g 190c x3w 3ms | egraph 27g->44v+0snap 7ms | graft 23 (-77n, 0 snap) cpu 0 | f64 20 | gen 0.2s | dropped inexpr 1 oversz 0 unbuild 0 {}
  43     0     100               0      10.9308481      10.1036295       8.8524479      96.6016003      0.36289106     0.439942937
  43     1      50               0      4.63210782      4.19768537      5.96915395      61.7797799     0.153780429     0.182780062
          wgpu 1d 111g 189c x3w 3ms | egraph 26g->43v+0snap 6ms | graft 18 (-61n, 0 snap) cpu 0 | f64 20 | gen 0.1s
  44     0     100               0      10.9308481      10.1036295       8.8524479      96.6016003      0.36289106     0.439942937
  44     1      50               0      4.63210782      4.19768537      5.96915395      61.7797799     0.153780429     0.182780062
          wgpu 1d 109g 185c x3w 3ms | egraph 32g->39v+0snap 6ms | graft 17 (-71n, 0 snap) cpu 0 | f64 20 | gen 0.1s | dropped inexpr 1 oversz 0 unbuild 0 {}
  45     0     100               0      10.9308481      10.1036295       8.8524479      96.6016003      0.36289106     0.439942937
  45     1      50               0      4.63210782      4.19768537      5.96915395      61.7797799     0.153780429     0.182780062
          wgpu 1d 99g 166c x3w 3ms | egraph 25g->20v+0snap 9ms | graft 11 (-24n, 0 snap) cpu 0 | f64 20 | gen 0.1s
  46     0     100               0      10.9308481      10.1036295       8.8524479      96.6016003      0.36289106     0.439942937
  46     1      50               0      4.63210782      4.19768537      5.96915395      61.7797799     0.153780429     0.182780062
          wgpu 1d 105g 185c x3w 3ms | egraph 31g->39v+0snap 6ms | graft 18 (-60n, 0 snap) cpu 0 | f64 20 | gen 0.1s
  47     0     100               0      10.9308481      10.1036295       8.8524479      96.6016003      0.36289106     0.439942937
  47     1      50               0      4.63210782      4.19768537      5.96915395      61.7797799     0.153780429     0.182780062
          wgpu 1d 120g 182c x3w 3ms | egraph 32g->36v+0snap 6ms | graft 16 (-55n, 0 snap) cpu 0 | f64 20 | gen 0.1s | dropped inexpr 1 oversz 0 unbuild 0 {}
  48     0     100               0      10.9308481      10.1036295       8.8524479      96.6016003      0.36289106     0.439942937
  48     1      50               0      4.63210782      4.19768537      5.96915395      61.7797799     0.153780429     0.182780062
          wgpu 1d 114g 183c x3w 3ms | egraph 23g->37v+0snap 4ms | graft 23 (-54n, 0 snap) cpu 0 | f64 20 | gen 0.1s | dropped inexpr 1 oversz 0 unbuild 0 {}
  49     0     100               0      10.9308481      10.1036295       8.8524479      96.6016003      0.36289106     0.439942937
  49     1      50               0      4.63210782      4.19768537      5.96915395      61.7797799     0.153780429     0.182780062
          wgpu 1d 121g 194c x3w 3ms | egraph 28g->48v+0snap 6ms | graft 18 (-65n, 0 snap) cpu 0 | f64 20 | gen 0.1s | dropped inexpr 2 oversz 0 unbuild 0 {}
  50     0     100               0      10.9308481      10.1036295       8.8524479      96.6016003      0.36289106     0.439942937
  50     1      50               0      4.63210782      4.19768537      5.96915395      61.7797799     0.153780429     0.182780062
          wgpu 1d 157g 211c x3w 4ms | egraph 34g->65v+0snap 7ms | graft 22 (-106n, 0 snap) cpu 0 | f64 20 | gen 0.1s | dropped inexpr 1 oversz 0 unbuild 0 {}
--------- pump migration: intra (promote-2 + intake-reset) ---------
  51     0     100               0      10.9308481      10.1036295       8.8524479      96.6016003      0.36289106     0.439942937
  51     1      50               0      4.63210782      4.19768537      5.96915395      61.7797799     0.153780429     0.182780062
          wgpu 2d 283g 314c x3w 6ms | egraph 80g->88v+0snap 18ms | graft 42 (-136n, 0 snap) cpu 0 | f64 20 | gen 0.1s | dropped inexpr 3 oversz 0 unbuild 0 {}
  52     0     100               0      10.9308481      10.1036295       8.8524479      96.6016003      0.36289106     0.439942937
  52     1      50               0      4.63210782      4.19768537      5.96915395      61.7797799     0.153780429     0.182780062
          wgpu 1d 110g 180c x3w 3ms | egraph 20g->34v+0snap 4ms | graft 13 (-68n, 0 snap) cpu 0 | f64 20 | gen 0.1s
  53     0     100               0      10.9308481      10.1036295       8.8524479      96.6016003      0.36289106     0.439942937
  53     1      50               0      4.63210782      4.19768537      5.96915395      61.7797799     0.153780429     0.182780062
          wgpu 1d 95g 176c x3w 3ms | egraph 19g->30v+0snap 4ms | graft 13 (-50n, 0 snap) cpu 0 | f64 20 | gen 0.1s | dropped inexpr 1 oversz 0 unbuild 0 {}
  54     0     100               0      10.9308481      10.1036295       8.8524479      96.6016003      0.36289106     0.439942937
  54     1      50               0      4.63210782      4.19768537      5.96915395      61.7797799     0.153780429     0.182780062
          wgpu 1d 106g 189c x3w 3ms | egraph 24g->43v+0snap 5ms | graft 17 (-37n, 0 snap) cpu 0 | f64 20 | gen 0.1s
  55     0     100               0      10.9308481      10.1036295       8.8524479      96.6016003      0.36289106     0.439942937
  55     1      50               0      4.63210782      4.19768537      5.96915395      61.7797799     0.153780429     0.182780062
          wgpu 1d 123g 206c x3w 3ms | egraph 34g->60v+0snap 6ms | graft 29 (-71n, 0 snap) cpu 0 | f64 20 | gen 0.1s
  56     0     100               0      10.9308481      10.1036295       8.8524479      96.6016003      0.36289106     0.439942937
  56     1      50               0      4.63210782      4.19768537      5.96915395      61.7797799     0.153780429     0.182780062
          wgpu 1d 121g 199c x3w 3ms | egraph 28g->53v+0snap 5ms | graft 21 (-85n, 0 snap) cpu 0 | f64 20 | gen 0.1s
  57     0     100               0      10.9308481      10.1036295       8.8524479      96.6016003      0.36289106     0.439942937
  57     1      50               0      4.63210782      4.19768537      5.96915395      61.7797799     0.153780429     0.182780062
          wgpu 1d 109g 171c x3w 3ms | egraph 38g->25v+0snap 6ms | graft 14 (-40n, 0 snap) cpu 0 | f64 20 | gen 0.1s
  58     0     100               0      10.9308481      10.1036295       8.8524479      96.6016003      0.36289106     0.439942937
  58     1      50               0      4.63210782      4.19768537      5.96915395      61.7797799     0.153780429     0.182780062
          wgpu 1d 136g 208c x3w 4ms | egraph 30g->62v+0snap 9ms | graft 25 (-118n, 0 snap) cpu 0 | f64 20 | gen 0.1s
  59     0     100               0      10.9308481      10.1036295       8.8524479      96.6016003      0.36289106     0.439942937
  59     1      50               0      3.12068316      2.56912082      5.89712967      36.4428029     0.103602942      0.11186738
          wgpu 1d 112g 187c x3w 3ms | egraph 37g->41v+0snap 7ms | graft 20 (-43n, 0 snap) cpu 0 | f64 20 | gen 0.2s
  60     0     100               0      10.9308481      10.1036295       8.8524479      96.6016003      0.36289106     0.439942937
  60     1      50               0      3.12068316      2.56912082      5.89712967      36.4428029     0.103602942      0.11186738
          wgpu 1d 117g 178c x3w 3ms | egraph 30g->32v+0snap 5ms | graft 17 (-35n, 0 snap) cpu 0 | f64 20 | gen 0.1s | dropped inexpr 1 oversz 0 unbuild 0 {}
--------- pump migration: intra (promote-2 + intake-reset) + cross ---------
  61     0     100               0      10.9308481      10.1036295       8.8524479      96.6016003      0.36289106     0.439942937
  61     1      50               0      4.63210782      4.19768537      5.96915395      61.7797799     0.153780429     0.182780062
          wgpu 2d 271g 320c x3w 7ms | egraph 92g->94v+0snap 15ms | graft 38 (-101n, 0 snap) cpu 0 | f64 20 | gen 0.1s | dropped inexpr 1 oversz 0 unbuild 0 {}
  62     0     100               0      10.9308481      10.1036295       8.8524479      96.6016003      0.36289106     0.439942937
  62     1      50               0      10.9308481      10.1036295       8.8524479      96.6016003      0.36289106     0.439942937
          wgpu 1d 116g 193c x3w 3ms | egraph 30g->47v+0snap 6ms | graft 21 (-92n, 0 snap) cpu 0 | f64 20 | gen 0.1s
  63     0     100               0      10.9308481      10.1036295       8.8524479      96.6016003      0.36289106     0.439942937
  63     1      50               0      10.9308481      10.1036295       8.8524479      96.6016003      0.36289106     0.439942937
          wgpu 1d 128g 193c x3w 3ms | egraph 32g->47v+0snap 19ms | graft 19 (-87n, 0 snap) cpu 0 | f64 20 | gen 0.1s | dropped inexpr 1 oversz 0 unbuild 0 {}
  64     0     100               0      10.9308481      10.1036295       8.8524479      96.6016003      0.36289106     0.439942937
  64     1      50               0      10.9308481      10.1036295       8.8524479      96.6016003      0.36289106     0.439942937
          wgpu 1d 113g 179c x3w 3ms | egraph 24g->33v+0snap 4ms | graft 19 (-62n, 0 snap) cpu 0 | f64 20 | gen 0.1s | dropped inexpr 1 oversz 0 unbuild 0 {}
  65     0     100               0      10.9308481      10.1036295       8.8524479      96.6016003      0.36289106     0.439942937
  65     1      50               0      3.12068316      2.56912082      5.89712967      36.4428029     0.103602942      0.11186738
          wgpu 1d 130g 187c x3w 3ms | egraph 31g->41v+0snap 5ms | graft 19 (-71n, 0 snap) cpu 0 | f64 20 | gen 0.1s
  66     0     100               0      10.9308481      10.1036295       8.8524479      96.6016003      0.36289106     0.439942937
  66     1      50               0      10.9308481      10.1036295       8.8524479      96.6016003      0.36289106     0.439942937
          wgpu 1d 115g 188c x3w 3ms | egraph 28g->42v+0snap 5ms | graft 19 (-49n, 0 snap) cpu 0 | f64 20 | gen 0.1s | dropped inexpr 1 oversz 0 unbuild 0 {}
  67     0     100               0      10.9308481      10.1036295       8.8524479      96.6016003      0.36289106     0.439942937
  67     1      50               0      3.12068316      2.56912082      5.89712967      36.4428029     0.103602942      0.11186738
          wgpu 1d 112g 187c x3w 3ms | egraph 35g->41v+0snap 8ms | graft 34 (-63n, 0 snap) cpu 0 | f64 20 | gen 0.1s | dropped inexpr 2 oversz 0 unbuild 0 {}
  68     0     100               0      10.9308481      10.1036295       8.8524479      96.6016003      0.36289106     0.439942937
  68     1      50               0      3.12068316      2.56912082      5.89712967      36.4428029     0.103602942      0.11186738
          wgpu 1d 113g 178c x3w 3ms | egraph 32g->32v+0snap 6ms | graft 18 (-64n, 0 snap) cpu 0 | f64 20 | gen 0.1s | dropped inexpr 9 oversz 0 unbuild 0 {}
  69     0     100               0      10.9308481      10.1036295       8.8524479      96.6016003      0.36289106     0.439942937
  69     1      50               0      3.12068316      2.56912082      5.89712967      36.4428029     0.103602942      0.11186738
          wgpu 1d 110g 182c x3w 3ms | egraph 18g->36v+0snap 4ms | graft 15 (-45n, 0 snap) cpu 0 | f64 20 | gen 0.1s | dropped inexpr 2 oversz 0 unbuild 0 {}
  70     0     100               0      10.9308481      10.1036295       8.8524479      96.6016003      0.36289106     0.439942937
  70     1      50               0      3.12068316      2.56912082      5.89712967      36.4428029     0.103602942      0.11186738
          wgpu 1d 125g 193c x3w 3ms | egraph 26g->47v+0snap 6ms | graft 24 (-82n, 0 snap) cpu 0 | f64 20 | gen 0.1s | dropped inexpr 2 oversz 0 unbuild 0 {}
--------- pump migration: intra (promote-2 + intake-reset) ---------
  71     0     100               0      11.3228583      10.9811251      9.00389893      209.151119     0.375905329      0.47815178
  71     1      50               0      10.9308481      10.1036295       8.8524479      96.6016003      0.36289106     0.439942937
          wgpu 2d 429g 397c x3w 8ms | egraph 155g->171v+0snap 28ms | graft 77 (-237n, 0 snap) cpu 0 | f64 10 | gen 0.1s | dropped inexpr 10 oversz 0 unbuild 0 {}
  72     0     100               0      11.3228583      10.9811251      9.00389893      209.151119     0.375905329      0.47815178
  72     1      50               0      2.42604799      2.10801837      4.73378797       30.960216    0.0805418864    0.0917895684
          wgpu 1d 148g 192c x3w 3ms | egraph 42g->46v+0snap 9ms | graft 23 (-112n, 0 snap) cpu 0 | f64 10 | gen 0.1s | dropped inexpr 1 oversz 0 unbuild 0 {}
  73     0     100               0      11.3228583      10.9811251      9.00389893      209.151119     0.375905329      0.47815178
  73     1      50               0      10.9308481      10.1036295       8.8524479      96.6016003      0.36289106     0.439942937
          wgpu 1d 114g 177c x3w 3ms | egraph 27g->31v+0snap 5ms | graft 19 (-50n, 0 snap) cpu 0 | f64 10 | gen 0.1s
  74     0     100               0      11.3228583      10.9811251      9.00389893      209.151119     0.375905329      0.47815178
  74     1      50               0      10.9308481      10.1036295       8.8524479      96.6016003      0.36289106     0.439942937
          wgpu 1d 107g 180c x3w 3ms | egraph 27g->34v+0snap 4ms | graft 20 (-69n, 0 snap) cpu 0 | f64 10 | gen 0.1s
  75     0     100               0      11.3228583      10.9811251      9.00389893      209.151119     0.375905329      0.47815178
  75     1      50               0      2.42604799      2.10801837      4.73378797       30.960216    0.0805418864    0.0917895684
          wgpu 1d 129g 172c x3w 3ms | egraph 39g->26v+0snap 6ms | graft 19 (-52n, 0 snap) cpu 0 | f64 10 | gen 0.1s | dropped inexpr 1 oversz 0 unbuild 0 {}
  76     0     100               0      11.3228583      10.9811251      9.00389893      209.151119     0.375905329      0.47815178
  76     1      50               0      2.42604799      2.10801837      4.73378797       30.960216    0.0805418864    0.0917895684
          wgpu 1d 129g 167c x3w 3ms | egraph 38g->21v+0snap 6ms | graft 14 (-36n, 0 snap) cpu 0 | f64 10 | gen 0.1s | dropped inexpr 1 oversz 0 unbuild 0 {}
  77     0     100               0      11.3228583      10.9811251      9.00389893      209.151119     0.375905329      0.47815178
  77     1      50               0      2.42604799      2.10801837      4.73378797       30.960216    0.0805418864    0.0917895684
          wgpu 1d 115g 175c x3w 3ms | egraph 33g->29v+0snap 38ms | graft 19 (-62n, 0 snap) cpu 0 | f64 10 | gen 0.1s | dropped inexpr 1 oversz 0 unbuild 0 {}
  78     0     100               0      11.3228583      10.9811251      9.00389893      209.151119     0.375905329      0.47815178
  78     1      50               0      2.42604799      2.10801837      4.73378797       30.960216    0.0805418864    0.0917895684
          wgpu 1d 102g 176c x3w 3ms | egraph 33g->30v+0snap 5ms | graft 21 (-49n, 0 snap) cpu 0 | f64 10 | gen 0.1s | dropped inexpr 1 oversz 0 unbuild 0 {}
  79     0     100               0      11.3228583      10.9811251      9.00389893      209.151119     0.375905329      0.47815178
  79     1      50               0      2.42604799      2.10801837      4.73378797       30.960216    0.0805418864    0.0917895684
          wgpu 1d 127g 188c x3w 3ms | egraph 34g->42v+0snap 6ms | graft 26 (-68n, 0 snap) cpu 0 | f64 10 | gen 0.2s | dropped inexpr 1 oversz 0 unbuild 0 {}
  80     0     100               0      11.3228583      10.9811251      9.00389893      209.151119     0.375905329      0.47815178
  80     1      50               0      2.42604799      2.10801837      4.73378797       30.960216    0.0805418864    0.0917895684
          wgpu 1d 102g 171c x3w 3ms | egraph 24g->25v+0snap 4ms | graft 16 (-44n, 0 snap) cpu 0 | f64 10 | gen 0.1s
--------- pump migration: intra (promote-2 + intake-reset) ---------
  81     0     100               0      11.3228583      10.9811251      9.00389893      209.151119     0.375905329      0.47815178
  81     1      50               0      2.42604799      2.10801837      4.73378797       30.960216    0.0805418864    0.0917895684
          wgpu 2d 381g 350c x3w 7ms | egraph 123g->124v+0snap 22ms | graft 75 (-221n, 0 snap) cpu 0 | f64 10 | gen 0.1s | dropped inexpr 8 oversz 0 unbuild 0 {}
  82     0     100               0      11.3228583      10.9811251      9.00389893      209.151119     0.375905329      0.47815178
  82     1      50               0      2.42604799      2.10801837      4.73378797       30.960216    0.0805418864    0.0917895684
          wgpu 1d 168g 179c x3w 3ms | egraph 51g->33v+0snap 14ms | graft 20 (-47n, 0 snap) cpu 0 | f64 11 | gen 0.4s | dropped inexpr 1 oversz 0 unbuild 0 {}
  83     0     100               0      11.3228583      10.9811251      9.00389893      209.151119     0.375905329      0.47815178
  83     1      50               0      2.40397062      2.07022699      4.15659028        30.78795    0.0798089442    0.0901440162
          wgpu 1d 109g 167c x3w 3ms | egraph 33g->21v+0snap 5ms | graft 15 (-46n, 0 snap) cpu 0 | f64 20 | gen 0.1s | dropped inexpr 2 oversz 0 unbuild 0 {}
  84     0     100               0      11.3228583      10.9811251      9.00389893      209.151119     0.375905329      0.47815178
  84     1      50               0      2.40397062      2.07022699      4.15659028        30.78795    0.0798089442    0.0901440162
          wgpu 1d 102g 162c x3w 3ms | egraph 37g->16v+0snap 5ms | graft 11 (-37n, 0 snap) cpu 0 | f64 20 | gen 0.1s | dropped inexpr 2 oversz 0 unbuild 0 {}
  85     0     100               0      11.3228583      10.9811251      9.00389893      209.151119     0.375905329      0.47815178
  85     1      50               0      2.40397062      2.07022699      4.15659028        30.78795    0.0798089442    0.0901440162
          wgpu 1d 122g 168c x3w 3ms | egraph 51g->22v+0snap 7ms | graft 14 (-52n, 0 snap) cpu 0 | f64 20 | gen 0.1s | dropped inexpr 2 oversz 0 unbuild 0 {}
  86     0     100               0      11.3228583      10.9811251      9.00389893      209.151119     0.375905329      0.47815178
  86     1      50               0      2.40397062      2.07022699      4.15659028        30.78795    0.0798089442    0.0901440162
          wgpu 1d 117g 170c x3w 3ms | egraph 44g->24v+0snap 6ms | graft 18 (-45n, 0 snap) cpu 0 | f64 20 | gen 0.1s | dropped inexpr 2 oversz 0 unbuild 0 {}
  87     0     100               0      11.3228583      10.9811251      9.00389893      209.151119     0.375905329      0.47815178
  87     1      50               0      2.40397065      2.07022694      4.15659017      30.7879501    0.0798089451    0.0901440141
          wgpu 1d 117g 172c x3w 3ms | egraph 38g->26v+0snap 6ms | graft 20 (-51n, 0 snap) cpu 0 | f64 20 | gen 0.1s | dropped inexpr 4 oversz 0 unbuild 0 {}
  88     0     100               0      11.3228583      10.9811251      9.00389893      209.151119     0.375905329      0.47815178
  88     1      50               0      2.40397062      2.07022699      4.15659028        30.78795    0.0798089442    0.0901440162
          wgpu 1d 106g 165c x3w 3ms | egraph 33g->19v+0snap 5ms | graft 15 (-31n, 0 snap) cpu 0 | f64 20 | gen 0.1s | dropped inexpr 1 oversz 0 unbuild 0 {}
  89     0     100               0      11.3228583      10.9811251      9.00389893      209.151119     0.375905329      0.47815178
  89     1      50               0      2.40397062      2.07022699      4.15659028        30.78795    0.0798089442    0.0901440162
          wgpu 1d 114g 178c x3w 3ms | egraph 41g->32v+0snap 6ms | graft 19 (-63n, 0 snap) cpu 0 | f64 20 | gen 0.1s | dropped inexpr 1 oversz 0 unbuild 0 {}
  90     0     100               0      1.51249335      1.46237445      4.64111241      93.5494815    0.0502129671    0.0636762573
  90     1      50               0      2.40397062      2.07022699      4.15659028        30.78795    0.0798089442    0.0901440162
          wgpu 1d 141g 171c x3w 3ms | egraph 61g->25v+0snap 8ms | graft 17 (-50n, 0 snap) cpu 0 | f64 20 | gen 0.1s | dropped inexpr 2 oversz 0 unbuild 0 {}
--------- pump migration: intra (promote-2 + intake-reset) + cross ---------
  91     0     100               0      11.3228583      10.9811251      9.00389893      209.151119     0.375905329      0.47815178
  91     1      50               0      2.40397062      2.07022699      4.15659028        30.78795    0.0798089442    0.0901440162
          wgpu 2d 346g 332c x3w 7ms | egraph 120g->106v+0snap 23ms | graft 61 (-178n, 0 snap) cpu 0 | f64 10 | gen 0.3s | dropped inexpr 2 oversz 0 unbuild 0 {}
  92     0     100               0      11.3228583      10.9811251      9.00389893      209.151119     0.375905329      0.47815178
  92     1      50               0      2.40397062      2.07022699      4.15659028        30.78795    0.0798089442    0.0901440162
          wgpu 1d 166g 183c x3w 3ms | egraph 45g->37v+0snap 8ms | graft 19 (-64n, 0 snap) cpu 0 | f64 11 | gen 0.1s | dropped inexpr 2 oversz 0 unbuild 0 {}
  93     0     100               0      11.3228583      10.9811251      9.00389893      209.151119     0.375905329      0.47815178
  93     1      50               0      2.40397062      2.07022699      4.15659028        30.78795    0.0798089442    0.0901440162
          wgpu 1d 107g 172c x3w 3ms | egraph 29g->26v+0snap 6ms | graft 21 (-50n, 0 snap) cpu 0 | f64 11 | gen 0.1s | dropped inexpr 2 oversz 0 unbuild 0 {}
  94     0     100               0      11.3228583      10.9811251      9.00389893      209.151119     0.375905329      0.47815178
  94     1      50               0      2.40397062      2.07022699      4.15659028        30.78795    0.0798089442    0.0901440162
          wgpu 1d 104g 166c x3w 3ms | egraph 24g->20v+0snap 4ms | graft 16 (-39n, 0 snap) cpu 0 | f64 19 | gen 0.1s | dropped inexpr 1 oversz 0 unbuild 0 {}
  95     0     100               0      11.3228583      10.9811251      9.00389893      209.151119     0.375905329      0.47815178
  95     1      50               0      2.40397062      2.07022699      4.15659028        30.78795    0.0798089442    0.0901440162
          wgpu 1d 96g 164c x3w 3ms | egraph 23g->18v+0snap 4ms | graft 15 (-39n, 0 snap) cpu 0 | f64 20 | gen 0.1s | dropped inexpr 1 oversz 0 unbuild 0 {}
  96     0     100               0      11.3228583      10.9811251      9.00389893      209.151119     0.375905329      0.47815178
  96     1      50               0      2.40397062      2.07022699      4.15659028        30.78795    0.0798089442    0.0901440162
          wgpu 1d 95g 165c x3w 3ms | egraph 20g->19v+0snap 4ms | graft 13 (-29n, 0 snap) cpu 0 | f64 20 | gen 0.1s
  97     0     100               0      11.3228583      10.9811251      9.00389893      209.151119     0.375905329      0.47815178
  97     1      50               0      2.40397062      2.07022699      4.15659028        30.78795    0.0798089442    0.0901440162
          wgpu 1d 95g 167c x3w 3ms | egraph 21g->21v+0snap 4ms | graft 18 (-45n, 0 snap) cpu 0 | f64 20 | gen 0.1s
  98     0     100               0    0.0143666242    0.0166860396     0.328247621     0.142328733  0.000476954709   0.00072656121
  98     1      50               0      2.40397062      2.07022699      4.15659028        30.78795    0.0798089442    0.0901440162
          wgpu 1d 123g 179c x3w 3ms | egraph 43g->33v+0snap 8ms | graft 26 (-68n, 0 snap) cpu 0 | f64 20 | gen 0.1s | dropped inexpr 1 oversz 0 unbuild 0 {}
  99     0     100               0  3.98881208e-30  3.05910241e-30  7.10542736e-15  1.56704234e-29  1.32423782e-31  1.33202677e-31
  99     1      50               0      2.40397062      2.07022699      4.15659028        30.78795    0.0798089442    0.0901440162
          wgpu 1d 116g 175c x3w 3ms | egraph 29g->29v+0snap 4ms | graft 19 (-49n, 0 snap) cpu 0 | f64 20 | gen 0.1s | dropped inexpr 5 oversz 0 unbuild 0 {}

*** Early stop at generation 99: best val_R² = 1.0000000000 ≥ 0.9999999990, holdout_R² = 1.0000000000 confirmed

This sub-run: 2026-09-19 04:31:39.550464 → 2026-09-19 04:31:53.533897
Now at generation 99 (HOF size: 31)
[join] 109 dispatches, 12,716 genes, 59,838 candidates scored in 0.34s GPU+host; e-graph 3,731 trees -> 4,622 variants + 0 snaps in 0.77s; 2,299 grafts (0 snap), 6,754 nodes removed; cpu-path individuals 0, f64-rejected 0
[join]   inexpressible:    144  no pset token for semantic id "pow" with arity 2
[join]   inexpressible:     19  no pset token for semantic id "div" with arity 2
[join]   inexpressible:      3  no pset token for semantic id "sqrt" with arity 1
  HFF-chosen LSM kept: a=-1.5, b=-1.35076
Chromosome wrapper: id=0  →  identity
hof[0] runtime val: mse=1.424e-30  R²=1.000000
Pre-snap expression (after sympify + LSM compose):
  -1.0*B*mom*cos(theta) + 4.44089209850063e-16

Per-level snap results (before MSE scoring):
  strict      →  -B*mom*cos(theta)
  default     →  -B*mom*cos(theta)
  aggressive  →  -B*mom*cos(theta)

Snap-level comparison (sorted by holdout MSE, lowest first)
------------------------------------------------------------------------------------------
  level       MSE            R²         expression                                        
------------------------------------------------------------------------------------------
★ strict      4.031e-31      1.0000     -B*mom*cos(theta)                                 
  default     4.031e-31      1.0000     -B*mom*cos(theta)                                 
  aggressive  4.031e-31      1.0000     -B*mom*cos(theta)                                 

Winning snap level: 'strict'  →  -B*mom*cos(theta)

Canonical discovered expression: -B*mom*cos(theta)
[38;2;0;50;255m
############################################################ [38;2;255;255;255m
[38;2;0;50;255m Equation Recovery: II_15_4 [38;2;255;255;255m
[38;2;0;50;255m Truth: -mom*B*cos(theta) [38;2;255;255;255m
[38;2;0;50;255m [38;2;255;255;255m
[38;2;255;0;255m     Exact recovery     : True [38;2;255;255;255m
[38;2;255;0;255m     Numerical recovery : True (max rel_err 0.00e+00 on 10k samples) [38;2;255;255;255m
[38;2;255;0;255m     Discovered         : -B*mom*cos(theta) [38;2;255;255;255m
[38;2;255;0;255m     LSM (a, b)         : (-1.5, -1.35076) [38;2;255;255;255m
[38;2;0;50;255m
############################################################ [38;2;255;255;255m
In-range holdout : MSE=1.214e-30  MAE=7.523e-16  R²=1.0000
Extrapolation    : MSE=1.398e-29  MAE=2.351e-15  R²=1.0000

Top 10 HOF models (north_pole=truenorth) (★ = Pareto-optimal)
(deduped HOF: 2 unique chromosomes from 31 raw HOF entries)
 ----------------------------------------------------------------------------------------------------------------
       model     wrapper      length   train_mse     val_mse     max_err    train_r2      val_r2 angular_distance
 ----------------------------------------------------------------------------------------------------------------
★           0    identity          13      0.0000      0.0000      0.0000      1.0000      1.0000      0.0000
            1        rule           3     11.3229     10.9811      9.0039      0.6241      0.5218      1.5708

Pareto-optimal in top 2: 1    Pareto-optimal in full HOF: 1 / 2

Recovery sweep across 2/2 unique HOF chromosomes (capped):
  Structural / exact     : 1/2  (50.0%)
  Numerical (≤1e-6 err)  : 1/2  (50.0%)
{
    "date": "2026/09/19",
    "seed": "5",
    "task": "equation_recovery",
    "north_pole_method": "truenorth",
    "hff_include_val": true,
    "problem": "II_15_4",
    "truth_expr": "-mom*B*cos(theta)",
    "final_terminal_inputs": [
        "mom",
        "B",
        "theta"
    ],
    "wide_primitives": true,
    "head_length": "48",
    "n_genes": "3",
    "rnc_array_length": "10",
    "tournament size": "intake=8, champion=5",
    "population size": "150",
    "population per island": "intake=100, champion=50",
    "gpu_join": true,
    "eclass_k": 8,
    "number of elites": "2",
    "number of generations": "400",
    "number of islands": "2",
    "migration FREQ": "30",
    "wrapper_id": 0,
    "wrapper_name": "identity",
    "recovery_exact": true,
    "recovery_numerical": true,
    "recovery_max_rel_err": 0.0,
    "discovered_expr": "-B*mom*cos(theta)",
    "holdout_mse": 1.2136471433912202e-30,
    "holdout_r2": 1.0,
    "extrap_mse": 1.3980504577791772e-29,
    "extrap_r2": 1.0,
    "hof_size": 2,
    "hof_exact_recoveries": 1,
    "hof_numerical_recoveries": 1
}
