/opt/anaconda3/lib/python3.12/site-packages/geppy/__init__.py:26: UserWarning: pkg_resources is deprecated as an API. See https://setuptools.pypa.io/en/latest/pkg_resources.html. The pkg_resources package is slated for removal as early as 2025-11-30. Refrain from using this package or pin to Setuptools<81.
  from pkg_resources import get_distribution, DistributionNotFound
hff library OK (test fitness: (0.1415394733244273,))
registry: ['circle_area', 'gravity', 'coulomb', 'pendulum', 'keplers3', 'ideal_gas', 'I_6_2a', 'I_6_2', 'I_6_2b', 'I_8_14', 'I_9_18', 'I_10_7', 'I_11_19', 'I_12_1', 'I_12_2', 'I_12_4', 'I_12_5', 'I_12_11', 'I_13_4', 'I_13_12', 'I_14_3', 'I_14_4', 'I_15_3x', 'I_15_3t', 'I_15_1', 'I_16_6', 'I_18_4', 'I_18_12', 'I_18_14', 'I_24_6', 'I_25_13', 'I_26_2', 'I_27_6', 'I_29_4', 'I_29_16', 'I_30_3', 'I_30_5', 'I_32_5', 'I_32_17', 'I_34_8', 'I_34_1', 'I_34_14', 'I_34_27', 'I_37_4', 'I_38_12', 'I_39_1', 'I_39_11', 'I_39_22', 'I_40_1', 'I_41_16', 'I_43_16', 'I_43_31', 'I_43_43', 'I_44_4', 'I_47_23', 'I_48_2', 'I_50_26', 'II_2_42', 'II_3_24', 'II_4_23', 'II_6_11', 'II_6_15a', 'II_6_15b', 'II_8_7', 'II_8_31', 'II_10_9', 'II_11_3', 'II_11_17', 'II_11_20', 'II_11_27', 'II_11_28', 'II_13_17', 'II_13_23', 'II_13_34', 'II_15_4', 'II_15_5', 'II_21_32', 'II_24_17', 'II_27_16', 'II_27_18', 'II_34_2a', 'II_34_2', 'II_34_11', 'II_34_29a', 'II_34_29b', 'II_35_18', 'II_35_21', 'II_36_38', 'II_37_1', 'II_38_3', 'II_38_14', 'III_4_32', 'III_4_33', 'III_7_38', 'III_8_54', 'III_9_52', 'III_10_19', 'III_12_43', 'III_13_18', 'III_14_14', 'III_15_12', 'III_15_14', 'III_15_27', 'III_17_37', 'III_19_51', 'III_21_20', 'test_1', 'test_2', 'test_3', 'test_4', 'test_5', 'test_6', 'test_7', 'test_8', 'test_9', 'test_10', 'test_11', 'test_12', 'test_13', 'test_14', 'test_15', 'test_16', 'test_17', 'test_18', 'test_19', 'test_20']
[feynman override] head_length=48 (keep n_genes=3, avgval linker)
Selected problem: II_27_16
  Description : Feynman I-III II.27.16: flux = epsilon*c*Ef**2
  Variables   : ['epsilon', 'c', 'Ef']
  Train range : {'epsilon': (1.0, 5.0), 'c': (1.0, 5.0), 'Ef': (1.0, 5.0)}
  Extrap range: {'epsilon': (1.0, 7.5), 'c': (1.0, 7.5), 'Ef': (1.0, 7.5)}
  Truth       : epsilon*c*Ef**2
  ✓ cache hit  (data/equations/II_27_16, key=f3f631c0700319a7)
  train           (800, 4)  target range=[1.7, 495.8]
  val             (200, 4)  target range=[3.194, 471.9]
  holdout         (200, 4)  target range=[2.372, 469.7]
  extrapolation   (200, 4)  target range=[6.092, 2057]
  saved figure → data/figures/II_27_16/eda_pairplot.png
Wide primitive set enabled: sin, cos, exp, log added.
[E22 rules] variable pattern tags: {'no_pattern'}
[E22/23 rules] static candidate count: 1
  [sum_sq_all/sum_sq] a=6.1128 b=-9.8996e+01 1-R²_va=2.4654e-01
[fuller] denoise + snap IN THE JOIN (every gene, every generation, K=8); mutation operators: physics=0.2 concretize=0.05
Wrapper scope: per_island  (island → wrapper map: ['identity', 'identity'])
[wgpu] process pool disabled — Metal cannot survive fork(); the population is evaluated in one dispatch instead
Genes: head_length=48, n_genes=3, rnc_array_length=10
Population: (per-island, see below), elites: 2, generations: 400, migration FREQ: 30
  pump per-island sizes: intake=100 (tournsize=8), champion=50 (tournsize=5)
Initialising evolution at 2026-09-19 04:35:11.576829
 gen  deme   evals     min fitness          mse_tr          mse_va         max_err      mse_extrap  one_minus_r2_tr  one_minus_r2_va
   0     0     100    0.0404708104      1587.76259       1640.8091      154.913934       98339.301     0.211153975      0.19499981
   0     1      50    0.0196603258      2028.85224      2074.51444      180.480557      86904.6625     0.269813772     0.246542953
          wgpu 1d 364g 333c x3w 9ms | egraph 187g->183v+0snap 59ms | graft 79 (-283n, 0 snap) cpu 0 | f64 1 | gen 0.0s | dropped inexpr 2 oversz 0 unbuild 0 {}
Extending evolution: gen 1 → 400 (+400 generations)
   1     0     100     0.014430128      1318.41166      1316.09033       149.08401      91941.0716     0.175333431     0.156409033
   1     1      50    0.0196603258      2028.85224      2074.51444      180.480557      86904.6625     0.269813772     0.246542953
          wgpu 1d 222g 256c x3w 4ms | egraph 75g->109v+1snap 17ms | graft 42 (-240n, 0 snap) cpu 0 | f64 11 | gen 0.3s | dropped inexpr 10 oversz 0 unbuild 0 {}
   2     0     100   0.00658315839      1318.41166      1316.09033       149.08401      91941.0716     0.175333431     0.156409033
   2     1      50    0.0133599948      2028.85224      2074.51444      180.480557      86904.6625     0.269813772     0.246542953
          wgpu 1d 89g 194c x3w 3ms | egraph 35g->48v+0snap 7ms | graft 17 (-79n, 0 snap) cpu 0 | f64 30 | gen 0.1s | dropped inexpr 6 oversz 0 unbuild 0 {}
   3     0     100   0.00658315839      1318.41166      1316.09033       149.08401      91941.0716     0.175333431     0.156409033
   3     1      50               0      2028.85224      2074.51444      180.480557      86904.6625     0.269813772     0.246542953
          wgpu 1d 79g 192c x3w 3ms | egraph 26g->46v+0snap 5ms | graft 15 (-42n, 0 snap) cpu 0 | f64 10 | gen 0.2s | dropped inexpr 5 oversz 0 unbuild 0 {}
   4     0     100               0      691.486021      755.288382      137.481947      73465.3963    0.0919596056    0.0897612594
   4     1      50               0      2028.85224      2074.51444      180.480557      86904.6625     0.269813772     0.246542953
          wgpu 1d 104g 193c x3w 3ms | egraph 32g->47v+0snap 7ms | graft 15 (-35n, 0 snap) cpu 0 | f64 11 | gen 0.1s | dropped inexpr 2 oversz 0 unbuild 0 {}
   5     0     100               0      691.486021      755.288382      137.481947      73465.3963    0.0919596056    0.0897612594
   5     1      50               0      1056.19255      1485.25521      158.866851      80332.0673     0.140461336     0.176513212
          wgpu 1d 106g 205c x3w 3ms | egraph 32g->59v+0snap 6ms | graft 26 (-80n, 0 snap) cpu 0 | f64 20 | gen 0.1s | dropped inexpr 5 oversz 0 unbuild 0 {}
   6     0     100               0      691.486021      755.288382      137.481947      73465.3963    0.0919596056    0.0897612594
   6     1      50               0      1056.19255      1485.25521      158.866851      80332.0673     0.140461336     0.176513212
          wgpu 1d 120g 208c x3w 3ms | egraph 47g->62v+0snap 7ms | graft 31 (-69n, 0 snap) cpu 0 | f64 20 | gen 0.2s | dropped inexpr 9 oversz 0 unbuild 0 {}
   7     0     100               0      602.034724      648.769273      127.483265      68786.8179    0.0800636226    0.0771021353
   7     1      50               0      1056.19255      1485.25521      158.866851      80332.0673     0.140461336     0.176513212
          wgpu 1d 98g 195c x3w 3ms | egraph 28g->49v+0snap 15ms | graft 16 (-64n, 0 snap) cpu 0 | f64 20 | gen 0.3s | dropped inexpr 2 oversz 0 unbuild 0 {}
   8     0     100               0      602.034724      648.769273      127.483265      68786.8179    0.0800636226    0.0771021353
   8     1      50               0      1056.19255      1485.25521      158.866851      80332.0673     0.140461336     0.176513212
          wgpu 1d 119g 204c x3w 3ms | egraph 40g->58v+0snap 6ms | graft 28 (-90n, 0 snap) cpu 0 | f64 20 | gen 0.1s | dropped inexpr 2 oversz 0 unbuild 0 {}
   9     0     100               0      541.095254      598.304014      122.834859      67537.3412    0.0719593812    0.0711046577
   9     1      50               0      957.075776      1165.83933      149.430972      77988.0276     0.127279957     0.138552649
          wgpu 1d 102g 186c x3w 3ms | egraph 30g->40v+0snap 5ms | graft 16 (-43n, 0 snap) cpu 0 | f64 20 | gen 0.2s | dropped inexpr 2 oversz 0 unbuild 0 {}
  10     0     100               0      541.095254      598.304014      122.834859      67537.3412    0.0719593812    0.0711046577
  10     1      50               0      957.075776      1165.83933      149.430972      77988.0276     0.127279957     0.138552649
          wgpu 1d 97g 192c x3w 3ms | egraph 27g->46v+0snap 4ms | graft 23 (-58n, 0 snap) cpu 0 | f64 20 | gen 0.1s | dropped inexpr 2 oversz 0 unbuild 0 {}
--------- pump migration: intra (promote-2 + intake-reset) ---------
  11     0     100               0      541.095254      598.304014      122.834859      67537.3412    0.0719593812    0.0711046577
  11     1      50               0      957.075776      1165.83933      149.430972      77988.0276     0.127279957     0.138552649
          wgpu 2d 302g 360c x3w 7ms | egraph 108g->134v+0snap 19ms | graft 61 (-205n, 0 snap) cpu 0 | f64 21 | gen 0.1s | dropped inexpr 5 oversz 0 unbuild 0 {}
  12     0     100               0      541.095244      598.303985      122.834846       67537.342    0.0719593798    0.0711046542
  12     1      50               0      541.095254      598.304014      122.834859      67537.3412    0.0719593812    0.0711046577
          wgpu 1d 92g 185c x3w 3ms | egraph 24g->39v+0snap 4ms | graft 21 (-37n, 0 snap) cpu 0 | f64 20 | gen 0.1s | dropped inexpr 2 oversz 0 unbuild 0 {}
  13     0     100               0      541.095244      598.303985      122.834846       67537.342    0.0719593798    0.0711046542
  13     1      50               0      957.075776      1165.83933      149.430972      77988.0276     0.127279957     0.138552649
          wgpu 1d 101g 186c x3w 3ms | egraph 35g->40v+0snap 5ms | graft 22 (-51n, 0 snap) cpu 0 | f64 20 | gen 0.1s | dropped inexpr 1 oversz 0 unbuild 0 {}
  14     0     100               0      262.919173      252.595116      73.0787377      31791.8826    0.0349651949    0.0300193361
  14     1      50               0      541.095254      598.304014      122.834859      67537.3412    0.0719593812    0.0711046577
          wgpu 1d 93g 178c x3w 3ms | egraph 28g->32v+0snap 4ms | graft 17 (-37n, 0 snap) cpu 0 | f64 20 | gen 0.1s | dropped inexpr 2 oversz 0 unbuild 0 {}
  15     0     100               0      541.095244      598.303985      122.834846       67537.342    0.0719593798    0.0711046542
  15     1      50               0      541.095254      598.304014      122.834859      67537.3412    0.0719593812    0.0711046577
          wgpu 1d 93g 186c x3w 3ms | egraph 23g->40v+0snap 4ms | graft 24 (-46n, 0 snap) cpu 0 | f64 20 | gen 0.1s | dropped inexpr 2 oversz 0 unbuild 0 {}
  16     0     100               0      541.095244      598.303985      122.834846       67537.342    0.0719593798    0.0711046542
  16     1      50               0      541.095254      598.304014      122.834859      67537.3412    0.0719593812    0.0711046577
          wgpu 1d 95g 184c x3w 3ms | egraph 26g->38v+0snap 4ms | graft 19 (-46n, 0 snap) cpu 0 | f64 20 | gen 0.1s
  17     0     100               0      541.095244      598.303985      122.834846       67537.342    0.0719593798    0.0711046542
  17     1      50               0      541.095254      598.304014      122.834859      67537.3412    0.0719593812    0.0711046577
          wgpu 1d 96g 188c x3w 3ms | egraph 23g->42v+0snap 4ms | graft 24 (-64n, 0 snap) cpu 0 | f64 20 | gen 0.1s | dropped inexpr 2 oversz 0 unbuild 0 {}
  18     0     100               0      541.095244      598.303985      122.834846       67537.342    0.0719593798    0.0711046542
  18     1      50               0      541.095254      598.304014      122.834859      67537.3412    0.0719593812    0.0711046577
          wgpu 1d 84g 181c x3w 3ms | egraph 19g->35v+0snap 4ms | graft 13 (-24n, 0 snap) cpu 0 | f64 20 | gen 0.1s | dropped inexpr 2 oversz 0 unbuild 0 {}
  19     0     100               0      262.919173      252.595116      73.0787377      31791.8826    0.0349651949    0.0300193361
  19     1      50               0      541.095254      598.304014      122.834859      67537.3412    0.0719593812    0.0711046577
          wgpu 1d 98g 188c x3w 3ms | egraph 21g->42v+0snap 4ms | graft 18 (-54n, 0 snap) cpu 0 | f64 20 | gen 0.1s | dropped inexpr 1 oversz 0 unbuild 0 {}
  20     0     100               0      262.919173      252.595116      73.0787377      31791.8826    0.0349651949    0.0300193361
  20     1      50               0      541.095254      598.304014      122.834859      67537.3412    0.0719593812    0.0711046577
          wgpu 1d 100g 187c x3w 3ms | egraph 27g->41v+0snap 4ms | graft 19 (-44n, 0 snap) cpu 0 | f64 20 | gen 0.1s | dropped inexpr 7 oversz 0 unbuild 0 {}
--------- pump migration: intra (promote-2 + intake-reset) ---------
  21     0     100               0      262.919173      252.595116      73.0787377      31791.8826    0.0349651949    0.0300193361
  21     1      50               0      262.919173      252.595116      73.0787377      31791.8826    0.0349651949    0.0300193361
          wgpu 2d 325g 373c x3w 7ms | egraph 116g->147v+0snap 19ms | graft 58 (-158n, 0 snap) cpu 0 | f64 20 | gen 0.1s | dropped inexpr 4 oversz 0 unbuild 0 {}
  22     0     100               0      262.919173      252.595116      73.0787377      31791.8826    0.0349651949    0.0300193361
  22     1      50               0      262.919173      252.595116      73.0787377      31791.8826    0.0349651949    0.0300193361
          wgpu 1d 114g 197c x3w 3ms | egraph 32g->51v+0snap 5ms | graft 25 (-55n, 0 snap) cpu 0 | f64 20 | gen 0.1s
  23     0     100               0      262.919173      252.595116      73.0787377      31791.8826    0.0349651949    0.0300193361
  23     1      50               0      262.919173      252.595116      73.0787377      31791.8826    0.0349651949    0.0300193361
          wgpu 1d 114g 200c x3w 3ms | egraph 20g->54v+0snap 4ms | graft 20 (-61n, 0 snap) cpu 0 | f64 20 | gen 0.1s
  24     0     100               0      262.919173      252.595116      73.0787377      31791.8826    0.0349651949    0.0300193361
  24     1      50               0      262.919173      252.595116      73.0787377      31791.8826    0.0349651949    0.0300193361
          wgpu 1d 99g 187c x3w 3ms | egraph 24g->41v+0snap 5ms | graft 16 (-55n, 0 snap) cpu 0 | f64 20 | gen 0.1s
  25     0     100               0      262.919173      252.595116      73.0787377      31791.8826    0.0349651949    0.0300193361
  25     1      50               0      262.919173      252.595116      73.0787377      31791.8826    0.0349651949    0.0300193361
          wgpu 1d 81g 185c x3w 3ms | egraph 14g->39v+0snap 3ms | graft 16 (-39n, 0 snap) cpu 0 | f64 20 | gen 0.1s | dropped inexpr 1 oversz 0 unbuild 0 {}
  26     0     100               0      262.919173      252.595116      73.0787377      31791.8826    0.0349651949    0.0300193361
  26     1      50               0      262.919173      252.595116      73.0787377      31791.8826    0.0349651949    0.0300193361
          wgpu 1d 105g 190c x3w 3ms | egraph 20g->44v+0snap 4ms | graft 18 (-54n, 0 snap) cpu 0 | f64 20 | gen 0.1s
  27     0     100               0      262.919173      252.595116      73.0787377      31791.8826    0.0349651949    0.0300193361
  27     1      50               0      262.919173      252.595116      73.0787377      31791.8826    0.0349651949    0.0300193361
          wgpu 1d 114g 196c x3w 3ms | egraph 16g->50v+0snap 4ms | graft 20 (-58n, 0 snap) cpu 0 | f64 20 | gen 0.1s
  28     0     100               0      262.919173      252.595116      73.0787377      31791.8826    0.0349651949    0.0300193361
  28     1      50               0      262.919173      252.595116      73.0787377      31791.8826    0.0349651949    0.0300193361
          wgpu 1d 109g 188c x3w 3ms | egraph 19g->42v+0snap 4ms | graft 20 (-56n, 0 snap) cpu 0 | f64 20 | gen 0.1s
  29     0     100               0      262.919173      252.595116      73.0787377      31791.8826    0.0349651949    0.0300193361
  29     1      50               0      262.919173      252.595116      73.0787377      31791.8826    0.0349651949    0.0300193361
          wgpu 1d 124g 196c x3w 3ms | egraph 22g->50v+0snap 6ms | graft 25 (-72n, 0 snap) cpu 0 | f64 20 | gen 0.2s
  30     0     100               0      262.919173      252.595116      73.0787377      31791.8826    0.0349651949    0.0300193361
  30     1      50               0      262.919173      252.595116      73.0787377      31791.8826    0.0349651949    0.0300193361
          wgpu 1d 112g 199c x3w 3ms | egraph 17g->53v+0snap 4ms | graft 21 (-55n, 0 snap) cpu 0 | f64 20 | gen 0.1s
--------- pump migration: intra (promote-2 + intake-reset) ---------
  31     0     100               0      262.919173      252.595116      73.0787377      31791.8826    0.0349651949    0.0300193361
  31     1      50               0      262.919173      252.595116      73.0787377      31791.8826    0.0349651949    0.0300193361
          wgpu 2d 309g 361c x3w 7ms | egraph 105g->135v+0snap 17ms | graft 63 (-250n, 0 snap) cpu 0 | f64 21 | gen 0.2s | dropped inexpr 6 oversz 0 unbuild 0 {}
  32     0     100               0      262.919173      252.595116      73.0787377      31791.8826    0.0349651949    0.0300193361
  32     1      50               0      262.919173      252.595116      73.0787377      31791.8826    0.0349651949    0.0300193361
          wgpu 1d 91g 183c x3w 3ms | egraph 10g->37v+0snap 3ms | graft 15 (-50n, 0 snap) cpu 0 | f64 20 | gen 0.1s
  33     0     100               0      262.919173      252.595116      73.0787377      31791.8826    0.0349651949    0.0300193361
  33     1      50               0      262.919173      252.595116      73.0787377      31791.8826    0.0349651949    0.0300193361
          wgpu 1d 91g 179c x3w 3ms | egraph 19g->33v+0snap 5ms | graft 17 (-48n, 0 snap) cpu 0 | f64 20 | gen 0.1s | dropped inexpr 1 oversz 0 unbuild 0 {}
  34     0     100               0      262.919173      252.595116      73.0787377      31791.8826    0.0349651949    0.0300193361
  34     1      50               0      262.919173      252.595116      73.0787377      31791.8826    0.0349651949    0.0300193361
          wgpu 1d 90g 182c x3w 3ms | egraph 12g->36v+0snap 3ms | graft 15 (-37n, 0 snap) cpu 0 | f64 20 | gen 0.1s | dropped inexpr 1 oversz 0 unbuild 0 {}
  35     0     100               0      262.919173      252.595116      73.0787377      31791.8826    0.0349651949    0.0300193361
  35     1      50               0      262.919173      252.595116      73.0787377      31791.8826    0.0349651949    0.0300193361
          wgpu 1d 93g 181c x3w 3ms | egraph 16g->35v+0snap 4ms | graft 16 (-39n, 0 snap) cpu 0 | f64 20 | gen 0.1s
  36     0     100               0      262.919173      252.595116      73.0787377      31791.8826    0.0349651949    0.0300193361
  36     1      50               0      262.919173      252.595116      73.0787377      31791.8826    0.0349651949    0.0300193361
          wgpu 1d 128g 207c x3w 3ms | egraph 20g->61v+0snap 4ms | graft 31 (-96n, 0 snap) cpu 0 | f64 20 | gen 0.1s | dropped inexpr 1 oversz 0 unbuild 0 {}
  37     0     100               0      262.919173      252.595116      73.0787377      31791.8826    0.0349651949    0.0300193361
  37     1      50               0      262.919173      252.595116      73.0787377      31791.8826    0.0349651949    0.0300193361
          wgpu 1d 107g 182c x3w 3ms | egraph 17g->36v+0snap 4ms | graft 18 (-41n, 0 snap) cpu 0 | f64 20 | gen 0.1s | dropped inexpr 1 oversz 0 unbuild 0 {}
  38     0     100               0      262.919173      252.595116      73.0787377      31791.8826    0.0349651949    0.0300193361
  38     1      50               0      262.919173      252.595116      73.0787377      31791.8826    0.0349651949    0.0300193361
          wgpu 1d 96g 180c x3w 3ms | egraph 18g->34v+0snap 4ms | graft 14 (-45n, 0 snap) cpu 0 | f64 20 | gen 0.1s
  39     0     100               0      262.919173      252.595116      73.0787377      31791.8826    0.0349651949    0.0300193361
  39     1      50               0      262.919173      252.595116      73.0787377      31791.8826    0.0349651949    0.0300193361
          wgpu 1d 97g 177c x3w 3ms | egraph 13g->31v+0snap 4ms | graft 14 (-35n, 0 snap) cpu 0 | f64 20 | gen 0.2s
  40     0     100               0      262.919173      252.595116      73.0787377      31791.8826    0.0349651949    0.0300193361
  40     1      50               0      262.919173      252.595116      73.0787377      31791.8826    0.0349651949    0.0300193361
          wgpu 1d 112g 187c x3w 3ms | egraph 22g->41v+0snap 4ms | graft 15 (-35n, 0 snap) cpu 0 | f64 20 | gen 0.1s | dropped inexpr 2 oversz 0 unbuild 0 {}
--------- pump migration: intra (promote-2 + intake-reset) ---------
  41     0     100               0      262.919173      252.595116      73.0787377      31791.8826    0.0349651949    0.0300193361
  41     1      50               0      262.919173      252.595116      73.0787377      31791.8826    0.0349651949    0.0300193361
          wgpu 2d 302g 351c x3w 7ms | egraph 101g->125v+0snap 16ms | graft 60 (-187n, 0 snap) cpu 0 | f64 21 | gen 0.1s | dropped inexpr 3 oversz 0 unbuild 0 {}
  42     0     100               0      262.919173      252.595116      73.0787377      31791.8826    0.0349651949    0.0300193361
  42     1      50               0      262.919173      252.595116      73.0787377      31791.8826    0.0349651949    0.0300193361
          wgpu 1d 132g 207c x3w 3ms | egraph 28g->61v+0snap 5ms | graft 28 (-71n, 0 snap) cpu 0 | f64 20 | gen 0.1s
  43     0     100               0      262.919173      252.595116      73.0787377      31791.8826    0.0349651949    0.0300193361
  43     1      50               0      262.919173      252.595116      73.0787377      31791.8826    0.0349651949    0.0300193361
          wgpu 1d 110g 192c x3w 3ms | egraph 16g->46v+0snap 5ms | graft 19 (-54n, 0 snap) cpu 0 | f64 20 | gen 0.1s
  44     0     100               0      262.919173      252.595116      73.0787377      31791.8826    0.0349651949    0.0300193361
  44     1      50               0      262.919173      252.595116      73.0787377      31791.8826    0.0349651949    0.0300193361
          wgpu 1d 95g 180c x3w 3ms | egraph 12g->34v+0snap 4ms | graft 18 (-40n, 0 snap) cpu 0 | f64 20 | gen 0.1s
  45     0     100               0      262.919173      252.595116      73.0787377      31791.8826    0.0349651949    0.0300193361
  45     1      50               0      262.919173      252.595116      73.0787377      31791.8826    0.0349651949    0.0300193361
          wgpu 1d 130g 194c x3w 3ms | egraph 24g->48v+0snap 7ms | graft 24 (-68n, 0 snap) cpu 0 | f64 20 | gen 0.1s
  46     0     100               0      262.919173      252.595116      73.0787377      31791.8826    0.0349651949    0.0300193361
  46     1      50               0      262.919173      252.595116      73.0787377      31791.8826    0.0349651949    0.0300193361
          wgpu 1d 101g 176c x3w 3ms | egraph 22g->30v+0snap 5ms | graft 13 (-43n, 0 snap) cpu 0 | f64 20 | gen 0.1s | dropped inexpr 1 oversz 0 unbuild 0 {}
  47     0     100               0      262.919173      252.595116      73.0787377      31791.8826    0.0349651949    0.0300193361
  47     1      50               0      262.919173      252.595116      73.0787377      31791.8826    0.0349651949    0.0300193361
          wgpu 1d 127g 196c x3w 3ms | egraph 23g->50v+0snap 5ms | graft 28 (-70n, 0 snap) cpu 0 | f64 20 | gen 0.1s
  48     0     100               0      262.919173      252.595116      73.0787377      31791.8826    0.0349651949    0.0300193361
  48     1      50               0      262.919173      252.595116      73.0787377      31791.8826    0.0349651949    0.0300193361
          wgpu 1d 96g 179c x3w 3ms | egraph 14g->33v+0snap 4ms | graft 18 (-40n, 0 snap) cpu 0 | f64 20 | gen 0.1s
  49     0     100               0      262.919173      252.595116      73.0787377      31791.8826    0.0349651949    0.0300193361
  49     1      50               0      262.919173      252.595116      73.0787377      31791.8826    0.0349651949    0.0300193361
          wgpu 1d 113g 193c x3w 3ms | egraph 23g->47v+0snap 6ms | graft 22 (-81n, 0 snap) cpu 0 | f64 20 | gen 0.2s
  50     0     100               0      262.919173      252.595116      73.0787377      31791.8826    0.0349651949    0.0300193361
  50     1      50               0      262.919173      252.595116      73.0787377      31791.8826    0.0349651949    0.0300193361
          wgpu 1d 118g 195c x3w 3ms | egraph 24g->49v+0snap 5ms | graft 18 (-49n, 0 snap) cpu 0 | f64 20 | gen 0.1s
--------- pump migration: intra (promote-2 + intake-reset) ---------
  51     0     100               0      262.919173      252.595116      73.0787377      31791.8826    0.0349651949    0.0300193361
  51     1      50               0      262.919173      252.595116      73.0787377      31791.8826    0.0349651949    0.0300193361
          wgpu 2d 288g 338c x3w 7ms | egraph 75g->112v+0snap 16ms | graft 50 (-171n, 0 snap) cpu 0 | f64 20 | gen 0.1s | dropped inexpr 2 oversz 0 unbuild 0 {}
  52     0     100               0      262.919173      252.595116      73.0787377      31791.8826    0.0349651949    0.0300193361
  52     1      50               0      262.919173      252.595116      73.0787377      31791.8826    0.0349651949    0.0300193361
          wgpu 1d 90g 185c x3w 3ms | egraph 14g->39v+0snap 3ms | graft 18 (-50n, 0 snap) cpu 0 | f64 20 | gen 0.1s
  53     0     100               0      262.919173      252.595116      73.0787377      31791.8826    0.0349651949    0.0300193361
  53     1      50               0      262.919173      252.595116      73.0787377      31791.8826    0.0349651949    0.0300193361
          wgpu 1d 121g 196c x3w 3ms | egraph 18g->50v+0snap 4ms | graft 24 (-59n, 0 snap) cpu 0 | f64 20 | gen 0.1s
  54     0     100               0      262.919173      252.595116      73.0787377      31791.8826    0.0349651949    0.0300193361
  54     1      50               0      262.919159      252.595085      73.0787192       31791.882    0.0349651931    0.0300193324
          wgpu 1d 80g 176c x3w 3ms | egraph 8g->30v+0snap 2ms | graft 18 (-35n, 0 snap) cpu 0 | f64 20 | gen 0.1s
  55     0     100               0      262.919173      252.595116      73.0787377      31791.8826    0.0349651949    0.0300193361
  55     1      50               0      262.919159      252.595085      73.0787192       31791.882    0.0349651931    0.0300193324
          wgpu 1d 99g 182c x3w 3ms | egraph 20g->36v+0snap 4ms | graft 16 (-59n, 0 snap) cpu 0 | f64 20 | gen 0.1s | dropped inexpr 1 oversz 0 unbuild 0 {}
  56     0     100               0      262.919173      252.595116      73.0787377      31791.8826    0.0349651949    0.0300193361
  56     1      50               0      262.919159      252.595085      73.0787192       31791.882    0.0349651931    0.0300193324
          wgpu 1d 103g 181c x3w 3ms | egraph 23g->35v+0snap 5ms | graft 21 (-47n, 0 snap) cpu 0 | f64 20 | gen 0.1s
  57     0     100               0      262.919173      252.595116      73.0787377      31791.8826    0.0349651949    0.0300193361
  57     1      50               0      262.919159      252.595085      73.0787192       31791.882    0.0349651931    0.0300193324
          wgpu 1d 139g 210c x3w 3ms | egraph 25g->64v+0snap 4ms | graft 27 (-80n, 0 snap) cpu 0 | f64 20 | gen 0.1s | dropped inexpr 2 oversz 0 unbuild 0 {}
  58     0     100               0      262.919173      252.595116      73.0787377      31791.8826    0.0349651949    0.0300193361
  58     1      50               0      262.919159      252.595085      73.0787192       31791.882    0.0349651931    0.0300193324
          wgpu 1d 99g 179c x3w 3ms | egraph 17g->33v+0snap 3ms | graft 16 (-32n, 0 snap) cpu 0 | f64 20 | gen 0.1s
  59     0     100               0      262.919173      252.595116      73.0787377      31791.8826    0.0349651949    0.0300193361
  59     1      50               0      262.919159      252.595085      73.0787192       31791.882    0.0349651931    0.0300193324
          wgpu 1d 105g 183c x3w 3ms | egraph 14g->37v+0snap 3ms | graft 14 (-34n, 0 snap) cpu 0 | f64 20 | gen 0.1s
  60     0     100               0      262.919173      252.595116      73.0787377      31791.8826    0.0349651949    0.0300193361
  60     1      50               0      262.919159      252.595085      73.0787192       31791.882    0.0349651931    0.0300193324
          wgpu 1d 101g 186c x3w 3ms | egraph 17g->40v+0snap 3ms | graft 17 (-37n, 0 snap) cpu 0 | f64 20 | gen 0.2s
--------- pump migration: intra (promote-2 + intake-reset) + cross ---------
  61     0     100               0      262.919173      252.595116      73.0787377      31791.8826    0.0349651949    0.0300193361
  61     1      50               0      262.919173      252.595116      73.0787377      31791.8826    0.0349651949    0.0300193361
          wgpu 2d 359g 374c x3w 7ms | egraph 111g->148v+0snap 20ms | graft 61 (-226n, 0 snap) cpu 0 | f64 20 | gen 0.1s | dropped inexpr 3 oversz 0 unbuild 0 {}
  62     0     100               0      262.919173      252.595116      73.0787377      31791.8826    0.0349651949    0.0300193361
  62     1      50               0      262.919173      252.595116      73.0787377      31791.8826    0.0349651949    0.0300193361
          wgpu 1d 95g 178c x3w 3ms | egraph 13g->32v+0snap 3ms | graft 16 (-43n, 0 snap) cpu 0 | f64 20 | gen 0.1s
  63     0     100               0      262.919173      252.595116      73.0787377      31791.8826    0.0349651949    0.0300193361
  63     1      50               0      262.919173      252.595116      73.0787377      31791.8826    0.0349651949    0.0300193361
          wgpu 1d 108g 185c x3w 3ms | egraph 15g->39v+0snap 3ms | graft 15 (-37n, 0 snap) cpu 0 | f64 20 | gen 0.1s
  64     0     100               0      262.919173      252.595116      73.0787377      31791.8826    0.0349651949    0.0300193361
  64     1      50               0      262.919173      252.595116      73.0787377      31791.8826    0.0349651949    0.0300193361
          wgpu 1d 132g 215c x3w 3ms | egraph 25g->69v+0snap 4ms | graft 23 (-72n, 0 snap) cpu 0 | f64 20 | gen 0.1s | dropped inexpr 1 oversz 0 unbuild 0 {}
  65     0     100               0      262.919173      252.595116      73.0787377      31791.8826    0.0349651949    0.0300193361
  65     1      50               0      262.919173      252.595116      73.0787377      31791.8826    0.0349651949    0.0300193361
          wgpu 1d 126g 219c x3w 3ms | egraph 25g->73v+0snap 4ms | graft 18 (-54n, 0 snap) cpu 0 | f64 20 | gen 0.1s
  66     0     100               0      262.919173      252.595116      73.0787377      31791.8826    0.0349651949    0.0300193361
  66     1      50               0      262.919173      252.595116      73.0787377      31791.8826    0.0349651949    0.0300193361
          wgpu 1d 129g 266c x3w 3ms | egraph 26g->120v+0snap 5ms | graft 27 (-110n, 0 snap) cpu 0 | f64 20 | gen 0.1s
  67     0     100               0      262.919173      252.595116      73.0787377      31791.8826    0.0349651949    0.0300193361
  67     1      50               0      262.919173      252.595116      73.0787377      31791.8826    0.0349651949    0.0300193361
          wgpu 1d 121g 248c x3w 3ms | egraph 24g->102v+0snap 4ms | graft 23 (-85n, 0 snap) cpu 0 | f64 20 | gen 0.1s
  68     0     100               0      237.840725      222.596946      49.7379455      23795.6396    0.0316300527    0.0264542428
  68     1      50               0      262.919173      252.595116      73.0787377      31791.8826    0.0349651949    0.0300193361
          wgpu 1d 165g 287c x3w 4ms | egraph 47g->141v+0snap 8ms | graft 24 (-74n, 0 snap) cpu 0 | f64 20 | gen 0.1s | dropped inexpr 1 oversz 0 unbuild 0 {}
  69     0     100               0      237.840725      222.596946      49.7379455      23795.6396    0.0316300527    0.0264542428
  69     1      50               0      262.919173      252.595116      73.0787377      31791.8826    0.0349651949    0.0300193361
          wgpu 1d 132g 262c x3w 3ms | egraph 33g->116v+0snap 5ms | graft 15 (-34n, 0 snap) cpu 0 | f64 20 | gen 0.1s | dropped inexpr 1 oversz 0 unbuild 0 {}
  70     0     100               0      237.840725      222.596946      49.7379455      23795.6396    0.0316300527    0.0264542428
  70     1      50               0      262.919173      252.595116      73.0787377      31791.8826    0.0349651949    0.0300193361
          wgpu 1d 154g 258c x3w 3ms | egraph 39g->112v+0snap 7ms | graft 18 (-50n, 0 snap) cpu 0 | f64 20 | gen 0.2s | dropped inexpr 1 oversz 0 unbuild 0 {}
--------- pump migration: intra (promote-2 + intake-reset) ---------
  71     0     100               0      237.840725      222.596946      49.7379455      23795.6396    0.0316300527    0.0264542428
  71     1      50               0      237.840725      222.596946      49.7379455      23795.6396    0.0316300527    0.0264542428
          wgpu 2d 387g 445c x3w 8ms | egraph 130g->219v+0snap 22ms | graft 67 (-225n, 0 snap) cpu 0 | f64 20 | gen 0.2s | dropped inexpr 1 oversz 0 unbuild 0 {}
  72     0     100               0      237.840725      222.596946      49.7379455      23795.6396    0.0316300527    0.0264542428
  72     1      50               0      237.840725      222.596946      49.7379455      23795.6396    0.0316300527    0.0264542428
          wgpu 1d 145g 266c x3w 3ms | egraph 42g->120v+0snap 6ms | graft 16 (-45n, 0 snap) cpu 0 | f64 20 | gen 0.2s | dropped inexpr 2 oversz 0 unbuild 0 {}
  73     0     100               0      237.840725      222.596946      49.7379455      23795.6396    0.0316300527    0.0264542428
  73     1      50               0      237.840725      222.596946      49.7379455      23795.6396    0.0316300527    0.0264542428
          wgpu 1d 135g 274c x3w 3ms | egraph 34g->128v+0snap 6ms | graft 14 (-41n, 0 snap) cpu 0 | f64 20 | gen 0.2s | dropped inexpr 1 oversz 0 unbuild 0 {}
  74     0     100               0      237.840725      222.596946      49.7379455      23795.6396    0.0316300527    0.0264542428
  74     1      50               0      237.840725      222.596946      49.7379455      23795.6396    0.0316300527    0.0264542428
          wgpu 1d 142g 295c x3w 3ms | egraph 34g->149v+0snap 7ms | graft 19 (-49n, 0 snap) cpu 0 | f64 20 | gen 0.2s | dropped inexpr 2 oversz 0 unbuild 0 {}
  75     0     100               0      237.840725      222.596946      49.7379455      23795.6396    0.0316300527    0.0264542428
  75     1      50               0      237.840725      222.596946      49.7379455      23795.6396    0.0316300527    0.0264542428
          wgpu 1d 146g 289c x3w 3ms | egraph 30g->143v+0snap 5ms | graft 24 (-56n, 0 snap) cpu 0 | f64 20 | gen 0.2s | dropped inexpr 1 oversz 0 unbuild 0 {}
  76     0     100               0      237.840725      222.596946      49.7379455      23795.6396    0.0316300527    0.0264542428
  76     1      50               0      237.840725      222.596946      49.7379455      23795.6396    0.0316300527    0.0264542428
          wgpu 1d 152g 282c x3w 3ms | egraph 33g->136v+0snap 6ms | graft 15 (-32n, 0 snap) cpu 0 | f64 20 | gen 0.2s
  77     0     100               0      237.840725      222.596946      49.7379455      23795.6396    0.0316300527    0.0264542428
  77     1      50               0      237.840725      222.596946      49.7379455      23795.6396    0.0316300527    0.0264542428
          wgpu 1d 168g 282c x3w 4ms | egraph 45g->136v+0snap 8ms | graft 23 (-67n, 0 snap) cpu 0 | f64 20 | gen 0.2s
  78     0     100               0      237.840725      222.596946      49.7379455      23795.6396    0.0316300527    0.0264542428
  78     1      50               0      237.840725      222.596946      49.7379455      23795.6396    0.0316300527    0.0264542428
          wgpu 1d 158g 301c x3w 4ms | egraph 32g->155v+0snap 7ms | graft 25 (-58n, 0 snap) cpu 0 | f64 20 | gen 0.2s | dropped inexpr 2 oversz 0 unbuild 0 {}
  79     0     100               0      237.840725      222.596946      49.7379455      23795.6396    0.0316300527    0.0264542428
  79     1      50               0      237.840725      222.596946      49.7379455      23795.6396    0.0316300527    0.0264542428
          wgpu 1d 145g 288c x3w 4ms | egraph 29g->142v+0snap 6ms | graft 21 (-58n, 0 snap) cpu 0 | f64 20 | gen 0.2s
  80     0     100               0      237.840725      222.596946      49.7379455      23795.6396    0.0316300527    0.0264542428
  80     1      50               0      237.840725      222.596946      49.7379455      23795.6396    0.0316300527    0.0264542428
          wgpu 1d 167g 283c x3w 4ms | egraph 36g->137v+0snap 6ms | graft 25 (-55n, 0 snap) cpu 0 | f64 20 | gen 0.2s
--------- pump migration: intra (promote-2 + intake-reset) ---------
  81     0     100               0      237.840725      222.596946      49.7379455      23795.6396    0.0316300527    0.0264542428
  81     1      50               0      237.840725      222.596946      49.7379455      23795.6396    0.0316300527    0.0264542428
          wgpu 2d 456g 461c x3w 8ms | egraph 136g->235v+0snap 27ms | graft 81 (-272n, 0 snap) cpu 0 | f64 20 | gen 0.2s | dropped inexpr 6 oversz 0 unbuild 0 {}
  82     0     100               0      237.840725      222.596946      49.7379455      23795.6396    0.0316300527    0.0264542428
  82     1      50               0      237.840725      222.596946      49.7379455      23795.6396    0.0316300527    0.0264542428
          wgpu 1d 139g 283c x3w 3ms | egraph 22g->137v+0snap 4ms | graft 16 (-34n, 0 snap) cpu 0 | f64 20 | gen 0.1s | dropped inexpr 1 oversz 0 unbuild 0 {}
  83     0     100               0      237.840725      222.596946      49.7379455      23795.6396    0.0316300527    0.0264542428
  83     1      50               0      205.369547      196.418461      46.9960299      21470.9463    0.0273117633     0.023343095
          wgpu 1d 142g 279c x3w 3ms | egraph 41g->133v+0snap 6ms | graft 20 (-63n, 0 snap) cpu 0 | f64 20 | gen 0.2s | dropped inexpr 1 oversz 0 unbuild 0 {}
  84     0     100               0      237.840725      222.596946      49.7379455      23795.6396    0.0316300527    0.0264542428
  84     1      50               0      205.369547      196.418461      46.9960299      21470.9463    0.0273117633     0.023343095
          wgpu 1d 172g 276c x3w 4ms | egraph 35g->130v+0snap 6ms | graft 24 (-57n, 0 snap) cpu 0 | f64 20 | gen 0.2s
  85     0     100               0      237.840725      222.596946      49.7379455      23795.6396    0.0316300527    0.0264542428
  85     1      50               0      205.369547      196.418461      46.9960299      21470.9463    0.0273117633     0.023343095
          wgpu 1d 167g 271c x3w 3ms | egraph 36g->125v+0snap 7ms | graft 24 (-67n, 0 snap) cpu 0 | f64 20 | gen 0.3s | dropped inexpr 1 oversz 0 unbuild 0 {}
  86     0     100               0      237.840725      222.596946      49.7379455      23795.6396    0.0316300527    0.0264542428
  86     1      50               0      205.369547      196.418461      46.9960299      21470.9463    0.0273117633     0.023343095
          wgpu 1d 162g 265c x3w 3ms | egraph 27g->119v+0snap 5ms | graft 19 (-35n, 0 snap) cpu 0 | f64 20 | gen 0.2s
  87     0     100               0      237.840725      222.596946      49.7379455      23795.6396    0.0316300527    0.0264542428
  87     1      50               0      205.369547      196.418461      46.9960299      21470.9463    0.0273117633     0.023343095
          wgpu 1d 156g 262c x3w 3ms | egraph 31g->116v+0snap 7ms | graft 17 (-68n, 0 snap) cpu 0 | f64 20 | gen 0.4s
  88     0     100               0      237.840725      222.596946      49.7379455      23795.6396    0.0316300527    0.0264542428
  88     1      50               0      205.369547      196.418461      46.9960299      21470.9463    0.0273117633     0.023343095
          wgpu 1d 145g 266c x3w 3ms | egraph 35g->120v+0snap 6ms | graft 19 (-48n, 0 snap) cpu 0 | f64 20 | gen 0.2s | dropped inexpr 1 oversz 0 unbuild 0 {}
  89     0     100               0      237.840725      222.596946      49.7379455      23795.6396    0.0316300527    0.0264542428
  89     1      50               0      205.369547      196.418461      46.9960299      21470.9463    0.0273117633     0.023343095
          wgpu 1d 166g 288c x3w 4ms | egraph 42g->142v+0snap 7ms | graft 26 (-81n, 0 snap) cpu 0 | f64 20 | gen 0.2s
  90     0     100               0      237.840725      222.596946      49.7379455      23795.6396    0.0316300527    0.0264542428
  90     1      50               0      205.369547      196.418461      46.9960299      21470.9463    0.0273117633     0.023343095
          wgpu 1d 161g 268c x3w 3ms | egraph 35g->122v+0snap 6ms | graft 15 (-36n, 0 snap) cpu 0 | f64 20 | gen 0.2s | dropped inexpr 1 oversz 0 unbuild 0 {}
--------- pump migration: intra (promote-2 + intake-reset) + cross ---------
  91     0     100               0      237.840725      222.596946      49.7379455      23795.6396    0.0316300527    0.0264542428
  91     1      50               0      237.840725      222.596946      49.7379455      23795.6396    0.0316300527    0.0264542428
          wgpu 2d 380g 469c x3w 7ms | egraph 103g->243v+0snap 19ms | graft 66 (-222n, 0 snap) cpu 0 | f64 26 | gen 0.2s | dropped inexpr 3 oversz 0 unbuild 0 {}
  92     0     100               0      237.840725      222.596946      49.7379455      23795.6396    0.0316300527    0.0264542428
  92     1      50               0      205.369547      196.418461      46.9960299      21470.9463    0.0273117633     0.023343095
          wgpu 1d 150g 274c x3w 3ms | egraph 30g->128v+0snap 6ms | graft 22 (-61n, 0 snap) cpu 0 | f64 20 | gen 0.2s
  93     0     100               0      237.840725      222.596946      49.7379455      23795.6396    0.0316300527    0.0264542428
  93     1      50               0      205.369547      196.418461      46.9960299      21470.9463    0.0273117633     0.023343095
          wgpu 1d 172g 291c x3w 4ms | egraph 31g->145v+0snap 5ms | graft 30 (-91n, 0 snap) cpu 0 | f64 20 | gen 0.2s | dropped inexpr 1 oversz 0 unbuild 0 {}
  94     0     100               0      237.840725      222.596946      49.7379455      23795.6396    0.0316300527    0.0264542428
  94     1      50               0      237.840725      222.596946      49.7379455      23795.6396    0.0316300527    0.0264542428
          wgpu 1d 166g 287c x3w 3ms | egraph 29g->141v+0snap 6ms | graft 27 (-78n, 0 snap) cpu 0 | f64 20 | gen 0.3s | dropped inexpr 1 oversz 0 unbuild 0 {}
  95     0     100               0      237.840725      222.596946      49.7379455      23795.6396    0.0316300527    0.0264542428
  95     1      50               0      237.840725      222.596946      49.7379455      23795.6396    0.0316300527    0.0264542428
          wgpu 1d 159g 294c x3w 3ms | egraph 26g->148v+0snap 5ms | graft 28 (-76n, 0 snap) cpu 0 | f64 20 | gen 0.2s | dropped inexpr 1 oversz 0 unbuild 0 {}
  96     0     100               0      237.840725      222.596946      49.7379455      23795.6396    0.0316300527    0.0264542428
  96     1      50               0      205.369547      196.418461      46.9960299      21470.9463    0.0273117633     0.023343095
          wgpu 1d 164g 276c x3w 4ms | egraph 25g->130v+0snap 6ms | graft 19 (-38n, 0 snap) cpu 0 | f64 20 | gen 0.2s
  97     0     100               0      1.61333158      1.56846835      3.78108756      12.5524906  0.000214554353  0.000186402569
  97     1      50               0      205.369547      196.418461      46.9960299      21470.9463    0.0273117633     0.023343095
          wgpu 1d 184g 261c x3w 4ms | egraph 48g->115v+0snap 10ms | graft 32 (-74n, 0 snap) cpu 0 | f64 20 | gen 0.2s | dropped inexpr 2 oversz 0 unbuild 0 {}
  98     0     100               0    0.0125829236    0.0128819828     0.284512405     0.205795554  1.67338263e-06  1.53094239e-06
  98     1      50               0      205.369547      196.418461      46.9960299      21470.9463    0.0273117633     0.023343095
          wgpu 1d 167g 234c x3w 3ms | egraph 39g->84v+4snap 8ms | graft 30 (-74n, 3 snap) cpu 0 | f64 20 | gen 0.2s | dropped inexpr 4 oversz 0 unbuild 0 {}
  99     0     100               0    1.006872e-16  1.00579296e-16  2.42753941e-08  1.00756413e-16  1.33902277e-20  1.19532149e-20
  99     1      50               0      205.369547      196.418461      46.9960299      21470.9463    0.0273117633     0.023343095
          wgpu 1d 176g 226c x3w 4ms | egraph 50g->69v+11snap 8ms | graft 38 (-86n, 5 snap) cpu 0 | f64 20 | gen 0.2s | dropped inexpr 6 oversz 0 unbuild 0 {}

*** Early stop at generation 99: best val_R² = 1.0000000000 ≥ 0.9999999990, holdout_R² = 1.0000000000 confirmed

This sub-run: 2026-09-19 04:35:11.750864 → 2026-09-19 04:35:27.029326
Now at generation 99 (HOF size: 31)
[join] 109 dispatches, 14,564 genes, 70,854 candidates scored in 0.36s GPU+host; e-graph 3,587 trees -> 8,278 variants + 16 snaps in 0.71s; 2,514 grafts (8 snap), 7,369 nodes removed; cpu-path individuals 0, f64-rejected 0
[join]   inexpressible:    126  no pset token for semantic id "pow" with arity 2
[join]   inexpressible:     15  no pset token for semantic id "sqrt" with arity 1
[join]   inexpressible:      1  no pset token for semantic id "div" with arity 2
  HFF-chosen LSM kept: a=-0.614798, b=-0.204933
Chromosome wrapper: id=0  →  identity
hof[0] runtime val: mse=6.633e-28  R²=1.000000
Pre-snap expression (after sympify + LSM compose):
  1.0*Ef**2*c*epsilon - 2.24820162486594e-14

Per-level snap results (before MSE scoring):
  strict      →  Ef**2*c*epsilon
  default     →  Ef**2*c*epsilon
  aggressive  →  Ef**2*c*epsilon

Snap-level comparison (sorted by holdout MSE, lowest first)
------------------------------------------------------------------------------------------
  level       MSE            R²         expression                                        
------------------------------------------------------------------------------------------
★ strict      1.38e-28       1.0000     Ef**2*c*epsilon                                   
  default     1.38e-28       1.0000     Ef**2*c*epsilon                                   
  aggressive  1.38e-28       1.0000     Ef**2*c*epsilon                                   

Winning snap level: 'strict'  →  Ef**2*c*epsilon

Canonical discovered expression: Ef**2*c*epsilon
[38;2;0;50;255m
############################################################ [38;2;255;255;255m
[38;2;0;50;255m Equation Recovery: II_27_16 [38;2;255;255;255m
[38;2;0;50;255m Truth: epsilon*c*Ef**2 [38;2;255;255;255m
[38;2;0;50;255m [38;2;255;255;255m
[38;2;255;0;255m     Exact recovery     : True [38;2;255;255;255m
[38;2;255;0;255m     Numerical recovery : True (max rel_err 0.00e+00 on 10k samples) [38;2;255;255;255m
[38;2;255;0;255m     Discovered         : Ef**2*c*epsilon [38;2;255;255;255m
[38;2;255;0;255m     LSM (a, b)         : (-0.614798, -0.204933) [38;2;255;255;255m
[38;2;0;50;255m
############################################################ [38;2;255;255;255m
In-range holdout : MSE=7.161e-28  MAE=2.007e-14  R²=1.0000
Extrapolation    : MSE=1.477e-26  MAE=5.81e-14  R²=1.0000

Top 10 HOF models (north_pole=truenorth) (★ = Pareto-optimal)
(deduped HOF: 2 unique chromosomes from 31 raw HOF entries)
 ----------------------------------------------------------------------------------------------------------------
       model     wrapper      length   train_mse     val_mse     max_err    train_r2      val_r2 angular_distance
 ----------------------------------------------------------------------------------------------------------------
★           0    identity          11      0.0000      0.0000      0.0000      1.0000      1.0000      0.0000
            1        rule           5   2028.8522   2074.5144    180.4806      0.7302      0.7535      1.5708

Pareto-optimal in top 2: 1    Pareto-optimal in full HOF: 1 / 2

Recovery sweep across 2/2 unique HOF chromosomes (capped):
  Structural / exact     : 1/2  (50.0%)
  Numerical (≤1e-6 err)  : 1/2  (50.0%)
{
    "date": "2026/09/19",
    "seed": "5",
    "task": "equation_recovery",
    "north_pole_method": "truenorth",
    "hff_include_val": true,
    "problem": "II_27_16",
    "truth_expr": "epsilon*c*Ef**2",
    "final_terminal_inputs": [
        "epsilon",
        "c",
        "Ef"
    ],
    "wide_primitives": true,
    "head_length": "48",
    "n_genes": "3",
    "rnc_array_length": "10",
    "tournament size": "intake=8, champion=5",
    "population size": "150",
    "population per island": "intake=100, champion=50",
    "gpu_join": true,
    "eclass_k": 8,
    "number of elites": "2",
    "number of generations": "400",
    "number of islands": "2",
    "migration FREQ": "30",
    "wrapper_id": 0,
    "wrapper_name": "identity",
    "recovery_exact": true,
    "recovery_numerical": true,
    "recovery_max_rel_err": 0.0,
    "discovered_expr": "Ef**2*c*epsilon",
    "holdout_mse": 7.161131386176616e-28,
    "holdout_r2": 1.0,
    "extrap_mse": 1.4771313954041242e-26,
    "extrap_r2": 1.0,
    "hof_size": 2,
    "hof_exact_recoveries": 1,
    "hof_numerical_recoveries": 1
}
