/opt/anaconda3/lib/python3.12/site-packages/geppy/__init__.py:26: UserWarning: pkg_resources is deprecated as an API. See https://setuptools.pypa.io/en/latest/pkg_resources.html. The pkg_resources package is slated for removal as early as 2025-11-30. Refrain from using this package or pin to Setuptools<81.
  from pkg_resources import get_distribution, DistributionNotFound
hff library OK (test fitness: (0.1415394733244273,))
registry: ['circle_area', 'gravity', 'coulomb', 'pendulum', 'keplers3', 'ideal_gas', 'I_6_2a', 'I_6_2', 'I_6_2b', 'I_8_14', 'I_9_18', 'I_10_7', 'I_11_19', 'I_12_1', 'I_12_2', 'I_12_4', 'I_12_5', 'I_12_11', 'I_13_4', 'I_13_12', 'I_14_3', 'I_14_4', 'I_15_3x', 'I_15_3t', 'I_15_1', 'I_16_6', 'I_18_4', 'I_18_12', 'I_18_14', 'I_24_6', 'I_25_13', 'I_26_2', 'I_27_6', 'I_29_4', 'I_29_16', 'I_30_3', 'I_30_5', 'I_32_5', 'I_32_17', 'I_34_8', 'I_34_1', 'I_34_14', 'I_34_27', 'I_37_4', 'I_38_12', 'I_39_1', 'I_39_11', 'I_39_22', 'I_40_1', 'I_41_16', 'I_43_16', 'I_43_31', 'I_43_43', 'I_44_4', 'I_47_23', 'I_48_2', 'I_50_26', 'II_2_42', 'II_3_24', 'II_4_23', 'II_6_11', 'II_6_15a', 'II_6_15b', 'II_8_7', 'II_8_31', 'II_10_9', 'II_11_3', 'II_11_17', 'II_11_20', 'II_11_27', 'II_11_28', 'II_13_17', 'II_13_23', 'II_13_34', 'II_15_4', 'II_15_5', 'II_21_32', 'II_24_17', 'II_27_16', 'II_27_18', 'II_34_2a', 'II_34_2', 'II_34_11', 'II_34_29a', 'II_34_29b', 'II_35_18', 'II_35_21', 'II_36_38', 'II_37_1', 'II_38_3', 'II_38_14', 'III_4_32', 'III_4_33', 'III_7_38', 'III_8_54', 'III_9_52', 'III_10_19', 'III_12_43', 'III_13_18', 'III_14_14', 'III_15_12', 'III_15_14', 'III_15_27', 'III_17_37', 'III_19_51', 'III_21_20', 'test_1', 'test_2', 'test_3', 'test_4', 'test_5', 'test_6', 'test_7', 'test_8', 'test_9', 'test_10', 'test_11', 'test_12', 'test_13', 'test_14', 'test_15', 'test_16', 'test_17', 'test_18', 'test_19', 'test_20']
[feynman override] head_length=48 (keep n_genes=3, avgval linker)
Selected problem: II_38_14
  Description : Feynman I-III II.38.14: mu_S = Y/(2*(1+sigma))
  Variables   : ['Y', 'sigma']
  Train range : {'Y': (1.0, 5.0), 'sigma': (1.0, 5.0)}
  Extrap range: {'Y': (1.0, 7.5), 'sigma': (1.0, 7.5)}
  Truth       : Y/(2*(1+sigma))
  ✓ cache hit  (data/equations/II_38_14, key=dcb169b08c029d0f)
  train           (800, 3)  target range=[0.08889, 1.19]
  val             (200, 3)  target range=[0.0867, 1.146]
  holdout         (200, 3)  target range=[0.0966, 0.9867]
  extrapolation   (200, 3)  target range=[0.06911, 1.678]
  saved figure → data/figures/II_38_14/eda_pairplot.png
Wide primitive set enabled: sin, cos, exp, log added.
[E22 rules] variable pattern tags: {'has_gaussian_input'}
[E22/23 rules] static candidate count: 1
  [sum_sq_all/sum_sq] a=0.0023 b=3.7519e-01 1-R²_va=9.9185e-01
[fuller] denoise + snap IN THE JOIN (every gene, every generation, K=8); mutation operators: physics=0.2 concretize=0.05
Wrapper scope: per_island  (island → wrapper map: ['identity', 'identity'])
[wgpu] process pool disabled — Metal cannot survive fork(); the population is evaluated in one dispatch instead
Genes: head_length=48, n_genes=3, rnc_array_length=10
Population: (per-island, see below), elites: 2, generations: 400, migration FREQ: 30
  pump per-island sizes: intake=100 (tournsize=8), champion=50 (tournsize=5)
Initialising evolution at 2026-09-19 04:47:21.509145
 gen  deme   evals     min fitness          mse_tr          mse_va         max_err      mse_extrap  one_minus_r2_tr  one_minus_r2_va
   0     0     100  0.000216983282  0.000679763956  0.000671888391    0.0975421131   0.00231939734    0.0144041412    0.0116505648
   0     1      50               0  0.000811900824  0.000829436586     0.104820722   0.00201433508    0.0172041103    0.0143824552
          wgpu 1d 362g 324c x3w 9ms | egraph 192g->174v+0snap 61ms | graft 71 (-222n, 0 snap) cpu 0 | f64 30 | gen 0.0s | dropped inexpr 8 oversz 0 unbuild 0 {}
Extending evolution: gen 1 → 400 (+400 generations)
   1     0     100   6.6670756e-05  0.000501411354  0.000490602365    0.0670605952   0.00173159088    0.0106248645   0.00850705966
   1     1      50               0  0.000811900824  0.000829436586     0.104820722   0.00201433508    0.0172041103    0.0143824552
          wgpu 1d 285g 423c x3w 5ms | egraph 126g->277v+0snap 27ms | graft 87 (-229n, 0 snap) cpu 0 | f64 37 | gen 0.5s | dropped inexpr 45 oversz 0 unbuild 0 {}
   2     0     100  1.18326667e-05  0.000501411354  0.000490602365    0.0670605952   0.00173159088    0.0106248645   0.00850705966
   2     1      50               0  0.000811900824  0.000829436586     0.104820722   0.00201433508    0.0172041103    0.0143824552
          wgpu 1d 300g 381c x3w 5ms | egraph 120g->235v+0snap 21ms | graft 82 (-246n, 0 snap) cpu 0 | f64 33 | gen 0.6s | dropped inexpr 42 oversz 0 unbuild 0 {}
   3     0     100  1.18326667e-05  0.000501411354  0.000490602365    0.0670605952   0.00173159088    0.0106248645   0.00850705966
   3     1      50               0  0.000811900824  0.000829436586     0.104820722   0.00201433508    0.0172041103    0.0143824552
          wgpu 1d 102g 172c x3w 3ms | egraph 44g->26v+0snap 6ms | graft 15 (-50n, 0 snap) cpu 0 | f64 24 | gen 0.1s | dropped inexpr 4 oversz 0 unbuild 0 {}
   4     0     100  6.56192729e-06  0.000501411354  0.000490602365    0.0670605952   0.00173159088    0.0106248645   0.00850705966
   4     1      50               0  0.000811900824  0.000829436586     0.104820722   0.00201433508    0.0172041103    0.0143824552
          wgpu 1d 115g 181c x3w 3ms | egraph 50g->35v+0snap 8ms | graft 25 (-56n, 0 snap) cpu 0 | f64 38 | gen 0.2s | dropped inexpr 4 oversz 0 unbuild 0 {}
   5     0     100  6.56192729e-06  0.000501411354  0.000490602365    0.0670605952   0.00173159088    0.0106248645   0.00850705966
   5     1      50               0  0.000811900824  0.000829436586     0.104820722   0.00201433508    0.0172041103    0.0143824552
          wgpu 1d 117g 179c x3w 3ms | egraph 49g->33v+0snap 8ms | graft 17 (-44n, 0 snap) cpu 0 | f64 20 | gen 0.1s | dropped inexpr 2 oversz 0 unbuild 0 {}
   6     0     100  6.56192729e-06  0.000501411294  0.000490602225    0.0670605542   0.00173159078    0.0106248632   0.00850705723
   6     1      50               0  0.000811900824  0.000829436586     0.104820722   0.00201433508    0.0172041103    0.0143824552
          wgpu 1d 126g 199c x3w 3ms | egraph 44g->53v+0snap 7ms | graft 23 (-54n, 0 snap) cpu 0 | f64 20 | gen 0.1s | dropped inexpr 3 oversz 0 unbuild 0 {}
   7     0     100  6.56192729e-06  0.000501411354  0.000490602365    0.0670605952   0.00173159088    0.0106248645   0.00850705966
   7     1      50               0  0.000167025569  0.000166561442    0.0556083046   0.00372870173   0.00353925779   0.00288818037
          wgpu 1d 135g 200c x3w 3ms | egraph 40g->54v+0snap 7ms | graft 24 (-79n, 0 snap) cpu 0 | f64 20 | gen 0.3s | dropped inexpr 4 oversz 0 unbuild 0 {}
   8     0     100  6.56192729e-06  0.000501411294  0.000490602225    0.0670605542   0.00173159078    0.0106248632   0.00850705723
   8     1      50               0  0.000167025569  0.000166561442    0.0556083046   0.00372870173   0.00353925779   0.00288818037
          wgpu 1d 145g 228c x3w 4ms | egraph 49g->82v+0snap 8ms | graft 42 (-119n, 0 snap) cpu 0 | f64 20 | gen 0.2s | dropped inexpr 4 oversz 0 unbuild 0 {}
   9     0     100  6.56192729e-06  0.000501411294  0.000490602225    0.0670605542   0.00173159078    0.0106248632   0.00850705723
   9     1      50               0  0.000167025569  0.000166561442    0.0556083046   0.00372870173   0.00353925779   0.00288818037
          wgpu 1d 150g 235c x3w 3ms | egraph 44g->89v+0snap 8ms | graft 34 (-89n, 0 snap) cpu 0 | f64 20 | gen 0.2s | dropped inexpr 6 oversz 0 unbuild 0 {}
  10     0     100  6.56192729e-06  0.000501411294  0.000490602225    0.0670605542   0.00173159078    0.0106248632   0.00850705723
  10     1      50               0  0.000167025569  0.000166561442    0.0556083046   0.00372870173   0.00353925779   0.00288818037
          wgpu 1d 181g 253c x3w 4ms | egraph 56g->107v+0snap 10ms | graft 43 (-166n, 0 snap) cpu 0 | f64 20 | gen 0.2s | dropped inexpr 1 oversz 0 unbuild 0 {}
--------- pump migration: intra (promote-2 + intake-reset) ---------
  11     0     100  6.56192729e-06  0.000501411294  0.000490602225    0.0670605542   0.00173159078    0.0106248632   0.00850705723
  11     1      50               0  0.000167025569  0.000166561442    0.0556083046   0.00372870173   0.00353925779   0.00288818037
          wgpu 2d 342g 398c x3w 7ms | egraph 125g->172v+0snap 23ms | graft 72 (-191n, 0 snap) cpu 0 | f64 30 | gen 0.2s | dropped inexpr 11 oversz 0 unbuild 0 {}
  12     0     100  6.56192729e-06  0.000501411294  0.000490602225    0.0670605542   0.00173159078    0.0106248632   0.00850705723
  12     1      50               0  0.000167025569  0.000166561442    0.0556083046   0.00372870173   0.00353925779   0.00288818037
          wgpu 1d 165g 250c x3w 4ms | egraph 42g->104v+0snap 10ms | graft 42 (-105n, 0 snap) cpu 0 | f64 20 | gen 0.2s
  13     0     100  6.56192729e-06  0.000501411294  0.000490602225    0.0670605542   0.00173159078    0.0106248632   0.00850705723
  13     1      50               0  0.000167025569  0.000166561442    0.0556083046   0.00372870173   0.00353925779   0.00288818037
          wgpu 1d 165g 233c x3w 4ms | egraph 49g->87v+0snap 9ms | graft 31 (-119n, 0 snap) cpu 0 | f64 20 | gen 0.2s | dropped inexpr 7 oversz 0 unbuild 0 {}
  14     0     100  6.56192729e-06  0.000501411294  0.000490602225    0.0670605542   0.00173159078    0.0106248632   0.00850705723
  14     1      50               0  0.000144028939  0.000151012533    0.0376156841   0.00371158212   0.00305196114   0.00261856183
          wgpu 1d 150g 213c x3w 3ms | egraph 47g->67v+0snap 7ms | graft 34 (-88n, 0 snap) cpu 0 | f64 20 | gen 0.2s | dropped inexpr 4 oversz 0 unbuild 0 {}
  15     0     100  6.56192729e-06  0.000501411294  0.000490602225    0.0670605542   0.00173159078    0.0106248632   0.00850705723
  15     1      50               0  0.000144028939  0.000151012533    0.0376156841   0.00371158212   0.00305196114   0.00261856183
          wgpu 1d 149g 202c x3w 3ms | egraph 46g->56v+0snap 9ms | graft 31 (-90n, 0 snap) cpu 0 | f64 20 | gen 0.2s
  16     0     100  6.56192729e-06  0.000501411294  0.000490602225    0.0670605542   0.00173159078    0.0106248632   0.00850705723
  16     1      50               0  0.000144028939  0.000151012533    0.0376156841   0.00371158212   0.00305196114   0.00261856183
          wgpu 1d 108g 185c x3w 3ms | egraph 25g->39v+0snap 4ms | graft 27 (-67n, 0 snap) cpu 0 | f64 20 | gen 0.1s | dropped inexpr 3 oversz 0 unbuild 0 {}
  17     0     100  6.56192729e-06  0.000501411294  0.000490602225    0.0670605542   0.00173159078    0.0106248632   0.00850705723
  17     1      50               0  0.000144028939  0.000151012533    0.0376156841   0.00371158212   0.00305196114   0.00261856183
          wgpu 1d 122g 190c x3w 3ms | egraph 30g->44v+0snap 5ms | graft 31 (-75n, 0 snap) cpu 0 | f64 20 | gen 0.1s | dropped inexpr 1 oversz 0 unbuild 0 {}
  18     0     100  6.56192729e-06  0.000501411294  0.000490602225    0.0670605542   0.00173159078    0.0106248632   0.00850705723
  18     1      50               0  0.000144028939  0.000151012533    0.0376156841   0.00371158212   0.00305196114   0.00261856183
          wgpu 1d 124g 181c x3w 3ms | egraph 30g->35v+0snap 7ms | graft 23 (-46n, 0 snap) cpu 0 | f64 20 | gen 0.2s | dropped inexpr 1 oversz 0 unbuild 0 {}
  19     0     100  6.56192729e-06  0.000501411294  0.000490602225    0.0670605542   0.00173159078    0.0106248632   0.00850705723
  19     1      50               0  0.000144028939  0.000151012533    0.0376156841   0.00371158212   0.00305196114   0.00261856183
          wgpu 1d 113g 171c x3w 3ms | egraph 31g->25v+0snap 7ms | graft 17 (-46n, 0 snap) cpu 0 | f64 20 | gen 0.1s | dropped inexpr 5 oversz 0 unbuild 0 {}
  20     0     100  6.56192729e-06  0.000501411294  0.000490602225    0.0670605542   0.00173159078    0.0106248632   0.00850705723
  20     1      50               0  0.000144028939  0.000151012533    0.0376156841   0.00371158212   0.00305196114   0.00261856183
          wgpu 1d 137g 183c x3w 3ms | egraph 39g->37v+0snap 7ms | graft 25 (-53n, 0 snap) cpu 0 | f64 20 | gen 0.1s
--------- pump migration: intra (promote-2 + intake-reset) ---------
  21     0     100  6.56192729e-06  0.000501411294  0.000490602225    0.0670605542   0.00173159078    0.0106248632   0.00850705723
  21     1      50               0  0.000144028939  0.000151012533    0.0376156841   0.00371158212   0.00305196114   0.00261856183
          wgpu 2d 328g 354c x3w 7ms | egraph 132g->128v+0snap 19ms | graft 62 (-185n, 0 snap) cpu 0 | f64 30 | gen 0.2s | dropped inexpr 6 oversz 0 unbuild 0 {}
  22     0     100  6.56192729e-06  0.000501411294  0.000490602225    0.0670605542   0.00173159078    0.0106248632   0.00850705723
  22     1      50               0  0.000144028939  0.000151012533    0.0376156841   0.00371158212   0.00305196114   0.00261856183
          wgpu 1d 149g 198c x3w 4ms | egraph 37g->52v+0snap 7ms | graft 33 (-101n, 0 snap) cpu 0 | f64 20 | gen 0.2s | dropped inexpr 1 oversz 0 unbuild 0 {}
  23     0     100  6.56192729e-06  0.000501411294  0.000490602225    0.0670605542   0.00173159078    0.0106248632   0.00850705723
  23     1      50               0  0.000144028939  0.000151012533    0.0376156841   0.00371158212   0.00305196114   0.00261856183
          wgpu 1d 130g 187c x3w 3ms | egraph 27g->41v+0snap 6ms | graft 28 (-80n, 0 snap) cpu 0 | f64 20 | gen 0.2s | dropped inexpr 2 oversz 0 unbuild 0 {}
  24     0     100  6.56192729e-06  0.000501411294  0.000490602225    0.0670605542   0.00173159078    0.0106248632   0.00850705723
  24     1      50               0  0.000144028939  0.000151012533    0.0376156841   0.00371158212   0.00305196114   0.00261856183
          wgpu 1d 94g 171c x3w 3ms | egraph 18g->25v+0snap 36ms | graft 18 (-43n, 0 snap) cpu 0 | f64 20 | gen 0.2s
  25     0     100  6.56192729e-06  0.000501411294  0.000490602225    0.0670605542   0.00173159078    0.0106248632   0.00850705723
  25     1      50               0  0.000144028939  0.000151012533    0.0376156841   0.00371158212   0.00305196114   0.00261856183
          wgpu 1d 93g 169c x3w 3ms | egraph 15g->23v+0snap 4ms | graft 19 (-39n, 0 snap) cpu 0 | f64 20 | gen 0.1s
  26     0     100  6.56192729e-06  0.000501411294  0.000490602225    0.0670605542   0.00173159078    0.0106248632   0.00850705723
  26     1      50               0  0.000144028939  0.000151012533    0.0376156841   0.00371158212   0.00305196114   0.00261856183
          wgpu 1d 116g 185c x3w 3ms | egraph 21g->39v+0snap 5ms | graft 18 (-60n, 0 snap) cpu 0 | f64 20 | gen 0.1s | dropped inexpr 1 oversz 0 unbuild 0 {}
  27     0     100  6.56192729e-06  0.000501411294  0.000490602225    0.0670605542   0.00173159078    0.0106248632   0.00850705723
  27     1      50               0  0.000144028939  0.000151012533    0.0376156841   0.00371158212   0.00305196114   0.00261856183
          wgpu 1d 136g 195c x3w 3ms | egraph 32g->49v+0snap 7ms | graft 26 (-72n, 0 snap) cpu 0 | f64 20 | gen 0.2s | dropped inexpr 3 oversz 0 unbuild 0 {}
  28     0     100  6.56192729e-06  0.000501411294  0.000490602225    0.0670605542   0.00173159078    0.0106248632   0.00850705723
  28     1      50               0  0.000144028939  0.000151012533    0.0376156841   0.00371158212   0.00305196114   0.00261856183
          wgpu 1d 114g 178c x3w 3ms | egraph 21g->32v+0snap 5ms | graft 17 (-57n, 0 snap) cpu 0 | f64 20 | gen 0.1s | dropped inexpr 1 oversz 0 unbuild 0 {}
  29     0     100  6.56192729e-06  0.000501411294  0.000490602225    0.0670605542   0.00173159078    0.0106248632   0.00850705723
  29     1      50               0  0.000144028939  0.000151012533    0.0376156841   0.00371158212   0.00305196114   0.00261856183
          wgpu 1d 134g 185c x3w 3ms | egraph 35g->39v+0snap 6ms | graft 24 (-65n, 0 snap) cpu 0 | f64 20 | gen 0.1s | dropped inexpr 1 oversz 0 unbuild 0 {}
  30     0     100  6.56192729e-06  0.000501411294  0.000490602225    0.0670605542   0.00173159078    0.0106248632   0.00850705723
  30     1      50               0  0.000144028939  0.000151012533    0.0376156841   0.00371158212   0.00305196114   0.00261856183
          wgpu 1d 126g 188c x3w 3ms | egraph 25g->42v+0snap 6ms | graft 23 (-54n, 0 snap) cpu 0 | f64 20 | gen 0.2s | dropped inexpr 1 oversz 0 unbuild 0 {}
--------- pump migration: intra (promote-2 + intake-reset) ---------
  31     0     100  6.56192729e-06  0.000501411294  0.000490602225    0.0670605542   0.00173159078    0.0106248632   0.00850705723
  31     1      50               0  0.000144028939  0.000151012533    0.0376156841   0.00371158212   0.00305196114   0.00261856183
          wgpu 2d 344g 361c x3w 7ms | egraph 100g->135v+0snap 20ms | graft 60 (-204n, 0 snap) cpu 0 | f64 30 | gen 0.1s | dropped inexpr 4 oversz 0 unbuild 0 {}
  32     0     100  6.56192729e-06  0.000501411294  0.000490602225    0.0670605542   0.00173159078    0.0106248632   0.00850705723
  32     1      50               0  0.000144028939  0.000151012533    0.0376156841   0.00371158212   0.00305196114   0.00261856183
          wgpu 1d 121g 173c x3w 3ms | egraph 15g->27v+0snap 4ms | graft 18 (-32n, 0 snap) cpu 0 | f64 20 | gen 0.1s | dropped inexpr 1 oversz 0 unbuild 0 {}
  33     0     100  6.56192729e-06  0.000501411294  0.000490602225    0.0670605542   0.00173159078    0.0106248632   0.00850705723
  33     1      50               0  0.000144028939  0.000151012533    0.0376156841   0.00371158212   0.00305196114   0.00261856183
          wgpu 1d 146g 195c x3w 3ms | egraph 28g->49v+0snap 5ms | graft 29 (-76n, 0 snap) cpu 0 | f64 20 | gen 0.1s | dropped inexpr 1 oversz 0 unbuild 0 {}
  34     0     100  6.56192729e-06  0.000501411294  0.000490602225    0.0670605542   0.00173159078    0.0106248632   0.00850705723
  34     1      50               0  0.000144028939  0.000151012533    0.0376156841   0.00371158212   0.00305196114   0.00261856183
          wgpu 1d 145g 196c x3w 3ms | egraph 25g->50v+0snap 6ms | graft 26 (-82n, 0 snap) cpu 0 | f64 20 | gen 0.2s | dropped inexpr 1 oversz 0 unbuild 0 {}
  35     0     100  6.56192729e-06  0.000501411294  0.000490602225    0.0670605542   0.00173159078    0.0106248632   0.00850705723
  35     1      50               0  0.000144028939  0.000151012533    0.0376156841   0.00371158212   0.00305196114   0.00261856183
          wgpu 1d 126g 188c x3w 3ms | egraph 20g->42v+0snap 5ms | graft 26 (-73n, 0 snap) cpu 0 | f64 20 | gen 0.3s | dropped inexpr 2 oversz 0 unbuild 0 {}
  36     0     100  6.56192729e-06  0.000501411294  0.000490602225    0.0670605542   0.00173159078    0.0106248632   0.00850705723
  36     1      50               0  0.000144028939  0.000151012533    0.0376156841   0.00371158212   0.00305196114   0.00261856183
          wgpu 1d 129g 186c x3w 3ms | egraph 23g->40v+0snap 5ms | graft 26 (-71n, 0 snap) cpu 0 | f64 20 | gen 0.1s | dropped inexpr 3 oversz 0 unbuild 0 {}
  37     0     100  6.56192729e-06  0.000501411294  0.000490602225    0.0670605542   0.00173159078    0.0106248632   0.00850705723
  37     1      50               0  0.000144028939  0.000151012533    0.0376156841   0.00371158212   0.00305196114   0.00261856183
          wgpu 1d 119g 188c x3w 3ms | egraph 24g->42v+0snap 5ms | graft 28 (-67n, 0 snap) cpu 0 | f64 20 | gen 0.2s | dropped inexpr 2 oversz 0 unbuild 0 {}
  38     0     100  6.56192729e-06  0.000501411294  0.000490602225    0.0670605542   0.00173159078    0.0106248632   0.00850705723
  38     1      50               0  0.000144028939  0.000151012533    0.0376156841   0.00371158212   0.00305196114   0.00261856183
          wgpu 1d 169g 223c x3w 4ms | egraph 45g->77v+0snap 11ms | graft 44 (-140n, 0 snap) cpu 0 | f64 20 | gen 0.4s | dropped inexpr 2 oversz 0 unbuild 0 {}
  39     0     100  6.56192729e-06  0.000501411294  0.000490602225    0.0670605542   0.00173159078    0.0106248632   0.00850705723
  39     1      50               0  0.000144028939  0.000151012533    0.0376156841   0.00371158212   0.00305196114   0.00261856183
          wgpu 1d 143g 212c x3w 3ms | egraph 32g->66v+0snap 6ms | graft 33 (-84n, 0 snap) cpu 0 | f64 20 | gen 0.1s | dropped inexpr 2 oversz 0 unbuild 0 {}
  40     0     100  6.56192729e-06  0.000501411294  0.000490602225    0.0670605542   0.00173159078    0.0106248632   0.00850705723
  40     1      50               0  0.000144028939  0.000151012533    0.0376156841   0.00371158212   0.00305196114   0.00261856183
          wgpu 1d 143g 196c x3w 3ms | egraph 22g->50v+0snap 4ms | graft 31 (-88n, 0 snap) cpu 0 | f64 20 | gen 0.1s | dropped inexpr 2 oversz 0 unbuild 0 {}
--------- pump migration: intra (promote-2 + intake-reset) ---------
  41     0     100  6.56192729e-06  0.000501411294  0.000490602225    0.0670605542   0.00173159078    0.0106248632   0.00850705723
  41     1      50               0  0.000144028939  0.000151012533    0.0376156841   0.00371158212   0.00305196114   0.00261856183
          wgpu 2d 305g 348c x3w 6ms | egraph 98g->122v+0snap 17ms | graft 65 (-186n, 0 snap) cpu 0 | f64 30 | gen 0.1s | dropped inexpr 7 oversz 0 unbuild 0 {}
  42     0     100  6.56192729e-06  0.000501411294  0.000490602225    0.0670605542   0.00173159078    0.0106248632   0.00850705723
  42     1      50               0  0.000144028939  0.000151012533    0.0376156841   0.00371158212   0.00305196114   0.00261856183
          wgpu 1d 126g 185c x3w 3ms | egraph 20g->39v+0snap 4ms | graft 28 (-66n, 0 snap) cpu 0 | f64 20 | gen 0.1s | dropped inexpr 1 oversz 0 unbuild 0 {}
  43     0     100  6.56192729e-06  0.000501411294  0.000490602225    0.0670605542   0.00173159078    0.0106248632   0.00850705723
  43     1      50               0  0.000144028939  0.000151012533    0.0376156841   0.00371158212   0.00305196114   0.00261856183
          wgpu 1d 121g 183c x3w 3ms | egraph 12g->37v+0snap 3ms | graft 24 (-60n, 0 snap) cpu 0 | f64 20 | gen 0.1s | dropped inexpr 1 oversz 0 unbuild 0 {}
  44     0     100  6.56192729e-06  0.000501411294  0.000490602225    0.0670605542   0.00173159078    0.0106248632   0.00850705723
  44     1      50               0  0.000144028939  0.000151012533    0.0376156841   0.00371158212   0.00305196114   0.00261856183
          wgpu 1d 119g 189c x3w 3ms | egraph 21g->43v+0snap 5ms | graft 25 (-78n, 0 snap) cpu 0 | f64 20 | gen 0.2s | dropped inexpr 1 oversz 0 unbuild 0 {}
  45     0     100  6.56192729e-06  0.000501411294  0.000490602225    0.0670605542   0.00173159078    0.0106248632   0.00850705723
  45     1      50               0  0.000144028939  0.000151012533    0.0376156841   0.00371158212   0.00305196114   0.00261856183
          wgpu 1d 132g 187c x3w 3ms | egraph 20g->41v+0snap 4ms | graft 29 (-70n, 0 snap) cpu 0 | f64 20 | gen 0.1s | dropped inexpr 1 oversz 0 unbuild 0 {}
  46     0     100  6.56192729e-06  0.000501411294  0.000490602225    0.0670605542   0.00173159078    0.0106248632   0.00850705723
  46     1      50               0  0.000144028939  0.000151012533    0.0376156841   0.00371158212   0.00305196114   0.00261856183
          wgpu 1d 133g 187c x3w 3ms | egraph 18g->41v+0snap 3ms | graft 29 (-71n, 0 snap) cpu 0 | f64 20 | gen 0.2s | dropped inexpr 3 oversz 0 unbuild 0 {}
  47     0     100  6.56192729e-06  0.000501411294  0.000490602225    0.0670605542   0.00173159078    0.0106248632   0.00850705723
  47     1      50               0  0.000144028939  0.000151012533    0.0376156841   0.00371158212   0.00305196114   0.00261856183
          wgpu 1d 133g 180c x3w 3ms | egraph 20g->34v+0snap 4ms | graft 28 (-57n, 0 snap) cpu 0 | f64 20 | gen 0.1s
  48     0     100  6.56192729e-06  0.000501411294  0.000490602225    0.0670605542   0.00173159078    0.0106248632   0.00850705723
  48     1      50               0  0.000144028939  0.000151012533    0.0376156841   0.00371158212   0.00305196114   0.00261856183
          wgpu 1d 114g 175c x3w 3ms | egraph 21g->29v+0snap 5ms | graft 17 (-43n, 0 snap) cpu 0 | f64 20 | gen 0.1s
  49     0     100  6.56192729e-06  0.000501411294  0.000490602225    0.0670605542   0.00173159078    0.0106248632   0.00850705723
  49     1      50               0  0.000144028939  0.000151012533    0.0376156841   0.00371158212   0.00305196114   0.00261856183
          wgpu 1d 114g 172c x3w 3ms | egraph 14g->26v+0snap 4ms | graft 19 (-38n, 0 snap) cpu 0 | f64 20 | gen 0.1s | dropped inexpr 1 oversz 0 unbuild 0 {}
  50     0     100  6.56192729e-06  0.000501411294  0.000490602225    0.0670605542   0.00173159078    0.0106248632   0.00850705723
  50     1      50               0  0.000144028939  0.000151012533    0.0376156841   0.00371158212   0.00305196114   0.00261856183
          wgpu 1d 117g 184c x3w 3ms | egraph 17g->38v+0snap 4ms | graft 25 (-79n, 0 snap) cpu 0 | f64 20 | gen 0.1s | dropped inexpr 2 oversz 0 unbuild 0 {}
--------- pump migration: intra (promote-2 + intake-reset) ---------
  51     0     100  6.56192729e-06  0.000501411294  0.000490602225    0.0670605542   0.00173159078    0.0106248632   0.00850705723
  51     1      50               0  0.000144028939  0.000151012533    0.0376156841   0.00371158212   0.00305196114   0.00261856183
          wgpu 2d 347g 376c x3w 7ms | egraph 92g->150v+0snap 23ms | graft 62 (-217n, 0 snap) cpu 0 | f64 30 | gen 0.1s | dropped inexpr 4 oversz 0 unbuild 0 {}
  52     0     100  6.56192729e-06  0.000501411294  0.000490602225    0.0670605542   0.00173159078    0.0106248632   0.00850705723
  52     1      50               0  0.000144028939  0.000151012533    0.0376156841   0.00371158212   0.00305196114   0.00261856183
          wgpu 1d 128g 180c x3w 3ms | egraph 20g->34v+0snap 5ms | graft 24 (-56n, 0 snap) cpu 0 | f64 20 | gen 0.2s
  53     0     100  6.56192729e-06  0.000501411294  0.000490602225    0.0670605542   0.00173159078    0.0106248632   0.00850705723
  53     1      50               0  0.000144028939  0.000151012533    0.0376156841   0.00371158212   0.00305196114   0.00261856183
          wgpu 1d 118g 178c x3w 3ms | egraph 21g->32v+0snap 4ms | graft 26 (-62n, 0 snap) cpu 0 | f64 20 | gen 0.1s | dropped inexpr 1 oversz 0 unbuild 0 {}
  54     0     100  6.56192729e-06  0.000501411294  0.000490602225    0.0670605542   0.00173159078    0.0106248632   0.00850705723
  54     1      50               0  0.000144028939  0.000151012533    0.0376156841   0.00371158212   0.00305196114   0.00261856183
          wgpu 1d 128g 183c x3w 3ms | egraph 16g->37v+0snap 4ms | graft 23 (-70n, 0 snap) cpu 0 | f64 20 | gen 0.1s
  55     0     100  6.56192729e-06  0.000501411294  0.000490602225    0.0670605542   0.00173159078    0.0106248632   0.00850705723
  55     1      50               0  0.000144028939  0.000151012533    0.0376156841   0.00371158212   0.00305196114   0.00261856183
          wgpu 1d 119g 180c x3w 3ms | egraph 16g->34v+0snap 4ms | graft 24 (-69n, 0 snap) cpu 0 | f64 20 | gen 0.2s | dropped inexpr 2 oversz 0 unbuild 0 {}
  56     0     100  6.56192729e-06  0.000501411294  0.000490602225    0.0670605542   0.00173159078    0.0106248632   0.00850705723
  56     1      50               0  0.000144028939  0.000151012533    0.0376156841   0.00371158212   0.00305196114   0.00261856183
          wgpu 1d 137g 191c x3w 3ms | egraph 21g->45v+0snap 4ms | graft 32 (-60n, 0 snap) cpu 0 | f64 20 | gen 0.1s | dropped inexpr 2 oversz 0 unbuild 0 {}
  57     0     100  6.56192729e-06  0.000501411294  0.000490602225    0.0670605542   0.00173159078    0.0106248632   0.00850705723
  57     1      50               0  0.000144028939  0.000151012533    0.0376156841   0.00371158212   0.00305196114   0.00261856183
          wgpu 1d 120g 178c x3w 3ms | egraph 18g->32v+0snap 4ms | graft 24 (-64n, 0 snap) cpu 0 | f64 20 | gen 0.1s
  58     0     100  6.56192729e-06  0.000501411294  0.000490602225    0.0670605542   0.00173159078    0.0106248632   0.00850705723
  58     1      50               0  0.000144028939  0.000151012533    0.0376156841   0.00371158212   0.00305196114   0.00261856183
          wgpu 1d 127g 188c x3w 3ms | egraph 18g->42v+0snap 5ms | graft 29 (-88n, 0 snap) cpu 0 | f64 20 | gen 0.1s
  59     0     100  6.56192729e-06  0.000501411294  0.000490602225    0.0670605542   0.00173159078    0.0106248632   0.00850705723
  59     1      50               0  0.000144028939  0.000151012533    0.0376156841   0.00371158212   0.00305196114   0.00261856183
          wgpu 1d 120g 183c x3w 3ms | egraph 18g->37v+0snap 5ms | graft 27 (-89n, 0 snap) cpu 0 | f64 20 | gen 0.1s
  60     0     100  6.56192729e-06  0.000501411294  0.000490602225    0.0670605542   0.00173159078    0.0106248632   0.00850705723
  60     1      50               0  0.000144028939  0.000151012533    0.0376156841   0.00371158212   0.00305196114   0.00261856183
          wgpu 1d 127g 181c x3w 3ms | egraph 19g->35v+0snap 4ms | graft 23 (-58n, 0 snap) cpu 0 | f64 20 | gen 0.1s
--------- pump migration: intra (promote-2 + intake-reset) + cross ---------
  61     0     100  6.56192729e-06  0.000501411294  0.000490602225    0.0670605542   0.00173159078    0.0106248632   0.00850705723
  61     1      50               0  0.000144028939  0.000151012533    0.0376156841   0.00371158212   0.00305196114   0.00261856183
          wgpu 2d 364g 379c x3w 7ms | egraph 103g->153v+0snap 21ms | graft 75 (-317n, 0 snap) cpu 0 | f64 30 | gen 0.1s | dropped inexpr 5 oversz 0 unbuild 0 {}
  62     0     100  6.56192729e-06  0.000501411294  0.000490602225    0.0670605542   0.00173159078    0.0106248632   0.00850705723
  62     1      50               0  0.000144028939  0.000151012533    0.0376156841   0.00371158212   0.00305196114   0.00261856183
          wgpu 1d 131g 195c x3w 3ms | egraph 16g->49v+0snap 4ms | graft 30 (-91n, 0 snap) cpu 0 | f64 20 | gen 0.1s
  63     0     100  6.56192729e-06  0.000501411294  0.000490602225    0.0670605542   0.00173159078    0.0106248632   0.00850705723
  63     1      50               0  0.000144028939  0.000151012533    0.0376156841   0.00371158212   0.00305196114   0.00261856183
          wgpu 1d 138g 201c x3w 3ms | egraph 14g->55v+0snap 7ms | graft 31 (-100n, 0 snap) cpu 0 | f64 20 | gen 0.1s | dropped inexpr 2 oversz 0 unbuild 0 {}
  64     0     100  6.56192729e-06  0.000501411294  0.000490602225    0.0670605542   0.00173159078    0.0106248632   0.00850705723
  64     1      50               0  0.000144028939  0.000151012533    0.0376156841   0.00371158212   0.00305196114   0.00261856183
          wgpu 1d 147g 197c x3w 4ms | egraph 19g->51v+0snap 6ms | graft 27 (-87n, 0 snap) cpu 0 | f64 20 | gen 0.2s | dropped inexpr 2 oversz 0 unbuild 0 {}
  65     0     100  6.56192729e-06  0.000501411294  0.000490602225    0.0670605542   0.00173159078    0.0106248632   0.00850705723
  65     1      50               0  0.000144028939  0.000151012533    0.0376156841   0.00371158212   0.00305196114   0.00261856183
          wgpu 1d 114g 190c x3w 3ms | egraph 15g->44v+0snap 3ms | graft 25 (-65n, 0 snap) cpu 0 | f64 20 | gen 0.2s
  66     0     100  6.56192729e-06  0.000501411294  0.000490602225    0.0670605542   0.00173159078    0.0106248632   0.00850705723
  66     1      50               0  0.000144028939  0.000151012533    0.0376156841   0.00371158212   0.00305196114   0.00261856183
          wgpu 1d 115g 186c x3w 3ms | egraph 18g->40v+0snap 4ms | graft 26 (-61n, 0 snap) cpu 0 | f64 20 | gen 0.2s | dropped inexpr 1 oversz 0 unbuild 0 {}
  67     0     100  6.56192729e-06  0.000501411294  0.000490602225    0.0670605542   0.00173159078    0.0106248632   0.00850705723
  67     1      50               0  0.000144028939  0.000151012533    0.0376156841   0.00371158212   0.00305196114   0.00261856183
          wgpu 1d 130g 191c x3w 3ms | egraph 24g->45v+0snap 5ms | graft 31 (-83n, 0 snap) cpu 0 | f64 20 | gen 0.2s | dropped inexpr 2 oversz 0 unbuild 0 {}
  68     0     100  6.56192729e-06  0.000501411294  0.000490602225    0.0670605542   0.00173159078    0.0106248632   0.00850705723
  68     1      50               0  0.000144028939  0.000151012533    0.0376156841   0.00371158212   0.00305196114   0.00261856183
          wgpu 1d 102g 170c x3w 3ms | egraph 9g->24v+0snap 3ms | graft 16 (-39n, 0 snap) cpu 0 | f64 20 | gen 0.1s | dropped inexpr 1 oversz 0 unbuild 0 {}
  69     0     100  6.56192729e-06  0.000501411294  0.000490602225    0.0670605542   0.00173159078    0.0106248632   0.00850705723
  69     1      50               0  0.000144028939  0.000151012533    0.0376156841   0.00371158212   0.00305196114   0.00261856183
          wgpu 1d 122g 180c x3w 3ms | egraph 12g->34v+0snap 3ms | graft 25 (-60n, 0 snap) cpu 0 | f64 20 | gen 0.1s | dropped inexpr 1 oversz 0 unbuild 0 {}
  70     0     100  6.56192729e-06  0.000501411294  0.000490602225    0.0670605542   0.00173159078    0.0106248632   0.00850705723
  70     1      50               0  0.000144028939  0.000151012533    0.0376156841   0.00371158212   0.00305196114   0.00261856183
          wgpu 1d 132g 185c x3w 3ms | egraph 18g->39v+0snap 4ms | graft 25 (-60n, 0 snap) cpu 0 | f64 20 | gen 0.2s | dropped inexpr 1 oversz 0 unbuild 0 {}
--------- pump migration: intra (promote-2 + intake-reset) ---------
  71     0     100  6.56192729e-06  0.000501411294  0.000490602225    0.0670605542   0.00173159078    0.0106248632   0.00850705723
  71     1      50               0  0.000144028939  0.000151012533    0.0376156841   0.00371158212   0.00305196114   0.00261856183
          wgpu 2d 302g 343c x3w 7ms | egraph 76g->117v+0snap 14ms | graft 66 (-207n, 0 snap) cpu 0 | f64 30 | gen 0.1s | dropped inexpr 2 oversz 0 unbuild 0 {}
  72     0     100  6.56192729e-06  0.000501411294  0.000490602225    0.0670605542   0.00173159078    0.0106248632   0.00850705723
  72     1      50               0  0.000144028939  0.000151012533    0.0376156841   0.00371158212   0.00305196114   0.00261856183
          wgpu 1d 133g 178c x3w 3ms | egraph 20g->32v+0snap 4ms | graft 20 (-40n, 0 snap) cpu 0 | f64 20 | gen 0.2s | dropped inexpr 1 oversz 0 unbuild 0 {}
  73     0     100  6.56192729e-06  0.000501411294  0.000490602225    0.0670605542   0.00173159078    0.0106248632   0.00850705723
  73     1      50               0  0.000144028939  0.000151012533    0.0376156841   0.00371158212   0.00305196114   0.00261856183
          wgpu 1d 141g 197c x3w 4ms | egraph 26g->51v+0snap 8ms | graft 22 (-73n, 0 snap) cpu 0 | f64 20 | gen 0.2s | dropped inexpr 2 oversz 0 unbuild 0 {}
  74     0     100               0  7.07860111e-05  6.15275341e-05    0.0488418111  0.000245160559   0.00149994963   0.00106688928
  74     1      50               0  0.000144028939  0.000151012533    0.0376156841   0.00371158212   0.00305196114   0.00261856183
          wgpu 1d 138g 199c x3w 3ms | egraph 23g->53v+0snap 4ms | graft 34 (-70n, 0 snap) cpu 0 | f64 20 | gen 0.1s | dropped inexpr 1 oversz 0 unbuild 0 {}
  75     0     100               0  7.07860111e-05  6.15275341e-05    0.0488418111  0.000245160559   0.00149994963   0.00106688928
  75     1      50               0  0.000144028939  0.000151012533    0.0376156841   0.00371158212   0.00305196114   0.00261856183
          wgpu 1d 160g 216c x3w 4ms | egraph 39g->63v+7snap 10ms | graft 36 (-93n, 2 snap) cpu 0 | f64 25 | gen 0.2s | dropped inexpr 1 oversz 0 unbuild 0 {}
  76     0     100               0  7.07860111e-05  6.15275341e-05    0.0488418111  0.000245160559   0.00149994963   0.00106688928
  76     1      50               0  0.000144028939  0.000151012533    0.0376156841   0.00371158212   0.00305196114   0.00261856183
          wgpu 1d 143g 205c x3w 3ms | egraph 42g->59v+0snap 8ms | graft 39 (-110n, 0 snap) cpu 0 | f64 20 | gen 0.2s | dropped inexpr 2 oversz 0 unbuild 0 {}
  77     0     100               0  7.07860111e-05  6.15275341e-05    0.0488418111  0.000245160559   0.00149994963   0.00106688928
  77     1      50               0  0.000144028939  0.000151012533    0.0376156841   0.00371158212   0.00305196114   0.00261856183
          wgpu 1d 156g 214c x3w 3ms | egraph 39g->68v+0snap 7ms | graft 38 (-98n, 0 snap) cpu 0 | f64 20 | gen 0.2s
  78     0     100               0  7.07860111e-05  6.15275341e-05    0.0488418111  0.000245160559   0.00149994963   0.00106688928
  78     1      50               0  0.000144028939  0.000151012533    0.0376156841   0.00371158212   0.00305196114   0.00261856183
          wgpu 1d 164g 240c x3w 4ms | egraph 42g->94v+0snap 9ms | graft 49 (-167n, 0 snap) cpu 0 | f64 20 | gen 0.2s | dropped inexpr 1 oversz 0 unbuild 0 {}
  79     0     100               0  7.07860111e-05  6.15275341e-05    0.0488418111  0.000245160559   0.00149994963   0.00106688928
  79     1      50               0  0.000144028939  0.000151012533    0.0376156841   0.00371158212   0.00305196114   0.00261856183
          wgpu 1d 143g 230c x3w 3ms | egraph 35g->84v+0snap 7ms | graft 38 (-114n, 0 snap) cpu 0 | f64 20 | gen 0.2s
  80     0     100               0  7.07860111e-05  6.15275341e-05    0.0488418111  0.000245160559   0.00149994963   0.00106688928
  80     1      50               0  0.000144028939  0.000151012533    0.0376156841   0.00371158212   0.00305196114   0.00261856183
          wgpu 1d 126g 205c x3w 3ms | egraph 20g->59v+0snap 5ms | graft 29 (-96n, 0 snap) cpu 0 | f64 20 | gen 0.2s
--------- pump migration: intra (promote-2 + intake-reset) ---------
  81     0     100               0  7.07860111e-05  6.15275341e-05    0.0488418111  0.000245160559   0.00149994963   0.00106688928
  81     1      50               0  7.07860111e-05  6.15275341e-05    0.0488418111  0.000245160559   0.00149994963   0.00106688928
          wgpu 2d 381g 438c x3w 7ms | egraph 117g->212v+0snap 23ms | graft 88 (-280n, 0 snap) cpu 0 | f64 30 | gen 0.1s | dropped inexpr 2 oversz 0 unbuild 0 {}
  82     0     100               0  7.07860111e-05  6.15275341e-05    0.0488418111  0.000245160559   0.00149994963   0.00106688928
  82     1      50               0  0.000144028939  0.000151012533    0.0376156841   0.00371158212   0.00305196114   0.00261856183
          wgpu 1d 148g 232c x3w 3ms | egraph 32g->86v+0snap 6ms | graft 35 (-98n, 0 snap) cpu 0 | f64 20 | gen 0.2s
  83     0     100               0  7.07860111e-05  6.15275341e-05    0.0488418111  0.000245160559   0.00149994963   0.00106688928
  83     1      50               0  0.000144028939  0.000151012533    0.0376156841   0.00371158212   0.00305196114   0.00261856183
          wgpu 1d 148g 233c x3w 3ms | egraph 37g->87v+0snap 6ms | graft 40 (-100n, 0 snap) cpu 0 | f64 20 | gen 0.2s
  84     0     100               0  7.74925428e-06  7.58476098e-06   0.00879749676  2.78400101e-05  0.000164206048  0.000131519982
  84     1      50               0  0.000144028939  0.000151012533    0.0376156841   0.00371158212   0.00305196114   0.00261856183
          wgpu 1d 142g 269c x3w 3ms | egraph 29g->123v+0snap 5ms | graft 49 (-123n, 0 snap) cpu 0 | f64 20 | gen 0.2s
  85     0     100               0  7.74925428e-06  7.58476098e-06   0.00879749676  2.78400101e-05  0.000164206048  0.000131519982
  85     1      50               0  0.000144028939  0.000151012533    0.0376156841   0.00371158212   0.00305196114   0.00261856183
          wgpu 1d 155g 262c x3w 3ms | egraph 40g->116v+0snap 8ms | graft 37 (-95n, 0 snap) cpu 0 | f64 20 | gen 0.2s | dropped inexpr 2 oversz 0 unbuild 0 {}
  86     0     100               0  7.74925428e-06  7.58476098e-06   0.00879749676  2.78400101e-05  0.000164206048  0.000131519982
  86     1      50               0  0.000144028939  0.000151012533    0.0376156841   0.00371158212   0.00305196114   0.00261856183
          wgpu 1d 167g 288c x3w 4ms | egraph 35g->142v+0snap 7ms | graft 52 (-144n, 0 snap) cpu 0 | f64 20 | gen 0.2s
  87     0     100               0  7.74925428e-06  7.58476098e-06   0.00879749676  2.78400101e-05  0.000164206048  0.000131519982
  87     1      50               0  0.000144028939  0.000151012533    0.0376156841   0.00371158212   0.00305196114   0.00261856183
          wgpu 1d 148g 291c x3w 3ms | egraph 31g->145v+0snap 6ms | graft 52 (-163n, 0 snap) cpu 0 | f64 20 | gen 0.2s
  88     0     100               0  7.74925428e-06  7.58476098e-06   0.00879749676  2.78400101e-05  0.000164206048  0.000131519982
  88     1      50               0  0.000144028939  0.000151012533    0.0376156841   0.00371158212   0.00305196114   0.00261856183
          wgpu 1d 161g 285c x3w 3ms | egraph 32g->139v+0snap 8ms | graft 46 (-113n, 0 snap) cpu 0 | f64 20 | gen 0.2s
  89     0     100               0  2.94960986e-32  2.79654658e-32  5.55111512e-16  3.03333966e-32  6.25019853e-31  4.84922011e-31
  89     1      50               0  0.000144028939  0.000151012533    0.0376156841   0.00371158212   0.00305196114   0.00261856183
          wgpu 1d 135g 280c x3w 3ms | egraph 31g->134v+0snap 7ms | graft 46 (-151n, 0 snap) cpu 0 | f64 20 | gen 0.2s

*** Early stop at generation 89: best val_R² = 1.0000000000 ≥ 0.9999999990, holdout_R² = 1.0000000000 confirmed

This sub-run: 2026-09-19 04:47:21.719194 → 2026-09-19 04:47:37.645708
Now at generation 89 (HOF size: 31)
[join] 98 dispatches, 14,169 genes, 59,988 candidates scored in 0.33s GPU+host; e-graph 3,489 trees -> 6,205 variants + 7 snaps in 0.76s; 3,095 grafts (2 snap), 8,786 nodes removed; cpu-path individuals 0, f64-rejected 0
[join]   inexpressible:    169  no pset token for semantic id "pow" with arity 2
[join]   inexpressible:     76  no pset token for semantic id "div" with arity 2
[join]   inexpressible:      1  no pset token for semantic id "sqrt" with arity 1
  HFF-chosen LSM kept: a=1.5, b=-0.731782
Chromosome wrapper: id=0  →  identity
hof[0] runtime val: mse=2.797e-32  R²=1.000000
Pre-snap expression (after sympify + LSM compose):
  0.5*Y/(sigma + 1) + 1.11022302462516e-16

Per-level snap results (before MSE scoring):
  strict      →  Y/(2*(sigma + 1))
  default     →  Y/(2*(sigma + 1))
  aggressive  →  Y/(2*(sigma + 1))

Snap-level comparison (sorted by holdout MSE, lowest first)
------------------------------------------------------------------------------------------
  level       MSE            R²         expression                                        
------------------------------------------------------------------------------------------
★ strict      1.833e-33      1.0000     Y/(2*(sigma + 1))                                 
  default     1.833e-33      1.0000     Y/(2*(sigma + 1))                                 
  aggressive  1.833e-33      1.0000     Y/(2*(sigma + 1))                                 

Winning snap level: 'strict'  →  Y/(2*(sigma + 1))

Canonical discovered expression: Y/(2*(sigma + 1))
[38;2;0;50;255m
############################################################ [38;2;255;255;255m
[38;2;0;50;255m Equation Recovery: II_38_14 [38;2;255;255;255m
[38;2;0;50;255m Truth: Y/(2*(1+sigma)) [38;2;255;255;255m
[38;2;0;50;255m [38;2;255;255;255m
[38;2;255;0;255m     Exact recovery     : True [38;2;255;255;255m
[38;2;255;0;255m     Numerical recovery : True (max rel_err 0.00e+00 on 10k samples) [38;2;255;255;255m
[38;2;255;0;255m     Discovered         : Y/(2*(sigma + 1)) [38;2;255;255;255m
[38;2;255;0;255m     LSM (a, b)         : (1.5, -0.731782) [38;2;255;255;255m
[38;2;0;50;255m
############################################################ [38;2;255;255;255m
In-range holdout : MSE=2.555e-32  MAE=1.257e-16  R²=1.0000
Extrapolation    : MSE=3.033e-32  MAE=1.392e-16  R²=1.0000

Top 10 HOF models (north_pole=truenorth) (★ = Pareto-optimal)
(deduped HOF: 12 unique chromosomes from 31 raw HOF entries)
 ----------------------------------------------------------------------------------------------------------------
       model     wrapper      length   train_mse     val_mse     max_err    train_r2      val_r2 angular_distance
 ----------------------------------------------------------------------------------------------------------------
★           0    identity           7      0.0000      0.0000      0.0000      1.0000      1.0000      0.0000
            1    sqrt_abs           7      0.0000      0.0000      0.0088      0.9998      0.9999      0.0544
            7    identity          10      0.0000      0.0000      0.0192      0.9990      0.9992      0.1362
           11    identity          12      0.0001      0.0001      0.0488      0.9985      0.9989      0.3133
           16    identity          12      0.0001      0.0001      0.0488      0.9985      0.9989      0.3133
           17    identity          12      0.0001      0.0001      0.0488      0.9985      0.9989      0.3133
           21    identity          12      0.0001      0.0001      0.0488      0.9985      0.9989      0.3133
           26    identity          16      0.0001      0.0002      0.0376      0.9969      0.9974      0.3227
           24    identity          16      0.0001      0.0002      0.0376      0.9969      0.9974      0.3227
           27    identity          21      0.0002      0.0002      0.0556      0.9965      0.9971      0.4259

Pareto-optimal in top 10: 1    Pareto-optimal in full HOF: 1 / 12

Recovery sweep across 12/12 unique HOF chromosomes (capped):
  Structural / exact     : 1/12  (8.3%)
  Numerical (≤1e-6 err)  : 1/12  (8.3%)
{
    "date": "2026/09/19",
    "seed": "5",
    "task": "equation_recovery",
    "north_pole_method": "truenorth",
    "hff_include_val": true,
    "problem": "II_38_14",
    "truth_expr": "Y/(2*(1+sigma))",
    "final_terminal_inputs": [
        "Y",
        "sigma"
    ],
    "wide_primitives": true,
    "head_length": "48",
    "n_genes": "3",
    "rnc_array_length": "10",
    "tournament size": "intake=8, champion=5",
    "population size": "150",
    "population per island": "intake=100, champion=50",
    "gpu_join": true,
    "eclass_k": 8,
    "number of elites": "2",
    "number of generations": "400",
    "number of islands": "2",
    "migration FREQ": "30",
    "wrapper_id": 0,
    "wrapper_name": "identity",
    "recovery_exact": true,
    "recovery_numerical": true,
    "recovery_max_rel_err": 0.0,
    "discovered_expr": "Y/(2*(sigma + 1))",
    "holdout_mse": 2.554842367726888e-32,
    "holdout_r2": 1.0,
    "extrap_mse": 3.0333396624098965e-32,
    "extrap_r2": 1.0,
    "hof_size": 12,
    "hof_exact_recoveries": 1,
    "hof_numerical_recoveries": 1
}
