/opt/anaconda3/lib/python3.12/site-packages/geppy/__init__.py:26: UserWarning: pkg_resources is deprecated as an API. See https://setuptools.pypa.io/en/latest/pkg_resources.html. The pkg_resources package is slated for removal as early as 2025-11-30. Refrain from using this package or pin to Setuptools<81.
  from pkg_resources import get_distribution, DistributionNotFound
hff library OK (test fitness: (0.1415394733244273,))
registry: ['circle_area', 'gravity', 'coulomb', 'pendulum', 'keplers3', 'ideal_gas', 'I_6_2a', 'I_6_2', 'I_6_2b', 'I_8_14', 'I_9_18', 'I_10_7', 'I_11_19', 'I_12_1', 'I_12_2', 'I_12_4', 'I_12_5', 'I_12_11', 'I_13_4', 'I_13_12', 'I_14_3', 'I_14_4', 'I_15_3x', 'I_15_3t', 'I_15_1', 'I_16_6', 'I_18_4', 'I_18_12', 'I_18_14', 'I_24_6', 'I_25_13', 'I_26_2', 'I_27_6', 'I_29_4', 'I_29_16', 'I_30_3', 'I_30_5', 'I_32_5', 'I_32_17', 'I_34_8', 'I_34_1', 'I_34_14', 'I_34_27', 'I_37_4', 'I_38_12', 'I_39_1', 'I_39_11', 'I_39_22', 'I_40_1', 'I_41_16', 'I_43_16', 'I_43_31', 'I_43_43', 'I_44_4', 'I_47_23', 'I_48_2', 'I_50_26', 'II_2_42', 'II_3_24', 'II_4_23', 'II_6_11', 'II_6_15a', 'II_6_15b', 'II_8_7', 'II_8_31', 'II_10_9', 'II_11_3', 'II_11_17', 'II_11_20', 'II_11_27', 'II_11_28', 'II_13_17', 'II_13_23', 'II_13_34', 'II_15_4', 'II_15_5', 'II_21_32', 'II_24_17', 'II_27_16', 'II_27_18', 'II_34_2a', 'II_34_2', 'II_34_11', 'II_34_29a', 'II_34_29b', 'II_35_18', 'II_35_21', 'II_36_38', 'II_37_1', 'II_38_3', 'II_38_14', 'III_4_32', 'III_4_33', 'III_7_38', 'III_8_54', 'III_9_52', 'III_10_19', 'III_12_43', 'III_13_18', 'III_14_14', 'III_15_12', 'III_15_14', 'III_15_27', 'III_17_37', 'III_19_51', 'III_21_20', 'test_1', 'test_2', 'test_3', 'test_4', 'test_5', 'test_6', 'test_7', 'test_8', 'test_9', 'test_10', 'test_11', 'test_12', 'test_13', 'test_14', 'test_15', 'test_16', 'test_17', 'test_18', 'test_19', 'test_20']
[feynman override] head_length=48 (keep n_genes=3, avgval linker)
Selected problem: II_34_29a
  Description : Feynman I-III II.34.29a: mom = q*h/(4*pi*m)
  Variables   : ['q', 'h', 'm']
  Train range : {'q': (1.0, 5.0), 'h': (1.0, 5.0), 'm': (1.0, 5.0)}
  Extrap range: {'q': (1.0, 7.5), 'h': (1.0, 7.5), 'm': (1.0, 7.5)}
  Truth       : q*h/(4*pi*m)
  ✓ cache hit  (data/equations/II_34_29a, key=feb8d80627f7c4a3)
  train           (800, 4)  target range=[0.02435, 1.562]
  val             (200, 4)  target range=[0.03092, 1.456]
  holdout         (200, 4)  target range=[0.03034, 1.449]
  extrapolation   (200, 4)  target range=[0.03276, 2.329]
  saved figure → data/figures/II_34_29a/eda_pairplot.png
Wide primitive set enabled: sin, cos, exp, log added.
[E22 rules] variable pattern tags: {'no_pattern'}
[E22/23 rules] static candidate count: 1
  [sum_sq_all/sum_sq] a=0.0051 b=1.4654e-01 1-R²_va=9.5589e-01
[fuller] denoise + snap IN THE JOIN (every gene, every generation, K=8); mutation operators: physics=0.2 concretize=0.05
Wrapper scope: per_island  (island → wrapper map: ['identity', 'identity'])
[wgpu] process pool disabled — Metal cannot survive fork(); the population is evaluated in one dispatch instead
Genes: head_length=48, n_genes=3, rnc_array_length=10
Population: (per-island, see below), elites: 2, generations: 400, migration FREQ: 30
  pump per-island sizes: intake=100 (tournsize=8), champion=50 (tournsize=5)
Initialising evolution at 2026-09-19 04:36:06.031658
 gen  deme   evals     min fitness          mse_tr          mse_va         max_err      mse_extrap  one_minus_r2_tr  one_minus_r2_va
   0     0     100               0    0.0118413342   0.00993293069     0.655589857    0.0423911773     0.219586189     0.215636557
   0     1      50    0.0122372278    0.0174692861    0.0147469137     0.686639586    0.0719525356     0.323951161     0.320144558
          wgpu 1d 358g 335c x3w 10ms | egraph 187g->185v+0snap 60ms | graft 80 (-253n, 0 snap) cpu 0 | f64 30 | gen 0.0s | dropped inexpr 2 oversz 0 unbuild 0 {}
Extending evolution: gen 1 → 400 (+400 generations)
   1     0     100               0    0.0118413342   0.00993293069     0.655589857    0.0423911773     0.219586189     0.215636557
   1     1      50  0.000538540167    0.0127720744     0.010274403     0.633323301    0.0455986565     0.236845874     0.223049667
          wgpu 1d 179g 324c x3w 4ms | egraph 67g->178v+0snap 14ms | graft 53 (-192n, 0 snap) cpu 0 | f64 37 | gen 0.4s
   2     0     100               0    0.0118413342   0.00993293069     0.655589857    0.0423911773     0.219586189     0.215636557
   2     1      50  0.000538540167    0.0127720744     0.010274403     0.633323301    0.0455986565     0.236845874     0.223049667
          wgpu 1d 184g 346c x3w 4ms | egraph 69g->200v+0snap 10ms | graft 43 (-140n, 0 snap) cpu 0 | f64 20 | gen 0.2s
   3     0     100               0    0.0118413342   0.00993293069     0.655589857    0.0423911773     0.219586189     0.215636557
   3     1      50  0.000538540167    0.0127720744     0.010274403     0.633323301    0.0455986565     0.236845874     0.223049667
          wgpu 1d 211g 378c x3w 4ms | egraph 81g->232v+0snap 14ms | graft 45 (-201n, 0 snap) cpu 0 | f64 20 | gen 0.4s | dropped inexpr 2 oversz 0 unbuild 0 {}
   4     0     100               0    0.0118413342   0.00993293069     0.655589857    0.0423911773     0.219586189     0.215636557
   4     1      50  0.000538540167    0.0127720744     0.010274403     0.633323301    0.0455986565     0.236845874     0.223049667
          wgpu 1d 212g 410c x3w 4ms | egraph 70g->264v+0snap 11ms | graft 49 (-184n, 0 snap) cpu 0 | f64 20 | gen 0.2s | dropped inexpr 3 oversz 0 unbuild 0 {}
   5     0     100               0    0.0118413342   0.00993293069     0.655589857    0.0423911773     0.219586189     0.215636557
   5     1      50  0.000538540167    0.0127720744     0.010274403     0.633323301    0.0455986565     0.236845874     0.223049667
          wgpu 1d 245g 424c x3w 5ms | egraph 74g->278v+0snap 14ms | graft 46 (-168n, 0 snap) cpu 0 | f64 20 | gen 0.2s | dropped inexpr 1 oversz 0 unbuild 0 {}
   6     0     100               0    0.0118413342   0.00993293069     0.655589857    0.0423911773     0.219586189     0.215636557
   6     1      50  0.000538540167    0.0127720744     0.010274403     0.633323301    0.0455986565     0.236845874     0.223049667
          wgpu 1d 232g 400c x3w 5ms | egraph 66g->254v+0snap 10ms | graft 53 (-198n, 0 snap) cpu 0 | f64 20 | gen 0.2s
   7     0     100               0    0.0118413342   0.00993293069     0.655589857    0.0423911773     0.219586189     0.215636557
   7     1      50  0.000538540167    0.0127720744     0.010274403     0.633323301    0.0455986565     0.236845874     0.223049667
          wgpu 1d 221g 381c x3w 4ms | egraph 71g->235v+0snap 11ms | graft 44 (-159n, 0 snap) cpu 0 | f64 20 | gen 0.3s
   8     0     100               0    0.0118413342   0.00993293069     0.655589857    0.0423911773     0.219586189     0.215636557
   8     1      50  0.000538540167    0.0127720744     0.010274403     0.633323301    0.0455986565     0.236845874     0.223049667
          wgpu 1d 231g 385c x3w 4ms | egraph 63g->239v+0snap 10ms | graft 47 (-135n, 0 snap) cpu 0 | f64 20 | gen 0.3s
   9     0     100               0    0.0118413342   0.00993293069     0.655589857    0.0423911773     0.219586189     0.215636557
   9     1      50               0   0.00430824385   0.00359499278     0.203778947     0.071205296    0.0798922514    0.0780446265
          wgpu 1d 213g 371c x3w 4ms | egraph 60g->221v+4snap 12ms | graft 52 (-191n, 1 snap) cpu 0 | f64 20 | gen 0.2s | dropped inexpr 1 oversz 0 unbuild 0 {}
  10     0     100               0    0.0118413342   0.00993293069     0.655589857    0.0423911773     0.219586189     0.215636557
  10     1      50               0   0.00430824385   0.00359499278     0.203778947     0.071205296    0.0798922514    0.0780446265
          wgpu 1d 216g 352c x3w 4ms | egraph 58g->206v+0snap 9ms | graft 46 (-191n, 0 snap) cpu 0 | f64 20 | gen 0.2s | dropped inexpr 1 oversz 0 unbuild 0 {}
--------- pump migration: intra (promote-2 + intake-reset) ---------
  11     0     100               0    0.0118413342   0.00993293069     0.655589857    0.0423911773     0.219586189     0.215636557
  11     1      50               0    0.0118413342   0.00993293069     0.655589857    0.0423911773     0.219586189     0.215636557
          wgpu 2d 396g 491c x3w 8ms | egraph 142g->265v+0snap 25ms | graft 88 (-349n, 0 snap) cpu 0 | f64 30 | gen 0.2s | dropped inexpr 1 oversz 0 unbuild 0 {}
  12     0     100               0    0.0118413342   0.00993293069     0.655589857    0.0423911773     0.219586189     0.215636557
  12     1      50               0    0.0118413342   0.00993293069     0.655589857    0.0423911773     0.219586189     0.215636557
          wgpu 1d 148g 300c x3w 4ms | egraph 31g->154v+0snap 6ms | graft 39 (-111n, 0 snap) cpu 0 | f64 20 | gen 0.2s | dropped inexpr 1 oversz 0 unbuild 0 {}
  13     0     100               0    0.0118413342   0.00993293069     0.655589857    0.0423911773     0.219586189     0.215636557
  13     1      50               0    0.0118413342   0.00993293069     0.655589857    0.0423911773     0.219586189     0.215636557
          wgpu 1d 164g 317c x3w 4ms | egraph 36g->171v+0snap 10ms | graft 37 (-135n, 0 snap) cpu 0 | f64 20 | gen 0.2s
  14     0     100               0    0.0118413342   0.00993293069     0.655589857    0.0423911773     0.219586189     0.215636557
  14     1      50               0    0.0118413342   0.00993293069     0.655589857    0.0423911773     0.219586189     0.215636557
          wgpu 1d 140g 303c x3w 3ms | egraph 25g->157v+0snap 5ms | graft 35 (-98n, 0 snap) cpu 0 | f64 20 | gen 0.2s
  15     0     100               0    0.0118413342   0.00993293069     0.655589857    0.0423911773     0.219586189     0.215636557
  15     1      50               0    0.0118413342   0.00993293069     0.655589857    0.0423911773     0.219586189     0.215636557
          wgpu 1d 161g 291c x3w 4ms | egraph 36g->145v+0snap 6ms | graft 27 (-79n, 0 snap) cpu 0 | f64 20 | gen 0.1s | dropped inexpr 1 oversz 0 unbuild 0 {}
  16     0     100               0    0.0118413342   0.00993293069     0.655589857    0.0423911773     0.219586189     0.215636557
  16     1      50               0    0.0118413342   0.00993293069     0.655589857    0.0423911773     0.219586189     0.215636557
          wgpu 1d 157g 302c x3w 4ms | egraph 32g->156v+0snap 6ms | graft 30 (-88n, 0 snap) cpu 0 | f64 20 | gen 0.2s
  17     0     100               0    0.0118413342   0.00993293069     0.655589857    0.0423911773     0.219586189     0.215636557
  17     1      50               0    0.0118413342   0.00993293069     0.655589857    0.0423911773     0.219586189     0.215636557
          wgpu 1d 151g 312c x3w 4ms | egraph 34g->166v+0snap 6ms | graft 32 (-93n, 0 snap) cpu 0 | f64 20 | gen 0.2s | dropped inexpr 1 oversz 0 unbuild 0 {}
  18     0     100               0    0.0118413342   0.00993293069     0.655589857    0.0423911773     0.219586189     0.215636557
  18     1      50               0    0.0118413342   0.00993293069     0.655589857    0.0423911773     0.219586189     0.215636557
          wgpu 1d 127g 298c x3w 3ms | egraph 17g->152v+0snap 4ms | graft 24 (-79n, 0 snap) cpu 0 | f64 20 | gen 0.1s
  19     0     100               0    0.0118413342   0.00993293069     0.655589857    0.0423911773     0.219586189     0.215636557
  19     1      50               0    0.0118413342   0.00993293069     0.655589857    0.0423911773     0.219586189     0.215636557
          wgpu 1d 134g 257c x3w 3ms | egraph 25g->111v+0snap 5ms | graft 29 (-83n, 0 snap) cpu 0 | f64 20 | gen 0.2s
  20     0     100               0    0.0118413342   0.00993293069     0.655589857    0.0423911773     0.219586189     0.215636557
  20     1      50               0    0.0118413342   0.00993293069     0.655589857    0.0423911773     0.219586189     0.215636557
          wgpu 1d 131g 284c x3w 3ms | egraph 18g->138v+0snap 4ms | graft 35 (-94n, 0 snap) cpu 0 | f64 23 | gen 0.2s | dropped inexpr 1 oversz 0 unbuild 0 {}
--------- pump migration: intra (promote-2 + intake-reset) ---------
  21     0     100               0    0.0118413342   0.00993293069     0.655589857    0.0423911773     0.219586189     0.215636557
  21     1      50               0    0.0118413342   0.00993293069     0.655589857    0.0423911773     0.219586189     0.215636557
          wgpu 2d 376g 476c x3w 7ms | egraph 119g->250v+0snap 19ms | graft 86 (-294n, 0 snap) cpu 0 | f64 30 | gen 0.2s | dropped inexpr 4 oversz 0 unbuild 0 {}
  22     0     100               0    0.0118413342   0.00993293069     0.655589857    0.0423911773     0.219586189     0.215636557
  22     1      50               0    0.0118413342   0.00993293069     0.655589857    0.0423911773     0.219586189     0.215636557
          wgpu 1d 144g 262c x3w 3ms | egraph 29g->116v+0snap 5ms | graft 33 (-93n, 0 snap) cpu 0 | f64 20 | gen 0.2s
  23     0     100               0    0.0118413342   0.00993293069     0.655589857    0.0423911773     0.219586189     0.215636557
  23     1      50               0    0.0118413342   0.00993293069     0.655589857    0.0423911773     0.219586189     0.215636557
          wgpu 1d 135g 279c x3w 3ms | egraph 24g->133v+0snap 5ms | graft 32 (-93n, 0 snap) cpu 0 | f64 25 | gen 0.2s
  24     0     100               0    0.0118413342   0.00993293069     0.655589857    0.0423911773     0.219586189     0.215636557
  24     1      50               0    0.0118413342   0.00993293069     0.655589857    0.0423911773     0.219586189     0.215636557
          wgpu 1d 137g 285c x3w 4ms | egraph 18g->139v+0snap 5ms | graft 31 (-93n, 0 snap) cpu 0 | f64 20 | gen 0.3s
  25     0     100               0    0.0118413342   0.00993293069     0.655589857    0.0423911773     0.219586189     0.215636557
  25     1      50               0    0.0118413342   0.00993293069     0.655589857    0.0423911773     0.219586189     0.215636557
          wgpu 1d 167g 291c x3w 4ms | egraph 30g->145v+0snap 5ms | graft 35 (-101n, 0 snap) cpu 0 | f64 20 | gen 0.2s
  26     0     100               0    0.0118413342   0.00993293069     0.655589857    0.0423911773     0.219586189     0.215636557
  26     1      50               0    0.0118413342   0.00993293069     0.655589857    0.0423911773     0.219586189     0.215636557
          wgpu 1d 133g 297c x3w 3ms | egraph 22g->151v+0snap 4ms | graft 33 (-94n, 0 snap) cpu 0 | f64 20 | gen 0.1s
  27     0     100               0    0.0118413342   0.00993293069     0.655589857    0.0423911773     0.219586189     0.215636557
  27     1      50               0    0.0118413342   0.00993293069     0.655589857    0.0423911773     0.219586189     0.215636557
          wgpu 1d 138g 299c x3w 4ms | egraph 22g->153v+0snap 4ms | graft 30 (-96n, 0 snap) cpu 0 | f64 20 | gen 0.2s
  28     0     100               0    0.0118413342   0.00993293069     0.655589857    0.0423911773     0.219586189     0.215636557
  28     1      50               0    0.0118413342   0.00993293069     0.655589857    0.0423911773     0.219586189     0.215636557
          wgpu 1d 172g 313c x3w 4ms | egraph 26g->167v+0snap 6ms | graft 41 (-134n, 0 snap) cpu 0 | f64 20 | gen 0.4s | dropped inexpr 1 oversz 0 unbuild 0 {}
  29     0     100               0    0.0118413342   0.00993293069     0.655589857    0.0423911773     0.219586189     0.215636557
  29     1      50               0    0.0118413342   0.00993293069     0.655589857    0.0423911773     0.219586189     0.215636557
          wgpu 1d 138g 274c x3w 3ms | egraph 24g->128v+0snap 5ms | graft 34 (-92n, 0 snap) cpu 0 | f64 20 | gen 0.2s | dropped inexpr 1 oversz 0 unbuild 0 {}
  30     0     100               0    0.0118413342   0.00993293069     0.655589857    0.0423911773     0.219586189     0.215636557
  30     1      50               0    0.0118413342   0.00993293069     0.655589857    0.0423911773     0.219586189     0.215636557
          wgpu 1d 130g 288c x3w 3ms | egraph 20g->142v+0snap 4ms | graft 30 (-78n, 0 snap) cpu 0 | f64 20 | gen 0.2s
--------- pump migration: intra (promote-2 + intake-reset) ---------
  31     0     100               0    0.0118413342   0.00993293069     0.655589857    0.0423911773     0.219586189     0.215636557
  31     1      50               0    0.0118413342   0.00993293069     0.655589857    0.0423911773     0.219586189     0.215636557
          wgpu 2d 364g 453c x3w 8ms | egraph 103g->227v+0snap 26ms | graft 71 (-281n, 0 snap) cpu 0 | f64 30 | gen 0.4s | dropped inexpr 3 oversz 0 unbuild 0 {}
  32     0     100               0    0.0118413342   0.00993293069     0.655589857    0.0423911773     0.219586189     0.215636557
  32     1      50               0    0.0118413342   0.00993293069     0.655589857    0.0423911773     0.219586189     0.215636557
          wgpu 1d 139g 292c x3w 3ms | egraph 26g->146v+0snap 8ms | graft 38 (-144n, 0 snap) cpu 0 | f64 20 | gen 0.2s | dropped inexpr 3 oversz 0 unbuild 0 {}
  33     0     100               0    0.0118413342   0.00993293069     0.655589857    0.0423911773     0.219586189     0.215636557
  33     1      50               0    0.0118413342   0.00993293069     0.655589857    0.0423911773     0.219586189     0.215636557
          wgpu 1d 125g 284c x3w 3ms | egraph 16g->138v+0snap 4ms | graft 32 (-92n, 0 snap) cpu 0 | f64 20 | gen 0.2s
  34     0     100               0    0.0118413342   0.00993293069     0.655589857    0.0423911773     0.219586189     0.215636557
  34     1      50               0    0.0118413342   0.00993293069     0.655589857    0.0423911773     0.219586189     0.215636557
          wgpu 1d 113g 284c x3w 3ms | egraph 13g->138v+0snap 4ms | graft 20 (-58n, 0 snap) cpu 0 | f64 20 | gen 0.1s | dropped inexpr 1 oversz 0 unbuild 0 {}
  35     0     100               0    0.0118413342   0.00993293069     0.655589857    0.0423911773     0.219586189     0.215636557
  35     1      50               0    0.0118413342   0.00993293069     0.655589857    0.0423911773     0.219586189     0.215636557
          wgpu 1d 154g 294c x3w 4ms | egraph 23g->148v+0snap 5ms | graft 46 (-126n, 0 snap) cpu 0 | f64 20 | gen 0.2s
  36     0     100               0    0.0118413342   0.00993293069     0.655589857    0.0423911773     0.219586189     0.215636557
  36     1      50               0    0.0118413342   0.00993293069     0.655589857    0.0423911773     0.219586189     0.215636557
          wgpu 1d 144g 272c x3w 3ms | egraph 21g->126v+0snap 5ms | graft 33 (-95n, 0 snap) cpu 0 | f64 20 | gen 0.2s | dropped inexpr 1 oversz 0 unbuild 0 {}
  37     0     100               0    0.0118413342   0.00993293069     0.655589857    0.0423911773     0.219586189     0.215636557
  37     1      50               0    0.0118413342   0.00993293069     0.655589857    0.0423911773     0.219586189     0.215636557
          wgpu 1d 142g 286c x3w 3ms | egraph 25g->140v+0snap 5ms | graft 37 (-109n, 0 snap) cpu 0 | f64 20 | gen 0.2s | dropped inexpr 1 oversz 0 unbuild 0 {}
  38     0     100               0   0.00321939773   0.00249559718     0.217078225    0.0508128729    0.0597006441    0.0541775636
  38     1      50               0    0.0118413342   0.00993293069     0.655589857    0.0423911773     0.219586189     0.215636557
          wgpu 1d 118g 239c x3w 3ms | egraph 25g->93v+0snap 9ms | graft 26 (-92n, 0 snap) cpu 0 | f64 20 | gen 0.2s
  39     0     100               0   0.00321939773   0.00249559718     0.217078225    0.0508128729    0.0597006441    0.0541775636
  39     1      50               0    0.0118413342   0.00993293069     0.655589857    0.0423911773     0.219586189     0.215636557
          wgpu 1d 127g 225c x3w 3ms | egraph 21g->79v+0snap 5ms | graft 26 (-65n, 0 snap) cpu 0 | f64 20 | gen 0.1s
  40     0     100               0   0.00321939773   0.00249559718     0.217078225    0.0508128729    0.0597006441    0.0541775636
  40     1      50               0    0.0118413342   0.00993293069     0.655589857    0.0423911773     0.219586189     0.215636557
          wgpu 1d 123g 219c x3w 3ms | egraph 20g->73v+0snap 5ms | graft 30 (-84n, 0 snap) cpu 0 | f64 20 | gen 0.1s | dropped inexpr 1 oversz 0 unbuild 0 {}
--------- pump migration: intra (promote-2 + intake-reset) ---------
  41     0     100               0    0.0138779948     0.013531048     0.546352747    0.0514956288     0.257354108     0.293749015
  41     1      50               0   0.00321939773   0.00249559718     0.217078225    0.0508128729    0.0597006441    0.0541775636
          wgpu 2d 399g 475c x3w 8ms | egraph 139g->249v+0snap 26ms | graft 105 (-497n, 0 snap) cpu 0 | f64 30 | gen 0.3s | dropped inexpr 5 oversz 0 unbuild 0 {}
  42     0     100               0    0.0138779948     0.013531048     0.546352747    0.0514956288     0.257354108     0.293749015
  42     1      50               0   0.00321939773   0.00249559718     0.217078225    0.0508128729    0.0597006441    0.0541775636
          wgpu 1d 198g 312c x3w 4ms | egraph 76g->166v+0snap 12ms | graft 79 (-516n, 0 snap) cpu 0 | f64 20 | gen 0.2s | dropped inexpr 2 oversz 0 unbuild 0 {}
  43     0     100               0   0.00321939773   0.00249559718     0.217078225    0.0508128729    0.0597006441    0.0541775636
  43     1      50               0   0.00321939773   0.00249559718     0.217078225    0.0508128729    0.0597006441    0.0541775636
          wgpu 1d 152g 234c x3w 3ms | egraph 38g->88v+0snap 8ms | graft 38 (-204n, 0 snap) cpu 0 | f64 20 | gen 0.2s | dropped inexpr 1 oversz 0 unbuild 0 {}
  44     0     100               0   0.00321939773   0.00249559718     0.217078225    0.0508128729    0.0597006441    0.0541775636
  44     1      50               0   0.00321939773   0.00249559718     0.217078225    0.0508128729    0.0597006441    0.0541775636
          wgpu 1d 124g 214c x3w 3ms | egraph 27g->68v+0snap 7ms | graft 29 (-132n, 0 snap) cpu 0 | f64 20 | gen 0.3s | dropped inexpr 1 oversz 0 unbuild 0 {}
  45     0     100               0   0.00321939773   0.00249559718     0.217078225    0.0508128729    0.0597006441    0.0541775636
  45     1      50               0   0.00321939773   0.00249559718     0.217078225    0.0508128729    0.0597006441    0.0541775636
          wgpu 1d 103g 187c x3w 3ms | egraph 22g->41v+0snap 6ms | graft 20 (-50n, 0 snap) cpu 0 | f64 20 | gen 0.1s
  46     0     100               0   0.00321939773   0.00249559718     0.217078225    0.0508128729    0.0597006441    0.0541775636
  46     1      50               0   0.00321939773   0.00249559718     0.217078225    0.0508128729    0.0597006441    0.0541775636
          wgpu 1d 97g 192c x3w 3ms | egraph 18g->46v+0snap 4ms | graft 19 (-50n, 0 snap) cpu 0 | f64 20 | gen 0.1s
  47     0     100               0   0.00321939773   0.00249559718     0.217078225    0.0508128729    0.0597006441    0.0541775636
  47     1      50               0   0.00321939773   0.00249559718     0.217078225    0.0508128729    0.0597006441    0.0541775636
          wgpu 1d 97g 191c x3w 3ms | egraph 17g->45v+0snap 6ms | graft 22 (-50n, 0 snap) cpu 0 | f64 20 | gen 0.1s | dropped inexpr 3 oversz 0 unbuild 0 {}
  48     0     100               0   0.00321939773   0.00249559718     0.217078225    0.0508128729    0.0597006441    0.0541775636
  48     1      50               0   0.00321939773   0.00249559718     0.217078225    0.0508128729    0.0597006441    0.0541775636
          wgpu 1d 100g 195c x3w 3ms | egraph 16g->49v+0snap 4ms | graft 25 (-66n, 0 snap) cpu 0 | f64 20 | gen 0.1s
  49     0     100               0   0.00321939773   0.00249559718     0.217078225    0.0508128729    0.0597006441    0.0541775636
  49     1      50               0   0.00321939773   0.00249559718     0.217078225    0.0508128729    0.0597006441    0.0541775636
          wgpu 1d 102g 206c x3w 3ms | egraph 16g->60v+0snap 3ms | graft 26 (-77n, 0 snap) cpu 0 | f64 20 | gen 0.1s | dropped inexpr 1 oversz 0 unbuild 0 {}
  50     0     100               0   0.00321939773   0.00249559718     0.217078225    0.0508128729    0.0597006441    0.0541775636
  50     1      50               0   0.00321939773   0.00249559718     0.217078225    0.0508128729    0.0597006441    0.0541775636
          wgpu 1d 104g 192c x3w 3ms | egraph 22g->46v+0snap 4ms | graft 24 (-70n, 0 snap) cpu 0 | f64 20 | gen 0.1s | dropped inexpr 1 oversz 0 unbuild 0 {}
--------- pump migration: intra (promote-2 + intake-reset) ---------
  51     0     100               0   0.00321939773   0.00249559718     0.217078225    0.0508128729    0.0597006441    0.0541775636
  51     1      50               0   0.00321939773   0.00249559718     0.217078225    0.0508128729    0.0597006441    0.0541775636
          wgpu 2d 336g 389c x3w 7ms | egraph 110g->163v+0snap 17ms | graft 82 (-239n, 0 snap) cpu 0 | f64 30 | gen 0.1s | dropped inexpr 8 oversz 0 unbuild 0 {}
  52     0     100               0   0.00321939773   0.00249559718     0.217078225    0.0508128729    0.0597006441    0.0541775636
  52     1      50               0   0.00321939773   0.00249559718     0.217078225    0.0508128729    0.0597006441    0.0541775636
          wgpu 1d 99g 189c x3w 2ms | egraph 14g->43v+0snap 3ms | graft 23 (-55n, 0 snap) cpu 0 | f64 20 | gen 0.1s | dropped inexpr 1 oversz 0 unbuild 0 {}
  53     0     100               0   0.00321939773   0.00249559718     0.217078225    0.0508128729    0.0597006441    0.0541775636
  53     1      50               0   0.00321939773   0.00249559718     0.217078225    0.0508128729    0.0597006441    0.0541775636
          wgpu 1d 101g 190c x3w 3ms | egraph 14g->44v+0snap 3ms | graft 25 (-58n, 0 snap) cpu 0 | f64 20 | gen 0.1s
  54     0     100               0   0.00321939773   0.00249559718     0.217078225    0.0508128729    0.0597006441    0.0541775636
  54     1      50               0   0.00321939773   0.00249559718     0.217078225    0.0508128729    0.0597006441    0.0541775636
          wgpu 1d 127g 211c x3w 3ms | egraph 25g->65v+0snap 8ms | graft 29 (-101n, 0 snap) cpu 0 | f64 20 | gen 0.1s | dropped inexpr 2 oversz 0 unbuild 0 {}
  55     0     100               0   0.00321939773   0.00249559718     0.217078225    0.0508128729    0.0597006441    0.0541775636
  55     1      50               0   0.00321939773   0.00249559718     0.217078225    0.0508128729    0.0597006441    0.0541775636
          wgpu 1d 81g 182c x3w 3ms | egraph 13g->36v+0snap 3ms | graft 23 (-56n, 0 snap) cpu 0 | f64 20 | gen 0.1s | dropped inexpr 2 oversz 0 unbuild 0 {}
  56     0     100               0   0.00321939773   0.00249559718     0.217078225    0.0508128729    0.0597006441    0.0541775636
  56     1      50               0   0.00321939773   0.00249559718     0.217078225    0.0508128729    0.0597006441    0.0541775636
          wgpu 1d 111g 206c x3w 3ms | egraph 13g->60v+0snap 4ms | graft 31 (-69n, 0 snap) cpu 0 | f64 20 | gen 0.1s | dropped inexpr 2 oversz 0 unbuild 0 {}
  57     0     100               0   0.00321939773   0.00249559718     0.217078225    0.0508128729    0.0597006441    0.0541775636
  57     1      50               0   0.00321939773   0.00249559718     0.217078225    0.0508128729    0.0597006441    0.0541775636
          wgpu 1d 138g 215c x3w 3ms | egraph 30g->69v+0snap 39ms | graft 33 (-86n, 0 snap) cpu 0 | f64 20 | gen 0.3s | dropped inexpr 5 oversz 0 unbuild 0 {}
  58     0     100               0   0.00321939773   0.00249559718     0.217078225    0.0508128729    0.0597006441    0.0541775636
  58     1      50               0   0.00321939773   0.00249559718     0.217078225    0.0508128729    0.0597006441    0.0541775636
          wgpu 1d 106g 192c x3w 3ms | egraph 12g->46v+0snap 3ms | graft 25 (-70n, 0 snap) cpu 0 | f64 20 | gen 0.1s | dropped inexpr 2 oversz 0 unbuild 0 {}
  59     0     100               0   0.00321939773   0.00249559718     0.217078225    0.0508128729    0.0597006441    0.0541775636
  59     1      50               0   0.00321939773   0.00249559718     0.217078225    0.0508128729    0.0597006441    0.0541775636
          wgpu 1d 113g 206c x3w 3ms | egraph 18g->60v+0snap 4ms | graft 31 (-89n, 0 snap) cpu 0 | f64 20 | gen 0.1s | dropped inexpr 2 oversz 0 unbuild 0 {}
  60     0     100               0   0.00321939773   0.00249559718     0.217078225    0.0508128729    0.0597006441    0.0541775636
  60     1      50               0   0.00321939773   0.00249559718     0.217078225    0.0508128729    0.0597006441    0.0541775636
          wgpu 1d 109g 197c x3w 3ms | egraph 17g->51v+0snap 5ms | graft 27 (-67n, 0 snap) cpu 0 | f64 20 | gen 0.1s | dropped inexpr 1 oversz 0 unbuild 0 {}
--------- pump migration: intra (promote-2 + intake-reset) + cross ---------
  61     0     100               0   0.00321939773   0.00249559718     0.217078225    0.0508128729    0.0597006441    0.0541775636
  61     1      50               0   0.00321939773   0.00249559718     0.217078225    0.0508128729    0.0597006441    0.0541775636
          wgpu 2d 342g 393c x3w 7ms | egraph 110g->167v+0snap 16ms | graft 79 (-258n, 0 snap) cpu 0 | f64 30 | gen 0.1s | dropped inexpr 6 oversz 0 unbuild 0 {}
  62     0     100               0   0.00321939773   0.00249559718     0.217078225    0.0508128729    0.0597006441    0.0541775636
  62     1      50               0   0.00321939773   0.00249559718     0.217078225    0.0508128729    0.0597006441    0.0541775636
          wgpu 1d 114g 193c x3w 3ms | egraph 19g->47v+0snap 3ms | graft 25 (-63n, 0 snap) cpu 0 | f64 20 | gen 0.1s | dropped inexpr 3 oversz 0 unbuild 0 {}
  63     0     100               0   0.00321939773   0.00249559718     0.217078225    0.0508128729    0.0597006441    0.0541775636
  63     1      50               0   0.00321939773   0.00249559718     0.217078225    0.0508128729    0.0597006441    0.0541775636
          wgpu 1d 98g 191c x3w 3ms | egraph 13g->45v+0snap 3ms | graft 25 (-58n, 0 snap) cpu 0 | f64 20 | gen 0.1s | dropped inexpr 2 oversz 0 unbuild 0 {}
  64     0     100               0   0.00321939773   0.00249559718     0.217078225    0.0508128729    0.0597006441    0.0541775636
  64     1      50               0   0.00321939773   0.00249559718     0.217078225    0.0508128729    0.0597006441    0.0541775636
          wgpu 1d 100g 186c x3w 3ms | egraph 16g->40v+0snap 3ms | graft 21 (-54n, 0 snap) cpu 0 | f64 20 | gen 0.1s | dropped inexpr 1 oversz 0 unbuild 0 {}
  65     0     100               0   0.00321939773   0.00249559718     0.217078225    0.0508128729    0.0597006441    0.0541775636
  65     1      50               0   0.00321939773   0.00249559718     0.217078225    0.0508128729    0.0597006441    0.0541775636
          wgpu 1d 99g 196c x3w 3ms | egraph 13g->50v+0snap 3ms | graft 27 (-66n, 0 snap) cpu 0 | f64 20 | gen 0.1s | dropped inexpr 1 oversz 0 unbuild 0 {}
  66     0     100               0   0.00321939773   0.00249559718     0.217078225    0.0508128729    0.0597006441    0.0541775636
  66     1      50               0   0.00321939773   0.00249559718     0.217078225    0.0508128729    0.0597006441    0.0541775636
          wgpu 1d 105g 197c x3w 3ms | egraph 10g->51v+0snap 3ms | graft 26 (-61n, 0 snap) cpu 0 | f64 20 | gen 0.1s
  67     0     100               0   0.00321939773   0.00249559718     0.217078225    0.0508128729    0.0597006441    0.0541775636
  67     1      50               0   0.00321939773   0.00249559718     0.217078225    0.0508128729    0.0597006441    0.0541775636
          wgpu 1d 91g 188c x3w 3ms | egraph 12g->42v+0snap 2ms | graft 17 (-46n, 0 snap) cpu 0 | f64 20 | gen 0.1s | dropped inexpr 1 oversz 0 unbuild 0 {}
  68     0     100               0   0.00321939773   0.00249559718     0.217078225    0.0508128729    0.0597006441    0.0541775636
  68     1      50               0   0.00321939773   0.00249559718     0.217078225    0.0508128729    0.0597006441    0.0541775636
          wgpu 1d 105g 198c x3w 3ms | egraph 22g->52v+0snap 4ms | graft 26 (-64n, 0 snap) cpu 0 | f64 20 | gen 0.1s | dropped inexpr 1 oversz 0 unbuild 0 {}
  69     0     100               0   0.00321939773   0.00249559718     0.217078225    0.0508128729    0.0597006441    0.0541775636
  69     1      50               0   0.00321939773   0.00249559718     0.217078225    0.0508128729    0.0597006441    0.0541775636
          wgpu 1d 100g 196c x3w 3ms | egraph 12g->50v+0snap 3ms | graft 28 (-61n, 0 snap) cpu 0 | f64 20 | gen 0.1s
  70     0     100               0   0.00321939773   0.00249559718     0.217078225    0.0508128729    0.0597006441    0.0541775636
  70     1      50               0   0.00321939773   0.00249559718     0.217078225    0.0508128729    0.0597006441    0.0541775636
          wgpu 1d 94g 188c x3w 3ms | egraph 10g->42v+0snap 2ms | graft 22 (-56n, 0 snap) cpu 0 | f64 20 | gen 0.1s | dropped inexpr 1 oversz 0 unbuild 0 {}
--------- pump migration: intra (promote-2 + intake-reset) ---------
  71     0     100               0    0.0118413342   0.00993293069     0.655589857    0.0423911773     0.219586189     0.215636557
  71     1      50               0   0.00321939773   0.00249559718     0.217078225    0.0508128729    0.0597006441    0.0541775636
          wgpu 2d 311g 371c x3w 7ms | egraph 94g->145v+0snap 17ms | graft 61 (-191n, 0 snap) cpu 0 | f64 30 | gen 0.1s | dropped inexpr 2 oversz 0 unbuild 0 {}
  72     0     100               0    0.0118413342   0.00993293069     0.655589857    0.0423911773     0.219586189     0.215636557
  72     1      50               0   0.00321939773   0.00249559718     0.217078225    0.0508128729    0.0597006441    0.0541775636
          wgpu 1d 87g 187c x3w 3ms | egraph 19g->41v+0snap 4ms | graft 21 (-52n, 0 snap) cpu 0 | f64 20 | gen 0.1s
  73     0     100               0    0.0118413342   0.00993293069     0.655589857    0.0423911773     0.219586189     0.215636557
  73     1      50               0   0.00321939773   0.00249559718     0.217078225    0.0508128729    0.0597006441    0.0541775636
          wgpu 1d 127g 208c x3w 3ms | egraph 28g->62v+0snap 4ms | graft 31 (-82n, 0 snap) cpu 0 | f64 20 | gen 0.2s | dropped inexpr 2 oversz 0 unbuild 0 {}
  74     0     100               0    0.0118413342   0.00993293069     0.655589857    0.0423911773     0.219586189     0.215636557
  74     1      50               0   0.00321939773   0.00249559718     0.217078225    0.0508128729    0.0597006441    0.0541775636
          wgpu 1d 107g 197c x3w 3ms | egraph 18g->51v+0snap 3ms | graft 29 (-68n, 0 snap) cpu 0 | f64 20 | gen 0.1s | dropped inexpr 2 oversz 0 unbuild 0 {}
  75     0     100               0    0.0118413342   0.00993293069     0.655589857    0.0423911773     0.219586189     0.215636557
  75     1      50               0   0.00321939773   0.00249559718     0.217078225    0.0508128729    0.0597006441    0.0541775636
          wgpu 1d 105g 198c x3w 3ms | egraph 23g->52v+0snap 4ms | graft 32 (-80n, 0 snap) cpu 0 | f64 20 | gen 0.1s
  76     0     100               0    0.0118413342   0.00993293069     0.655589857    0.0423911773     0.219586189     0.215636557
  76     1      50               0   0.00321939773   0.00249559718     0.217078225    0.0508128729    0.0597006441    0.0541775636
          wgpu 1d 97g 189c x3w 3ms | egraph 18g->43v+0snap 3ms | graft 24 (-60n, 0 snap) cpu 0 | f64 20 | gen 0.1s
  77     0     100               0    0.0118413342   0.00993293069     0.655589857    0.0423911773     0.219586189     0.215636557
  77     1      50               0   0.00321939773   0.00249559718     0.217078225    0.0508128729    0.0597006441    0.0541775636
          wgpu 1d 110g 200c x3w 3ms | egraph 20g->54v+0snap 4ms | graft 25 (-63n, 0 snap) cpu 0 | f64 20 | gen 0.1s | dropped inexpr 1 oversz 0 unbuild 0 {}
  78     0     100               0    0.0118413342   0.00993293069     0.655589857    0.0423911773     0.219586189     0.215636557
  78     1      50               0   0.00321939773   0.00249559718     0.217078225    0.0508128729    0.0597006441    0.0541775636
          wgpu 1d 100g 193c x3w 3ms | egraph 15g->47v+0snap 3ms | graft 24 (-64n, 0 snap) cpu 0 | f64 20 | gen 0.1s
  79     0     100               0    0.0118413342   0.00993293069     0.655589857    0.0423911773     0.219586189     0.215636557
  79     1      50               0   0.00321939773   0.00249559718     0.217078225    0.0508128729    0.0597006441    0.0541775636
          wgpu 1d 108g 199c x3w 3ms | egraph 17g->53v+0snap 3ms | graft 33 (-69n, 0 snap) cpu 0 | f64 20 | gen 0.1s | dropped inexpr 1 oversz 0 unbuild 0 {}
  80     0     100               0    0.0118413342   0.00993293069     0.655589857    0.0423911773     0.219586189     0.215636557
  80     1      50               0   0.00321939773   0.00249559718     0.217078225    0.0508128729    0.0597006441    0.0541775636
          wgpu 1d 119g 195c x3w 3ms | egraph 21g->49v+0snap 4ms | graft 27 (-61n, 0 snap) cpu 0 | f64 20 | gen 0.1s | dropped inexpr 1 oversz 0 unbuild 0 {}
--------- pump migration: intra (promote-2 + intake-reset) ---------
  81     0     100               0    0.0118413342   0.00993293069     0.655589857    0.0423911773     0.219586189     0.215636557
  81     1      50               0   0.00321939773   0.00249559718     0.217078225    0.0508128729    0.0597006441    0.0541775636
          wgpu 2d 340g 393c x3w 7ms | egraph 118g->167v+0snap 25ms | graft 80 (-258n, 0 snap) cpu 0 | f64 30 | gen 0.1s | dropped inexpr 4 oversz 0 unbuild 0 {}
  82     0     100               0    0.0118413342   0.00993293069     0.655589857    0.0423911773     0.219586189     0.215636557
  82     1      50               0   0.00321939773   0.00249559718     0.217078225    0.0508128729    0.0597006441    0.0541775636
          wgpu 1d 81g 191c x3w 3ms | egraph 9g->45v+0snap 2ms | graft 22 (-61n, 0 snap) cpu 0 | f64 20 | gen 0.1s
  83     0     100               0    0.0118413342   0.00993293069     0.655589857    0.0423911773     0.219586189     0.215636557
  83     1      50               0   0.00321939773   0.00249559718     0.217078225    0.0508128729    0.0597006441    0.0541775636
          wgpu 1d 97g 188c x3w 3ms | egraph 18g->42v+0snap 3ms | graft 27 (-71n, 0 snap) cpu 0 | f64 20 | gen 0.1s | dropped inexpr 1 oversz 0 unbuild 0 {}
  84     0     100               0    0.0118413342   0.00993293069     0.655589857    0.0423911773     0.219586189     0.215636557
  84     1      50               0   0.00321939773   0.00249559718     0.217078225    0.0508128729    0.0597006441    0.0541775636
          wgpu 1d 100g 187c x3w 3ms | egraph 12g->41v+0snap 2ms | graft 27 (-62n, 0 snap) cpu 0 | f64 20 | gen 0.1s
  85     0     100               0    0.0118413342   0.00993293069     0.655589857    0.0423911773     0.219586189     0.215636557
  85     1      50               0   0.00321939773   0.00249559718     0.217078225    0.0508128729    0.0597006441    0.0541775636
          wgpu 1d 112g 194c x3w 3ms | egraph 19g->48v+0snap 4ms | graft 25 (-55n, 0 snap) cpu 0 | f64 20 | gen 0.2s
  86     0     100               0    0.0118413342   0.00993293069     0.655589857    0.0423911773     0.219586189     0.215636557
  86     1      50               0   0.00321939773   0.00249559718     0.217078225    0.0508128729    0.0597006441    0.0541775636
          wgpu 1d 108g 205c x3w 3ms | egraph 16g->59v+0snap 4ms | graft 30 (-80n, 0 snap) cpu 0 | f64 20 | gen 0.1s
  87     0     100               0    0.0118413342   0.00993293069     0.655589857    0.0423911773     0.219586189     0.215636557
  87     1      50               0   0.00321939773   0.00249559718     0.217078225    0.0508128729    0.0597006441    0.0541775636
          wgpu 1d 81g 180c x3w 3ms | egraph 7g->34v+0snap 2ms | graft 17 (-41n, 0 snap) cpu 0 | f64 20 | gen 0.1s | dropped inexpr 7 oversz 0 unbuild 0 {}
  88     0     100               0    0.0118413342   0.00993293069     0.655589857    0.0423911773     0.219586189     0.215636557
  88     1      50               0   0.00321939773   0.00249559718     0.217078225    0.0508128729    0.0597006441    0.0541775636
          wgpu 1d 118g 190c x3w 3ms | egraph 16g->44v+0snap 3ms | graft 27 (-71n, 0 snap) cpu 0 | f64 20 | gen 0.1s | dropped inexpr 1 oversz 0 unbuild 0 {}
  89     0     100               0    0.0118413342   0.00993293069     0.655589857    0.0423911773     0.219586189     0.215636557
  89     1      50               0   0.00321939773   0.00249559718     0.217078225    0.0508128729    0.0597006441    0.0541775636
          wgpu 1d 119g 197c x3w 3ms | egraph 16g->51v+0snap 4ms | graft 29 (-61n, 0 snap) cpu 0 | f64 20 | gen 0.1s | dropped inexpr 1 oversz 0 unbuild 0 {}
  90     0     100               0    0.0118413342   0.00993293069     0.655589857    0.0423911773     0.219586189     0.215636557
  90     1      50               0   0.00321939773   0.00249559718     0.217078225    0.0508128729    0.0597006441    0.0541775636
          wgpu 1d 107g 184c x3w 3ms | egraph 14g->38v+0snap 3ms | graft 17 (-48n, 0 snap) cpu 0 | f64 20 | gen 0.1s
--------- pump migration: intra (promote-2 + intake-reset) + cross ---------
  91     0     100               0    0.0118413342   0.00993293069     0.655589857    0.0423911773     0.219586189     0.215636557
  91     1      50               0   0.00321939773   0.00249559718     0.217078225    0.0508128729    0.0597006441    0.0541775636
          wgpu 2d 293g 382c x3w 7ms | egraph 78g->156v+0snap 15ms | graft 81 (-232n, 0 snap) cpu 0 | f64 30 | gen 0.2s | dropped inexpr 3 oversz 0 unbuild 0 {}
  92     0     100               0    0.0118413342   0.00993293069     0.655589857    0.0423911773     0.219586189     0.215636557
  92     1      50               0   0.00321939773   0.00249559718     0.217078225    0.0508128729    0.0597006441    0.0541775636
          wgpu 1d 97g 193c x3w 3ms | egraph 12g->47v+0snap 3ms | graft 29 (-70n, 0 snap) cpu 0 | f64 20 | gen 0.1s
  93     0     100               0    0.0118413342   0.00993293069     0.655589857    0.0423911773     0.219586189     0.215636557
  93     1      50               0   0.00321939773   0.00249559718     0.217078225    0.0508128729    0.0597006441    0.0541775636
          wgpu 1d 112g 192c x3w 3ms | egraph 14g->46v+0snap 3ms | graft 28 (-78n, 0 snap) cpu 0 | f64 20 | gen 0.1s
  94     0     100               0    0.0118413342   0.00993293069     0.655589857    0.0423911773     0.219586189     0.215636557
  94     1      50               0   0.00321939773   0.00249559718     0.217078225    0.0508128729    0.0597006441    0.0541775636
          wgpu 1d 104g 189c x3w 3ms | egraph 9g->43v+0snap 3ms | graft 28 (-60n, 0 snap) cpu 0 | f64 20 | gen 0.1s
  95     0     100               0    0.0118413342   0.00993293069     0.655589857    0.0423911773     0.219586189     0.215636557
  95     1      50               0   0.00321939773   0.00249559718     0.217078225    0.0508128729    0.0597006441    0.0541775636
          wgpu 1d 112g 193c x3w 3ms | egraph 14g->47v+0snap 3ms | graft 29 (-68n, 0 snap) cpu 0 | f64 20 | gen 0.1s
  96     0     100               0    0.0118413342   0.00993293069     0.655589857    0.0423911773     0.219586189     0.215636557
  96     1      50               0   0.00321939773   0.00249559718     0.217078225    0.0508128729    0.0597006441    0.0541775636
          wgpu 1d 115g 194c x3w 3ms | egraph 16g->48v+0snap 4ms | graft 27 (-73n, 0 snap) cpu 0 | f64 20 | gen 0.3s
  97     0     100               0    0.0118413342   0.00993293069     0.655589857    0.0423911773     0.219586189     0.215636557
  97     1      50               0   0.00321939773   0.00249559718     0.217078225    0.0508128729    0.0597006441    0.0541775636
          wgpu 1d 102g 195c x3w 3ms | egraph 17g->49v+0snap 4ms | graft 29 (-84n, 0 snap) cpu 0 | f64 20 | gen 0.1s
  98     0     100               0    0.0118413342   0.00993293069     0.655589857    0.0423911773     0.219586189     0.215636557
  98     1      50               0   0.00321939773   0.00249559718     0.217078225    0.0508128729    0.0597006441    0.0541775636
          wgpu 1d 96g 203c x3w 3ms | egraph 8g->57v+0snap 5ms | graft 32 (-75n, 0 snap) cpu 0 | f64 20 | gen 0.1s
  99     0     100               0    0.0118413342   0.00993293069     0.655589857    0.0423911773     0.219586189     0.215636557
  99     1      50               0   0.00321939773   0.00249559718     0.217078225    0.0508128729    0.0597006441    0.0541775636
          wgpu 1d 101g 200c x3w 3ms | egraph 9g->54v+0snap 3ms | graft 27 (-71n, 0 snap) cpu 0 | f64 20 | gen 0.2s
 100     0     100               0    0.0118413342   0.00993293069     0.655589857    0.0423911773     0.219586189     0.215636557
 100     1      50               0   0.00321939773   0.00249559718     0.217078225    0.0508128729    0.0597006441    0.0541775636
          wgpu 1d 120g 196c x3w 3ms | egraph 21g->50v+0snap 4ms | graft 28 (-75n, 0 snap) cpu 0 | f64 20 | gen 0.1s | dropped inexpr 2 oversz 0 unbuild 0 {}
--------- pump migration: intra (promote-2 + intake-reset) ---------
 101     0     100               0    0.0118413342   0.00993293069     0.655589857    0.0423911773     0.219586189     0.215636557
 101     1      50               0    0.0118413342   0.00993293069     0.655589857    0.0423911773     0.219586189     0.215636557
          wgpu 2d 317g 374c x3w 7ms | egraph 92g->148v+0snap 14ms | graft 66 (-215n, 0 snap) cpu 0 | f64 30 | gen 0.1s | dropped inexpr 5 oversz 0 unbuild 0 {}
 102     0     100               0    0.0118413342   0.00993293069     0.655589857    0.0423911773     0.219586189     0.215636557
 102     1      50               0   0.00321939773   0.00249559718     0.217078225    0.0508128729    0.0597006441    0.0541775636
          wgpu 1d 83g 178c x3w 3ms | egraph 8g->32v+0snap 2ms | graft 20 (-52n, 0 snap) cpu 0 | f64 20 | gen 0.1s
 103     0     100               0    0.0118413342   0.00993293069     0.655589857    0.0423911773     0.219586189     0.215636557
 103     1      50               0   0.00321939773   0.00249559718     0.217078225    0.0508128729    0.0597006441    0.0541775636
          wgpu 1d 103g 187c x3w 3ms | egraph 14g->41v+0snap 4ms | graft 17 (-47n, 0 snap) cpu 0 | f64 20 | gen 0.1s
 104     0     100               0    0.0118413342   0.00993293069     0.655589857    0.0423911773     0.219586189     0.215636557
 104     1      50               0   0.00321939773   0.00249559718     0.217078225    0.0508128729    0.0597006441    0.0541775636
          wgpu 1d 87g 181c x3w 3ms | egraph 8g->35v+0snap 2ms | graft 18 (-39n, 0 snap) cpu 0 | f64 20 | gen 0.1s | dropped inexpr 1 oversz 0 unbuild 0 {}
 105     0     100               0    0.0118413342   0.00993293069     0.655589857    0.0423911773     0.219586189     0.215636557
 105     1      50               0   0.00321939773   0.00249559718     0.217078225    0.0508128729    0.0597006441    0.0541775636
          wgpu 1d 110g 199c x3w 3ms | egraph 16g->53v+0snap 4ms | graft 30 (-71n, 0 snap) cpu 0 | f64 20 | gen 0.2s | dropped inexpr 2 oversz 0 unbuild 0 {}
 106     0     100               0    0.0118413342   0.00993293069     0.655589857    0.0423911773     0.219586189     0.215636557
 106     1      50               0   0.00321939773   0.00249559718     0.217078225    0.0508128729    0.0597006441    0.0541775636
          wgpu 1d 98g 190c x3w 3ms | egraph 15g->44v+0snap 3ms | graft 23 (-63n, 0 snap) cpu 0 | f64 20 | gen 0.1s | dropped inexpr 1 oversz 0 unbuild 0 {}
 107     0     100               0    0.0028927421   0.00214706243     0.216374468    0.0464112727    0.0536431287    0.0466111326
 107     1      50               0   0.00321939773   0.00249559718     0.217078225    0.0508128729    0.0597006441    0.0541775636
          wgpu 1d 108g 185c x3w 3ms | egraph 11g->39v+0snap 3ms | graft 24 (-59n, 0 snap) cpu 0 | f64 20 | gen 0.1s | dropped inexpr 2 oversz 0 unbuild 0 {}
 108     0     100               0    0.0028927421   0.00214706243     0.216374468    0.0464112727    0.0536431287    0.0466111326
 108     1      50               0   0.00321939773   0.00249559718     0.217078225    0.0508128729    0.0597006441    0.0541775636
          wgpu 1d 108g 202c x3w 3ms | egraph 8g->56v+0snap 2ms | graft 31 (-76n, 0 snap) cpu 0 | f64 20 | gen 0.1s
 109     0     100               0    0.0118413342   0.00993293069     0.655589857    0.0423911773     0.219586189     0.215636557
 109     1      50               0   0.00321939773   0.00249559718     0.217078225    0.0508128729    0.0597006441    0.0541775636
          wgpu 1d 103g 185c x3w 3ms | egraph 14g->39v+0snap 3ms | graft 22 (-52n, 0 snap) cpu 0 | f64 20 | gen 0.1s
 110     0     100               0    0.0118413342   0.00993293069     0.655589857    0.0423911773     0.219586189     0.215636557
 110     1      50               0   0.00321939773   0.00249559718     0.217078225    0.0508128729    0.0597006441    0.0541775636
          wgpu 1d 108g 199c x3w 3ms | egraph 14g->53v+0snap 4ms | graft 23 (-62n, 0 snap) cpu 0 | f64 20 | gen 0.1s
--------- pump migration: intra (promote-2 + intake-reset) ---------
 111     0     100               0    0.0118413342   0.00993293069     0.655589857    0.0423911773     0.219586189     0.215636557
 111     1      50               0   0.00321939773   0.00249559718     0.217078225    0.0508128729    0.0597006441    0.0541775636
          wgpu 2d 326g 390c x3w 7ms | egraph 91g->164v+0snap 16ms | graft 75 (-252n, 0 snap) cpu 0 | f64 30 | gen 0.1s | dropped inexpr 1 oversz 0 unbuild 0 {}
 112     0     100               0    0.0118413342   0.00993293069     0.655589857    0.0423911773     0.219586189     0.215636557
 112     1      50               0   0.00321939773   0.00249559718     0.217078225    0.0508128729    0.0597006441    0.0541775636
          wgpu 1d 93g 184c x3w 3ms | egraph 9g->38v+0snap 2ms | graft 15 (-34n, 0 snap) cpu 0 | f64 20 | gen 0.1s
 113     0     100               0    0.0118413342   0.00993293069     0.655589857    0.0423911773     0.219586189     0.215636557
 113     1      50               0   0.00321939773   0.00249559718     0.217078225    0.0508128729    0.0597006441    0.0541775636
          wgpu 1d 99g 192c x3w 3ms | egraph 9g->46v+0snap 3ms | graft 28 (-57n, 0 snap) cpu 0 | f64 20 | gen 0.1s
 114     0     100               0    0.0118413342   0.00993293069     0.655589857    0.0423911773     0.219586189     0.215636557
 114     1      50               0   0.00321939773   0.00249559718     0.217078225    0.0508128729    0.0597006441    0.0541775636
          wgpu 1d 104g 198c x3w 3ms | egraph 8g->52v+0snap 2ms | graft 30 (-65n, 0 snap) cpu 0 | f64 20 | gen 0.1s
 115     0     100               0    0.0118413342   0.00993293069     0.655589857    0.0423911773     0.219586189     0.215636557
 115     1      50               0   0.00321939773   0.00249559718     0.217078225    0.0508128729    0.0597006441    0.0541775636
          wgpu 1d 114g 188c x3w 3ms | egraph 19g->42v+0snap 4ms | graft 27 (-83n, 0 snap) cpu 0 | f64 20 | gen 0.1s | dropped inexpr 4 oversz 0 unbuild 0 {}
 116     0     100               0    0.0118413342   0.00993293069     0.655589857    0.0423911773     0.219586189     0.215636557
 116     1      50               0   0.00321939773   0.00249559718     0.217078225    0.0508128729    0.0597006441    0.0541775636
          wgpu 1d 107g 197c x3w 3ms | egraph 13g->51v+0snap 4ms | graft 24 (-57n, 0 snap) cpu 0 | f64 20 | gen 0.1s
 117     0     100               0    0.0118413342   0.00993293069     0.655589857    0.0423911773     0.219586189     0.215636557
 117     1      50               0   0.00321939773   0.00249559718     0.217078225    0.0508128729    0.0597006441    0.0541775636
          wgpu 1d 108g 192c x3w 3ms | egraph 9g->46v+0snap 2ms | graft 27 (-61n, 0 snap) cpu 0 | f64 20 | gen 0.1s | dropped inexpr 2 oversz 0 unbuild 0 {}
 118     0     100               0    0.0118413342   0.00993293069     0.655589857    0.0423911773     0.219586189     0.215636557
 118     1      50               0   0.00321939773   0.00249559718     0.217078225    0.0508128729    0.0597006441    0.0541775636
          wgpu 1d 99g 188c x3w 3ms | egraph 11g->42v+0snap 3ms | graft 22 (-50n, 0 snap) cpu 0 | f64 20 | gen 0.1s | dropped inexpr 1 oversz 0 unbuild 0 {}
 119     0     100               0    0.0118413342   0.00993293069     0.655589857    0.0423911773     0.219586189     0.215636557
 119     1      50               0   0.00321939773   0.00249559718     0.217078225    0.0508128729    0.0597006441    0.0541775636
          wgpu 1d 116g 194c x3w 3ms | egraph 16g->48v+0snap 4ms | graft 22 (-52n, 0 snap) cpu 0 | f64 20 | gen 0.1s | dropped inexpr 2 oversz 0 unbuild 0 {}
 120     0     100               0    0.0118413342   0.00993293069     0.655589857    0.0423911773     0.219586189     0.215636557
 120     1      50               0   0.00321939773   0.00249559718     0.217078225    0.0508128729    0.0597006441    0.0541775636
          wgpu 1d 102g 193c x3w 3ms | egraph 15g->47v+0snap 4ms | graft 26 (-69n, 0 snap) cpu 0 | f64 20 | gen 0.1s | dropped inexpr 2 oversz 0 unbuild 0 {}
--------- pump migration: intra (promote-2 + intake-reset) + cross ---------
 121     0     100               0    0.0118413342   0.00993293069     0.655589857    0.0423911773     0.219586189     0.215636557
 121     1      50               0    0.0118413342   0.00993293069     0.655589857    0.0423911773     0.219586189     0.215636557
          wgpu 2d 334g 407c x3w 7ms | egraph 90g->181v+0snap 26ms | graft 76 (-256n, 0 snap) cpu 0 | f64 30 | gen 0.2s | dropped inexpr 6 oversz 0 unbuild 0 {}
 122     0     100               0    0.0118413342   0.00993293069     0.655589857    0.0423911773     0.219586189     0.215636557
 122     1      50               0    0.0118413342   0.00993293069     0.655589857    0.0423911773     0.219586189     0.215636557
          wgpu 1d 90g 194c x3w 3ms | egraph 16g->48v+0snap 5ms | graft 25 (-66n, 0 snap) cpu 0 | f64 20 | gen 0.2s | dropped inexpr 2 oversz 0 unbuild 0 {}
 123     0     100               0    0.0118413342   0.00993293069     0.655589857    0.0423911773     0.219586189     0.215636557
 123     1      50               0    0.0118413342   0.00993293069     0.655589857    0.0423911773     0.219586189     0.215636557
          wgpu 1d 85g 187c x3w 3ms | egraph 12g->41v+0snap 3ms | graft 22 (-64n, 0 snap) cpu 0 | f64 20 | gen 0.1s
 124     0     100               0    0.0118413342   0.00993293069     0.655589857    0.0423911773     0.219586189     0.215636557
 124     1      50               0    0.0118413342   0.00993293069     0.655589857    0.0423911773     0.219586189     0.215636557
          wgpu 1d 94g 196c x3w 3ms | egraph 6g->50v+0snap 6ms | graft 26 (-72n, 0 snap) cpu 0 | f64 20 | gen 0.1s
 125     0     100               0    0.0118413342   0.00993293069     0.655589857    0.0423911773     0.219586189     0.215636557
 125     1      50               0    0.0118413342   0.00993293069     0.655589857    0.0423911773     0.219586189     0.215636557
          wgpu 1d 76g 186c x3w 3ms | egraph 5g->40v+0snap 1ms | graft 26 (-54n, 0 snap) cpu 0 | f64 20 | gen 0.1s
 126     0     100               0    0.0118413342   0.00993293069     0.655589857    0.0423911773     0.219586189     0.215636557
 126     1      50               0    0.0118413342   0.00993293069     0.655589857    0.0423911773     0.219586189     0.215636557
          wgpu 1d 96g 186c x3w 3ms | egraph 10g->40v+0snap 3ms | graft 24 (-54n, 0 snap) cpu 0 | f64 20 | gen 0.1s
 127     0     100               0    0.0118413342   0.00993293069     0.655589857    0.0423911773     0.219586189     0.215636557
 127     1      50               0    0.0118413342   0.00993293069     0.655589857    0.0423911773     0.219586189     0.215636557
          wgpu 1d 88g 195c x3w 3ms | egraph 10g->49v+0snap 3ms | graft 27 (-68n, 0 snap) cpu 0 | f64 20 | gen 0.1s | dropped inexpr 2 oversz 0 unbuild 0 {}
 128     0     100               0    0.0118413342   0.00993293069     0.655589857    0.0423911773     0.219586189     0.215636557
 128     1      50               0    0.0118413342   0.00993293069     0.655589857    0.0423911773     0.219586189     0.215636557
          wgpu 1d 72g 181c x3w 3ms | egraph 8g->35v+0snap 2ms | graft 21 (-54n, 0 snap) cpu 0 | f64 20 | gen 0.1s
 129     0     100               0    0.0118413342   0.00993293069     0.655589857    0.0423911773     0.219586189     0.215636557
 129     1      50               0    0.0118413342   0.00993293069     0.655589857    0.0423911773     0.219586189     0.215636557
          wgpu 1d 90g 180c x3w 3ms | egraph 18g->34v+0snap 4ms | graft 20 (-48n, 0 snap) cpu 0 | f64 20 | gen 0.1s | dropped inexpr 4 oversz 0 unbuild 0 {}
 130     0     100               0    0.0118413342   0.00993293069     0.655589857    0.0423911773     0.219586189     0.215636557
 130     1      50               0    0.0118413342   0.00993293069     0.655589857    0.0423911773     0.219586189     0.215636557
          wgpu 1d 94g 192c x3w 3ms | egraph 12g->46v+0snap 3ms | graft 30 (-67n, 0 snap) cpu 0 | f64 20 | gen 0.1s
--------- pump migration: intra (promote-2 + intake-reset) ---------
 131     0     100               0   0.00734125158   0.00695411869     0.472805701    0.0520517247     0.136136472     0.150968758
 131     1      50               0    0.0118413342   0.00993293069     0.655589857    0.0423911773     0.219586189     0.215636557
          wgpu 2d 370g 459c x3w 8ms | egraph 109g->233v+0snap 25ms | graft 77 (-338n, 0 snap) cpu 0 | f64 30 | gen 0.3s | dropped inexpr 2 oversz 0 unbuild 0 {}
 132     0     100               0   0.00734125158   0.00695411869     0.472805701    0.0520517247     0.136136472     0.150968758
 132     1      50               0    0.0118413342   0.00993293069     0.655589857    0.0423911773     0.219586189     0.215636557
          wgpu 1d 117g 231c x3w 3ms | egraph 22g->85v+0snap 5ms | graft 29 (-91n, 0 snap) cpu 0 | f64 20 | gen 0.1s
 133     0     100               0   0.00734125158   0.00695411869     0.472805701    0.0520517247     0.136136472     0.150968758
 133     1      50               0    0.0118413342   0.00993293069     0.655589857    0.0423911773     0.219586189     0.215636557
          wgpu 1d 147g 283c x3w 3ms | egraph 44g->137v+0snap 7ms | graft 46 (-173n, 0 snap) cpu 0 | f64 20 | gen 0.1s | dropped inexpr 1 oversz 0 unbuild 0 {}
 134     0     100               0   0.00734125158   0.00695411869     0.472805701    0.0520517247     0.136136472     0.150968758
 134     1      50               0    0.0118413342   0.00993293069     0.655589857    0.0423911773     0.219586189     0.215636557
          wgpu 1d 134g 271c x3w 3ms | egraph 32g->125v+0snap 6ms | graft 44 (-118n, 0 snap) cpu 0 | f64 20 | gen 0.2s | dropped inexpr 1 oversz 0 unbuild 0 {}
 135     0     100               0   0.00734125158   0.00695411869     0.472805701    0.0520517247     0.136136472     0.150968758
 135     1      50               0    0.0118413342   0.00993293069     0.655589857    0.0423911773     0.219586189     0.215636557
          wgpu 1d 133g 273c x3w 3ms | egraph 29g->127v+0snap 6ms | graft 42 (-135n, 0 snap) cpu 0 | f64 20 | gen 0.1s
 136     0     100               0   0.00734125158   0.00695411869     0.472805701    0.0520517247     0.136136472     0.150968758
 136     1      50               0    0.0118413342   0.00993293069     0.655589857    0.0423911773     0.219586189     0.215636557
          wgpu 1d 156g 266c x3w 3ms | egraph 36g->120v+0snap 8ms | graft 32 (-104n, 0 snap) cpu 0 | f64 20 | gen 0.1s | dropped inexpr 2 oversz 0 unbuild 0 {}
 137     0     100               0   0.00734125158   0.00695411869     0.472805701    0.0520517247     0.136136472     0.150968758
 137     1      50               0    0.0118413342   0.00993293069     0.655589857    0.0423911773     0.219586189     0.215636557
          wgpu 1d 142g 267c x3w 3ms | egraph 23g->121v+0snap 4ms | graft 30 (-116n, 0 snap) cpu 0 | f64 20 | gen 0.2s | dropped inexpr 1 oversz 0 unbuild 0 {}
 138     0     100               0   0.00734125158   0.00695411869     0.472805701    0.0520517247     0.136136472     0.150968758
 138     1      50               0    0.0118413342   0.00993293069     0.655589857    0.0423911773     0.219586189     0.215636557
          wgpu 1d 146g 286c x3w 3ms | egraph 28g->140v+0snap 5ms | graft 44 (-136n, 0 snap) cpu 0 | f64 20 | gen 0.1s | dropped inexpr 1 oversz 0 unbuild 0 {}
 139     0     100               0   0.00734125158   0.00695411869     0.472805701    0.0520517247     0.136136472     0.150968758
 139     1      50               0    0.0118413342   0.00993293069     0.655589857    0.0423911773     0.219586189     0.215636557
          wgpu 1d 140g 264c x3w 3ms | egraph 22g->118v+0snap 5ms | graft 37 (-99n, 0 snap) cpu 0 | f64 20 | gen 0.1s | dropped inexpr 1 oversz 0 unbuild 0 {}
 140     0     100               0   0.00734125158   0.00695411869     0.472805701    0.0520517247     0.136136472     0.150968758
 140     1      50               0    0.0118413342   0.00993293069     0.655589857    0.0423911773     0.219586189     0.215636557
          wgpu 1d 138g 266c x3w 4ms | egraph 23g->120v+0snap 5ms | graft 43 (-130n, 0 snap) cpu 0 | f64 20 | gen 0.2s
--------- pump migration: intra (promote-2 + intake-reset) ---------
 141     0     100               0   0.00734125158   0.00695411869     0.472805701    0.0520517247     0.136136472     0.150968758
 141     1      50               0   0.00734125158   0.00695411869     0.472805701    0.0520517247     0.136136472     0.150968758
          wgpu 2d 358g 469c x3w 7ms | egraph 100g->243v+0snap 23ms | graft 82 (-280n, 0 snap) cpu 0 | f64 30 | gen 0.2s | dropped inexpr 9 oversz 0 unbuild 0 {}
 142     0     100               0   0.00734125158   0.00695411869     0.472805701    0.0520517247     0.136136472     0.150968758
 142     1      50               0   0.00734125158   0.00695411869     0.472805701    0.0520517247     0.136136472     0.150968758
          wgpu 1d 154g 278c x3w 3ms | egraph 28g->132v+0snap 5ms | graft 41 (-171n, 0 snap) cpu 0 | f64 20 | gen 0.2s | dropped inexpr 1 oversz 0 unbuild 0 {}
 143     0     100               0   0.00734125158   0.00695411869     0.472805701    0.0520517247     0.136136472     0.150968758
 143     1      50               0   0.00734125158   0.00695411869     0.472805701    0.0520517247     0.136136472     0.150968758
          wgpu 1d 138g 316c x3w 3ms | egraph 21g->170v+0snap 4ms | graft 54 (-178n, 0 snap) cpu 0 | f64 20 | gen 0.3s | dropped inexpr 1 oversz 0 unbuild 0 {}
 144     0     100               0   0.00734125158   0.00695411869     0.472805701    0.0520517247     0.136136472     0.150968758
 144     1      50               0   0.00734125158   0.00695411869     0.472805701    0.0520517247     0.136136472     0.150968758
          wgpu 1d 154g 321c x3w 4ms | egraph 24g->175v+0snap 4ms | graft 53 (-188n, 0 snap) cpu 0 | f64 20 | gen 0.1s
 145     0     100               0   0.00734125158   0.00695411869     0.472805701    0.0520517247     0.136136472     0.150968758
 145     1      50               0   0.00734125158   0.00695411869     0.472805701    0.0520517247     0.136136472     0.150968758
          wgpu 1d 167g 328c x3w 4ms | egraph 31g->182v+0snap 8ms | graft 46 (-200n, 0 snap) cpu 0 | f64 20 | gen 0.2s | dropped inexpr 4 oversz 0 unbuild 0 {}
 146     0     100               0   0.00734125158   0.00695411869     0.472805701    0.0520517247     0.136136472     0.150968758
 146     1      50               0   0.00734125158   0.00695411869     0.472805701    0.0520517247     0.136136472     0.150968758
          wgpu 1d 167g 323c x3w 4ms | egraph 27g->177v+0snap 8ms | graft 52 (-218n, 0 snap) cpu 0 | f64 20 | gen 0.2s
 147     0     100               0   0.00734125158   0.00695411869     0.472805701    0.0520517247     0.136136472     0.150968758
 147     1      50               0    0.0028927421   0.00214706243     0.216374468    0.0464112727    0.0536431287    0.0466111326
          wgpu 1d 137g 299c x3w 3ms | egraph 21g->153v+0snap 6ms | graft 43 (-170n, 0 snap) cpu 0 | f64 20 | gen 0.2s
 148     0     100               0   0.00734125158   0.00695411869     0.472805701    0.0520517247     0.136136472     0.150968758
 148     1      50               0    0.0028927421   0.00214706243     0.216374468    0.0464112727    0.0536431287    0.0466111326
          wgpu 1d 138g 286c x3w 4ms | egraph 16g->140v+0snap 5ms | graft 40 (-198n, 0 snap) cpu 0 | f64 20 | gen 0.2s | dropped inexpr 4 oversz 0 unbuild 0 {}
 149     0     100               0   0.00734125158   0.00695411869     0.472805701    0.0520517247     0.136136472     0.150968758
 149     1      50               0    0.0028927421   0.00214706243     0.216374468    0.0464112727    0.0536431287    0.0466111326
          wgpu 1d 136g 268c x3w 3ms | egraph 26g->122v+0snap 4ms | graft 34 (-134n, 0 snap) cpu 0 | f64 20 | gen 0.1s
 150     0     100               0   0.00734125158   0.00695411869     0.472805701    0.0520517247     0.136136472     0.150968758
 150     1      50               0    0.0028927421   0.00214706243     0.216374468    0.0464112727    0.0536431287    0.0466111326
          wgpu 1d 146g 276c x3w 3ms | egraph 18g->130v+0snap 5ms | graft 45 (-184n, 0 snap) cpu 0 | f64 20 | gen 0.2s | dropped inexpr 4 oversz 0 unbuild 0 {}
--------- pump migration: intra (promote-2 + intake-reset) + cross ---------
 151     0     100               0   0.00734125158   0.00695411869     0.472805701    0.0520517247     0.136136472     0.150968758
 151     1      50               0   0.00734125158   0.00695411869     0.472805701    0.0520517247     0.136136472     0.150968758
          wgpu 2d 399g 479c x3w 8ms | egraph 95g->253v+0snap 17ms | graft 91 (-331n, 0 snap) cpu 0 | f64 30 | gen 0.2s | dropped inexpr 7 oversz 0 unbuild 0 {}
 152     0     100               0   0.00734125158   0.00695411869     0.472805701    0.0520517247     0.136136472     0.150968758
 152     1      50               0   0.00734125158   0.00695411869     0.472805701    0.0520517247     0.136136472     0.150968758
          wgpu 1d 164g 298c x3w 4ms | egraph 17g->152v+0snap 5ms | graft 48 (-155n, 0 snap) cpu 0 | f64 20 | gen 0.2s
 153     0     100               0   0.00734125158   0.00695411869     0.472805701    0.0520517247     0.136136472     0.150968758
 153     1      50               0   0.00734125158   0.00695411869     0.472805701    0.0520517247     0.136136472     0.150968758
          wgpu 1d 173g 302c x3w 4ms | egraph 28g->156v+0snap 7ms | graft 51 (-192n, 0 snap) cpu 0 | f64 20 | gen 0.3s | dropped inexpr 2 oversz 0 unbuild 0 {}
 154     0     100               0   0.00734125158   0.00695411869     0.472805701    0.0520517247     0.136136472     0.150968758
 154     1      50               0   0.00734125158   0.00695411869     0.472805701    0.0520517247     0.136136472     0.150968758
          wgpu 1d 175g 323c x3w 4ms | egraph 26g->177v+0snap 7ms | graft 44 (-184n, 0 snap) cpu 0 | f64 20 | gen 0.2s | dropped inexpr 1 oversz 0 unbuild 0 {}
 155     0     100               0   0.00734125158   0.00695411869     0.472805701    0.0520517247     0.136136472     0.150968758
 155     1      50               0   0.00734125158   0.00695411869     0.472805701    0.0520517247     0.136136472     0.150968758
          wgpu 1d 124g 305c x3w 3ms | egraph 15g->159v+0snap 4ms | graft 41 (-147n, 0 snap) cpu 0 | f64 20 | gen 0.2s | dropped inexpr 1 oversz 0 unbuild 0 {}
 156     0     100               0   0.00734125158   0.00695411869     0.472805701    0.0520517247     0.136136472     0.150968758
 156     1      50               0   0.00734125158   0.00695411869     0.472805701    0.0520517247     0.136136472     0.150968758
          wgpu 1d 149g 308c x3w 4ms | egraph 28g->162v+0snap 9ms | graft 48 (-204n, 0 snap) cpu 0 | f64 20 | gen 0.4s | dropped inexpr 3 oversz 0 unbuild 0 {}
 157     0     100               0   0.00734125158   0.00695411869     0.472805701    0.0520517247     0.136136472     0.150968758
 157     1      50               0   0.00734125158   0.00695411869     0.472805701    0.0520517247     0.136136472     0.150968758
          wgpu 1d 149g 274c x3w 4ms | egraph 22g->128v+0snap 5ms | graft 39 (-162n, 0 snap) cpu 0 | f64 20 | gen 0.1s
 158     0     100               0   0.00734125158   0.00695411869     0.472805701    0.0520517247     0.136136472     0.150968758
 158     1      50               0   0.00734125158   0.00695411869     0.472805701    0.0520517247     0.136136472     0.150968758
          wgpu 1d 139g 310c x3w 3ms | egraph 23g->164v+0snap 6ms | graft 46 (-192n, 0 snap) cpu 0 | f64 20 | gen 0.1s
 159     0     100               0   0.00734125158   0.00695411869     0.472805701    0.0520517247     0.136136472     0.150968758
 159     1      50               0   0.00734125158   0.00695411869     0.472805701    0.0520517247     0.136136472     0.150968758
          wgpu 1d 161g 331c x3w 4ms | egraph 18g->185v+0snap 6ms | graft 48 (-179n, 0 snap) cpu 0 | f64 20 | gen 0.3s | dropped inexpr 1 oversz 0 unbuild 0 {}
 160     0     100               0   0.00734125158   0.00695411869     0.472805701    0.0520517247     0.136136472     0.150968758
 160     1      50               0   0.00734125158   0.00695411869     0.472805701    0.0520517247     0.136136472     0.150968758
          wgpu 1d 171g 344c x3w 4ms | egraph 23g->198v+0snap 6ms | graft 57 (-221n, 0 snap) cpu 0 | f64 20 | gen 0.2s
--------- pump migration: intra (promote-2 + intake-reset) ---------
 161     0     100               0   0.00734125158   0.00695411869     0.472805701    0.0520517247     0.136136472     0.150968758
 161     1      50               0   0.00734125158   0.00695411869     0.472805701    0.0520517247     0.136136472     0.150968758
          wgpu 2d 348g 522c x3w 7ms | egraph 99g->296v+0snap 18ms | graft 108 (-317n, 0 snap) cpu 0 | f64 30 | gen 0.2s | dropped inexpr 4 oversz 0 unbuild 0 {}
 162     0     100               0   0.00734125158   0.00695411869     0.472805701    0.0520517247     0.136136472     0.150968758
 162     1      50               0   0.00734125158   0.00695411869     0.472805701    0.0520517247     0.136136472     0.150968758
          wgpu 1d 179g 351c x3w 4ms | egraph 24g->205v+0snap 5ms | graft 59 (-240n, 0 snap) cpu 0 | f64 20 | gen 0.2s
 163     0     100               0   0.00734125158   0.00695411869     0.472805701    0.0520517247     0.136136472     0.150968758
 163     1      50               0   0.00734125158   0.00695411869     0.472805701    0.0520517247     0.136136472     0.150968758
          wgpu 1d 156g 302c x3w 3ms | egraph 24g->156v+0snap 5ms | graft 47 (-147n, 0 snap) cpu 0 | f64 20 | gen 0.1s | dropped inexpr 1 oversz 0 unbuild 0 {}
 164     0     100               0   0.00734125158   0.00695411869     0.472805701    0.0520517247     0.136136472     0.150968758
 164     1      50               0   0.00734125158   0.00695411869     0.472805701    0.0520517247     0.136136472     0.150968758
          wgpu 1d 167g 323c x3w 4ms | egraph 30g->177v+0snap 6ms | graft 53 (-191n, 0 snap) cpu 0 | f64 20 | gen 0.2s | dropped inexpr 2 oversz 0 unbuild 0 {}
 165     0     100               0   0.00734125158   0.00695411869     0.472805701    0.0520517247     0.136136472     0.150968758
 165     1      50               0   0.00734125158   0.00695411869     0.472805701    0.0520517247     0.136136472     0.150968758
          wgpu 1d 188g 336c x3w 4ms | egraph 29g->190v+0snap 5ms | graft 52 (-222n, 0 snap) cpu 0 | f64 20 | gen 0.2s | dropped inexpr 2 oversz 0 unbuild 0 {}
 166     0     100               0   0.00734125158   0.00695411869     0.472805701    0.0520517247     0.136136472     0.150968758
 166     1      50               0   0.00734125158   0.00695411869     0.472805701    0.0520517247     0.136136472     0.150968758
          wgpu 1d 140g 328c x3w 4ms | egraph 12g->182v+0snap 3ms | graft 49 (-165n, 0 snap) cpu 0 | f64 20 | gen 0.1s | dropped inexpr 1 oversz 0 unbuild 0 {}
 167     0     100               0   0.00734125158   0.00695411869     0.472805701    0.0520517247     0.136136472     0.150968758
 167     1      50               0   0.00734125158   0.00695411869     0.472805701    0.0520517247     0.136136472     0.150968758
          wgpu 1d 163g 331c x3w 4ms | egraph 25g->185v+0snap 5ms | graft 55 (-192n, 0 snap) cpu 0 | f64 20 | gen 0.2s
 168     0     100               0   0.00734125158   0.00695411869     0.472805701    0.0520517247     0.136136472     0.150968758
 168     1      50               0   0.00734125158   0.00695411869     0.472805701    0.0520517247     0.136136472     0.150968758
          wgpu 1d 140g 320c x3w 3ms | egraph 18g->174v+0snap 4ms | graft 53 (-182n, 0 snap) cpu 0 | f64 20 | gen 0.1s
 169     0     100               0   0.00734125158   0.00695411869     0.472805701    0.0520517247     0.136136472     0.150968758
 169     1      50               0   0.00734125158   0.00695411869     0.472805701    0.0520517247     0.136136472     0.150968758
          wgpu 1d 173g 319c x3w 4ms | egraph 19g->173v+0snap 5ms | graft 54 (-187n, 0 snap) cpu 0 | f64 20 | gen 0.2s
 170     0     100               0   0.00734125158   0.00695411869     0.472805701    0.0520517247     0.136136472     0.150968758
 170     1      50               0   0.00734125158   0.00695411869     0.472805701    0.0520517247     0.136136472     0.150968758
          wgpu 1d 148g 314c x3w 4ms | egraph 17g->168v+0snap 4ms | graft 46 (-160n, 0 snap) cpu 0 | f64 20 | gen 0.2s
--------- pump migration: intra (promote-2 + intake-reset) ---------
 171     0     100               0   0.00734125158   0.00695411869     0.472805701    0.0520517247     0.136136472     0.150968758
 171     1      50               0   0.00734125158   0.00695411869     0.472805701    0.0520517247     0.136136472     0.150968758
          wgpu 2d 430g 520c x3w 8ms | egraph 117g->294v+0snap 24ms | graft 102 (-433n, 0 snap) cpu 0 | f64 30 | gen 0.2s
 172     0     100               0   0.00734125158   0.00695411869     0.472805701    0.0520517247     0.136136472     0.150968758
 172     1      50               0   0.00734125158   0.00695411869     0.472805701    0.0520517247     0.136136472     0.150968758
          wgpu 1d 169g 330c x3w 4ms | egraph 26g->184v+0snap 5ms | graft 50 (-207n, 0 snap) cpu 0 | f64 20 | gen 0.3s
 173     0     100               0   0.00734125158   0.00695411869     0.472805701    0.0520517247     0.136136472     0.150968758
 173     1      50               0   0.00734125158   0.00695411869     0.472805701    0.0520517247     0.136136472     0.150968758
          wgpu 1d 160g 348c x3w 4ms | egraph 23g->202v+0snap 6ms | graft 59 (-192n, 0 snap) cpu 0 | f64 20 | gen 0.4s
 174     0     100               0   0.00734125158   0.00695411869     0.472805701    0.0520517247     0.136136472     0.150968758
 174     1      50               0   0.00734125158   0.00695411869     0.472805701    0.0520517247     0.136136472     0.150968758
          wgpu 1d 145g 316c x3w 4ms | egraph 16g->170v+0snap 4ms | graft 43 (-170n, 0 snap) cpu 0 | f64 20 | gen 0.2s
 175     0     100               0   0.00734125158   0.00695411869     0.472805701    0.0520517247     0.136136472     0.150968758
 175     1      50               0   0.00734125158   0.00695411869     0.472805701    0.0520517247     0.136136472     0.150968758
          wgpu 1d 168g 352c x3w 4ms | egraph 19g->206v+0snap 7ms | graft 58 (-220n, 0 snap) cpu 0 | f64 20 | gen 0.3s
 176     0     100               0   0.00734125158   0.00695411869     0.472805701    0.0520517247     0.136136472     0.150968758
 176     1      50               0   0.00734125158   0.00695411869     0.472805701    0.0520517247     0.136136472     0.150968758
          wgpu 1d 162g 339c x3w 4ms | egraph 21g->193v+0snap 6ms | graft 55 (-199n, 0 snap) cpu 0 | f64 20 | gen 0.2s
 177     0     100               0   0.00734125158   0.00695411869     0.472805701    0.0520517247     0.136136472     0.150968758
 177     1      50               0   0.00734125158   0.00695411869     0.472805701    0.0520517247     0.136136472     0.150968758
          wgpu 1d 180g 320c x3w 4ms | egraph 35g->174v+0snap 6ms | graft 50 (-146n, 0 snap) cpu 0 | f64 20 | gen 0.3s | dropped inexpr 1 oversz 0 unbuild 0 {}
 178     0     100               0   0.00734125158   0.00695411869     0.472805701    0.0520517247     0.136136472     0.150968758
 178     1      50               0   0.00734125158   0.00695411869     0.472805701    0.0520517247     0.136136472     0.150968758
          wgpu 1d 193g 351c x3w 4ms | egraph 32g->205v+0snap 8ms | graft 62 (-210n, 0 snap) cpu 0 | f64 20 | gen 0.5s
 179     0     100               0   0.00734125158   0.00695411869     0.472805701    0.0520517247     0.136136472     0.150968758
 179     1      50               0   0.00734125158   0.00695411869     0.472805701    0.0520517247     0.136136472     0.150968758
          wgpu 1d 155g 301c x3w 4ms | egraph 27g->155v+0snap 5ms | graft 49 (-159n, 0 snap) cpu 0 | f64 20 | gen 0.2s
 180     0     100               0   0.00734125158   0.00695411869     0.472805701    0.0520517247     0.136136472     0.150968758
 180     1      50               0   0.00734125158   0.00695411869     0.472805701    0.0520517247     0.136136472     0.150968758
          wgpu 1d 163g 302c x3w 4ms | egraph 23g->156v+0snap 6ms | graft 49 (-193n, 0 snap) cpu 0 | f64 20 | gen 0.2s
--------- pump migration: intra (promote-2 + intake-reset) + cross ---------
 181     0     100               0   0.00734125158   0.00695411869     0.472805701    0.0520517247     0.136136472     0.150968758
 181     1      50               0   0.00224965419   0.00179150019     0.168668561   0.00369053822      0.04171768    0.0388921401
          wgpu 2d 340g 429c x3w 8ms | egraph 91g->203v+0snap 18ms | graft 84 (-304n, 0 snap) cpu 0 | f64 30 | gen 0.2s | dropped inexpr 3 oversz 0 unbuild 0 {}
 182     0     100               0    0.0149731244    0.0138782175     0.629576721    0.0618527954     0.277662236     0.301285808
 182     1      50               0   0.00224965419   0.00179150019     0.168668561   0.00369053822      0.04171768    0.0388921401
          wgpu 1d 173g 251c x3w 4ms | egraph 52g->105v+0snap 9ms | graft 47 (-133n, 0 snap) cpu 0 | f64 20 | gen 0.2s
 183     0     100               0    0.0149731244    0.0138782175     0.629576721    0.0618527954     0.277662236     0.301285808
 183     1      50               0  1.70014626e-32   1.6886313e-32  3.33066907e-16  2.21106387e-32  3.15275822e-31  3.66589329e-31
          wgpu 1d 139g 213c x3w 4ms | egraph 44g->67v+0snap 7ms | graft 41 (-100n, 0 snap) cpu 0 | f64 20 | gen 0.2s

*** Early stop at generation 183: best val_R² = 1.0000000000 ≥ 0.9999999990, holdout_R² = 1.0000000000 confirmed

This sub-run: 2026-09-19 04:36:06.250111 → 2026-09-19 04:36:38.174418
Now at generation 183 (HOF size: 31)
[join] 202 dispatches, 28,374 genes, 149,037 candidates scored in 0.69s GPU+host; e-graph 5,884 trees -> 21,367 variants + 4 snaps in 1.28s; 7,255 grafts (1 snap), 23,724 nodes removed; cpu-path individuals 0, f64-rejected 0
[join]   inexpressible:    108  no pset token for semantic id "pow" with arity 2
[join]   inexpressible:    104  no pset token for semantic id "div" with arity 2
  HFF-chosen LSM kept: a=0.238732, b=-0.63662
Chromosome wrapper: id=0  →  identity
hof[0] runtime val: mse=1.401e-32  R²=1.000000
Pre-snap expression (after sympify + LSM compose):
  0.0795774715459477*h*q/m

Per-level snap results (before MSE scoring):
  strict      →  h*q/(4*pi*m)
  default     →  h*q/(4*pi*m)
  aggressive  →  h*q/(4*pi*m)

Snap-level comparison (sorted by holdout MSE, lowest first)
------------------------------------------------------------------------------------------
  level       MSE            R²         expression                                        
------------------------------------------------------------------------------------------
★ strict      2.609e-33      1.0000     h*q/(4*pi*m)                                      
  default     2.609e-33      1.0000     h*q/(4*pi*m)                                      
  aggressive  2.609e-33      1.0000     h*q/(4*pi*m)                                      

Winning snap level: 'strict'  →  h*q/(4*pi*m)

Canonical discovered expression: h*q/(4*pi*m)
[38;2;0;50;255m
############################################################ [38;2;255;255;255m
[38;2;0;50;255m Equation Recovery: II_34_29A [38;2;255;255;255m
[38;2;0;50;255m Truth: q*h/(4*pi*m) [38;2;255;255;255m
[38;2;0;50;255m [38;2;255;255;255m
[38;2;255;0;255m     Exact recovery     : True [38;2;255;255;255m
[38;2;255;0;255m     Numerical recovery : True (max rel_err 0.00e+00 on 10k samples) [38;2;255;255;255m
[38;2;255;0;255m     Discovered         : h*q/(4*pi*m) [38;2;255;255;255m
[38;2;255;0;255m     LSM (a, b)         : (0.238732, -0.63662) [38;2;255;255;255m
[38;2;0;50;255m
############################################################ [38;2;255;255;255m
In-range holdout : MSE=2.013e-32  MAE=1.111e-16  R²=1.0000
Extrapolation    : MSE=2.935e-32  MAE=1.233e-16  R²=1.0000

Top 10 HOF models (north_pole=truenorth) (★ = Pareto-optimal)
(deduped HOF: 11 unique chromosomes from 31 raw HOF entries)
 ----------------------------------------------------------------------------------------------------------------
       model     wrapper      length   train_mse     val_mse     max_err    train_r2      val_r2 angular_distance
 ----------------------------------------------------------------------------------------------------------------
★           0    identity           7      0.0000      0.0000      0.0000      1.0000      1.0000      0.0000
            8     log_abs           8      0.0029      0.0021      0.2164      0.9464      0.9534      0.3151
            7     log_abs           8      0.0029      0.0021      0.2164      0.9464      0.9534      0.3151
           28     log_abs           8      0.0032      0.0025      0.2171      0.9403      0.9458      0.3394
           26     log_abs           8      0.0032      0.0025      0.2171      0.9403      0.9458      0.3394
           22     log_abs           8      0.0032      0.0025      0.2171      0.9403      0.9458      0.3394
           29     log_abs          17      0.0043      0.0036      0.2038      0.9201      0.9220      0.4180
            2    identity          11      0.0073      0.0070      0.4728      0.8639      0.8490      0.8252
           10    identity           5      0.0118      0.0099      0.6556      0.7804      0.7844      1.2732
           30    identity           9      0.0118      0.0099      0.6556      0.7804      0.7844      1.2732

Pareto-optimal in top 10: 1    Pareto-optimal in full HOF: 1 / 11

Recovery sweep across 11/11 unique HOF chromosomes (capped):
  Structural / exact     : 1/11  (9.1%)
  Numerical (≤1e-6 err)  : 1/11  (9.1%)
{
    "date": "2026/09/19",
    "seed": "5",
    "task": "equation_recovery",
    "north_pole_method": "truenorth",
    "hff_include_val": true,
    "problem": "II_34_29a",
    "truth_expr": "q*h/(4*pi*m)",
    "final_terminal_inputs": [
        "q",
        "h",
        "m"
    ],
    "wide_primitives": true,
    "head_length": "48",
    "n_genes": "3",
    "rnc_array_length": "10",
    "tournament size": "intake=8, champion=5",
    "population size": "150",
    "population per island": "intake=100, champion=50",
    "gpu_join": true,
    "eclass_k": 8,
    "number of elites": "2",
    "number of generations": "400",
    "number of islands": "2",
    "migration FREQ": "30",
    "wrapper_id": 0,
    "wrapper_name": "identity",
    "recovery_exact": true,
    "recovery_numerical": true,
    "recovery_max_rel_err": 0.0,
    "discovered_expr": "h*q/(4*pi*m)",
    "holdout_mse": 2.01283753312771e-32,
    "holdout_r2": 1.0,
    "extrap_mse": 2.935213531743367e-32,
    "extrap_r2": 1.0,
    "hof_size": 11,
    "hof_exact_recoveries": 1,
    "hof_numerical_recoveries": 1
}
