/opt/anaconda3/lib/python3.12/site-packages/geppy/__init__.py:26: UserWarning: pkg_resources is deprecated as an API. See https://setuptools.pypa.io/en/latest/pkg_resources.html. The pkg_resources package is slated for removal as early as 2025-11-30. Refrain from using this package or pin to Setuptools<81.
  from pkg_resources import get_distribution, DistributionNotFound
hff library OK (test fitness: (0.1415394733244273,))
registry: ['circle_area', 'gravity', 'coulomb', 'pendulum', 'keplers3', 'ideal_gas', 'I_6_2a', 'I_6_2', 'I_6_2b', 'I_8_14', 'I_9_18', 'I_10_7', 'I_11_19', 'I_12_1', 'I_12_2', 'I_12_4', 'I_12_5', 'I_12_11', 'I_13_4', 'I_13_12', 'I_14_3', 'I_14_4', 'I_15_3x', 'I_15_3t', 'I_15_1', 'I_16_6', 'I_18_4', 'I_18_12', 'I_18_14', 'I_24_6', 'I_25_13', 'I_26_2', 'I_27_6', 'I_29_4', 'I_29_16', 'I_30_3', 'I_30_5', 'I_32_5', 'I_32_17', 'I_34_8', 'I_34_1', 'I_34_14', 'I_34_27', 'I_37_4', 'I_38_12', 'I_39_1', 'I_39_11', 'I_39_22', 'I_40_1', 'I_41_16', 'I_43_16', 'I_43_31', 'I_43_43', 'I_44_4', 'I_47_23', 'I_48_2', 'I_50_26', 'II_2_42', 'II_3_24', 'II_4_23', 'II_6_11', 'II_6_15a', 'II_6_15b', 'II_8_7', 'II_8_31', 'II_10_9', 'II_11_3', 'II_11_17', 'II_11_20', 'II_11_27', 'II_11_28', 'II_13_17', 'II_13_23', 'II_13_34', 'II_15_4', 'II_15_5', 'II_21_32', 'II_24_17', 'II_27_16', 'II_27_18', 'II_34_2a', 'II_34_2', 'II_34_11', 'II_34_29a', 'II_34_29b', 'II_35_18', 'II_35_21', 'II_36_38', 'II_37_1', 'II_38_3', 'II_38_14', 'III_4_32', 'III_4_33', 'III_7_38', 'III_8_54', 'III_9_52', 'III_10_19', 'III_12_43', 'III_13_18', 'III_14_14', 'III_15_12', 'III_15_14', 'III_15_27', 'III_17_37', 'III_19_51', 'III_21_20', 'test_1', 'test_2', 'test_3', 'test_4', 'test_5', 'test_6', 'test_7', 'test_8', 'test_9', 'test_10', 'test_11', 'test_12', 'test_13', 'test_14', 'test_15', 'test_16', 'test_17', 'test_18', 'test_19', 'test_20']
[feynman override] head_length=48 (keep n_genes=3, avgval linker)
Selected problem: II_3_24
  Description : Feynman I-III II.3.24: flux = Pwr/(4*pi*r**2)
  Variables   : ['Pwr', 'r']
  Train range : {'Pwr': (1.0, 5.0), 'r': (1.0, 5.0)}
  Extrap range: {'Pwr': (1.0, 7.5), 'r': (1.0, 7.5)}
  Truth       : Pwr/(4*pi*r**2)
  ✓ cache hit  (data/equations/II_3_24, key=23b2facda20014ce)
  train           (800, 3)  target range=[0.003482, 0.3546]
  val             (200, 3)  target range=[0.003338, 0.3466]
  holdout         (200, 3)  target range=[0.003757, 0.2202]
  extrapolation   (200, 3)  target range=[0.001828, 0.5323]
  saved figure → data/figures/II_3_24/eda_pairplot.png
Wide primitive set enabled: sin, cos, exp, log added.
[E22 rules] variable pattern tags: {'no_pattern'}
[E22/23 rules] static candidate count: 1
  [sum_sq_all/sum_sq] a=-0.0015 b=8.1351e-02 1-R²_va=9.9215e-01
[fuller] denoise + snap IN THE JOIN (every gene, every generation, K=8); mutation operators: physics=0.2 concretize=0.05
Wrapper scope: per_island  (island → wrapper map: ['identity', 'identity'])
[wgpu] process pool disabled — Metal cannot survive fork(); the population is evaluated in one dispatch instead
Genes: head_length=48, n_genes=3, rnc_array_length=10
Population: (per-island, see below), elites: 2, generations: 400, migration FREQ: 30
  pump per-island sizes: intake=100 (tournsize=8), champion=50 (tournsize=5)
Initialising evolution at 2026-09-19 04:12:05.526780
 gen  deme   evals     min fitness          mse_tr          mse_va         max_err      mse_extrap  one_minus_r2_tr  one_minus_r2_va
   0     0     100               0  0.000424542122  0.000419484649    0.0701078434  0.000883364577     0.117107546     0.089831432
   0     1      50   0.00138321796  0.000893457366   0.00093957905     0.129258194   0.00284435023     0.246455167     0.201208153
          wgpu 1d 362g 324c x3w 9ms | egraph 192g->174v+0snap 62ms | graft 74 (-261n, 0 snap) cpu 0 | f64 30 | gen 0.0s | dropped inexpr 8 oversz 0 unbuild 0 {}
Extending evolution: gen 1 → 400 (+400 generations)
   1     0     100               0  0.000424542122  0.000419484649    0.0701078434  0.000883364577     0.117107546     0.089831432
   1     1      50   0.00138321796  0.000893457366   0.00093957905     0.129258194   0.00284435023     0.246455167     0.201208153
          wgpu 1d 156g 243c x3w 3ms | egraph 76g->97v+0snap 11ms | graft 56 (-119n, 0 snap) cpu 0 | f64 34 | gen 0.2s | dropped inexpr 9 oversz 0 unbuild 0 {}
   2     0     100               0  0.000424542122  0.000419484649    0.0701078434  0.000883364577     0.117107546     0.089831432
   2     1      50   0.00138321796  0.000893457366   0.00093957905     0.129258194   0.00284435023     0.246455167     0.201208153
          wgpu 1d 141g 212c x3w 3ms | egraph 57g->66v+0snap 9ms | graft 46 (-107n, 0 snap) cpu 0 | f64 28 | gen 0.2s | dropped inexpr 3 oversz 0 unbuild 0 {}
   3     0     100               0  0.000424542122  0.000419484649    0.0701078434  0.000883364577     0.117107546     0.089831432
   3     1      50               0  0.000312430172  0.000316032165    0.0700467507  0.000659367929    0.0861820981    0.0676773799
          wgpu 1d 166g 215c x3w 4ms | egraph 78g->69v+0snap 11ms | graft 50 (-129n, 0 snap) cpu 0 | f64 31 | gen 0.2s | dropped inexpr 3 oversz 0 unbuild 0 {}
   4     0     100               0  0.000424542122  0.000419484649    0.0701078434  0.000883364577     0.117107546     0.089831432
   4     1      50               0  0.000312430172  0.000316032165    0.0700467507  0.000659367929    0.0861820981    0.0676773799
          wgpu 1d 189g 234c x3w 4ms | egraph 77g->88v+0snap 14ms | graft 58 (-146n, 0 snap) cpu 0 | f64 22 | gen 0.3s | dropped inexpr 5 oversz 0 unbuild 0 {}
   5     0     100               0  0.000145196361  0.000148567579    0.0498757962  0.000351004928    0.0400515958    0.0318153201
   5     1      50               0  0.000312430172  0.000316032165    0.0700467507  0.000659367929    0.0861820981    0.0676773799
          wgpu 1d 158g 213c x3w 3ms | egraph 74g->67v+0snap 12ms | graft 43 (-98n, 0 snap) cpu 0 | f64 20 | gen 0.2s | dropped inexpr 3 oversz 0 unbuild 0 {}
   6     0     100               0  0.000145196361  0.000148567579    0.0498757962  0.000351004928    0.0400515958    0.0318153201
   6     1      50               0  9.22830588e-05  9.52335752e-05    0.0424548331  0.000294335127    0.0254557605    0.0203939964
          wgpu 1d 210g 281c x3w 4ms | egraph 82g->135v+0snap 13ms | graft 90 (-178n, 0 snap) cpu 0 | f64 20 | gen 0.2s | dropped inexpr 1 oversz 0 unbuild 0 {}
   7     0     100               0  0.000145196361  0.000148567579    0.0498757962  0.000351004928    0.0400515958    0.0318153201
   7     1      50               0  9.22830588e-05  9.52335752e-05    0.0424548331  0.000294335127    0.0254557605    0.0203939964
          wgpu 1d 204g 258c x3w 4ms | egraph 88g->112v+0snap 13ms | graft 69 (-168n, 0 snap) cpu 0 | f64 20 | gen 0.2s
   8     0     100               0  0.000145196361  0.000148567579    0.0498757962  0.000351004928    0.0400515958    0.0318153201
   8     1      50               0  9.22830588e-05  9.52335752e-05    0.0424548331  0.000294335127    0.0254557605    0.0203939964
          wgpu 1d 188g 254c x3w 4ms | egraph 77g->108v+0snap 10ms | graft 78 (-182n, 0 snap) cpu 0 | f64 20 | gen 0.2s | dropped inexpr 1 oversz 0 unbuild 0 {}
   9     0     100               0  0.000145196361  0.000148567579    0.0498757962  0.000351004928    0.0400515958    0.0318153201
   9     1      50               0  9.22830588e-05  9.52335752e-05    0.0424548331  0.000294335127    0.0254557605    0.0203939964
          wgpu 1d 164g 218c x3w 4ms | egraph 58g->72v+0snap 9ms | graft 55 (-130n, 0 snap) cpu 0 | f64 20 | gen 0.2s | dropped inexpr 1 oversz 0 unbuild 0 {}
  10     0     100               0  0.000145196361  0.000148567579    0.0498757962  0.000351004928    0.0400515958    0.0318153201
  10     1      50               0  5.57740932e-05  5.99355665e-05    0.0406826447  0.000111387192    0.0153849685    0.0128350293
          wgpu 1d 203g 257c x3w 4ms | egraph 72g->111v+0snap 10ms | graft 78 (-159n, 0 snap) cpu 0 | f64 20 | gen 0.2s
--------- pump migration: intra (promote-2 + intake-reset) ---------
  11     0     100               0  0.000932816576   0.00120012847     0.155915134   0.00177151508     0.257312183     0.257004064
  11     1      50               0  5.57740932e-05  5.99355665e-05    0.0406826447  0.000111387192    0.0153849685    0.0128350293
          wgpu 2d 382g 433c x3w 7ms | egraph 169g->207v+0snap 23ms | graft 97 (-226n, 0 snap) cpu 0 | f64 30 | gen 0.2s | dropped inexpr 5 oversz 0 unbuild 0 {}
  12     0     100               0  0.000932816576   0.00120012847     0.155915134   0.00177151508     0.257312183     0.257004064
  12     1      50               0  0.000145196361  0.000148567579    0.0498757962  0.000351004928    0.0400515958    0.0318153201
          wgpu 1d 191g 285c x3w 3ms | egraph 64g->139v+0snap 9ms | graft 60 (-160n, 0 snap) cpu 0 | f64 20 | gen 0.2s | dropped inexpr 1 oversz 0 unbuild 0 {}
  13     0     100               0  0.000932816576   0.00120012847     0.155915134   0.00177151508     0.257312183     0.257004064
  13     1      50               0  5.57740932e-05  5.99355665e-05    0.0406826447  0.000111387192    0.0153849685    0.0128350293
          wgpu 1d 161g 241c x3w 3ms | egraph 58g->95v+0snap 9ms | graft 39 (-104n, 0 snap) cpu 0 | f64 20 | gen 0.2s
  14     0     100               0  0.000932816576   0.00120012847     0.155915134   0.00177151508     0.257312183     0.257004064
  14     1      50               0  5.57740932e-05  5.99355665e-05    0.0406826447  0.000111387192    0.0153849685    0.0128350293
          wgpu 1d 161g 247c x3w 3ms | egraph 63g->101v+0snap 10ms | graft 46 (-138n, 0 snap) cpu 0 | f64 20 | gen 0.2s | dropped inexpr 1 oversz 0 unbuild 0 {}
  15     0     100               0  0.000932816576   0.00120012847     0.155915134   0.00177151508     0.257312183     0.257004064
  15     1      50               0  5.57740932e-05  5.99355665e-05    0.0406826447  0.000111387192    0.0153849685    0.0128350293
          wgpu 1d 150g 249c x3w 3ms | egraph 54g->103v+0snap 10ms | graft 38 (-113n, 0 snap) cpu 0 | f64 22 | gen 0.2s
  16     0     100               0  0.000932816576   0.00120012847     0.155915134   0.00177151508     0.257312183     0.257004064
  16     1      50               0  5.57740932e-05  5.99355665e-05    0.0406826447  0.000111387192    0.0153849685    0.0128350293
          wgpu 1d 153g 252c x3w 3ms | egraph 48g->106v+0snap 8ms | graft 44 (-115n, 0 snap) cpu 0 | f64 20 | gen 0.1s | dropped inexpr 1 oversz 0 unbuild 0 {}
  17     0     100               0  7.32954369e-05  7.03762192e-05    0.0256653725  0.000357234851    0.0202181322    0.0150708651
  17     1      50               0  5.57740932e-05  5.99355665e-05    0.0406826447  0.000111387192    0.0153849685    0.0128350293
          wgpu 1d 156g 207c x3w 3ms | egraph 57g->61v+0snap 9ms | graft 38 (-100n, 0 snap) cpu 0 | f64 20 | gen 0.2s | dropped inexpr 1 oversz 0 unbuild 0 {}
  18     0     100               0  7.32954369e-05  7.03762192e-05    0.0256653725  0.000357234851    0.0202181322    0.0150708651
  18     1      50               0  5.57740932e-05  5.99355665e-05    0.0406826447  0.000111387192    0.0153849685    0.0128350293
          wgpu 1d 157g 200c x3w 3ms | egraph 66g->54v+0snap 9ms | graft 34 (-112n, 0 snap) cpu 0 | f64 20 | gen 0.2s
  19     0     100               0  7.32954369e-05  7.03762192e-05    0.0256653725  0.000357234851    0.0202181322    0.0150708651
  19     1      50               0  5.57740932e-05  5.99355665e-05    0.0406826447  0.000111387192    0.0153849685    0.0128350293
          wgpu 1d 158g 210c x3w 3ms | egraph 59g->64v+0snap 9ms | graft 37 (-125n, 0 snap) cpu 0 | f64 20 | gen 0.2s | dropped inexpr 1 oversz 0 unbuild 0 {}
  20     0     100               0  7.32954369e-05  7.03762192e-05    0.0256653725  0.000357234851    0.0202181322    0.0150708651
  20     1      50               0  5.57740932e-05  5.99355665e-05    0.0406826447  0.000111387192    0.0153849685    0.0128350293
          wgpu 1d 158g 210c x3w 4ms | egraph 63g->64v+0snap 9ms | graft 45 (-117n, 0 snap) cpu 0 | f64 20 | gen 0.2s
--------- pump migration: intra (promote-2 + intake-reset) ---------
  21     0     100               0  7.32954369e-05  7.03762192e-05    0.0256653725  0.000357234851    0.0202181322    0.0150708651
  21     1      50               0  7.32954369e-05  7.03762192e-05    0.0256653725  0.000357234851    0.0202181322    0.0150708651
          wgpu 2d 397g 402c x3w 8ms | egraph 158g->176v+0snap 23ms | graft 100 (-314n, 0 snap) cpu 0 | f64 30 | gen 0.3s | dropped inexpr 7 oversz 0 unbuild 0 {}
  22     0     100               0  7.32954369e-05  7.03762192e-05    0.0256653725  0.000357234851    0.0202181322    0.0150708651
  22     1      50               0  5.57740932e-05  5.99355665e-05    0.0406826447  0.000111387192    0.0153849685    0.0128350293
          wgpu 1d 142g 209c x3w 3ms | egraph 48g->63v+0snap 7ms | graft 36 (-114n, 0 snap) cpu 0 | f64 20 | gen 0.2s | dropped inexpr 1 oversz 0 unbuild 0 {}
  23     0     100               0  7.32954369e-05  7.03762192e-05    0.0256653725  0.000357234851    0.0202181322    0.0150708651
  23     1      50               0  7.32954369e-05  7.03762192e-05    0.0256653725  0.000357234851    0.0202181322    0.0150708651
          wgpu 1d 151g 210c x3w 4ms | egraph 45g->64v+0snap 9ms | graft 38 (-99n, 0 snap) cpu 0 | f64 20 | gen 0.3s | dropped inexpr 1 oversz 0 unbuild 0 {}
  24     0     100               0  7.32954369e-05  7.03762192e-05    0.0256653725  0.000357234851    0.0202181322    0.0150708651
  24     1      50               0  5.57740932e-05  5.99355665e-05    0.0406826447  0.000111387192    0.0153849685    0.0128350293
          wgpu 1d 159g 219c x3w 4ms | egraph 43g->73v+0snap 7ms | graft 45 (-115n, 0 snap) cpu 0 | f64 20 | gen 0.3s | dropped inexpr 2 oversz 0 unbuild 0 {}
  25     0     100               0  7.32954369e-05  7.03762192e-05    0.0256653725  0.000357234851    0.0202181322    0.0150708651
  25     1      50               0  5.57740932e-05  5.99355665e-05    0.0406826447  0.000111387192    0.0153849685    0.0128350293
          wgpu 1d 163g 204c x3w 4ms | egraph 59g->58v+0snap 10ms | graft 42 (-115n, 0 snap) cpu 0 | f64 20 | gen 0.2s | dropped inexpr 4 oversz 0 unbuild 0 {}
  26     0     100               0  7.32954369e-05  7.03762192e-05    0.0256653725  0.000357234851    0.0202181322    0.0150708651
  26     1      50               0  5.57740932e-05  5.99355665e-05    0.0406826447  0.000111387192    0.0153849685    0.0128350293
          wgpu 1d 142g 198c x3w 3ms | egraph 43g->52v+0snap 7ms | graft 37 (-87n, 0 snap) cpu 0 | f64 20 | gen 0.2s | dropped inexpr 2 oversz 0 unbuild 0 {}
  27     0     100               0  7.32954369e-05  7.03762192e-05    0.0256653725  0.000357234851    0.0202181322    0.0150708651
  27     1      50               0  5.57740932e-05  5.99355665e-05    0.0406826447  0.000111387192    0.0153849685    0.0128350293
          wgpu 1d 159g 205c x3w 3ms | egraph 54g->59v+0snap 8ms | graft 36 (-90n, 0 snap) cpu 0 | f64 20 | gen 0.2s
  28     0     100               0  7.32954369e-05  7.03762192e-05    0.0256653725  0.000357234851    0.0202181322    0.0150708651
  28     1      50               0  5.57740932e-05  5.99355665e-05    0.0406826447  0.000111387192    0.0153849685    0.0128350293
          wgpu 1d 165g 205c x3w 4ms | egraph 52g->59v+0snap 8ms | graft 34 (-95n, 0 snap) cpu 0 | f64 20 | gen 0.2s | dropped inexpr 2 oversz 0 unbuild 0 {}
  29     0     100               0  7.32954369e-05  7.03762192e-05    0.0256653725  0.000357234851    0.0202181322    0.0150708651
  29     1      50               0  5.57740932e-05  5.99355665e-05    0.0406826447  0.000111387192    0.0153849685    0.0128350293
          wgpu 1d 176g 221c x3w 3ms | egraph 41g->75v+0snap 7ms | graft 42 (-111n, 0 snap) cpu 0 | f64 20 | gen 0.2s | dropped inexpr 2 oversz 0 unbuild 0 {}
  30     0     100               0  7.32954369e-05  7.03762192e-05    0.0256653725  0.000357234851    0.0202181322    0.0150708651
  30     1      50               0  5.57740932e-05  5.99355665e-05    0.0406826447  0.000111387192    0.0153849685    0.0128350293
          wgpu 1d 159g 212c x3w 3ms | egraph 36g->66v+0snap 6ms | graft 42 (-104n, 0 snap) cpu 0 | f64 20 | gen 0.2s | dropped inexpr 1 oversz 0 unbuild 0 {}
--------- pump migration: intra (promote-2 + intake-reset) ---------
  31     0     100               0    0.0005779486  0.000656611958     0.114717225   0.00233507837     0.159423856     0.140611564
  31     1      50               0  7.32954369e-05  7.03762192e-05    0.0256653725  0.000357234851    0.0202181322    0.0150708651
          wgpu 2d 332g 356c x3w 7ms | egraph 121g->130v+0snap 25ms | graft 65 (-237n, 0 snap) cpu 0 | f64 30 | gen 0.1s | dropped inexpr 6 oversz 0 unbuild 0 {}
  32     0     100               0    0.0005779486  0.000656611958     0.114717225   0.00233507837     0.159423856     0.140611564
  32     1      50               0  7.32954369e-05  7.03762192e-05    0.0256653725  0.000357234851    0.0202181322    0.0150708651
          wgpu 1d 126g 189c x3w 3ms | egraph 45g->43v+0snap 8ms | graft 31 (-78n, 0 snap) cpu 0 | f64 20 | gen 0.2s | dropped inexpr 1 oversz 0 unbuild 0 {}
  33     0     100               0    0.0005779486  0.000656611958     0.114717225   0.00233507837     0.159423856     0.140611564
  33     1      50               0  7.32954369e-05  7.03762192e-05    0.0256653725  0.000357234851    0.0202181322    0.0150708651
          wgpu 1d 131g 196c x3w 3ms | egraph 38g->50v+0snap 37ms | graft 27 (-93n, 0 snap) cpu 0 | f64 20 | gen 0.2s | dropped inexpr 1 oversz 0 unbuild 0 {}
  34     0     100               0    0.0005779486  0.000656611958     0.114717225   0.00233507837     0.159423856     0.140611564
  34     1      50               0  7.32954369e-05  7.03762192e-05    0.0256653725  0.000357234851    0.0202181322    0.0150708651
          wgpu 1d 118g 192c x3w 3ms | egraph 35g->46v+0snap 5ms | graft 33 (-84n, 0 snap) cpu 0 | f64 20 | gen 0.1s
  35     0     100               0    0.0005779486  0.000656611958     0.114717225   0.00233507837     0.159423856     0.140611564
  35     1      50               0  7.32954369e-05  7.03762192e-05    0.0256653725  0.000357234851    0.0202181322    0.0150708651
          wgpu 1d 173g 222c x3w 4ms | egraph 53g->76v+0snap 9ms | graft 42 (-126n, 0 snap) cpu 0 | f64 20 | gen 0.3s
  36     0     100               0    0.0005779486  0.000656611958     0.114717225   0.00233507837     0.159423856     0.140611564
  36     1      50               0  7.32954369e-05  7.03762192e-05    0.0256653725  0.000357234851    0.0202181322    0.0150708651
          wgpu 1d 149g 216c x3w 3ms | egraph 44g->70v+0snap 7ms | graft 41 (-128n, 0 snap) cpu 0 | f64 20 | gen 0.2s | dropped inexpr 3 oversz 0 unbuild 0 {}
  37     0     100               0    0.0005779486  0.000656611958     0.114717225   0.00233507837     0.159423856     0.140611564
  37     1      50               0  7.32954369e-05  7.03762192e-05    0.0256653725  0.000357234851    0.0202181322    0.0150708651
          wgpu 1d 140g 202c x3w 3ms | egraph 44g->56v+0snap 7ms | graft 35 (-101n, 0 snap) cpu 0 | f64 20 | gen 0.1s
  38     0     100               0    0.0005779486  0.000656611958     0.114717225   0.00233507837     0.159423856     0.140611564
  38     1      50               0  7.32954369e-05  7.03762192e-05    0.0256653725  0.000357234851    0.0202181322    0.0150708651
          wgpu 1d 106g 178c x3w 3ms | egraph 31g->32v+0snap 6ms | graft 24 (-63n, 0 snap) cpu 0 | f64 20 | gen 0.2s
  39     0     100               0    0.0005779486  0.000656611958     0.114717225   0.00233507837     0.159423856     0.140611564
  39     1      50               0  7.32954369e-05  7.03762192e-05    0.0256653725  0.000357234851    0.0202181322    0.0150708651
          wgpu 1d 122g 183c x3w 3ms | egraph 34g->37v+0snap 6ms | graft 25 (-60n, 0 snap) cpu 0 | f64 20 | gen 0.2s | dropped inexpr 1 oversz 0 unbuild 0 {}
  40     0     100               0    0.0005779486  0.000656611958     0.114717225   0.00233507837     0.159423856     0.140611564
  40     1      50               0  7.32954369e-05  7.03762192e-05    0.0256653725  0.000357234851    0.0202181322    0.0150708651
          wgpu 1d 121g 184c x3w 3ms | egraph 35g->38v+0snap 6ms | graft 26 (-70n, 0 snap) cpu 0 | f64 20 | gen 0.2s
--------- pump migration: intra (promote-2 + intake-reset) ---------
  41     0     100               0  7.44781278e-05  6.97285508e-05    0.0243127455  0.000408019787    0.0205443708    0.0149321688
  41     1      50               0    0.0005779486  0.000656611958     0.114717225   0.00233507837     0.159423856     0.140611564
          wgpu 2d 324g 355c x3w 7ms | egraph 112g->129v+0snap 17ms | graft 68 (-192n, 0 snap) cpu 0 | f64 30 | gen 0.1s | dropped inexpr 6 oversz 0 unbuild 0 {}
  42     0     100               0  7.44781278e-05  6.97285508e-05    0.0243127455  0.000408019787    0.0205443708    0.0149321688
  42     1      50               0    0.0005779486  0.000656611958     0.114717225   0.00233507837     0.159423856     0.140611564
          wgpu 1d 120g 194c x3w 3ms | egraph 30g->48v+0snap 5ms | graft 28 (-75n, 0 snap) cpu 0 | f64 20 | gen 0.2s | dropped inexpr 1 oversz 0 unbuild 0 {}
  43     0     100               0  7.44781278e-05  6.97285508e-05    0.0243127455  0.000408019787    0.0205443708    0.0149321688
  43     1      50               0    0.0005779486  0.000656611958     0.114717225   0.00233507837     0.159423856     0.140611564
          wgpu 1d 127g 193c x3w 3ms | egraph 38g->47v+0snap 7ms | graft 32 (-76n, 0 snap) cpu 0 | f64 20 | gen 0.1s | dropped inexpr 2 oversz 0 unbuild 0 {}
  44     0     100               0  7.44781278e-05  6.97285508e-05    0.0243127455  0.000408019787    0.0205443708    0.0149321688
  44     1      50               0    0.0005779486  0.000656611958     0.114717225   0.00233507837     0.159423856     0.140611564
          wgpu 1d 154g 205c x3w 3ms | egraph 43g->59v+0snap 7ms | graft 40 (-104n, 0 snap) cpu 0 | f64 20 | gen 0.2s
  45     0     100               0  7.44781278e-05  6.97285508e-05    0.0243127455  0.000408019787    0.0205443708    0.0149321688
  45     1      50               0  7.32954369e-05  7.03762192e-05    0.0256653725  0.000357234851    0.0202181322    0.0150708651
          wgpu 1d 151g 203c x3w 3ms | egraph 47g->57v+0snap 7ms | graft 34 (-96n, 0 snap) cpu 0 | f64 20 | gen 0.2s
  46     0     100               0  7.44781278e-05  6.97285508e-05    0.0243127455  0.000408019787    0.0205443708    0.0149321688
  46     1      50               0    0.0005779486  0.000656611958     0.114717225   0.00233507837     0.159423856     0.140611564
          wgpu 1d 154g 213c x3w 4ms | egraph 40g->67v+0snap 7ms | graft 43 (-106n, 0 snap) cpu 0 | f64 20 | gen 0.2s | dropped inexpr 2 oversz 0 unbuild 0 {}
  47     0     100               0  7.44781278e-05  6.97285508e-05    0.0243127455  0.000408019787    0.0205443708    0.0149321688
  47     1      50               0    0.0005779486  0.000656611958     0.114717225   0.00233507837     0.159423856     0.140611564
          wgpu 1d 144g 205c x3w 4ms | egraph 44g->59v+0snap 7ms | graft 37 (-102n, 0 snap) cpu 0 | f64 20 | gen 0.2s
  48     0     100               0  7.44781278e-05  6.97285508e-05    0.0243127455  0.000408019787    0.0205443708    0.0149321688
  48     1      50               0  7.32954369e-05  7.03762192e-05    0.0256653725  0.000357234851    0.0202181322    0.0150708651
          wgpu 1d 156g 219c x3w 3ms | egraph 35g->73v+0snap 6ms | graft 46 (-131n, 0 snap) cpu 0 | f64 20 | gen 0.2s | dropped inexpr 1 oversz 0 unbuild 0 {}
  49     0     100               0  7.44781278e-05  6.97285508e-05    0.0243127455  0.000408019787    0.0205443708    0.0149321688
  49     1      50               0  7.32954492e-05  7.03762492e-05    0.0256653621  0.000357234807    0.0202181356    0.0150708715
          wgpu 1d 155g 205c x3w 3ms | egraph 46g->59v+0snap 11ms | graft 32 (-93n, 0 snap) cpu 0 | f64 20 | gen 0.2s
  50     0     100               0  7.44781278e-05  6.97285508e-05    0.0243127455  0.000408019787    0.0205443708    0.0149321688
  50     1      50               0  7.32954492e-05  7.03762492e-05    0.0256653621  0.000357234807    0.0202181356    0.0150708715
          wgpu 1d 157g 210c x3w 3ms | egraph 54g->64v+0snap 8ms | graft 41 (-133n, 0 snap) cpu 0 | f64 20 | gen 0.2s
--------- pump migration: intra (promote-2 + intake-reset) ---------
  51     0     100               0  7.44781278e-05  6.97285508e-05    0.0243127455  0.000408019787    0.0205443708    0.0149321688
  51     1      50               0  7.44781278e-05  6.97285508e-05    0.0243127455  0.000408019787    0.0205443708    0.0149321688
          wgpu 2d 378g 384c x3w 7ms | egraph 131g->158v+0snap 22ms | graft 85 (-245n, 0 snap) cpu 0 | f64 30 | gen 0.2s | dropped inexpr 10 oversz 0 unbuild 0 {}
  52     0     100               0  7.44781278e-05  6.97285508e-05    0.0243127455  0.000408019787    0.0205443708    0.0149321688
  52     1      50               0  7.44781278e-05  6.97285508e-05    0.0243127455  0.000408019787    0.0205443708    0.0149321688
          wgpu 1d 155g 224c x3w 4ms | egraph 35g->78v+0snap 6ms | graft 52 (-130n, 0 snap) cpu 0 | f64 20 | gen 0.2s
  53     0     100               0  7.44781278e-05  6.97285508e-05    0.0243127455  0.000408019787    0.0205443708    0.0149321688
  53     1      50               0  7.44781278e-05  6.97285508e-05    0.0243127455  0.000408019787    0.0205443708    0.0149321688
          wgpu 1d 153g 225c x3w 4ms | egraph 31g->79v+0snap 5ms | graft 50 (-132n, 0 snap) cpu 0 | f64 20 | gen 0.2s | dropped inexpr 2 oversz 0 unbuild 0 {}
  54     0     100               0  7.44781278e-05  6.97285508e-05    0.0243127455  0.000408019787    0.0205443708    0.0149321688
  54     1      50               0  7.44781278e-05  6.97285508e-05    0.0243127455  0.000408019787    0.0205443708    0.0149321688
          wgpu 1d 165g 234c x3w 4ms | egraph 36g->88v+0snap 6ms | graft 48 (-149n, 0 snap) cpu 0 | f64 20 | gen 0.2s | dropped inexpr 2 oversz 0 unbuild 0 {}
  55     0     100               0  7.44781213e-05   6.9728557e-05    0.0243127358  0.000408019674     0.020544369    0.0149321701
  55     1      50               0  7.44781278e-05  6.97285508e-05    0.0243127455  0.000408019787    0.0205443708    0.0149321688
          wgpu 1d 120g 196c x3w 3ms | egraph 18g->50v+0snap 5ms | graft 35 (-97n, 0 snap) cpu 0 | f64 20 | gen 0.2s
  56     0     100               0  7.44781213e-05   6.9728557e-05    0.0243127358  0.000408019674     0.020544369    0.0149321701
  56     1      50               0  7.44781278e-05  6.97285508e-05    0.0243127455  0.000408019787    0.0205443708    0.0149321688
          wgpu 1d 148g 203c x3w 3ms | egraph 41g->57v+0snap 7ms | graft 40 (-101n, 0 snap) cpu 0 | f64 20 | gen 0.2s | dropped inexpr 1 oversz 0 unbuild 0 {}
  57     0     100               0  7.44781213e-05   6.9728557e-05    0.0243127358  0.000408019674     0.020544369    0.0149321701
  57     1      50               0  7.44781278e-05  6.97285508e-05    0.0243127455  0.000408019787    0.0205443708    0.0149321688
          wgpu 1d 148g 207c x3w 3ms | egraph 32g->61v+0snap 7ms | graft 39 (-92n, 0 snap) cpu 0 | f64 20 | gen 0.3s | dropped inexpr 1 oversz 0 unbuild 0 {}
  58     0     100               0  7.44781213e-05   6.9728557e-05    0.0243127358  0.000408019674     0.020544369    0.0149321701
  58     1      50               0  7.44781213e-05   6.9728557e-05    0.0243127358  0.000408019674     0.020544369    0.0149321701
          wgpu 1d 156g 214c x3w 4ms | egraph 32g->68v+0snap 8ms | graft 41 (-114n, 0 snap) cpu 0 | f64 20 | gen 0.4s
  59     0     100               0  7.44781213e-05   6.9728557e-05    0.0243127358  0.000408019674     0.020544369    0.0149321701
  59     1      50               0  7.44781213e-05   6.9728557e-05    0.0243127358  0.000408019674     0.020544369    0.0149321701
          wgpu 1d 154g 210c x3w 4ms | egraph 35g->64v+0snap 6ms | graft 37 (-111n, 0 snap) cpu 0 | f64 20 | gen 0.2s | dropped inexpr 3 oversz 0 unbuild 0 {}
  60     0     100               0  7.44781213e-05   6.9728557e-05    0.0243127358  0.000408019674     0.020544369    0.0149321701
  60     1      50               0  7.44781278e-05  6.97285508e-05    0.0243127455  0.000408019787    0.0205443708    0.0149321688
          wgpu 1d 162g 223c x3w 4ms | egraph 31g->77v+0snap 6ms | graft 46 (-136n, 0 snap) cpu 0 | f64 20 | gen 0.2s | dropped inexpr 1 oversz 0 unbuild 0 {}
--------- pump migration: intra (promote-2 + intake-reset) + cross ---------
  61     0     100               0  7.44781213e-05   6.9728557e-05    0.0243127358  0.000408019674     0.020544369    0.0149321701
  61     1      50               0  7.44781278e-05  6.97285508e-05    0.0243127455  0.000408019787    0.0205443708    0.0149321688
          wgpu 2d 364g 410c x3w 7ms | egraph 123g->184v+0snap 21ms | graft 109 (-304n, 0 snap) cpu 0 | f64 30 | gen 0.2s | dropped inexpr 19 oversz 0 unbuild 0 {}
  62     0     100               0  0.000112906009  0.000121419111    0.0519956912  0.000162533132    0.0311444847    0.0260015536
  62     1      50               0  7.44781278e-05  6.97285508e-05    0.0243127455  0.000408019787    0.0205443708    0.0149321688
          wgpu 1d 164g 259c x3w 4ms | egraph 48g->113v+0snap 8ms | graft 75 (-167n, 0 snap) cpu 0 | f64 20 | gen 0.2s | dropped inexpr 12 oversz 0 unbuild 0 {}
  63     0     100               0  0.000112906009  0.000121419111    0.0519956912  0.000162533132    0.0311444847    0.0260015536
  63     1      50               0  7.44781278e-05  6.97285508e-05    0.0243127455  0.000408019787    0.0205443708    0.0149321688
          wgpu 1d 152g 272c x3w 3ms | egraph 43g->126v+0snap 6ms | graft 86 (-157n, 0 snap) cpu 0 | f64 20 | gen 0.1s | dropped inexpr 22 oversz 0 unbuild 0 {}
  64     0     100               0  2.37802834e-05  2.46493386e-05    0.0214572207  4.59590479e-05   0.00655965683   0.00527858502
  64     1      50               0  7.44781278e-05  6.97285508e-05    0.0243127455  0.000408019787    0.0205443708    0.0149321688
          wgpu 1d 169g 331c x3w 4ms | egraph 43g->185v+0snap 7ms | graft 101 (-199n, 0 snap) cpu 0 | f64 20 | gen 0.1s | dropped inexpr 23 oversz 0 unbuild 0 {}
  65     0     100               0  2.37802922e-05  2.46493447e-05    0.0214572259  4.59590258e-05   0.00655965926   0.00527858632
  65     1      50               0  7.44781278e-05  6.97285508e-05    0.0243127455  0.000408019787    0.0205443708    0.0149321688
          wgpu 1d 181g 326c x3w 4ms | egraph 43g->180v+0snap 7ms | graft 69 (-172n, 0 snap) cpu 0 | f64 20 | gen 0.2s | dropped inexpr 28 oversz 0 unbuild 0 {}
  66     0     100               0  2.37802922e-05  2.46493447e-05    0.0214572259  4.59590258e-05   0.00655965926   0.00527858632
  66     1      50               0  7.44781278e-05  6.97285508e-05    0.0243127455  0.000408019787    0.0205443708    0.0149321688
          wgpu 1d 166g 314c x3w 4ms | egraph 37g->168v+0snap 6ms | graft 56 (-150n, 0 snap) cpu 0 | f64 20 | gen 0.1s | dropped inexpr 16 oversz 0 unbuild 0 {}
  67     0     100               0  2.37802922e-05  2.46493447e-05    0.0214572259  4.59590258e-05   0.00655965926   0.00527858632
  67     1      50               0  7.44781278e-05  6.97285508e-05    0.0243127455  0.000408019787    0.0205443708    0.0149321688
          wgpu 1d 166g 326c x3w 4ms | egraph 41g->180v+0snap 7ms | graft 68 (-147n, 0 snap) cpu 0 | f64 20 | gen 0.1s | dropped inexpr 14 oversz 0 unbuild 0 {}
  68     0     100               0  2.37802922e-05  2.46493447e-05    0.0214572259  4.59590258e-05   0.00655965926   0.00527858632
  68     1      50               0  7.44781278e-05  6.97285508e-05    0.0243127455  0.000408019787    0.0205443708    0.0149321688
          wgpu 1d 139g 294c x3w 4ms | egraph 30g->148v+0snap 7ms | graft 43 (-115n, 0 snap) cpu 0 | f64 20 | gen 0.1s | dropped inexpr 7 oversz 0 unbuild 0 {}
  69     0     100               0  2.37802922e-05  2.46493447e-05    0.0214572259  4.59590258e-05   0.00655965926   0.00527858632
  69     1      50               0  7.44781278e-05  6.97285508e-05    0.0243127455  0.000408019787    0.0205443708    0.0149321688
          wgpu 1d 167g 293c x3w 4ms | egraph 36g->147v+0snap 6ms | graft 47 (-156n, 0 snap) cpu 0 | f64 20 | gen 0.1s | dropped inexpr 19 oversz 0 unbuild 0 {}
  70     0     100               0  2.37802922e-05  2.46493447e-05    0.0214572259  4.59590258e-05   0.00655965926   0.00527858632
  70     1      50               0  7.44781278e-05  6.97285508e-05    0.0243127455  0.000408019787    0.0205443708    0.0149321688
          wgpu 1d 175g 308c x3w 4ms | egraph 42g->162v+0snap 11ms | graft 55 (-163n, 0 snap) cpu 0 | f64 20 | gen 0.1s | dropped inexpr 18 oversz 0 unbuild 0 {}
--------- pump migration: intra (promote-2 + intake-reset) ---------
  71     0     100               0  2.37802922e-05  2.46493447e-05    0.0214572259  4.59590258e-05   0.00655965926   0.00527858632
  71     1      50               0  2.37802922e-05  2.46493447e-05    0.0214572259  4.59590258e-05   0.00655965926   0.00527858632
          wgpu 2d 364g 468c x3w 7ms | egraph 135g->242v+0snap 22ms | graft 100 (-282n, 0 snap) cpu 0 | f64 30 | gen 0.2s | dropped inexpr 19 oversz 0 unbuild 0 {}
  72     0     100               0  2.37802922e-05  2.46493447e-05    0.0214572259  4.59590258e-05   0.00655965926   0.00527858632
  72     1      50               0  7.44781278e-05  6.97285508e-05    0.0243127455  0.000408019787    0.0205443708    0.0149321688
          wgpu 1d 137g 335c x3w 4ms | egraph 35g->189v+0snap 6ms | graft 49 (-146n, 0 snap) cpu 0 | f64 20 | gen 0.2s | dropped inexpr 16 oversz 0 unbuild 0 {}
  73     0     100               0  2.37802922e-05  2.46493447e-05    0.0214572259  4.59590258e-05   0.00655965926   0.00527858632
  73     1      50               0  2.37802922e-05  2.46493447e-05    0.0214572259  4.59590258e-05   0.00655965926   0.00527858632
          wgpu 1d 116g 331c x3w 3ms | egraph 27g->185v+0snap 5ms | graft 38 (-100n, 0 snap) cpu 0 | f64 20 | gen 0.1s | dropped inexpr 13 oversz 0 unbuild 0 {}
  74     0     100               0  2.37802922e-05  2.46493447e-05    0.0214572259  4.59590258e-05   0.00655965926   0.00527858632
  74     1      50               0  2.37802922e-05  2.46493447e-05    0.0214572259  4.59590258e-05   0.00655965926   0.00527858632
          wgpu 1d 139g 349c x3w 3ms | egraph 25g->203v+0snap 5ms | graft 52 (-167n, 0 snap) cpu 0 | f64 20 | gen 0.2s | dropped inexpr 10 oversz 0 unbuild 0 {}
  75     0     100               0  2.37802922e-05  2.46493447e-05    0.0214572259  4.59590258e-05   0.00655965926   0.00527858632
  75     1      50               0  2.37802922e-05  2.46493447e-05    0.0214572259  4.59590258e-05   0.00655965926   0.00527858632
          wgpu 1d 140g 322c x3w 4ms | egraph 36g->176v+0snap 6ms | graft 51 (-121n, 0 snap) cpu 0 | f64 20 | gen 0.1s | dropped inexpr 16 oversz 0 unbuild 0 {}
  76     0     100               0  2.37802922e-05  2.46493447e-05    0.0214572259  4.59590258e-05   0.00655965926   0.00527858632
  76     1      50               0  2.37802922e-05  2.46493447e-05    0.0214572259  4.59590258e-05   0.00655965926   0.00527858632
          wgpu 1d 134g 332c x3w 3ms | egraph 16g->186v+0snap 3ms | graft 51 (-143n, 0 snap) cpu 0 | f64 20 | gen 0.1s | dropped inexpr 6 oversz 0 unbuild 0 {}
  77     0     100               0  2.37802922e-05  2.46493447e-05    0.0214572259  4.59590258e-05   0.00655965926   0.00527858632
  77     1      50               0  2.37802922e-05  2.46493447e-05    0.0214572259  4.59590258e-05   0.00655965926   0.00527858632
          wgpu 1d 154g 330c x3w 4ms | egraph 27g->184v+0snap 5ms | graft 52 (-142n, 0 snap) cpu 0 | f64 20 | gen 0.1s | dropped inexpr 14 oversz 0 unbuild 0 {}
  78     0     100               0  2.37802922e-05  2.46493447e-05    0.0214572259  4.59590258e-05   0.00655965926   0.00527858632
  78     1      50               0  2.37802922e-05  2.46493447e-05    0.0214572259  4.59590258e-05   0.00655965926   0.00527858632
          wgpu 1d 137g 324c x3w 3ms | egraph 26g->178v+0snap 5ms | graft 46 (-145n, 0 snap) cpu 0 | f64 20 | gen 0.1s | dropped inexpr 13 oversz 0 unbuild 0 {}
  79     0     100               0  2.37802922e-05  2.46493447e-05    0.0214572259  4.59590258e-05   0.00655965926   0.00527858632
  79     1      50               0  2.37802922e-05  2.46493447e-05    0.0214572259  4.59590258e-05   0.00655965926   0.00527858632
          wgpu 1d 121g 320c x3w 3ms | egraph 23g->174v+0snap 4ms | graft 39 (-91n, 0 snap) cpu 0 | f64 20 | gen 0.1s | dropped inexpr 9 oversz 0 unbuild 0 {}
  80     0     100               0  2.37802922e-05  2.46493447e-05    0.0214572259  4.59590258e-05   0.00655965926   0.00527858632
  80     1      50               0  2.37802922e-05  2.46493447e-05    0.0214572259  4.59590258e-05   0.00655965926   0.00527858632
          wgpu 1d 136g 320c x3w 3ms | egraph 32g->174v+0snap 6ms | graft 53 (-140n, 0 snap) cpu 0 | f64 20 | gen 0.1s | dropped inexpr 8 oversz 0 unbuild 0 {}
--------- pump migration: intra (promote-2 + intake-reset) ---------
  81     0     100               0  2.37802922e-05  2.46493447e-05    0.0214572259  4.59590258e-05   0.00655965926   0.00527858632
  81     1      50               0  2.37802922e-05  2.46493447e-05    0.0214572259  4.59590258e-05   0.00655965926   0.00527858632
          wgpu 2d 335g 474c x3w 7ms | egraph 97g->248v+0snap 15ms | graft 89 (-244n, 0 snap) cpu 0 | f64 30 | gen 0.1s | dropped inexpr 11 oversz 0 unbuild 0 {}
  82     0     100               0  2.37802922e-05  2.46493447e-05    0.0214572259  4.59590258e-05   0.00655965926   0.00527858632
  82     1      50               0  2.37802922e-05  2.46493447e-05    0.0214572259  4.59590258e-05   0.00655965926   0.00527858632
          wgpu 1d 113g 327c x3w 3ms | egraph 24g->181v+0snap 5ms | graft 41 (-127n, 0 snap) cpu 0 | f64 20 | gen 0.1s | dropped inexpr 12 oversz 0 unbuild 0 {}
  83     0     100               0  2.37802922e-05  2.46493447e-05    0.0214572259  4.59590258e-05   0.00655965926   0.00527858632
  83     1      50               0  2.37802922e-05  2.46493447e-05    0.0214572259  4.59590258e-05   0.00655965926   0.00527858632
          wgpu 1d 147g 343c x3w 3ms | egraph 30g->197v+0snap 6ms | graft 42 (-112n, 0 snap) cpu 0 | f64 20 | gen 0.2s | dropped inexpr 12 oversz 0 unbuild 0 {}
  84     0     100               0  2.37802922e-05  2.46493447e-05    0.0214572259  4.59590258e-05   0.00655965926   0.00527858632
  84     1      50               0  2.37802922e-05  2.46493447e-05    0.0214572259  4.59590258e-05   0.00655965926   0.00527858632
          wgpu 1d 134g 318c x3w 3ms | egraph 28g->172v+0snap 4ms | graft 51 (-142n, 0 snap) cpu 0 | f64 20 | gen 0.1s | dropped inexpr 9 oversz 0 unbuild 0 {}
  85     0     100               0  2.37802922e-05  2.46493447e-05    0.0214572259  4.59590258e-05   0.00655965926   0.00527858632
  85     1      50               0  2.37802922e-05  2.46493447e-05    0.0214572259  4.59590258e-05   0.00655965926   0.00527858632
          wgpu 1d 125g 311c x3w 3ms | egraph 22g->165v+0snap 4ms | graft 49 (-121n, 0 snap) cpu 0 | f64 20 | gen 0.1s | dropped inexpr 4 oversz 0 unbuild 0 {}
  86     0     100               0  2.37802922e-05  2.46493447e-05    0.0214572259  4.59590258e-05   0.00655965926   0.00527858632
  86     1      50               0  2.37802922e-05  2.46493447e-05    0.0214572259  4.59590258e-05   0.00655965926   0.00527858632
          wgpu 1d 134g 322c x3w 3ms | egraph 21g->176v+0snap 4ms | graft 41 (-111n, 0 snap) cpu 0 | f64 20 | gen 0.3s | dropped inexpr 9 oversz 0 unbuild 0 {}
  87     0     100               0  2.37802922e-05  2.46493447e-05    0.0214572259  4.59590258e-05   0.00655965926   0.00527858632
  87     1      50               0  2.37802922e-05  2.46493447e-05    0.0214572259  4.59590258e-05   0.00655965926   0.00527858632
          wgpu 1d 144g 328c x3w 3ms | egraph 25g->182v+0snap 7ms | graft 45 (-149n, 0 snap) cpu 0 | f64 20 | gen 0.1s | dropped inexpr 9 oversz 0 unbuild 0 {}
  88     0     100               0  2.37802922e-05  2.46493447e-05    0.0214572259  4.59590258e-05   0.00655965926   0.00527858632
  88     1      50               0  2.37802922e-05  2.46493447e-05    0.0214572259  4.59590258e-05   0.00655965926   0.00527858632
          wgpu 1d 145g 322c x3w 3ms | egraph 24g->176v+0snap 4ms | graft 41 (-118n, 0 snap) cpu 0 | f64 20 | gen 0.1s | dropped inexpr 8 oversz 0 unbuild 0 {}
  89     0     100               0  2.37802922e-05  2.46493447e-05    0.0214572259  4.59590258e-05   0.00655965926   0.00527858632
  89     1      50               0  2.37802922e-05  2.46493447e-05    0.0214572259  4.59590258e-05   0.00655965926   0.00527858632
          wgpu 1d 124g 295c x3w 3ms | egraph 18g->149v+0snap 3ms | graft 31 (-72n, 0 snap) cpu 0 | f64 20 | gen 0.1s | dropped inexpr 4 oversz 0 unbuild 0 {}
  90     0     100               0  2.37802922e-05  2.46493447e-05    0.0214572259  4.59590258e-05   0.00655965926   0.00527858632
  90     1      50               0  2.37802922e-05  2.46493447e-05    0.0214572259  4.59590258e-05   0.00655965926   0.00527858632
          wgpu 1d 153g 331c x3w 3ms | egraph 29g->185v+0snap 5ms | graft 54 (-148n, 0 snap) cpu 0 | f64 20 | gen 0.1s | dropped inexpr 15 oversz 0 unbuild 0 {}
--------- pump migration: intra (promote-2 + intake-reset) + cross ---------
  91     0     100               0  0.000868737512   0.00110966611     0.120930271   0.00147348897     0.239636335     0.237631808
  91     1      50               0  2.37802922e-05  2.46493447e-05    0.0214572259  4.59590258e-05   0.00655965926   0.00527858632
          wgpu 2d 387g 501c x3w 7ms | egraph 124g->275v+0snap 19ms | graft 102 (-335n, 0 snap) cpu 0 | f64 30 | gen 0.1s | dropped inexpr 22 oversz 0 unbuild 0 {}
  92     0     100               0  0.000868737512   0.00110966611     0.120930271   0.00147348897     0.239636335     0.237631808
  92     1      50               0  2.37802922e-05  2.46493447e-05    0.0214572259  4.59590258e-05   0.00655965926   0.00527858632
          wgpu 1d 204g 352c x3w 4ms | egraph 60g->206v+0snap 11ms | graft 79 (-344n, 0 snap) cpu 0 | f64 20 | gen 0.2s | dropped inexpr 20 oversz 0 unbuild 0 {}
  93     0     100               0  0.000868737512   0.00110966611     0.120930271   0.00147348897     0.239636335     0.237631808
  93     1      50               0  2.37802922e-05  2.46493447e-05    0.0214572259  4.59590258e-05   0.00655965926   0.00527858632
          wgpu 1d 219g 361c x3w 4ms | egraph 61g->215v+0snap 10ms | graft 88 (-392n, 0 snap) cpu 0 | f64 20 | gen 0.2s | dropped inexpr 18 oversz 0 unbuild 0 {}
  94     0     100               0  0.000868737512   0.00110966611     0.120930271   0.00147348897     0.239636335     0.237631808
  94     1      50               0  2.37802922e-05  2.46493447e-05    0.0214572259  4.59590258e-05   0.00655965926   0.00527858632
          wgpu 1d 218g 359c x3w 4ms | egraph 53g->213v+0snap 11ms | graft 77 (-372n, 0 snap) cpu 0 | f64 20 | gen 0.3s | dropped inexpr 23 oversz 0 unbuild 0 {}
  95     0     100               0  0.000868737512   0.00110966611     0.120930271   0.00147348897     0.239636335     0.237631808
  95     1      50               0  2.37802922e-05  2.46493447e-05    0.0214572259  4.59590258e-05   0.00655965926   0.00527858632
          wgpu 1d 193g 322c x3w 4ms | egraph 47g->176v+0snap 9ms | graft 62 (-279n, 0 snap) cpu 0 | f64 20 | gen 0.2s | dropped inexpr 16 oversz 0 unbuild 0 {}
  96     0     100               0  0.000868737512   0.00110966611     0.120930271   0.00147348897     0.239636335     0.237631808
  96     1      50               0  2.37802922e-05  2.46493447e-05    0.0214572259  4.59590258e-05   0.00655965926   0.00527858632
          wgpu 1d 209g 327c x3w 4ms | egraph 55g->181v+0snap 11ms | graft 76 (-352n, 0 snap) cpu 0 | f64 20 | gen 0.2s | dropped inexpr 16 oversz 0 unbuild 0 {}
  97     0     100               0  0.000868737512   0.00110966611     0.120930271   0.00147348897     0.239636335     0.237631808
  97     1      50               0  7.81828094e-06  7.62337109e-06   0.00631565234  2.60783285e-05   0.00215662863   0.00163252301
          wgpu 1d 222g 338c x3w 5ms | egraph 69g->192v+0snap 12ms | graft 75 (-412n, 0 snap) cpu 0 | f64 20 | gen 0.2s | dropped inexpr 21 oversz 0 unbuild 0 {}
  98     0     100               0  0.000868737512   0.00110966611     0.120930271   0.00147348897     0.239636335     0.237631808
  98     1      50               0  2.37802922e-05  2.46493447e-05    0.0214572259  4.59590258e-05   0.00655965926   0.00527858632
          wgpu 1d 216g 315c x3w 4ms | egraph 56g->169v+0snap 8ms | graft 69 (-285n, 0 snap) cpu 0 | f64 20 | gen 0.2s | dropped inexpr 14 oversz 0 unbuild 0 {}
  99     0     100               0  0.000868737512   0.00110966611     0.120930271   0.00147348897     0.239636335     0.237631808
  99     1      50               0  7.81828094e-06  7.62337109e-06   0.00631565234  2.60783285e-05   0.00215662863   0.00163252301
          wgpu 1d 202g 317c x3w 4ms | egraph 45g->171v+0snap 10ms | graft 75 (-345n, 0 snap) cpu 0 | f64 20 | gen 0.2s | dropped inexpr 15 oversz 0 unbuild 0 {}
 100     0     100               0  0.000868737512   0.00110966611     0.120930271   0.00147348897     0.239636335     0.237631808
 100     1      50               0  2.37802922e-05  2.46493447e-05    0.0214572259  4.59590258e-05   0.00655965926   0.00527858632
          wgpu 1d 204g 325c x3w 4ms | egraph 38g->179v+0snap 7ms | graft 76 (-395n, 0 snap) cpu 0 | f64 20 | gen 0.2s | dropped inexpr 15 oversz 0 unbuild 0 {}
--------- pump migration: intra (promote-2 + intake-reset) ---------
 101     0     100               0  0.000868737512   0.00110966611     0.120930271   0.00147348897     0.239636335     0.237631808
 101     1      50               0  7.81828094e-06  7.62337109e-06   0.00631565234  2.60783285e-05   0.00215662863   0.00163252301
          wgpu 2d 481g 522c x3w 9ms | egraph 154g->296v+0snap 28ms | graft 140 (-641n, 0 snap) cpu 0 | f64 30 | gen 0.4s | dropped inexpr 20 oversz 0 unbuild 0 {}
 102     0     100               0  0.000868737512   0.00110966611     0.120930271   0.00147348897     0.239636335     0.237631808
 102     1      50               0  2.37802922e-05  2.46493447e-05    0.0214572259  4.59590258e-05   0.00655965926   0.00527858632
          wgpu 1d 208g 325c x3w 4ms | egraph 39g->179v+0snap 7ms | graft 70 (-331n, 0 snap) cpu 0 | f64 20 | gen 0.3s | dropped inexpr 11 oversz 0 unbuild 0 {}
 103     0     100               0  0.000868737512   0.00110966611     0.120930271   0.00147348897     0.239636335     0.237631808
 103     1      50               0  2.37802922e-05  2.46493447e-05    0.0214572259  4.59590258e-05   0.00655965926   0.00527858632
          wgpu 1d 201g 335c x3w 4ms | egraph 37g->184v+5snap 11ms | graft 77 (-340n, 2 snap) cpu 0 | f64 20 | gen 0.2s | dropped inexpr 8 oversz 0 unbuild 0 {}
 104     0     100               0  0.000868737512   0.00110966611     0.120930271   0.00147348897     0.239636335     0.237631808
 104     1      50               0  7.81828094e-06  7.62337109e-06   0.00631565234  2.60783285e-05   0.00215662863   0.00163252301
          wgpu 1d 192g 327c x3w 4ms | egraph 45g->181v+0snap 9ms | graft 75 (-405n, 0 snap) cpu 0 | f64 20 | gen 0.2s | dropped inexpr 9 oversz 0 unbuild 0 {}
 105     0     100               0  0.000868737512   0.00110966611     0.120930271   0.00147348897     0.239636335     0.237631808
 105     1      50               0  2.37802922e-05  2.46493447e-05    0.0214572259  4.59590258e-05   0.00655965926   0.00527858632
          wgpu 1d 202g 332c x3w 4ms | egraph 50g->186v+0snap 8ms | graft 75 (-372n, 0 snap) cpu 0 | f64 20 | gen 0.2s | dropped inexpr 9 oversz 0 unbuild 0 {}
 106     0     100               0  0.000868737512   0.00110966611     0.120930271   0.00147348897     0.239636335     0.237631808
 106     1      50               0  2.37802922e-05  2.46493447e-05    0.0214572259  4.59590258e-05   0.00655965926   0.00527858632
          wgpu 1d 203g 347c x3w 4ms | egraph 48g->201v+0snap 9ms | graft 90 (-407n, 0 snap) cpu 0 | f64 20 | gen 0.2s | dropped inexpr 11 oversz 0 unbuild 0 {}
 107     0     100               0  0.000868737512   0.00110966611     0.120930271   0.00147348897     0.239636335     0.237631808
 107     1      50               0  2.37802922e-05  2.46493447e-05    0.0214572259  4.59590258e-05   0.00655965926   0.00527858632
          wgpu 1d 194g 337c x3w 4ms | egraph 34g->191v+0snap 8ms | graft 67 (-300n, 0 snap) cpu 0 | f64 20 | gen 0.2s | dropped inexpr 9 oversz 0 unbuild 0 {}
 108     0     100               0  0.000868737512   0.00110966611     0.120930271   0.00147348897     0.239636335     0.237631808
 108     1      50               0  2.37802922e-05  2.46493447e-05    0.0214572259  4.59590258e-05   0.00655965926   0.00527858632
          wgpu 1d 228g 352c x3w 4ms | egraph 39g->206v+0snap 8ms | graft 81 (-398n, 0 snap) cpu 0 | f64 20 | gen 0.2s | dropped inexpr 15 oversz 0 unbuild 0 {}
 109     0     100               0  0.000868737512   0.00110966611     0.120930271   0.00147348897     0.239636335     0.237631808
 109     1      50               0  2.37802922e-05  2.46493447e-05    0.0214572259  4.59590258e-05   0.00655965926   0.00527858632
          wgpu 1d 171g 297c x3w 4ms | egraph 22g->151v+0snap 5ms | graft 52 (-231n, 0 snap) cpu 0 | f64 20 | gen 0.2s | dropped inexpr 9 oversz 0 unbuild 0 {}
 110     0     100               0  0.000868737512   0.00110966611     0.120930271   0.00147348897     0.239636335     0.237631808
 110     1      50               0  2.37802922e-05  2.46493447e-05    0.0214572259  4.59590258e-05   0.00655965926   0.00527858632
          wgpu 1d 204g 330c x3w 4ms | egraph 28g->184v+0snap 6ms | graft 74 (-334n, 0 snap) cpu 0 | f64 20 | gen 0.2s | dropped inexpr 8 oversz 0 unbuild 0 {}
--------- pump migration: intra (promote-2 + intake-reset) ---------
 111     0     100               0  0.000868737512   0.00110966611     0.120930271   0.00147348897     0.239636335     0.237631808
 111     1      50               0  0.000868737512   0.00110966611     0.120930271   0.00147348897     0.239636335     0.237631808
          wgpu 2d 407g 476c x3w 8ms | egraph 123g->250v+0snap 27ms | graft 117 (-491n, 0 snap) cpu 0 | f64 30 | gen 0.2s | dropped inexpr 16 oversz 0 unbuild 0 {}
 112     0     100               0  0.000868737512   0.00110966611     0.120930271   0.00147348897     0.239636335     0.237631808
 112     1      50               0  0.000868737512   0.00110966611     0.120930271   0.00147348897     0.239636335     0.237631808
          wgpu 1d 234g 339c x3w 4ms | egraph 49g->193v+0snap 10ms | graft 81 (-436n, 0 snap) cpu 0 | f64 20 | gen 0.2s | dropped inexpr 19 oversz 0 unbuild 0 {}
 113     0     100               0  0.000868737512   0.00110966611     0.120930271   0.00147348897     0.239636335     0.237631808
 113     1      50               0  0.000868737512   0.00110966611     0.120930271   0.00147348897     0.239636335     0.237631808
          wgpu 1d 226g 359c x3w 4ms | egraph 50g->213v+0snap 9ms | graft 88 (-451n, 0 snap) cpu 0 | f64 20 | gen 0.2s | dropped inexpr 12 oversz 0 unbuild 0 {}
 114     0     100               0  0.000868737512   0.00110966611     0.120930271   0.00147348897     0.239636335     0.237631808
 114     1      50               0  0.000868737512   0.00110966611     0.120930271   0.00147348897     0.239636335     0.237631808
          wgpu 1d 219g 338c x3w 4ms | egraph 49g->192v+0snap 11ms | graft 80 (-405n, 0 snap) cpu 0 | f64 20 | gen 0.3s | dropped inexpr 17 oversz 0 unbuild 0 {}
 115     0     100               0  0.000868737512   0.00110966611     0.120930271   0.00147348897     0.239636335     0.237631808
 115     1      50               0  0.000868737512   0.00110966611     0.120930271   0.00147348897     0.239636335     0.237631808
          wgpu 1d 226g 364c x3w 4ms | egraph 42g->218v+0snap 11ms | graft 94 (-504n, 0 snap) cpu 0 | f64 20 | gen 0.2s | dropped inexpr 16 oversz 0 unbuild 0 {}
 116     0     100               0  0.000868737512   0.00110966611     0.120930271   0.00147348897     0.239636335     0.237631808
 116     1      50               0  0.000868737512   0.00110966611     0.120930271   0.00147348897     0.239636335     0.237631808
          wgpu 1d 203g 354c x3w 4ms | egraph 32g->208v+0snap 6ms | graft 89 (-484n, 0 snap) cpu 0 | f64 20 | gen 0.4s | dropped inexpr 17 oversz 0 unbuild 0 {}
 117     0     100               0  0.000868737512   0.00110966611     0.120930271   0.00147348897     0.239636335     0.237631808
 117     1      50               0  0.000868737512   0.00110966611     0.120930271   0.00147348897     0.239636335     0.237631808
          wgpu 1d 248g 361c x3w 5ms | egraph 46g->215v+0snap 8ms | graft 95 (-493n, 0 snap) cpu 0 | f64 20 | gen 0.2s | dropped inexpr 19 oversz 0 unbuild 0 {}
 118     0     100               0  0.000868737512   0.00110966611     0.120930271   0.00147348897     0.239636335     0.237631808
 118     1      50               0  7.72452368e-06  7.45709345e-06   0.00616719252  3.17018885e-05   0.00213076622   0.00159691513
          wgpu 1d 207g 355c x3w 4ms | egraph 41g->209v+0snap 8ms | graft 90 (-488n, 0 snap) cpu 0 | f64 20 | gen 0.2s | dropped inexpr 10 oversz 0 unbuild 0 {}
 119     0     100               0  0.000868737512   0.00110966611     0.120930271   0.00147348897     0.239636335     0.237631808
 119     1      50               0  7.72452368e-06  7.45709345e-06   0.00616719252  3.17018885e-05   0.00213076622   0.00159691513
          wgpu 1d 188g 335c x3w 4ms | egraph 34g->189v+0snap 7ms | graft 90 (-446n, 0 snap) cpu 0 | f64 20 | gen 0.2s | dropped inexpr 9 oversz 0 unbuild 0 {}
 120     0     100               0  0.000868737512   0.00110966611     0.120930271   0.00147348897     0.239636335     0.237631808
 120     1      50               0  7.72452368e-06  7.45709345e-06   0.00616719252  3.17018885e-05   0.00213076622   0.00159691513
          wgpu 1d 241g 341c x3w 4ms | egraph 54g->195v+0snap 9ms | graft 88 (-473n, 0 snap) cpu 0 | f64 20 | gen 0.2s | dropped inexpr 19 oversz 0 unbuild 0 {}
--------- pump migration: intra (promote-2 + intake-reset) + cross ---------
 121     0     100               0  0.000868737512   0.00110966611     0.120930271   0.00147348897     0.239636335     0.237631808
 121     1      50               0  0.000868737512   0.00110966611     0.120930271   0.00147348897     0.239636335     0.237631808
          wgpu 2d 399g 504c x3w 8ms | egraph 103g->278v+0snap 22ms | graft 116 (-523n, 0 snap) cpu 0 | f64 30 | gen 0.3s | dropped inexpr 21 oversz 0 unbuild 0 {}
 122     0     100               0  0.000868737512   0.00110966611     0.120930271   0.00147348897     0.239636335     0.237631808
 122     1      50               0  0.000868737512   0.00110966611     0.120930271   0.00147348897     0.239636335     0.237631808
          wgpu 1d 226g 410c x3w 4ms | egraph 44g->264v+0snap 9ms | graft 102 (-521n, 0 snap) cpu 0 | f64 20 | gen 0.3s | dropped inexpr 14 oversz 0 unbuild 0 {}
 123     0     100               0  0.000868737512   0.00110966611     0.120930271   0.00147348897     0.239636335     0.237631808
 123     1      50               0  0.000868737512   0.00110966611     0.120930271   0.00147348897     0.239636335     0.237631808
          wgpu 1d 225g 349c x3w 4ms | egraph 45g->203v+0snap 9ms | graft 84 (-473n, 0 snap) cpu 0 | f64 20 | gen 0.3s | dropped inexpr 12 oversz 0 unbuild 0 {}
 124     0     100               0  0.000868737512   0.00110966611     0.120930271   0.00147348897     0.239636335     0.237631808
 124     1      50               0  0.000868737512   0.00110966611     0.120930271   0.00147348897     0.239636335     0.237631808
          wgpu 1d 218g 318c x3w 4ms | egraph 45g->172v+0snap 8ms | graft 69 (-357n, 0 snap) cpu 0 | f64 20 | gen 0.2s | dropped inexpr 10 oversz 0 unbuild 0 {}
 125     0     100               0  0.000868737512   0.00110966611     0.120930271   0.00147348897     0.239636335     0.237631808
 125     1      50               0  0.000868737512   0.00110966611     0.120930271   0.00147348897     0.239636335     0.237631808
          wgpu 1d 192g 333c x3w 4ms | egraph 39g->187v+0snap 9ms | graft 84 (-441n, 0 snap) cpu 0 | f64 20 | gen 0.2s | dropped inexpr 13 oversz 0 unbuild 0 {}
 126     0     100               0  0.000868737512   0.00110966611     0.120930271   0.00147348897     0.239636335     0.237631808
 126     1      50               0  0.000868737512   0.00110966611     0.120930271   0.00147348897     0.239636335     0.237631808
          wgpu 1d 219g 371c x3w 4ms | egraph 37g->225v+0snap 7ms | graft 78 (-425n, 0 snap) cpu 0 | f64 20 | gen 0.3s | dropped inexpr 18 oversz 0 unbuild 0 {}
 127     0     100               0  0.000868737512   0.00110966611     0.120930271   0.00147348897     0.239636335     0.237631808
 127     1      50               0  0.000868737512   0.00110966611     0.120930271   0.00147348897     0.239636335     0.237631808
          wgpu 1d 220g 358c x3w 4ms | egraph 44g->212v+0snap 9ms | graft 82 (-454n, 0 snap) cpu 0 | f64 20 | gen 0.2s | dropped inexpr 13 oversz 0 unbuild 0 {}
 128     0     100               0  0.000868737512   0.00110966611     0.120930271   0.00147348897     0.239636335     0.237631808
 128     1      50               0  0.000868737512   0.00110966611     0.120930271   0.00147348897     0.239636335     0.237631808
          wgpu 1d 238g 350c x3w 4ms | egraph 47g->204v+0snap 8ms | graft 85 (-409n, 0 snap) cpu 0 | f64 20 | gen 0.3s | dropped inexpr 19 oversz 0 unbuild 0 {}
 129     0     100               0  0.000868737512   0.00110966611     0.120930271   0.00147348897     0.239636335     0.237631808
 129     1      50               0  0.000868737512   0.00110966611     0.120930271   0.00147348897     0.239636335     0.237631808
          wgpu 1d 207g 355c x3w 4ms | egraph 39g->209v+0snap 6ms | graft 90 (-464n, 0 snap) cpu 0 | f64 20 | gen 0.2s | dropped inexpr 10 oversz 0 unbuild 0 {}
 130     0     100               0  0.000868737512   0.00110966611     0.120930271   0.00147348897     0.239636335     0.237631808
 130     1      50               0  0.000868737512   0.00110966611     0.120930271   0.00147348897     0.239636335     0.237631808
          wgpu 1d 233g 360c x3w 4ms | egraph 33g->214v+0snap 8ms | graft 88 (-502n, 0 snap) cpu 0 | f64 20 | gen 0.2s | dropped inexpr 15 oversz 0 unbuild 0 {}
--------- pump migration: intra (promote-2 + intake-reset) ---------
 131     0     100               0  0.000868737512   0.00110966611     0.120930271   0.00147348897     0.239636335     0.237631808
 131     1      50               0  0.000868737512   0.00110966611     0.120930271   0.00147348897     0.239636335     0.237631808
          wgpu 2d 406g 507c x3w 8ms | egraph 102g->281v+0snap 17ms | graft 124 (-595n, 0 snap) cpu 0 | f64 30 | gen 0.3s | dropped inexpr 13 oversz 0 unbuild 0 {}
 132     0     100               0  0.000868737512   0.00110966611     0.120930271   0.00147348897     0.239636335     0.237631808
 132     1      50               0  0.000868737512   0.00110966611     0.120930271   0.00147348897     0.239636335     0.237631808
          wgpu 1d 255g 377c x3w 4ms | egraph 41g->231v+0snap 8ms | graft 90 (-449n, 0 snap) cpu 0 | f64 20 | gen 0.2s | dropped inexpr 14 oversz 0 unbuild 0 {}
 133     0     100               0  0.000868737512   0.00110966611     0.120930271   0.00147348897     0.239636335     0.237631808
 133     1      50               0  0.000868737512   0.00110966611     0.120930271   0.00147348897     0.239636335     0.237631808
          wgpu 1d 230g 367c x3w 4ms | egraph 27g->221v+0snap 7ms | graft 97 (-515n, 0 snap) cpu 0 | f64 20 | gen 0.2s | dropped inexpr 7 oversz 0 unbuild 0 {}
 134     0     100               0  0.000868737512   0.00110966611     0.120930271   0.00147348897     0.239636335     0.237631808
 134     1      50               0  0.000868737512   0.00110966611     0.120930271   0.00147348897     0.239636335     0.237631808
          wgpu 1d 192g 350c x3w 4ms | egraph 33g->204v+0snap 7ms | graft 73 (-343n, 0 snap) cpu 0 | f64 20 | gen 0.2s | dropped inexpr 15 oversz 0 unbuild 0 {}
 135     0     100               0  0.000868737512   0.00110966611     0.120930271   0.00147348897     0.239636335     0.237631808
 135     1      50               0  0.000868737512   0.00110966611     0.120930271   0.00147348897     0.239636335     0.237631808
          wgpu 1d 262g 382c x3w 5ms | egraph 47g->236v+0snap 11ms | graft 98 (-533n, 0 snap) cpu 0 | f64 20 | gen 0.4s | dropped inexpr 21 oversz 0 unbuild 0 {}
 136     0     100               0  0.000868737512   0.00110966611     0.120930271   0.00147348897     0.239636335     0.237631808
 136     1      50               0  0.000868737512   0.00110966611     0.120930271   0.00147348897     0.239636335     0.237631808
          wgpu 1d 218g 356c x3w 4ms | egraph 40g->210v+0snap 7ms | graft 84 (-445n, 0 snap) cpu 0 | f64 20 | gen 0.2s | dropped inexpr 14 oversz 0 unbuild 0 {}
 137     0     100               0  0.000868737512   0.00110966611     0.120930271   0.00147348897     0.239636335     0.237631808
 137     1      50               0  0.000868737512   0.00110966611     0.120930271   0.00147348897     0.239636335     0.237631808
          wgpu 1d 215g 372c x3w 4ms | egraph 36g->226v+0snap 7ms | graft 87 (-479n, 0 snap) cpu 0 | f64 20 | gen 0.3s | dropped inexpr 17 oversz 0 unbuild 0 {}
 138     0     100               0  0.000868737512   0.00110966611     0.120930271   0.00147348897     0.239636335     0.237631808
 138     1      50               0  0.000868737512   0.00110966611     0.120930271   0.00147348897     0.239636335     0.237631808
          wgpu 1d 223g 340c x3w 4ms | egraph 41g->194v+0snap 8ms | graft 70 (-367n, 0 snap) cpu 0 | f64 20 | gen 0.4s | dropped inexpr 17 oversz 0 unbuild 0 {}
 139     0     100               0  0.000868737512   0.00110966611     0.120930271   0.00147348897     0.239636335     0.237631808
 139     1      50               0  0.000868737512   0.00110966611     0.120930271   0.00147348897     0.239636335     0.237631808
          wgpu 1d 201g 363c x3w 4ms | egraph 33g->217v+0snap 6ms | graft 79 (-428n, 0 snap) cpu 0 | f64 20 | gen 0.2s | dropped inexpr 11 oversz 0 unbuild 0 {}
 140     0     100               0  0.000868737512   0.00110966611     0.120930271   0.00147348897     0.239636335     0.237631808
 140     1      50               0  0.000868737512   0.00110966611     0.120930271   0.00147348897     0.239636335     0.237631808
          wgpu 1d 185g 364c x3w 4ms | egraph 29g->218v+0snap 6ms | graft 83 (-440n, 0 snap) cpu 0 | f64 20 | gen 0.2s | dropped inexpr 10 oversz 0 unbuild 0 {}
--------- pump migration: intra (promote-2 + intake-reset) ---------
 141     0     100               0  0.000868737512   0.00110966611     0.120930271   0.00147348897     0.239636335     0.237631808
 141     1      50               0  0.000868737512   0.00110966611     0.120930271   0.00147348897     0.239636335     0.237631808
          wgpu 2d 435g 545c x3w 8ms | egraph 112g->319v+0snap 19ms | graft 129 (-568n, 0 snap) cpu 0 | f64 30 | gen 0.2s | dropped inexpr 21 oversz 0 unbuild 0 {}
 142     0     100               0  0.000868737512   0.00110966611     0.120930271   0.00147348897     0.239636335     0.237631808
 142     1      50               0  0.000868737512   0.00110966611     0.120930271   0.00147348897     0.239636335     0.237631808
          wgpu 1d 214g 370c x3w 4ms | egraph 27g->224v+0snap 8ms | graft 94 (-517n, 0 snap) cpu 0 | f64 20 | gen 0.3s | dropped inexpr 6 oversz 0 unbuild 0 {}
 143     0     100               0  0.000868737512   0.00110966611     0.120930271   0.00147348897     0.239636335     0.237631808
 143     1      50               0  0.000868737512   0.00110966611     0.120930271   0.00147348897     0.239636335     0.237631808
          wgpu 1d 197g 349c x3w 4ms | egraph 33g->203v+0snap 7ms | graft 81 (-402n, 0 snap) cpu 0 | f64 20 | gen 0.2s | dropped inexpr 11 oversz 0 unbuild 0 {}
 144     0     100               0  0.000868737512   0.00110966611     0.120930271   0.00147348897     0.239636335     0.237631808
 144     1      50               0  0.000868737512   0.00110966611     0.120930271   0.00147348897     0.239636335     0.237631808
          wgpu 1d 229g 369c x3w 4ms | egraph 40g->223v+0snap 9ms | graft 80 (-457n, 0 snap) cpu 0 | f64 20 | gen 0.2s | dropped inexpr 16 oversz 0 unbuild 0 {}
 145     0     100               0  0.000868737512   0.00110966611     0.120930271   0.00147348897     0.239636335     0.237631808
 145     1      50               0  0.000868737512   0.00110966611     0.120930271   0.00147348897     0.239636335     0.237631808
          wgpu 1d 196g 342c x3w 4ms | egraph 36g->196v+0snap 8ms | graft 76 (-385n, 0 snap) cpu 0 | f64 20 | gen 0.2s | dropped inexpr 10 oversz 0 unbuild 0 {}
 146     0     100               0  0.000868737512   0.00110966611     0.120930271   0.00147348897     0.239636335     0.237631808
 146     1      50               0  0.000868737512   0.00110966611     0.120930271   0.00147348897     0.239636335     0.237631808
          wgpu 1d 182g 316c x3w 4ms | egraph 35g->170v+0snap 8ms | graft 64 (-328n, 0 snap) cpu 0 | f64 20 | gen 0.3s | dropped inexpr 8 oversz 0 unbuild 0 {}
 147     0     100               0  0.000868737512   0.00110966611     0.120930271   0.00147348897     0.239636335     0.237631808
 147     1      50               0  0.000868737512   0.00110966611     0.120930271   0.00147348897     0.239636335     0.237631808
          wgpu 1d 197g 332c x3w 4ms | egraph 38g->186v+0snap 8ms | graft 68 (-349n, 0 snap) cpu 0 | f64 20 | gen 0.2s | dropped inexpr 10 oversz 0 unbuild 0 {}
 148     0     100               0  0.000868737512   0.00110966611     0.120930271   0.00147348897     0.239636335     0.237631808
 148     1      50               0  0.000868737512   0.00110966611     0.120930271   0.00147348897     0.239636335     0.237631808
          wgpu 1d 216g 347c x3w 4ms | egraph 39g->201v+0snap 8ms | graft 91 (-467n, 0 snap) cpu 0 | f64 20 | gen 0.2s | dropped inexpr 14 oversz 0 unbuild 0 {}
 149     0     100               0  0.000868737512   0.00110966611     0.120930271   0.00147348897     0.239636335     0.237631808
 149     1      50               0  0.000868737512   0.00110966611     0.120930271   0.00147348897     0.239636335     0.237631808
          wgpu 1d 208g 326c x3w 4ms | egraph 34g->180v+0snap 7ms | graft 81 (-407n, 0 snap) cpu 0 | f64 20 | gen 0.3s | dropped inexpr 15 oversz 0 unbuild 0 {}
 150     0     100               0  9.49302828e-05  0.000101266512    0.0463850015  0.000124263403    0.0261859822    0.0216859324
 150     1      50               0  0.000868737512   0.00110966611     0.120930271   0.00147348897     0.239636335     0.237631808
          wgpu 1d 203g 292c x3w 4ms | egraph 41g->146v+0snap 8ms | graft 73 (-397n, 0 snap) cpu 0 | f64 20 | gen 0.2s | dropped inexpr 13 oversz 0 unbuild 0 {}
--------- pump migration: intra (promote-2 + intake-reset) + cross ---------
 151     0     100               0  9.49302828e-05  0.000101266512    0.0463850015  0.000124263403    0.0261859822    0.0216859324
 151     1      50               0  0.000868737512   0.00110966611     0.120930271   0.00147348897     0.239636335     0.237631808
          wgpu 2d 317g 381c x3w 7ms | egraph 88g->155v+0snap 17ms | graft 74 (-271n, 0 snap) cpu 0 | f64 30 | gen 0.1s | dropped inexpr 4 oversz 0 unbuild 0 {}
 152     0     100               0  7.10944821e-05  7.50103673e-05    0.0382942732  8.36469549e-05    0.0196110113    0.0160632546
 152     1      50               0  9.49302828e-05  0.000101266512    0.0463850015  0.000124263403    0.0261859822    0.0216859324
          wgpu 1d 128g 211c x3w 3ms | egraph 28g->65v+0snap 5ms | graft 32 (-131n, 0 snap) cpu 0 | f64 20 | gen 0.1s | dropped inexpr 1 oversz 0 unbuild 0 {}
 153     0     100               0  7.10944821e-05  7.50103673e-05    0.0382942732  8.36469549e-05    0.0196110113    0.0160632546
 153     1      50               0  9.49302828e-05  0.000101266512    0.0463850015  0.000124263403    0.0261859822    0.0216859324
          wgpu 1d 95g 186c x3w 3ms | egraph 16g->40v+0snap 3ms | graft 29 (-72n, 0 snap) cpu 0 | f64 20 | gen 0.1s
 154     0     100               0  7.10944821e-05  7.50103673e-05    0.0382942732  8.36469549e-05    0.0196110113    0.0160632546
 154     1      50               0  9.49302828e-05  0.000101266512    0.0463850015  0.000124263403    0.0261859822    0.0216859324
          wgpu 1d 103g 206c x3w 3ms | egraph 24g->60v+0snap 4ms | graft 35 (-106n, 0 snap) cpu 0 | f64 20 | gen 0.1s | dropped inexpr 4 oversz 0 unbuild 0 {}
 155     0     100               0  7.10944821e-05  7.50103673e-05    0.0382942732  8.36469549e-05    0.0196110113    0.0160632546
 155     1      50               0  1.02731944e-05   1.0459503e-05   0.00752942105  2.64526502e-05   0.00283380263   0.00223987251
          wgpu 1d 87g 167c x3w 3ms | egraph 14g->21v+0snap 5ms | graft 13 (-36n, 0 snap) cpu 0 | f64 20 | gen 0.1s | dropped inexpr 4 oversz 0 unbuild 0 {}
 156     0     100               0  7.10944821e-05  7.50103673e-05    0.0382942732  8.36469549e-05    0.0196110113    0.0160632546
 156     1      50               0  9.49302828e-05  0.000101266512    0.0463850015  0.000124263403    0.0261859822    0.0216859324
          wgpu 1d 92g 185c x3w 3ms | egraph 15g->39v+0snap 3ms | graft 19 (-44n, 0 snap) cpu 0 | f64 20 | gen 0.1s
 157     0     100               0  7.10944821e-05  7.50103673e-05    0.0382942732  8.36469549e-05    0.0196110113    0.0160632546
 157     1      50               0  9.49302828e-05  0.000101266512    0.0463850015  0.000124263403    0.0261859822    0.0216859324
          wgpu 1d 87g 194c x3w 3ms | egraph 10g->48v+0snap 2ms | graft 33 (-87n, 0 snap) cpu 0 | f64 20 | gen 0.1s
 158     0     100               0  7.10944821e-05  7.50103673e-05    0.0382942732  8.36469549e-05    0.0196110113    0.0160632546
 158     1      50               0  1.02731944e-05   1.0459503e-05   0.00752942105  2.64526502e-05   0.00283380263   0.00223987251
          wgpu 1d 90g 188c x3w 3ms | egraph 14g->42v+0snap 3ms | graft 24 (-66n, 0 snap) cpu 0 | f64 20 | gen 0.1s
 159     0     100               0  7.10944821e-05  7.50103673e-05    0.0382942732  8.36469549e-05    0.0196110113    0.0160632546
 159     1      50               0  1.02731944e-05   1.0459503e-05   0.00752942105  2.64526502e-05   0.00283380263   0.00223987251
          wgpu 1d 109g 202c x3w 3ms | egraph 19g->56v+0snap 4ms | graft 31 (-81n, 0 snap) cpu 0 | f64 20 | gen 0.1s | dropped inexpr 1 oversz 0 unbuild 0 {}
 160     0     100               0  7.10944821e-05  7.50103673e-05    0.0382942732  8.36469549e-05    0.0196110113    0.0160632546
 160     1      50               0  1.02731944e-05   1.0459503e-05   0.00752942105  2.64526502e-05   0.00283380263   0.00223987251
          wgpu 1d 112g 194c x3w 3ms | egraph 21g->48v+0snap 4ms | graft 26 (-66n, 0 snap) cpu 0 | f64 20 | gen 0.1s
--------- pump migration: intra (promote-2 + intake-reset) ---------
 161     0     100               0  7.10944821e-05  7.50103673e-05    0.0382942732  8.36469549e-05    0.0196110113    0.0160632546
 161     1      50               0  1.02731944e-05   1.0459503e-05   0.00752942105  2.64526502e-05   0.00283380263   0.00223987251
          wgpu 2d 298g 355c x3w 7ms | egraph 82g->129v+0snap 13ms | graft 65 (-249n, 0 snap) cpu 0 | f64 30 | gen 0.1s | dropped inexpr 1 oversz 0 unbuild 0 {}
 162     0     100               0  7.10944821e-05  7.50103673e-05    0.0382942732  8.36469549e-05    0.0196110113    0.0160632546
 162     1      50               0  7.10944821e-05  7.50103673e-05    0.0382942732  8.36469549e-05    0.0196110113    0.0160632546
          wgpu 1d 109g 197c x3w 3ms | egraph 14g->51v+0snap 3ms | graft 31 (-81n, 0 snap) cpu 0 | f64 20 | gen 0.1s | dropped inexpr 1 oversz 0 unbuild 0 {}
 163     0     100               0  7.10944821e-05  7.50103673e-05    0.0382942732  8.36469549e-05    0.0196110113    0.0160632546
 163     1      50               0  1.02731944e-05   1.0459503e-05   0.00752942105  2.64526502e-05   0.00283380263   0.00223987251
          wgpu 1d 85g 171c x3w 3ms | egraph 9g->25v+0snap 2ms | graft 20 (-51n, 0 snap) cpu 0 | f64 20 | gen 0.1s
 164     0     100               0  7.10944821e-05  7.50103673e-05    0.0382942732  8.36469549e-05    0.0196110113    0.0160632546
 164     1      50               0  1.02731944e-05   1.0459503e-05   0.00752942105  2.64526502e-05   0.00283380263   0.00223987251
          wgpu 1d 90g 189c x3w 3ms | egraph 19g->43v+0snap 3ms | graft 23 (-72n, 0 snap) cpu 0 | f64 20 | gen 0.1s
 165     0     100               0  7.10944821e-05  7.50103673e-05    0.0382942732  8.36469549e-05    0.0196110113    0.0160632546
 165     1      50               0  1.02731944e-05   1.0459503e-05   0.00752942105  2.64526502e-05   0.00283380263   0.00223987251
          wgpu 1d 107g 213c x3w 3ms | egraph 19g->67v+0snap 6ms | graft 35 (-90n, 0 snap) cpu 0 | f64 20 | gen 0.1s | dropped inexpr 5 oversz 0 unbuild 0 {}
 166     0     100               0  7.10944821e-05  7.50103673e-05    0.0382942732  8.36469549e-05    0.0196110113    0.0160632546
 166     1      50               0  1.02731944e-05   1.0459503e-05   0.00752942105  2.64526502e-05   0.00283380263   0.00223987251
          wgpu 1d 109g 195c x3w 3ms | egraph 21g->49v+0snap 4ms | graft 32 (-80n, 0 snap) cpu 0 | f64 20 | gen 0.1s | dropped inexpr 1 oversz 0 unbuild 0 {}
 167     0     100               0  7.10944821e-05  7.50103673e-05    0.0382942732  8.36469549e-05    0.0196110113    0.0160632546
 167     1      50               0  1.02731944e-05   1.0459503e-05   0.00752942105  2.64526502e-05   0.00283380263   0.00223987251
          wgpu 1d 102g 195c x3w 3ms | egraph 16g->49v+0snap 3ms | graft 32 (-85n, 0 snap) cpu 0 | f64 20 | gen 0.1s
 168     0     100               0  7.10944821e-05  7.50103673e-05    0.0382942732  8.36469549e-05    0.0196110113    0.0160632546
 168     1      50               0  1.02731944e-05   1.0459503e-05   0.00752942105  2.64526502e-05   0.00283380263   0.00223987251
          wgpu 1d 113g 187c x3w 3ms | egraph 24g->41v+0snap 4ms | graft 23 (-70n, 0 snap) cpu 0 | f64 20 | gen 0.1s
 169     0     100               0  7.10944821e-05  7.50103673e-05    0.0382942732  8.36469549e-05    0.0196110113    0.0160632546
 169     1      50               0  1.02731944e-05   1.0459503e-05   0.00752942105  2.64526502e-05   0.00283380263   0.00223987251
          wgpu 1d 100g 197c x3w 3ms | egraph 19g->51v+0snap 4ms | graft 33 (-88n, 0 snap) cpu 0 | f64 20 | gen 0.1s
 170     0     100               0  7.10944821e-05  7.50103673e-05    0.0382942732  8.36469549e-05    0.0196110113    0.0160632546
 170     1      50               0  1.02731944e-05   1.0459503e-05   0.00752942105  2.64526502e-05   0.00283380263   0.00223987251
          wgpu 1d 96g 191c x3w 3ms | egraph 18g->45v+0snap 4ms | graft 19 (-68n, 0 snap) cpu 0 | f64 20 | gen 0.1s
--------- pump migration: intra (promote-2 + intake-reset) ---------
 171     0     100               0  7.10944821e-05  7.50103673e-05    0.0382942732  8.36469549e-05    0.0196110113    0.0160632546
 171     1      50               0  7.10944821e-05  7.50103673e-05    0.0382942732  8.36469549e-05    0.0196110113    0.0160632546
          wgpu 2d 322g 376c x3w 7ms | egraph 86g->150v+0snap 16ms | graft 80 (-249n, 0 snap) cpu 0 | f64 30 | gen 0.1s | dropped inexpr 6 oversz 0 unbuild 0 {}
 172     0     100               0  7.10944821e-05  7.50103673e-05    0.0382942732  8.36469549e-05    0.0196110113    0.0160632546
 172     1      50               0  1.02731944e-05   1.0459503e-05   0.00752942105  2.64526502e-05   0.00283380263   0.00223987251
          wgpu 1d 100g 188c x3w 3ms | egraph 18g->42v+0snap 3ms | graft 21 (-65n, 0 snap) cpu 0 | f64 20 | gen 0.1s | dropped inexpr 2 oversz 0 unbuild 0 {}
 173     0     100               0  7.10944821e-05  7.50103673e-05    0.0382942732  8.36469549e-05    0.0196110113    0.0160632546
 173     1      50               0  1.02731944e-05   1.0459503e-05   0.00752942105  2.64526502e-05   0.00283380263   0.00223987251
          wgpu 1d 108g 198c x3w 3ms | egraph 17g->52v+0snap 3ms | graft 28 (-95n, 0 snap) cpu 0 | f64 20 | gen 0.1s | dropped inexpr 1 oversz 0 unbuild 0 {}
 174     0     100               0  7.10944821e-05  7.50103673e-05    0.0382942732  8.36469549e-05    0.0196110113    0.0160632546
 174     1      50               0  1.02731944e-05   1.0459503e-05   0.00752942105  2.64526502e-05   0.00283380263   0.00223987251
          wgpu 1d 113g 202c x3w 3ms | egraph 17g->56v+0snap 3ms | graft 26 (-85n, 0 snap) cpu 0 | f64 20 | gen 0.1s | dropped inexpr 1 oversz 0 unbuild 0 {}
 175     0     100               0  7.10944821e-05  7.50103673e-05    0.0382942732  8.36469549e-05    0.0196110113    0.0160632546
 175     1      50               0  1.02731944e-05   1.0459503e-05   0.00752942105  2.64526502e-05   0.00283380263   0.00223987251
          wgpu 1d 90g 186c x3w 3ms | egraph 10g->40v+0snap 2ms | graft 25 (-65n, 0 snap) cpu 0 | f64 20 | gen 0.1s
 176     0     100               0  7.10944821e-05  7.50103673e-05    0.0382942732  8.36469549e-05    0.0196110113    0.0160632546
 176     1      50               0  1.02731944e-05   1.0459503e-05   0.00752942105  2.64526502e-05   0.00283380263   0.00223987251
          wgpu 1d 126g 197c x3w 3ms | egraph 19g->51v+0snap 4ms | graft 34 (-118n, 0 snap) cpu 0 | f64 20 | gen 0.1s
 177     0     100               0  7.10944821e-05  7.50103673e-05    0.0382942732  8.36469549e-05    0.0196110113    0.0160632546
 177     1      50               0  1.02731944e-05   1.0459503e-05   0.00752942105  2.64526502e-05   0.00283380263   0.00223987251
          wgpu 1d 98g 189c x3w 3ms | egraph 12g->43v+0snap 2ms | graft 24 (-58n, 0 snap) cpu 0 | f64 20 | gen 0.1s
 178     0     100               0  7.10944821e-05  7.50103673e-05    0.0382942732  8.36469549e-05    0.0196110113    0.0160632546
 178     1      50               0  1.02731944e-05   1.0459503e-05   0.00752942105  2.64526502e-05   0.00283380263   0.00223987251
          wgpu 1d 105g 215c x3w 3ms | egraph 12g->69v+0snap 3ms | graft 31 (-94n, 0 snap) cpu 0 | f64 20 | gen 0.1s
 179     0     100               0  7.10944821e-05  7.50103673e-05    0.0382942732  8.36469549e-05    0.0196110113    0.0160632546
 179     1      50               0  1.02731944e-05   1.0459503e-05   0.00752942105  2.64526502e-05   0.00283380263   0.00223987251
          wgpu 1d 98g 179c x3w 3ms | egraph 17g->33v+0snap 3ms | graft 18 (-56n, 0 snap) cpu 0 | f64 20 | gen 0.1s | dropped inexpr 2 oversz 0 unbuild 0 {}
 180     0     100               0  7.10944821e-05  7.50103673e-05    0.0382942732  8.36469549e-05    0.0196110113    0.0160632546
 180     1      50               0  1.02731944e-05   1.0459503e-05   0.00752942105  2.64526502e-05   0.00283380263   0.00223987251
          wgpu 1d 98g 187c x3w 3ms | egraph 11g->41v+0snap 2ms | graft 21 (-62n, 0 snap) cpu 0 | f64 20 | gen 0.1s | dropped inexpr 1 oversz 0 unbuild 0 {}
--------- pump migration: intra (promote-2 + intake-reset) + cross ---------
 181     0     100               0  7.10944821e-05  7.50103673e-05    0.0382942732  8.36469549e-05    0.0196110113    0.0160632546
 181     1      50               0  1.02731944e-05   1.0459503e-05   0.00752942105  2.64526502e-05   0.00283380263   0.00223987251
          wgpu 2d 342g 452c x3w 7ms | egraph 111g->226v+0snap 22ms | graft 107 (-399n, 0 snap) cpu 0 | f64 30 | gen 0.2s | dropped inexpr 21 oversz 0 unbuild 0 {}
 182     0     100               0  0.000874096981   0.00108609765     0.146794036   0.00132248451     0.241114714      0.23258469
 182     1      50               0  1.02731944e-05   1.0459503e-05   0.00752942105  2.64526502e-05   0.00283380263   0.00223987251
          wgpu 1d 167g 297c x3w 4ms | egraph 32g->151v+0snap 6ms | graft 57 (-223n, 0 snap) cpu 0 | f64 20 | gen 0.1s | dropped inexpr 13 oversz 0 unbuild 0 {}
 183     0     100               0  0.000874096981   0.00108609765     0.146794036   0.00132248451     0.241114714      0.23258469
 183     1      50               0  1.02731944e-05   1.0459503e-05   0.00752942105  2.64526502e-05   0.00283380263   0.00223987251
          wgpu 1d 200g 326c x3w 4ms | egraph 44g->179v+0snap 9ms | graft 64 (-244n, 0 snap) cpu 0 | f64 20 | gen 0.2s | dropped inexpr 19 oversz 0 unbuild 0 {}
 184     0     100               0  0.000874096981   0.00108609765     0.146794036   0.00132248451     0.241114714      0.23258469
 184     1      50               0  1.02731944e-05   1.0459503e-05   0.00752942105  2.64526502e-05   0.00283380263   0.00223987251
          wgpu 1d 188g 363c x3w 4ms | egraph 51g->217v+0snap 9ms | graft 78 (-294n, 0 snap) cpu 0 | f64 20 | gen 0.2s | dropped inexpr 24 oversz 0 unbuild 0 {}
 185     0     100               0  0.000874096981   0.00108609765     0.146794036   0.00132248451     0.241114714      0.23258469
 185     1      50               0  1.02731944e-05   1.0459503e-05   0.00752942105  2.64526502e-05   0.00283380263   0.00223987251
          wgpu 1d 220g 364c x3w 4ms | egraph 55g->218v+0snap 13ms | graft 79 (-307n, 0 snap) cpu 0 | f64 20 | gen 0.2s | dropped inexpr 25 oversz 0 unbuild 0 {}
 186     0     100               0  0.000874096981   0.00108609765     0.146794036   0.00132248451     0.241114714      0.23258469
 186     1      50               0  1.02731944e-05   1.0459503e-05   0.00752942105  2.64526502e-05   0.00283380263   0.00223987251
          wgpu 1d 200g 332c x3w 4ms | egraph 43g->186v+0snap 8ms | graft 70 (-288n, 0 snap) cpu 0 | f64 20 | gen 0.1s | dropped inexpr 22 oversz 0 unbuild 0 {}
 187     0     100               0  0.000874096981   0.00108609765     0.146794036   0.00132248451     0.241114714      0.23258469
 187     1      50               0  1.02731944e-05   1.0459503e-05   0.00752942105  2.64526502e-05   0.00283380263   0.00223987251
          wgpu 1d 221g 395c x3w 4ms | egraph 51g->249v+0snap 10ms | graft 87 (-336n, 0 snap) cpu 0 | f64 20 | gen 0.2s | dropped inexpr 23 oversz 0 unbuild 0 {}
 188     0     100               0  0.000874096981   0.00108609765     0.146794036   0.00132248451     0.241114714      0.23258469
 188     1      50               0  1.02731944e-05   1.0459503e-05   0.00752942105  2.64526502e-05   0.00283380263   0.00223987251
          wgpu 1d 208g 401c x3w 4ms | egraph 49g->255v+0snap 9ms | graft 83 (-382n, 0 snap) cpu 0 | f64 20 | gen 0.2s | dropped inexpr 26 oversz 0 unbuild 0 {}
 189     0     100               0  1.94886027e-32  2.02241875e-32  4.30211422e-16  2.22807262e-32  5.37582095e-30  4.33095164e-30
 189     1      50               0  1.02731944e-05   1.0459503e-05   0.00752942105  2.64526502e-05   0.00283380263   0.00223987251
          wgpu 1d 177g 363c x3w 4ms | egraph 58g->217v+0snap 10ms | graft 99 (-239n, 0 snap) cpu 0 | f64 20 | gen 0.2s | dropped inexpr 25 oversz 0 unbuild 0 {}

*** Early stop at generation 189: best val_R² = 1.0000000000 ≥ 0.9999999990, holdout_R² = 1.0000000000 confirmed

This sub-run: 2026-09-19 04:12:05.736895 → 2026-09-19 04:12:41.819869
Now at generation 189 (HOF size: 31)
[join] 208 dispatches, 35,263 genes, 166,302 candidates scored in 0.77s GPU+host; e-graph 8,955 trees -> 26,244 variants + 5 snaps in 1.67s; 11,327 grafts (2 snap), 43,171 nodes removed; cpu-path individuals 0, f64-rejected 0
[join]   inexpressible:   1011  no pset token for semantic id "pow" with arity 2
[join]   inexpressible:    386  no pset token for semantic id "div" with arity 2
[join]   inexpressible:    192  no pset token for semantic id "sqrt" with arity 1
  HFF-chosen LSM kept: a=-0.208891, b=0.0667918
Chromosome wrapper: id=0  →  identity
hof[0] runtime val: mse=1.323e-33  R²=1.000000
Pre-snap expression (after sympify + LSM compose):
  0.0795774715459477*Pwr/r**2 - 0.0696302876027042*sin(e) + 0.0286028193995275

Per-level snap results (before MSE scoring):
  strict      →  Pwr/(4*pi*r**2) - 0.0696302876027042*sin(e) + 0.0286028193995275
  default     →  Pwr/(4*pi*r**2) - 0.0696302876027042*sin(e) + 0.0286028193995275
  aggressive  →  Pwr/(4*pi*r**2) - 0.0696302876027042*sin(e) + 0.0286028193995275

Snap-level comparison (sorted by holdout MSE, lowest first)
------------------------------------------------------------------------------------------
  level       MSE            R²         expression                                        
------------------------------------------------------------------------------------------
★ strict      inf            —          Pwr/(4*pi*r**2) - 0.0696302876027042*sin(e) + 0.02
               note: TypeError: loop of ufunc does not support argument 0 of type Symbol which has no callable sin method
  default     inf            —          Pwr/(4*pi*r**2) - 0.0696302876027042*sin(e) + 0.02
               note: TypeError: loop of ufunc does not support argument 0 of type Symbol which has no callable sin method
  aggressive  inf            —          Pwr/(4*pi*r**2) - 0.0696302876027042*sin(e) + 0.02
               note: TypeError: loop of ufunc does not support argument 0 of type Symbol which has no callable sin method

Winning snap level: 'strict'  →  Pwr/(4*pi*r**2) - 0.0696302876027042*sin(e) + 0.0286028193995275

Canonical discovered expression: Pwr/(4*pi*r**2) - 0.0696302876027042*sin(e) + 0.0286028193995275
[38;2;0;50;255m
############################################################ [38;2;255;255;255m
[38;2;0;50;255m Equation Recovery: II_3_24 [38;2;255;255;255m
[38;2;0;50;255m Truth: Pwr/(4*pi*r**2) [38;2;255;255;255m
[38;2;0;50;255m [38;2;255;255;255m
[38;2;255;0;255m     Exact recovery     : False [38;2;255;255;255m
[38;2;255;0;255m     Numerical recovery : False (max rel_err inf on 10k samples) [38;2;255;255;255m
[38;2;255;0;255m     Discovered         : Pwr/(4*pi*r**2) - 0.0696302876027042*sin(e) + 0.0286028193995275 [38;2;255;255;255m
[38;2;255;0;255m     LSM (a, b)         : (-0.208891, 0.0667918) [38;2;255;255;255m
[38;2;0;50;255m
############################################################ [38;2;255;255;255m
In-range holdout : MSE=1.002e-33  MAE=2.725e-17  R²=1.0000
Extrapolation    : MSE=1.095e-33  MAE=2.761e-17  R²=1.0000

Top 10 HOF models (north_pole=truenorth) (★ = Pareto-optimal)
(deduped HOF: 13 unique chromosomes from 31 raw HOF entries)
 ----------------------------------------------------------------------------------------------------------------
       model     wrapper      length   train_mse     val_mse     max_err    train_r2      val_r2 angular_distance
 ----------------------------------------------------------------------------------------------------------------
★           0    identity          12      0.0000      0.0000      0.0000      1.0000      1.0000      0.0000
            1    identity          15      0.0001      0.0001      0.0257      0.9798      0.9849      0.1362
           16    identity          14      0.0001      0.0001      0.0407      0.9846      0.9872      0.1794
           13    identity          14      0.0001      0.0001      0.0407      0.9846      0.9872      0.1794
            7    identity          14      0.0001      0.0001      0.0407      0.9846      0.9872      0.1794
           27    identity          15      0.0001      0.0001      0.0425      0.9745      0.9796      0.2066
           24    identity          18      0.0001      0.0001      0.0474      0.9626      0.9704      0.2546
           23    identity          18      0.0001      0.0001      0.0474      0.9626      0.9704      0.2546
           21    identity          18      0.0001      0.0001      0.0474      0.9626      0.9704      0.2546
           29    identity          18      0.0001      0.0001      0.0499      0.9599      0.9682      0.2702

Pareto-optimal in top 10: 1    Pareto-optimal in full HOF: 1 / 13

Recovery sweep across 12/13 unique HOF chromosomes (capped):
  Structural / exact     : 0/12  (0.0%)
  Numerical (≤1e-6 err)  : 0/12  (0.0%)
{
    "date": "2026/09/19",
    "seed": "5",
    "task": "equation_recovery",
    "north_pole_method": "truenorth",
    "hff_include_val": true,
    "problem": "II_3_24",
    "truth_expr": "Pwr/(4*pi*r**2)",
    "final_terminal_inputs": [
        "Pwr",
        "r"
    ],
    "wide_primitives": true,
    "head_length": "48",
    "n_genes": "3",
    "rnc_array_length": "10",
    "tournament size": "intake=8, champion=5",
    "population size": "150",
    "population per island": "intake=100, champion=50",
    "gpu_join": true,
    "eclass_k": 8,
    "number of elites": "2",
    "number of generations": "400",
    "number of islands": "2",
    "migration FREQ": "30",
    "wrapper_id": 0,
    "wrapper_name": "identity",
    "recovery_exact": false,
    "recovery_numerical": false,
    "recovery_max_rel_err": Infinity,
    "discovered_expr": "Pwr/(4*pi*r**2) - 0.0696302876027042*sin(e) + 0.0286028193995275",
    "holdout_mse": 1.0016396767311519e-33,
    "holdout_r2": 1.0,
    "extrap_mse": 1.0951356762091146e-33,
    "extrap_r2": 1.0,
    "hof_size": 13,
    "hof_exact_recoveries": 0,
    "hof_numerical_recoveries": 0
}
