/opt/anaconda3/lib/python3.12/site-packages/geppy/__init__.py:26: UserWarning: pkg_resources is deprecated as an API. See https://setuptools.pypa.io/en/latest/pkg_resources.html. The pkg_resources package is slated for removal as early as 2025-11-30. Refrain from using this package or pin to Setuptools<81.
  from pkg_resources import get_distribution, DistributionNotFound
hff library OK (test fitness: (0.1415394733244273,))
registry: ['circle_area', 'gravity', 'coulomb', 'pendulum', 'keplers3', 'ideal_gas', 'I_6_2a', 'I_6_2', 'I_6_2b', 'I_8_14', 'I_9_18', 'I_10_7', 'I_11_19', 'I_12_1', 'I_12_2', 'I_12_4', 'I_12_5', 'I_12_11', 'I_13_4', 'I_13_12', 'I_14_3', 'I_14_4', 'I_15_3x', 'I_15_3t', 'I_15_1', 'I_16_6', 'I_18_4', 'I_18_12', 'I_18_14', 'I_24_6', 'I_25_13', 'I_26_2', 'I_27_6', 'I_29_4', 'I_29_16', 'I_30_3', 'I_30_5', 'I_32_5', 'I_32_17', 'I_34_8', 'I_34_1', 'I_34_14', 'I_34_27', 'I_37_4', 'I_38_12', 'I_39_1', 'I_39_11', 'I_39_22', 'I_40_1', 'I_41_16', 'I_43_16', 'I_43_31', 'I_43_43', 'I_44_4', 'I_47_23', 'I_48_2', 'I_50_26', 'II_2_42', 'II_3_24', 'II_4_23', 'II_6_11', 'II_6_15a', 'II_6_15b', 'II_8_7', 'II_8_31', 'II_10_9', 'II_11_3', 'II_11_17', 'II_11_20', 'II_11_27', 'II_11_28', 'II_13_17', 'II_13_23', 'II_13_34', 'II_15_4', 'II_15_5', 'II_21_32', 'II_24_17', 'II_27_16', 'II_27_18', 'II_34_2a', 'II_34_2', 'II_34_11', 'II_34_29a', 'II_34_29b', 'II_35_18', 'II_35_21', 'II_36_38', 'II_37_1', 'II_38_3', 'II_38_14', 'III_4_32', 'III_4_33', 'III_7_38', 'III_8_54', 'III_9_52', 'III_10_19', 'III_12_43', 'III_13_18', 'III_14_14', 'III_15_12', 'III_15_14', 'III_15_27', 'III_17_37', 'III_19_51', 'III_21_20', 'test_1', 'test_2', 'test_3', 'test_4', 'test_5', 'test_6', 'test_7', 'test_8', 'test_9', 'test_10', 'test_11', 'test_12', 'test_13', 'test_14', 'test_15', 'test_16', 'test_17', 'test_18', 'test_19', 'test_20']
[feynman override] head_length=48 (keep n_genes=3, avgval linker)
Selected problem: I_12_2
  Description : Feynman I-III I.12.2: F = q1*q2*r/(4*pi*epsilon*r**3)
  Variables   : ['q1', 'q2', 'epsilon', 'r']
  Train range : {'q1': (1.0, 5.0), 'q2': (1.0, 5.0), 'epsilon': (1.0, 5.0), 'r': (1.0, 5.0)}
  Extrap range: {'q1': (1.0, 7.5), 'q2': (1.0, 7.5), 'epsilon': (1.0, 7.5), 'r': (1.0, 7.5)}
  Truth       : q1*q2*r/(4*pi*epsilon*r**3)
  ✓ cache hit  (data/equations/I_12_2, key=0d10d19a1ac5ccc0)
  train           (800, 5)  target range=[0.001381, 0.7684]
  val             (200, 5)  target range=[0.001537, 0.5277]
  holdout         (200, 5)  target range=[0.001837, 0.7218]
  extrapolation   (200, 5)  target range=[0.0003739, 1.179]
  saved figure → data/figures/I_12_2/eda_pairplot.png
Wide primitive set enabled: sin, cos, exp, log added.
[E22 rules] variable pattern tags: {'paired_numbered', 'coulomb_form'}
[E22/23 rules] static candidate count: 5
  [sum_sq_all/sum_sq] a=-0.0007 b=8.8870e-02 1-R²_va=9.9658e-01
  [prefix_sum_sq/q1^2+q2^2] a=0.0032 b=-9.0026e-03 1-R²_va=8.0522e-01
  [coulomb_form/q1/(4*pi*eps*r^2)] a=2.9309 b=1.5166e-03 1-R²_va=1.9482e-01
  [coulomb_form/q1*q2/(4*pi*eps*r^2)] a=1.0000 b=-6.6885e-17 1-R²_va=1.8123e-31
  [harmonic/1/(1/q1+1/q2)] a=0.0737 b=-4.3969e-02 1-R²_va=8.2514e-01
[fuller] gene operators ACTIVE (denoise=0.2 physics=0.2 snap=1.0 concretize=0.05)
Wrapper scope: per_island  (island → wrapper map: ['identity', 'identity'])
[wgpu] process pool disabled — Metal cannot survive fork(); the population is evaluated in one dispatch instead
Genes: head_length=48, n_genes=3, rnc_array_length=10
Population size: 25, tournament: 3, elites: 2, generations: 400, migration FREQ: 30
  pump per-island sizes: intake=500 (tournsize=40), champion=250 (tournsize=25)
Initialising evolution at 2026-09-19 02:02:30.668362
[wgpu] process pool disabled — Metal cannot survive fork(); the population is evaluated in one dispatch instead
 gen  deme   evals     min fitness          mse_tr          mse_va         max_err      mse_extrap  one_minus_r2_tr  one_minus_r2_va
   0     0     500               0   1.6528418e-33  1.21020153e-33  1.11022302e-16  2.66280774e-33  2.26422666e-31  1.81232183e-31
   0     1     250               0   1.6528418e-33  1.21020153e-33  1.11022302e-16  2.66280774e-33  2.26422666e-31  1.81232183e-31
[wgpu] process pool disabled — Metal cannot survive fork(); the population is evaluated in one dispatch instead
Extending evolution: gen 1 → 400 (+400 generations)
Context leak detected, CoreAnalytics returned false
Context leak detected, CoreAnalytics returned false
Context leak detected, CoreAnalytics returned false
Context leak detected, CoreAnalytics returned false
Context leak detected, CoreAnalytics returned false
Context leak detected, CoreAnalytics returned false
Context leak detected, CoreAnalytics returned false
Context leak detected, CoreAnalytics returned false
Context leak detected, CoreAnalytics returned false
Context leak detected, CoreAnalytics returned false
Context leak detected, CoreAnalytics returned false
   1     0     500               0   1.6528418e-33  1.21020153e-33  1.11022302e-16  2.66280774e-33  2.26422666e-31  1.81232183e-31
Context leak detected, CoreAnalytics returned false
/Users/andrewmorgan/Dev/gamakon/hff/notebooks/_snap_op.py:147: RuntimeWarning: overflow encountered in square
  return 1.0 - float(np.mean((y - p) ** 2)) / var
Context leak detected, CoreAnalytics returned false
Context leak detected, CoreAnalytics returned false
/Users/andrewmorgan/Dev/gamakon/hff/notebooks/_snap_op.py:147: RuntimeWarning: overflow encountered in square
  return 1.0 - float(np.mean((y - p) ** 2)) / var
Context leak detected, CoreAnalytics returned false
/Users/andrewmorgan/Dev/gamakon/hff/notebooks/_snap_op.py:147: RuntimeWarning: overflow encountered in square
  return 1.0 - float(np.mean((y - p) ** 2)) / var
Context leak detected, CoreAnalytics returned false
Context leak detected, CoreAnalytics returned false
   1     1     250               0   1.6528418e-33  1.21020153e-33  1.11022302e-16  2.66280774e-33  2.26422666e-31  1.81232183e-31
  early-stop: rule q1*q2/(4*pi*eps*r^2) confirmed on holdout (R²=1.0000000000)

*** Early stop at generation 1: best val_R² = 1.0000000000 ≥ 0.9999999990, holdout_R² = 1.0000000000 confirmed

This sub-run: 2026-09-19 02:02:31.680052 → 2026-09-19 02:02:50.821534
Now at generation 1 (HOF size: 31)
>>> hof[0] won via static RULE: coulomb_form/q1*q2/(4*pi*eps*r^2)
    rule sym_expr: q1*q2/(4*pi*epsilon*r**2)
  HFF-chosen LSM kept: a=1, b=-6.68855e-17
Chromosome wrapper: id=0  →  identity
hof[0] runtime val: mse=1.771e+00  R²=-264.147904
Pre-snap expression (after sympify + LSM compose):
  -6.68854839767431e-17 + 0.25*q1*q2/(pi*epsilon*r**2)

Per-level snap results (before MSE scoring):
  strict      →  q1*q2/(4*pi*epsilon*r**2)
  default     →  q1*q2/(4*pi*epsilon*r**2)
  aggressive  →  q1*q2/(4*pi*epsilon*r**2)

Snap-level comparison (sorted by holdout MSE, lowest first)
------------------------------------------------------------------------------------------
  level       MSE            R²         expression                                        
------------------------------------------------------------------------------------------
★ strict      3.4e-33        1.0000     q1*q2/(4*pi*epsilon*r**2)                         
  default     3.4e-33        1.0000     q1*q2/(4*pi*epsilon*r**2)                         
  aggressive  3.4e-33        1.0000     q1*q2/(4*pi*epsilon*r**2)                         

Winning snap level: 'strict'  →  q1*q2/(4*pi*epsilon*r**2)

Canonical discovered expression: q1*q2/(4*pi*epsilon*r**2)
[38;2;0;50;255m
############################################################ [38;2;255;255;255m
[38;2;0;50;255m Equation Recovery: I_12_2 [38;2;255;255;255m
[38;2;0;50;255m Truth: q1*q2*r/(4*pi*epsilon*r**3) [38;2;255;255;255m
[38;2;0;50;255m [38;2;255;255;255m
[38;2;255;0;255m     Exact recovery     : True [38;2;255;255;255m
[38;2;255;0;255m     Numerical recovery : True (max rel_err 0.00e+00 on 10k samples) [38;2;255;255;255m
[38;2;255;0;255m     Discovered         : q1*q2/(4*pi*epsilon*r**2) [38;2;255;255;255m
[38;2;255;0;255m     LSM (a, b)         : (1, -6.68855e-17) [38;2;255;255;255m
[38;2;0;50;255m
############################################################ [38;2;255;255;255m
In-range holdout : MSE=1.6e-33  MAE=3.051e-17  R²=1.0000
Extrapolation    : MSE=2.657e-33  MAE=3.228e-17  R²=1.0000

Top 10 HOF models (north_pole=truenorth) (★ = Pareto-optimal)
(deduped HOF: 30 unique chromosomes from 31 raw HOF entries)
 ----------------------------------------------------------------------------------------------------------------
       model     wrapper      length   train_mse     val_mse     max_err    train_r2      val_r2 angular_distance
 ----------------------------------------------------------------------------------------------------------------
★          20     log_abs           8      0.0985      0.0929      0.5609    -12.4873    -12.9135      0.0000
            0     log_abs           6      0.1282      0.1247      0.6776    -16.5567    -17.6700      0.0090
           30     log_abs           4      0.4382      0.4044      1.0187    -59.0302    -59.5631      0.0375
           18     log_abs           5      0.7466      0.7454      0.9507   -101.2725   -110.6236      0.0408
           26     log_abs          19      0.5007      0.5141      1.2228    -67.5935    -75.9896      0.0533
           10     log_abs           6      0.5674      0.6004      1.2226    -76.7225    -88.9067      0.0545
           22     log_abs           5      0.6977      0.7180      1.2322    -94.5839   -106.5172      0.0574
            1     log_abs          10      0.7088      0.7383      1.2517    -96.1006   -109.5656      0.0590
            3     log_abs          22      0.6866      0.6327      1.2906    -93.0541    -93.7502      0.0606
           17     log_abs           4      0.7882      0.7306      1.3297   -106.9734   -108.4086      0.0651

Pareto-optimal in top 10: 1    Pareto-optimal in full HOF: 1 / 30
[fuller-stats] {'denoise': {'calls': 142, 'resolved_rnc': 426}, 'physics': {'calls': 141, 'generated': 407, 'swapped_genes': 128, 'rule_E3': 89, 'spec_gated_in': 90, 'swapped_individuals': 95, 'rule_F': 37, 'rule_C1': 1, 'rule_TR10-cos': 1}, 'snap': {'calls': 746, 'candidates_seen': 2223, 'no_baseline': 5}, 'concretize': {'calls': 42}}
<lambdifygenerated-129>:2: RuntimeWarning: invalid value encountered in log
  return 0.147317164136871*log((1/3)*log(r) + (1/3)*sin(2.4516625*r) - 5/3) + 0.0134844112105234 - 1/4*q1*q2/(pi*epsilon*r**2)
[fuller-stats] {'denoise': {'calls': 142, 'resolved_rnc': 426}, 'physics': {'calls': 141, 'generated': 407, 'swapped_genes': 128, 'rule_E3': 89, 'spec_gated_in': 90, 'swapped_individuals': 95, 'rule_F': 37, 'rule_C1': 1, 'rule_TR10-cos': 1}, 'snap': {'calls': 746, 'candidates_seen': 2223, 'no_baseline': 5}, 'concretize': {'calls': 42}}
[fuller-stats] {'denoise': {'calls': 142, 'resolved_rnc': 426}, 'physics': {'calls': 141, 'generated': 407, 'swapped_genes': 128, 'rule_E3': 89, 'spec_gated_in': 90, 'swapped_individuals': 95, 'rule_F': 37, 'rule_C1': 1, 'rule_TR10-cos': 1}, 'snap': {'calls': 746, 'candidates_seen': 2223, 'no_baseline': 5}, 'concretize': {'calls': 42}}
[fuller-stats] {'denoise': {'calls': 142, 'resolved_rnc': 426}, 'physics': {'calls': 141, 'generated': 407, 'swapped_genes': 128, 'rule_E3': 89, 'spec_gated_in': 90, 'swapped_individuals': 95, 'rule_F': 37, 'rule_C1': 1, 'rule_TR10-cos': 1}, 'snap': {'calls': 746, 'candidates_seen': 2223, 'no_baseline': 5}, 'concretize': {'calls': 42}}
[fuller-stats] {'denoise': {'calls': 142, 'resolved_rnc': 426}, 'physics': {'calls': 141, 'generated': 407, 'swapped_genes': 128, 'rule_E3': 89, 'spec_gated_in': 90, 'swapped_individuals': 95, 'rule_F': 37, 'rule_C1': 1, 'rule_TR10-cos': 1}, 'snap': {'calls': 746, 'candidates_seen': 2223, 'no_baseline': 5}, 'concretize': {'calls': 42}}
[fuller-stats] {'denoise': {'calls': 142, 'resolved_rnc': 426}, 'physics': {'calls': 141, 'generated': 407, 'swapped_genes': 128, 'rule_E3': 89, 'spec_gated_in': 90, 'swapped_individuals': 95, 'rule_F': 37, 'rule_C1': 1, 'rule_TR10-cos': 1}, 'snap': {'calls': 746, 'candidates_seen': 2223, 'no_baseline': 5}, 'concretize': {'calls': 42}}
[fuller-stats] {'denoise': {'calls': 142, 'resolved_rnc': 426}, 'physics': {'calls': 141, 'generated': 407, 'swapped_genes': 128, 'rule_E3': 89, 'spec_gated_in': 90, 'swapped_individuals': 95, 'rule_F': 37, 'rule_C1': 1, 'rule_TR10-cos': 1}, 'snap': {'calls': 746, 'candidates_seen': 2223, 'no_baseline': 5}, 'concretize': {'calls': 42}}
[fuller-stats] {'denoise': {'calls': 142, 'resolved_rnc': 426}, 'physics': {'calls': 141, 'generated': 407, 'swapped_genes': 128, 'rule_E3': 89, 'spec_gated_in': 90, 'swapped_individuals': 95, 'rule_F': 37, 'rule_C1': 1, 'rule_TR10-cos': 1}, 'snap': {'calls': 746, 'candidates_seen': 2223, 'no_baseline': 5}, 'concretize': {'calls': 42}}
[fuller-stats] {'denoise': {'calls': 142, 'resolved_rnc': 426}, 'physics': {'calls': 141, 'generated': 407, 'swapped_genes': 128, 'rule_E3': 89, 'spec_gated_in': 90, 'swapped_individuals': 95, 'rule_F': 37, 'rule_C1': 1, 'rule_TR10-cos': 1}, 'snap': {'calls': 746, 'candidates_seen': 2223, 'no_baseline': 5}, 'concretize': {'calls': 42}}
<lambdifygenerated-161>:2: RuntimeWarning: invalid value encountered in sqrt
  return -0.0559705067000261*log((2/3)*epsilon + (1/3)*sqrt(q2 + cos(q2)) + (1/3)*exp(cos(q1 + sqrt(log(r)))) + (1/3)*log(cos(cos(q2))/epsilon)) + 0.105259222658738 - 1/4*q1*q2/(pi*epsilon*r**2)
[fuller-stats] {'denoise': {'calls': 142, 'resolved_rnc': 426}, 'physics': {'calls': 141, 'generated': 407, 'swapped_genes': 128, 'rule_E3': 89, 'spec_gated_in': 90, 'swapped_individuals': 95, 'rule_F': 37, 'rule_C1': 1, 'rule_TR10-cos': 1}, 'snap': {'calls': 746, 'candidates_seen': 2223, 'no_baseline': 5}, 'concretize': {'calls': 42}}
[fuller-stats] {'denoise': {'calls': 142, 'resolved_rnc': 426}, 'physics': {'calls': 141, 'generated': 407, 'swapped_genes': 128, 'rule_E3': 89, 'spec_gated_in': 90, 'swapped_individuals': 95, 'rule_F': 37, 'rule_C1': 1, 'rule_TR10-cos': 1}, 'snap': {'calls': 746, 'candidates_seen': 2223, 'no_baseline': 5}, 'concretize': {'calls': 42}}
[fuller-stats] {'denoise': {'calls': 142, 'resolved_rnc': 426}, 'physics': {'calls': 141, 'generated': 407, 'swapped_genes': 128, 'rule_E3': 89, 'spec_gated_in': 90, 'swapped_individuals': 95, 'rule_F': 37, 'rule_C1': 1, 'rule_TR10-cos': 1}, 'snap': {'calls': 746, 'candidates_seen': 2223, 'no_baseline': 5}, 'concretize': {'calls': 42}}

Recovery sweep across 12/30 unique HOF chromosomes (capped):
  Structural / exact     : 0/12  (0.0%)
  Numerical (≤1e-6 err)  : 0/12  (0.0%)
{
    "date": "2026/09/19",
    "seed": "5",
    "task": "equation_recovery",
    "north_pole_method": "truenorth",
    "hff_include_val": true,
    "problem": "I_12_2",
    "truth_expr": "q1*q2*r/(4*pi*epsilon*r**3)",
    "final_terminal_inputs": [
        "q1",
        "q2",
        "epsilon",
        "r"
    ],
    "wide_primitives": true,
    "head_length": "48",
    "n_genes": "3",
    "rnc_array_length": "10",
    "tournament size": "3",
    "population size": "25",
    "number of elites": "2",
    "number of generations": "400",
    "number of islands": "2",
    "migration FREQ": "30",
    "wrapper_id": 0,
    "wrapper_name": "identity",
    "recovery_exact": true,
    "recovery_numerical": true,
    "recovery_max_rel_err": 0.0,
    "discovered_expr": "q1*q2/(4*pi*epsilon*r**2)",
    "holdout_mse": 1.6003800753111856e-33,
    "holdout_r2": 1.0,
    "extrap_mse": 2.6574232693347287e-33,
    "extrap_r2": 1.0,
    "hof_size": 30,
    "hof_exact_recoveries": 0,
    "hof_numerical_recoveries": 0
}
