/opt/anaconda3/lib/python3.12/site-packages/geppy/__init__.py:26: UserWarning: pkg_resources is deprecated as an API. See https://setuptools.pypa.io/en/latest/pkg_resources.html. The pkg_resources package is slated for removal as early as 2025-11-30. Refrain from using this package or pin to Setuptools<81.
  from pkg_resources import get_distribution, DistributionNotFound
hff library OK (test fitness: (0.1415394733244273,))
registry: ['circle_area', 'gravity', 'coulomb', 'pendulum', 'keplers3', 'ideal_gas', 'I_6_2a', 'I_6_2', 'I_6_2b', 'I_8_14', 'I_9_18', 'I_10_7', 'I_11_19', 'I_12_1', 'I_12_2', 'I_12_4', 'I_12_5', 'I_12_11', 'I_13_4', 'I_13_12', 'I_14_3', 'I_14_4', 'I_15_3x', 'I_15_3t', 'I_15_1', 'I_16_6', 'I_18_4', 'I_18_12', 'I_18_14', 'I_24_6', 'I_25_13', 'I_26_2', 'I_27_6', 'I_29_4', 'I_29_16', 'I_30_3', 'I_30_5', 'I_32_5', 'I_32_17', 'I_34_8', 'I_34_1', 'I_34_14', 'I_34_27', 'I_37_4', 'I_38_12', 'I_39_1', 'I_39_11', 'I_39_22', 'I_40_1', 'I_41_16', 'I_43_16', 'I_43_31', 'I_43_43', 'I_44_4', 'I_47_23', 'I_48_2', 'I_50_26', 'II_2_42', 'II_3_24', 'II_4_23', 'II_6_11', 'II_6_15a', 'II_6_15b', 'II_8_7', 'II_8_31', 'II_10_9', 'II_11_3', 'II_11_17', 'II_11_20', 'II_11_27', 'II_11_28', 'II_13_17', 'II_13_23', 'II_13_34', 'II_15_4', 'II_15_5', 'II_21_32', 'II_24_17', 'II_27_16', 'II_27_18', 'II_34_2a', 'II_34_2', 'II_34_11', 'II_34_29a', 'II_34_29b', 'II_35_18', 'II_35_21', 'II_36_38', 'II_37_1', 'II_38_3', 'II_38_14', 'III_4_32', 'III_4_33', 'III_7_38', 'III_8_54', 'III_9_52', 'III_10_19', 'III_12_43', 'III_13_18', 'III_14_14', 'III_15_12', 'III_15_14', 'III_15_27', 'III_17_37', 'III_19_51', 'III_21_20', 'test_1', 'test_2', 'test_3', 'test_4', 'test_5', 'test_6', 'test_7', 'test_8', 'test_9', 'test_10', 'test_11', 'test_12', 'test_13', 'test_14', 'test_15', 'test_16', 'test_17', 'test_18', 'test_19', 'test_20']
[feynman override] head_length=48 (keep n_genes=3, avgval linker)
Selected problem: I_12_1
  Description : Feynman I-III I.12.1: F = mu*Nn
  Variables   : ['mu', 'Nn']
  Train range : {'mu': (1.0, 5.0), 'Nn': (1.0, 5.0)}
  Extrap range: {'mu': (1.0, 7.5), 'Nn': (1.0, 7.5)}
  Truth       : mu*Nn
  ✓ cache hit  (data/equations/I_12_1, key=f2d2f6a6688a8cc0)
  train           (800, 3)  target range=[1.192, 22.92]
  val             (200, 3)  target range=[1.485, 22.28]
  holdout         (200, 3)  target range=[1.205, 24.22]
  extrapolation   (200, 3)  target range=[1.747, 48.94]
  saved figure → data/figures/I_12_1/eda_pairplot.png
Wide primitive set enabled: sin, cos, exp, log added.
[E22 rules] variable pattern tags: {'no_pattern'}
[E22/23 rules] static candidate count: 1
  [sum_sq_all/sum_sq] a=0.4879 b=-1.0825e+00 1-R²_va=1.2078e-01
[fuller] gene operators ACTIVE (denoise=0.2 physics=0.2 snap=1.0 concretize=0.05)
Wrapper scope: per_island  (island → wrapper map: ['identity', 'identity'])
[wgpu] process pool disabled — Metal cannot survive fork(); the population is evaluated in one dispatch instead
Genes: head_length=48, n_genes=3, rnc_array_length=10
Population size: 25, tournament: 3, elites: 2, generations: 400, migration FREQ: 30
  pump per-island sizes: intake=500 (tournsize=40), champion=250 (tournsize=25)
Initialising evolution at 2026-09-19 02:01:26.560067
[wgpu] process pool disabled — Metal cannot survive fork(); the population is evaluated in one dispatch instead
 gen  deme   evals     min fitness          mse_tr          mse_va         max_err      mse_extrap  one_minus_r2_tr  one_minus_r2_va
   0     0     500  0.000446057815     0.154022705     0.145716601      1.64850992     0.703577193   0.00585316999   0.00659347947
   0     1     250               0     0.108250166     0.114074927     0.928941952      1.14723894    0.0041137222   0.00516173646
[wgpu] process pool disabled — Metal cannot survive fork(); the population is evaluated in one dispatch instead
Extending evolution: gen 1 → 400 (+400 generations)
Context leak detected, CoreAnalytics returned false
Context leak detected, CoreAnalytics returned false
Context leak detected, CoreAnalytics returned false
Context leak detected, CoreAnalytics returned false
Context leak detected, CoreAnalytics returned false
Context leak detected, CoreAnalytics returned false
Context leak detected, CoreAnalytics returned false
Context leak detected, CoreAnalytics returned false
Context leak detected, CoreAnalytics returned false
Context leak detected, CoreAnalytics returned false
Context leak detected, CoreAnalytics returned false
/Users/andrewmorgan/Dev/gamakon/hff/notebooks/v1.0.4_Multidemic_SymbolicEquationRecovery.py:1829: RuntimeWarning: overflow encountered in square
  mse_extrap = float(np.mean((Y_extrap - pred_extr) ** 2))
   1     0     500               0  2.49757634e-13  2.07446457e-13  1.64227074e-06  7.21985908e-13   9.4912882e-15  9.38667213e-15
Context leak detected, CoreAnalytics returned false
Context leak detected, CoreAnalytics returned false
Context leak detected, CoreAnalytics returned false
Context leak detected, CoreAnalytics returned false
Context leak detected, CoreAnalytics returned false
   1     1     250               0     0.108250166     0.114074927     0.928941952      1.14723894    0.0041137222   0.00516173646

*** Early stop at generation 1: best val_R² = 1.0000000000 ≥ 0.9999999990, holdout_R² = 1.0000000000 confirmed

This sub-run: 2026-09-19 02:01:27.553524 → 2026-09-19 02:01:47.851458
Now at generation 1 (HOF size: 31)
  HFF-chosen LSM kept: a=1.5, b=-1.125
Chromosome wrapper: id=0  →  identity
hof[0] runtime val: mse=2.074e-13  R²=1.000000
Pre-snap expression (after sympify + LSM compose):
  1.00000000559421*Nn*mu - 2.3396375503637e-8

Per-level snap results (before MSE scoring):
  strict      →  1.00000000559421*Nn*mu
  default     →  1.00000000559421*Nn*mu
  aggressive  →  0.75*pi**(1/4)*Nn*mu

Snap-level comparison (sorted by holdout MSE, lowest first)
------------------------------------------------------------------------------------------
  level       MSE            R²         expression                                        
------------------------------------------------------------------------------------------
★ strict      3.176e-15      1.0000     1.00000000559421*Nn*mu                            
  default     3.176e-15      1.0000     1.00000000559421*Nn*mu                            
  aggressive  0.0002279      1.0000     0.75*pi**(1/4)*Nn*mu                              

Winning snap level: 'strict'  →  1.00000000559421*Nn*mu

Canonical discovered expression: 1.00000000559421*Nn*mu
[38;2;0;50;255m
############################################################ [38;2;255;255;255m
[38;2;0;50;255m Equation Recovery: I_12_1 [38;2;255;255;255m
[38;2;0;50;255m Truth: mu*Nn [38;2;255;255;255m
[38;2;0;50;255m [38;2;255;255;255m
[38;2;255;0;255m     Exact recovery     : False [38;2;255;255;255m
[38;2;255;0;255m     Numerical recovery : True (max rel_err 5.59e-09 on 10k samples) [38;2;255;255;255m
[38;2;255;0;255m     Discovered         : 1.00000000559421*Nn*mu [38;2;255;255;255m
[38;2;255;0;255m     LSM (a, b)         : (1.5, -1.125) [38;2;255;255;255m
[38;2;0;50;255m
############################################################ [38;2;255;255;255m
In-range holdout : MSE=2.276e-13  MAE=3.316e-07  R²=1.0000
Extrapolation    : MSE=7.22e-13  MAE=5.924e-07  R²=1.0000

Top 10 HOF models (north_pole=truenorth) (★ = Pareto-optimal)
(deduped HOF: 27 unique chromosomes from 31 raw HOF entries)
 ----------------------------------------------------------------------------------------------------------------
       model     wrapper      length   train_mse     val_mse     max_err    train_r2      val_r2 angular_distance
 ----------------------------------------------------------------------------------------------------------------
★           0    identity          12      0.0000      0.0000      0.0000      1.0000      1.0000      0.0000
            4     log_abs          28      0.0275      0.0276      0.4397      0.9990      0.9988      0.2704
            5     log_abs          37      0.0299      0.0344      0.5728      0.9989      0.9984      0.3272
            1    identity           7      0.0349      0.0370      0.5243      0.9987      0.9983      0.3466
           11     log_abs          37      0.0448      0.0420      0.7446      0.9983      0.9981      0.4364
            7     log_abs          40      0.0432      0.0489      0.7662      0.9984      0.9978      0.4614
           12     log_abs          36      0.0482      0.0495      0.6762      0.9982      0.9978      0.4675
           14     log_abs          39      0.0550      0.0543      0.7265      0.9979      0.9975      0.5194
           13     log_abs          43      0.0544      0.0575      0.6894      0.9979      0.9974      0.5255
           17     log_abs          52      0.0561      0.0570      0.7478      0.9979      0.9974      0.5377

Pareto-optimal in top 10: 1    Pareto-optimal in full HOF: 1 / 27
[fuller-stats] {'denoise': {'calls': 151, 'resolved_rnc': 453}, 'physics': {'calls': 152, 'generated': 291, 'swapped_genes': 92, 'rule_E3': 82, 'spec_gated_in': 82, 'swapped_individuals': 73, 'rule_F': 9, 'rule_TR10-cos': 1}, 'snap': {'calls': 746, 'candidates_seen': 2208, 'no_baseline': 10}, 'concretize': {'calls': 28}}
[fuller-stats] {'denoise': {'calls': 151, 'resolved_rnc': 453}, 'physics': {'calls': 152, 'generated': 291, 'swapped_genes': 92, 'rule_E3': 82, 'spec_gated_in': 82, 'swapped_individuals': 73, 'rule_F': 9, 'rule_TR10-cos': 1}, 'snap': {'calls': 746, 'candidates_seen': 2208, 'no_baseline': 10}, 'concretize': {'calls': 28}}
<lambdifygenerated-135>:2: RuntimeWarning: invalid value encountered in sqrt
  return -Nn*mu + 2.09900690277279*log(Nn + mu + sqrt(exp(Nn*mu) - 2) + log(mu) - 2 + sin(mu)/(Nn*mu)) - 2.09900690277279*log(3) + 1.55519858266826
[fuller-stats] {'denoise': {'calls': 151, 'resolved_rnc': 453}, 'physics': {'calls': 152, 'generated': 291, 'swapped_genes': 92, 'rule_E3': 82, 'spec_gated_in': 82, 'swapped_individuals': 73, 'rule_F': 9, 'rule_TR10-cos': 1}, 'snap': {'calls': 746, 'candidates_seen': 2208, 'no_baseline': 10}, 'concretize': {'calls': 28}}
<lambdifygenerated-139>:2: RuntimeWarning: invalid value encountered in log
  return -Nn*mu + 1.91935092967469*log((1/3)*Nn + (1/3)*mu - 1/3*sqrt(2)*exp((1/2)*Nn*mu) + (1/3)*log(mu) + (1/3)*log(cos(Nn - exp(sin(sqrt(mu))) - sin(Nn) + 8)) - 2/3) + 2.03393310678783
[fuller-stats] {'denoise': {'calls': 151, 'resolved_rnc': 453}, 'physics': {'calls': 152, 'generated': 291, 'swapped_genes': 92, 'rule_E3': 82, 'spec_gated_in': 82, 'swapped_individuals': 73, 'rule_F': 9, 'rule_TR10-cos': 1}, 'snap': {'calls': 746, 'candidates_seen': 2208, 'no_baseline': 10}, 'concretize': {'calls': 28}}
[fuller-stats] {'denoise': {'calls': 151, 'resolved_rnc': 453}, 'physics': {'calls': 152, 'generated': 291, 'swapped_genes': 92, 'rule_E3': 82, 'spec_gated_in': 82, 'swapped_individuals': 73, 'rule_F': 9, 'rule_TR10-cos': 1}, 'snap': {'calls': 746, 'candidates_seen': 2208, 'no_baseline': 10}, 'concretize': {'calls': 28}}
<lambdifygenerated-149>:2: RuntimeWarning: invalid value encountered in log
  return -Nn*mu + 1.92232065980447*log((1/3)*Nn + (1/3)*mu - 1/3*sqrt(2)*exp((1/2)*Nn*mu) + (1/3)*log(mu) + (1/3)*log(cos(Nn - exp(sin(log(mu))) - sin(Nn) + 8)) - 2/3) + 0.638659913562117*pi
[fuller-stats] {'denoise': {'calls': 151, 'resolved_rnc': 453}, 'physics': {'calls': 152, 'generated': 291, 'swapped_genes': 92, 'rule_E3': 82, 'spec_gated_in': 82, 'swapped_individuals': 73, 'rule_F': 9, 'rule_TR10-cos': 1}, 'snap': {'calls': 746, 'candidates_seen': 2208, 'no_baseline': 10}, 'concretize': {'calls': 28}}
<lambdifygenerated-153>:2: RuntimeWarning: invalid value encountered in sqrt
  return -Nn*mu + 1.92232065980447*log((1/3)*Nn + (1/3)*mu - 1/3*sqrt(exp(Nn*mu) - 2) + (1/3)*log(mu)*cos(mu) + (1/3)*log(cos(Nn - exp(sin(log(mu))) - sin(Nn) + 8)) - 2/3) + 2*pi**(1/4)
<lambdifygenerated-153>:2: RuntimeWarning: invalid value encountered in log
  return -Nn*mu + 1.92232065980447*log((1/3)*Nn + (1/3)*mu - 1/3*sqrt(exp(Nn*mu) - 2) + (1/3)*log(mu)*cos(mu) + (1/3)*log(cos(Nn - exp(sin(log(mu))) - sin(Nn) + 8)) - 2/3) + 2*pi**(1/4)
[fuller-stats] {'denoise': {'calls': 151, 'resolved_rnc': 453}, 'physics': {'calls': 152, 'generated': 291, 'swapped_genes': 92, 'rule_E3': 82, 'spec_gated_in': 82, 'swapped_individuals': 73, 'rule_F': 9, 'rule_TR10-cos': 1}, 'snap': {'calls': 746, 'candidates_seen': 2208, 'no_baseline': 10}, 'concretize': {'calls': 28}}
<lambdifygenerated-157>:2: RuntimeWarning: invalid value encountered in sqrt
  return -Nn*mu + 1.89830163188757*log((1/3)*Nn + (1/3)*mu - 1/3*sqrt(exp(Nn*mu) - 2) + (1/3)*log(mu) + (1/3)*log(cos(Nn - log(Nn) - sin(sin(Nn)) + 8)) - 2/3) + 2.83879651982401
<lambdifygenerated-157>:2: RuntimeWarning: invalid value encountered in log
  return -Nn*mu + 1.89830163188757*log((1/3)*Nn + (1/3)*mu - 1/3*sqrt(exp(Nn*mu) - 2) + (1/3)*log(mu) + (1/3)*log(cos(Nn - log(Nn) - sin(sin(Nn)) + 8)) - 2/3) + 2.83879651982401
[fuller-stats] {'denoise': {'calls': 151, 'resolved_rnc': 453}, 'physics': {'calls': 152, 'generated': 291, 'swapped_genes': 92, 'rule_E3': 82, 'spec_gated_in': 82, 'swapped_individuals': 73, 'rule_F': 9, 'rule_TR10-cos': 1}, 'snap': {'calls': 746, 'candidates_seen': 2208, 'no_baseline': 10}, 'concretize': {'calls': 28}}
<lambdifygenerated-161>:2: RuntimeWarning: invalid value encountered in sqrt
  return -Nn*mu + 1.90575184584395*log((1/3)*Nn + (1/3)*mu - 1/3*sqrt(exp(Nn*mu) - 2) + (1/3)*log(mu)*cos(mu) + (1/3)*log(cos(Nn - exp(sin(log(Nn))) - 2*sin(Nn) + 8)) - 2/3) + 2.76139541675239
<lambdifygenerated-161>:2: RuntimeWarning: invalid value encountered in log
  return -Nn*mu + 1.90575184584395*log((1/3)*Nn + (1/3)*mu - 1/3*sqrt(exp(Nn*mu) - 2) + (1/3)*log(mu)*cos(mu) + (1/3)*log(cos(Nn - exp(sin(log(Nn))) - 2*sin(Nn) + 8)) - 2/3) + 2.76139541675239
[fuller-stats] {'denoise': {'calls': 151, 'resolved_rnc': 453}, 'physics': {'calls': 152, 'generated': 291, 'swapped_genes': 92, 'rule_E3': 82, 'spec_gated_in': 82, 'swapped_individuals': 73, 'rule_F': 9, 'rule_TR10-cos': 1}, 'snap': {'calls': 746, 'candidates_seen': 2208, 'no_baseline': 10}, 'concretize': {'calls': 28}}
<lambdifygenerated-165>:2: RuntimeWarning: invalid value encountered in sqrt
  return -1.0*Nn*mu + 1.92232065980447*log(Nn + mu - sqrt(exp(Nn*mu) - 2) + log(cos(Nn + 7.72058450180107)) + log(cos(Nn - exp(sin(log(mu))) - sin(Nn) + 8)) - 2) - 1.92232065980447*log(3) + 2.0*pi**(1/4)
<lambdifygenerated-165>:2: RuntimeWarning: invalid value encountered in log
  return -1.0*Nn*mu + 1.92232065980447*log(Nn + mu - sqrt(exp(Nn*mu) - 2) + log(cos(Nn + 7.72058450180107)) + log(cos(Nn - exp(sin(log(mu))) - sin(Nn) + 8)) - 2) - 1.92232065980447*log(3) + 2.0*pi**(1/4)
[fuller-stats] {'denoise': {'calls': 151, 'resolved_rnc': 453}, 'physics': {'calls': 152, 'generated': 291, 'swapped_genes': 92, 'rule_E3': 82, 'spec_gated_in': 82, 'swapped_individuals': 73, 'rule_F': 9, 'rule_TR10-cos': 1}, 'snap': {'calls': 746, 'candidates_seen': 2208, 'no_baseline': 10}, 'concretize': {'calls': 28}}
<lambdifygenerated-169>:2: RuntimeWarning: invalid value encountered in sqrt
  return -Nn*mu + 1.91015949514657*log((1/3)*Nn + (1/3)*mu - 1/3*sqrt(exp(Nn*mu) - 2) + (1/3)*log(cos(Nn/(exp(sin(log(mu))) + sin(Nn) - 8))) + (1/3)*log(cos(Nn - exp(sin(log(mu))) - sin(Nn) + 8)) - 2/3) + 2.74678099250104
<lambdifygenerated-169>:2: RuntimeWarning: invalid value encountered in log
  return -Nn*mu + 1.91015949514657*log((1/3)*Nn + (1/3)*mu - 1/3*sqrt(exp(Nn*mu) - 2) + (1/3)*log(cos(Nn/(exp(sin(log(mu))) + sin(Nn) - 8))) + (1/3)*log(cos(Nn - exp(sin(log(mu))) - sin(Nn) + 8)) - 2/3) + 2.74678099250104
[fuller-stats] {'denoise': {'calls': 151, 'resolved_rnc': 453}, 'physics': {'calls': 152, 'generated': 291, 'swapped_genes': 92, 'rule_E3': 82, 'spec_gated_in': 82, 'swapped_individuals': 73, 'rule_F': 9, 'rule_TR10-cos': 1}, 'snap': {'calls': 746, 'candidates_seen': 2208, 'no_baseline': 10}, 'concretize': {'calls': 28}}
<lambdifygenerated-173>:2: RuntimeWarning: invalid value encountered in sqrt
  return -Nn*mu + 1.9065455320632*log((1/3)*Nn + (1/3)*mu - 1/3*sqrt(exp(Nn*mu) - 2) + (1/3)*log(cos(Nn - exp(sin(log(mu))) - sin(Nn) + 8)) - 2/3) + 2.77148753933333
<lambdifygenerated-173>:2: RuntimeWarning: invalid value encountered in log
  return -Nn*mu + 1.9065455320632*log((1/3)*Nn + (1/3)*mu - 1/3*sqrt(exp(Nn*mu) - 2) + (1/3)*log(cos(Nn - exp(sin(log(mu))) - sin(Nn) + 8)) - 2/3) + 2.77148753933333
[fuller-stats] {'denoise': {'calls': 151, 'resolved_rnc': 453}, 'physics': {'calls': 152, 'generated': 291, 'swapped_genes': 92, 'rule_E3': 82, 'spec_gated_in': 82, 'swapped_individuals': 73, 'rule_F': 9, 'rule_TR10-cos': 1}, 'snap': {'calls': 746, 'candidates_seen': 2208, 'no_baseline': 10}, 'concretize': {'calls': 28}}
<lambdifygenerated-177>:2: RuntimeWarning: invalid value encountered in sqrt
  return -Nn*mu + 1.92232065980447*log((1/3)*Nn + (1/3)*mu - 1/3*sqrt(exp(Nn*mu) - 2) + (1/3)*log(cos(Nn - exp(sin(log(mu))) - sin(Nn) + 8)) + (1/3)*log(cos(-Nn + exp(sin(log(Nn))) + sin(Nn) + sin(mu) - 8)) - 2/3) + 2*pi**(1/4)
<lambdifygenerated-177>:2: RuntimeWarning: invalid value encountered in log
  return -Nn*mu + 1.92232065980447*log((1/3)*Nn + (1/3)*mu - 1/3*sqrt(exp(Nn*mu) - 2) + (1/3)*log(cos(Nn - exp(sin(log(mu))) - sin(Nn) + 8)) + (1/3)*log(cos(-Nn + exp(sin(log(Nn))) + sin(Nn) + sin(mu) - 8)) - 2/3) + 2*pi**(1/4)

Recovery sweep across 12/27 unique HOF chromosomes (capped):
  Structural / exact     : 0/12  (0.0%)
  Numerical (≤1e-6 err)  : 1/12  (8.3%)
{
    "date": "2026/09/19",
    "seed": "5",
    "task": "equation_recovery",
    "north_pole_method": "truenorth",
    "hff_include_val": true,
    "problem": "I_12_1",
    "truth_expr": "mu*Nn",
    "final_terminal_inputs": [
        "mu",
        "Nn"
    ],
    "wide_primitives": true,
    "head_length": "48",
    "n_genes": "3",
    "rnc_array_length": "10",
    "tournament size": "3",
    "population size": "25",
    "number of elites": "2",
    "number of generations": "400",
    "number of islands": "2",
    "migration FREQ": "30",
    "wrapper_id": 0,
    "wrapper_name": "identity",
    "recovery_exact": false,
    "recovery_numerical": true,
    "recovery_max_rel_err": 5.594210248692994e-09,
    "discovered_expr": "1.00000000559421*Nn*mu",
    "holdout_mse": 2.276173014154541e-13,
    "holdout_r2": 0.9999999999999911,
    "extrap_mse": 7.219859075013235e-13,
    "extrap_r2": 0.9999999999999947,
    "hof_size": 27,
    "hof_exact_recoveries": 0,
    "hof_numerical_recoveries": 1
}
