/opt/anaconda3/lib/python3.12/site-packages/geppy/__init__.py:26: UserWarning: pkg_resources is deprecated as an API. See https://setuptools.pypa.io/en/latest/pkg_resources.html. The pkg_resources package is slated for removal as early as 2025-11-30. Refrain from using this package or pin to Setuptools<81.
  from pkg_resources import get_distribution, DistributionNotFound
hff library OK (test fitness: (0.1415394733244273,))
registry: ['circle_area', 'gravity', 'coulomb', 'pendulum', 'keplers3', 'ideal_gas', 'I_6_2a', 'I_6_2', 'I_6_2b', 'I_8_14', 'I_9_18', 'I_10_7', 'I_11_19', 'I_12_1', 'I_12_2', 'I_12_4', 'I_12_5', 'I_12_11', 'I_13_4', 'I_13_12', 'I_14_3', 'I_14_4', 'I_15_3x', 'I_15_3t', 'I_15_1', 'I_16_6', 'I_18_4', 'I_18_12', 'I_18_14', 'I_24_6', 'I_25_13', 'I_26_2', 'I_27_6', 'I_29_4', 'I_29_16', 'I_30_3', 'I_30_5', 'I_32_5', 'I_32_17', 'I_34_8', 'I_34_1', 'I_34_14', 'I_34_27', 'I_37_4', 'I_38_12', 'I_39_1', 'I_39_11', 'I_39_22', 'I_40_1', 'I_41_16', 'I_43_16', 'I_43_31', 'I_43_43', 'I_44_4', 'I_47_23', 'I_48_2', 'I_50_26', 'II_2_42', 'II_3_24', 'II_4_23', 'II_6_11', 'II_6_15a', 'II_6_15b', 'II_8_7', 'II_8_31', 'II_10_9', 'II_11_3', 'II_11_17', 'II_11_20', 'II_11_27', 'II_11_28', 'II_13_17', 'II_13_23', 'II_13_34', 'II_15_4', 'II_15_5', 'II_21_32', 'II_24_17', 'II_27_16', 'II_27_18', 'II_34_2a', 'II_34_2', 'II_34_11', 'II_34_29a', 'II_34_29b', 'II_35_18', 'II_35_21', 'II_36_38', 'II_37_1', 'II_38_3', 'II_38_14', 'III_4_32', 'III_4_33', 'III_7_38', 'III_8_54', 'III_9_52', 'III_10_19', 'III_12_43', 'III_13_18', 'III_14_14', 'III_15_12', 'III_15_14', 'III_15_27', 'III_17_37', 'III_19_51', 'III_21_20', 'test_1', 'test_2', 'test_3', 'test_4', 'test_5', 'test_6', 'test_7', 'test_8', 'test_9', 'test_10', 'test_11', 'test_12', 'test_13', 'test_14', 'test_15', 'test_16', 'test_17', 'test_18', 'test_19', 'test_20']
[feynman override] head_length=48 (keep n_genes=3, avgval linker)
Selected problem: I_14_4
  Description : Feynman I-III I.14.4: U = 1/2*k_spring*x**2
  Variables   : ['k_spring', 'x']
  Train range : {'k_spring': (1.0, 5.0), 'x': (1.0, 5.0)}
  Extrap range: {'k_spring': (1.0, 7.5), 'x': (1.0, 7.5)}
  Truth       : 1/2*k_spring*x**2
  ✓ cache hit  (data/equations/I_14_4, key=0798cb9061b9b618)
  train           (800, 3)  target range=[0.6414, 55.44]
  val             (200, 3)  target range=[0.8347, 51.87]
  holdout         (200, 3)  target range=[0.6474, 60.28]
  extrapolation   (200, 3)  target range=[0.9786, 171.6]
  saved figure → data/figures/I_14_4/eda_pairplot.png
Wide primitive set enabled: sin, cos, exp, log added.
[E22 rules] variable pattern tags: {'no_pattern'}
[E22/23 rules] static candidate count: 1
  [sum_sq_all/sum_sq] a=1.1685 b=-8.7475e+00 1-R²_va=2.3459e-01
[fuller] denoise + snap IN THE JOIN (every gene, every generation, K=8); mutation operators: physics=0.2 concretize=0.05
Wrapper scope: per_island  (island → wrapper map: ['identity', 'identity'])
[wgpu] process pool disabled — Metal cannot survive fork(); the population is evaluated in one dispatch instead
Genes: head_length=48, n_genes=3, rnc_array_length=10
Population: (per-island, see below), elites: 2, generations: 400, migration FREQ: 30
  pump per-island sizes: intake=100 (tournsize=8), champion=50 (tournsize=5)
Initialising evolution at 2026-09-19 03:40:17.238662
 gen  deme   evals     min fitness          mse_tr          mse_va         max_err      mse_extrap  one_minus_r2_tr  one_minus_r2_va
   0     0     100               0      11.7534628      11.1489256      9.19167795      147.889415    0.0703121556    0.0804548219
   0     1      50               0  8.48492319e-30  4.24783109e-30  7.10542736e-15  5.74298751e-29  5.07589335e-32  3.06539398e-32
          wgpu 1d 362g 324c x3w 9ms | egraph 192g->174v+0snap 63ms | graft 81 (-264n, 0 snap) cpu 0 | f64 17 | gen 0.0s | dropped inexpr 8 oversz 0 unbuild 0 {}
Extending evolution: gen 1 → 400 (+400 generations)
   1     0     100               0      11.7534628      11.1489256      9.19167795      147.889415    0.0703121556    0.0804548219
   1     1      50               0  8.48492319e-30  4.24783109e-30  7.10542736e-15  5.74298751e-29  5.07589335e-32  3.06539398e-32
          wgpu 1d 134g 229c x3w 3ms | egraph 71g->83v+0snap 14ms | graft 38 (-143n, 0 snap) cpu 0 | f64 24 | gen 0.2s | dropped inexpr 11 oversz 0 unbuild 0 {}

*** Early stop at generation 1: best val_R² = 1.0000000000 ≥ 0.9999999990, holdout_R² = 1.0000000000 confirmed

This sub-run: 2026-09-19 03:40:17.427970 → 2026-09-19 03:40:17.602057
Now at generation 1 (HOF size: 31)
[join] 2 dispatches, 496 genes, 1,659 candidates scored in 0.01s GPU+host; e-graph 263 trees -> 257 variants + 0 snaps in 0.08s; 119 grafts (0 snap), 407 nodes removed; cpu-path individuals 0, f64-rejected 0
[join]   inexpressible:     18  no pset token for semantic id "pow" with arity 2
[join]   inexpressible:      1  no pset token for semantic id "div" with arity 2
  HFF-chosen LSM kept: a=1.14851, b=-2.67986
Chromosome wrapper: id=0  →  identity
hof[0] runtime val: mse=4.248e-30  R²=1.000000
Pre-snap expression (after sympify + LSM compose):
  0.5*k_spring*x**2 + 4.44089209850063e-16

Per-level snap results (before MSE scoring):
  strict      →  k_spring*x**2/2
  default     →  k_spring*x**2/2
  aggressive  →  k_spring*x**2/2

Snap-level comparison (sorted by holdout MSE, lowest first)
------------------------------------------------------------------------------------------
  level       MSE            R²         expression                                        
------------------------------------------------------------------------------------------
★ strict      2.187e-30      1.0000     k_spring*x**2/2                                   
  default     2.187e-30      1.0000     k_spring*x**2/2                                   
  aggressive  2.187e-30      1.0000     k_spring*x**2/2                                   

Winning snap level: 'strict'  →  k_spring*x**2/2

Canonical discovered expression: k_spring*x**2/2
[38;2;0;50;255m
############################################################ [38;2;255;255;255m
[38;2;0;50;255m Equation Recovery: I_14_4 [38;2;255;255;255m
[38;2;0;50;255m Truth: 1/2*k_spring*x**2 [38;2;255;255;255m
[38;2;0;50;255m [38;2;255;255;255m
[38;2;255;0;255m     Exact recovery     : True [38;2;255;255;255m
[38;2;255;0;255m     Numerical recovery : True (max rel_err 0.00e+00 on 10k samples) [38;2;255;255;255m
[38;2;255;0;255m     Discovered         : k_spring*x**2/2 [38;2;255;255;255m
[38;2;255;0;255m     LSM (a, b)         : (1.14851, -2.67986) [38;2;255;255;255m
[38;2;0;50;255m
############################################################ [38;2;255;255;255m
In-range holdout : MSE=6.934e-30  MAE=1.564e-15  R²=1.0000
Extrapolation    : MSE=5.743e-29  MAE=4.043e-15  R²=1.0000

Top 10 HOF models (north_pole=truenorth) (★ = Pareto-optimal)
(deduped HOF: 28 unique chromosomes from 31 raw HOF entries)
 ----------------------------------------------------------------------------------------------------------------
       model     wrapper      length   train_mse     val_mse     max_err    train_r2      val_r2 angular_distance
 ----------------------------------------------------------------------------------------------------------------
★           0    identity           9      0.0000      0.0000      0.0000      1.0000      1.0000      0.0000
            1    identity           9      0.0000      0.0000      0.0000      1.0000      1.0000      0.0000
            2    identity           9      0.0000      0.0000      0.0000      1.0000      1.0000      0.0000
            3    identity           9      0.0000      0.0000      0.0000      1.0000      1.0000      0.0000
            9    identity          10      0.0137      0.0149      0.2523      0.9999      0.9999      0.0121
           10    identity          17      0.0865      0.0866      0.7835      0.9995      0.9994      0.0378
           11    identity           9      0.1493      0.1620      0.8795      0.9991      0.9988      0.0428
            6    identity          13      0.3991      0.3681      1.2761      0.9976      0.9973      0.0640
           14    identity          13      0.6489      0.6765      2.3162      0.9961      0.9951      0.1158
           15    identity           9      0.5068      0.4982      2.3693      0.9970      0.9964      0.1163

Pareto-optimal in top 10: 1    Pareto-optimal in full HOF: 1 / 28

Recovery sweep across 12/28 unique HOF chromosomes (capped):
  Structural / exact     : 4/12  (33.3%)
  Numerical (≤1e-6 err)  : 4/12  (33.3%)
{
    "date": "2026/09/19",
    "seed": "5",
    "task": "equation_recovery",
    "north_pole_method": "truenorth",
    "hff_include_val": true,
    "problem": "I_14_4",
    "truth_expr": "1/2*k_spring*x**2",
    "final_terminal_inputs": [
        "k_spring",
        "x"
    ],
    "wide_primitives": true,
    "head_length": "48",
    "n_genes": "3",
    "rnc_array_length": "10",
    "tournament size": "intake=8, champion=5",
    "population size": "150",
    "population per island": "intake=100, champion=50",
    "gpu_join": true,
    "eclass_k": 8,
    "number of elites": "2",
    "number of generations": "400",
    "number of islands": "2",
    "migration FREQ": "30",
    "wrapper_id": 0,
    "wrapper_name": "identity",
    "recovery_exact": true,
    "recovery_numerical": true,
    "recovery_max_rel_err": 0.0,
    "discovered_expr": "k_spring*x**2/2",
    "holdout_mse": 6.934457135442017e-30,
    "holdout_r2": 1.0,
    "extrap_mse": 5.742987508694653e-29,
    "extrap_r2": 1.0,
    "hof_size": 28,
    "hof_exact_recoveries": 4,
    "hof_numerical_recoveries": 4
}
