/opt/anaconda3/lib/python3.12/site-packages/geppy/__init__.py:26: UserWarning: pkg_resources is deprecated as an API. See https://setuptools.pypa.io/en/latest/pkg_resources.html. The pkg_resources package is slated for removal as early as 2025-11-30. Refrain from using this package or pin to Setuptools<81.
  from pkg_resources import get_distribution, DistributionNotFound
hff library OK (test fitness: (0.1415394733244273,))
registry: ['circle_area', 'gravity', 'coulomb', 'pendulum', 'keplers3', 'ideal_gas', 'I_6_2a', 'I_6_2', 'I_6_2b', 'I_8_14', 'I_9_18', 'I_10_7', 'I_11_19', 'I_12_1', 'I_12_2', 'I_12_4', 'I_12_5', 'I_12_11', 'I_13_4', 'I_13_12', 'I_14_3', 'I_14_4', 'I_15_3x', 'I_15_3t', 'I_15_1', 'I_16_6', 'I_18_4', 'I_18_12', 'I_18_14', 'I_24_6', 'I_25_13', 'I_26_2', 'I_27_6', 'I_29_4', 'I_29_16', 'I_30_3', 'I_30_5', 'I_32_5', 'I_32_17', 'I_34_8', 'I_34_1', 'I_34_14', 'I_34_27', 'I_37_4', 'I_38_12', 'I_39_1', 'I_39_11', 'I_39_22', 'I_40_1', 'I_41_16', 'I_43_16', 'I_43_31', 'I_43_43', 'I_44_4', 'I_47_23', 'I_48_2', 'I_50_26', 'II_2_42', 'II_3_24', 'II_4_23', 'II_6_11', 'II_6_15a', 'II_6_15b', 'II_8_7', 'II_8_31', 'II_10_9', 'II_11_3', 'II_11_17', 'II_11_20', 'II_11_27', 'II_11_28', 'II_13_17', 'II_13_23', 'II_13_34', 'II_15_4', 'II_15_5', 'II_21_32', 'II_24_17', 'II_27_16', 'II_27_18', 'II_34_2a', 'II_34_2', 'II_34_11', 'II_34_29a', 'II_34_29b', 'II_35_18', 'II_35_21', 'II_36_38', 'II_37_1', 'II_38_3', 'II_38_14', 'III_4_32', 'III_4_33', 'III_7_38', 'III_8_54', 'III_9_52', 'III_10_19', 'III_12_43', 'III_13_18', 'III_14_14', 'III_15_12', 'III_15_14', 'III_15_27', 'III_17_37', 'III_19_51', 'III_21_20', 'test_1', 'test_2', 'test_3', 'test_4', 'test_5', 'test_6', 'test_7', 'test_8', 'test_9', 'test_10', 'test_11', 'test_12', 'test_13', 'test_14', 'test_15', 'test_16', 'test_17', 'test_18', 'test_19', 'test_20']
[feynman override] head_length=48 (keep n_genes=3, avgval linker)
Selected problem: I_18_4
  Description : Feynman I-III I.18.4: r = (m1*r1+m2*r2)/(m1+m2)
  Variables   : ['m1', 'm2', 'r1', 'r2']
  Train range : {'m1': (1.0, 5.0), 'm2': (1.0, 5.0), 'r1': (1.0, 5.0), 'r2': (1.0, 5.0)}
  Extrap range: {'m1': (1.0, 7.5), 'm2': (1.0, 7.5), 'r1': (1.0, 7.5), 'r2': (1.0, 7.5)}
  Truth       : (m1*r1+m2*r2)/(m1+m2)
  ✓ cache hit  (data/equations/I_18_4, key=fdd19faf87ce2df8)
  train           (800, 5)  target range=[1.054, 4.903]
  val             (200, 5)  target range=[1.28, 4.584]
  holdout         (200, 5)  target range=[1.006, 4.79]
  extrapolation   (200, 5)  target range=[1.017, 7.114]
  saved figure → data/figures/I_18_4/eda_pairplot.png
Wide primitive set enabled: sin, cos, exp, log added.
[E22 rules] variable pattern tags: {'paired_numbered'}
[E22/23 rules] static candidate count: 8
  [sum_sq_all/sum_sq] a=0.0401 b=1.2922e+00 1-R²_va=5.8828e-01
  [prefix_sum_sq/m1^2+m2^2] a=-0.0009 b=2.9540e+00 1-R²_va=1.0012e+00
  [prefix_sum_sq/r1^2+r2^2] a=0.0811 b=1.3164e+00 1-R²_va=1.1668e-01
  [harmonic/1/(1/m1+1/m2)] a=0.0054 b=2.9280e+00 1-R²_va=1.0012e+00
  [harmonic/1/(1/r1+1/r2)] a=1.7816 b=5.1505e-01 1-R²_va=1.1839e-01
  [harmonic/(m1*r1+m2*r2)/(m1+m2)] a=1.0000 b=-4.1142e-17 1-R²_va=9.7391e-32
  [reciprocal_diff/1/r2-1/r1] a=0.2541 b=2.9404e+00 1-R²_va=1.0194e+00
  [reciprocal_diff/m1*m2*(1/r2-1/r1)] a=0.0129 b=2.9373e+00 1-R²_va=1.0101e+00
[fuller] denoise + snap IN THE JOIN (every gene, every generation, K=8); mutation operators: physics=0.2 concretize=0.05
Wrapper scope: per_island  (island → wrapper map: ['identity', 'identity'])
[wgpu] process pool disabled — Metal cannot survive fork(); the population is evaluated in one dispatch instead
Genes: head_length=48, n_genes=3, rnc_array_length=10
Population: (per-island, see below), elites: 2, generations: 400, migration FREQ: 30
  pump per-island sizes: intake=100 (tournsize=8), champion=50 (tournsize=5)
Initialising evolution at 2026-09-19 03:40:24.326478
 gen  deme   evals     min fitness          mse_tr          mse_va         max_err      mse_extrap  one_minus_r2_tr  one_minus_r2_va
   0     0     100               0  4.90572875e-32  7.05044434e-32  1.77635684e-15  7.44487479e-32  6.97705091e-32  9.73909529e-32
   0     1      50               0  4.90572875e-32  7.05044434e-32  1.77635684e-15  7.44487479e-32  6.97705091e-32  9.73909529e-32
          wgpu 1d 295g 250c x3w 8ms | egraph 187g->100v+0snap 48ms | graft 55 (-145n, 0 snap) cpu 0 | f64 0 | gen 0.0s | dropped inexpr 5 oversz 0 unbuild 0 {}
Extending evolution: gen 1 → 400 (+400 generations)
   1     0     100               0  4.90572875e-32  7.05044434e-32  1.77635684e-15  7.44487479e-32  6.97705091e-32  9.73909529e-32
   1     1      50               0  4.90572875e-32  7.05044434e-32  1.77635684e-15  7.44487479e-32  6.97705091e-32  9.73909529e-32
          wgpu 1d 208g 205c x3w 4ms | egraph 71g->59v+0snap 13ms | graft 26 (-67n, 0 snap) cpu 0 | f64 0 | gen 0.1s | dropped inexpr 1 oversz 0 unbuild 0 {}
  early-stop: rule (m1*r1+m2*r2)/(m1+m2) confirmed on holdout (R²=1.0000000000)

*** Early stop at generation 1: best val_R² = 1.0000000000 ≥ 0.9999999990, holdout_R² = 1.0000000000 confirmed

This sub-run: 2026-09-19 03:40:24.471151 → 2026-09-19 03:40:24.610929
Now at generation 1 (HOF size: 31)
[join] 2 dispatches, 503 genes, 1,365 candidates scored in 0.01s GPU+host; e-graph 258 trees -> 159 variants + 0 snaps in 0.06s; 81 grafts (0 snap), 212 nodes removed; cpu-path individuals 0, f64-rejected 0
[join]   inexpressible:      5  no pset token for semantic id "pow" with arity 2
[join]   inexpressible:      1  no pset token for semantic id "div" with arity 2
>>> hof[0] won via static RULE: harmonic/(m1*r1+m2*r2)/(m1+m2)
    rule sym_expr: (m1*r1 + m2*r2)/(m1 + m2)
  HFF-chosen LSM kept: a=1, b=-4.11421e-17
Chromosome wrapper: id=0  →  identity
hof[0] runtime val (rule): mse=7.050e-32  R²=1.000000
Pre-snap expression (after sympify + LSM compose):
  -4.11420548628824e-17 + 1.0*(m1*r1 + m2*r2)/(m1 + m2)

Per-level snap results (before MSE scoring):
  strict      →  (m1*r1 + m2*r2)/(m1 + m2)
  default     →  (m1*r1 + m2*r2)/(m1 + m2)
  aggressive  →  (m1*r1 + m2*r2)/(m1 + m2)

Snap-level comparison (sorted by holdout MSE, lowest first)
------------------------------------------------------------------------------------------
  level       MSE            R²         expression                                        
------------------------------------------------------------------------------------------
★ strict      5.522e-32      1.0000     (m1*r1 + m2*r2)/(m1 + m2)                         
  default     5.522e-32      1.0000     (m1*r1 + m2*r2)/(m1 + m2)                         
  aggressive  5.522e-32      1.0000     (m1*r1 + m2*r2)/(m1 + m2)                         

Winning snap level: 'strict'  →  (m1*r1 + m2*r2)/(m1 + m2)

Canonical discovered expression: (m1*r1 + m2*r2)/(m1 + m2)
[38;2;0;50;255m
############################################################ [38;2;255;255;255m
[38;2;0;50;255m Equation Recovery: I_18_4 [38;2;255;255;255m
[38;2;0;50;255m Truth: (m1*r1+m2*r2)/(m1+m2) [38;2;255;255;255m
[38;2;0;50;255m [38;2;255;255;255m
[38;2;255;0;255m     Exact recovery     : True [38;2;255;255;255m
[38;2;255;0;255m     Numerical recovery : True (max rel_err 0.00e+00 on 10k samples) [38;2;255;255;255m
[38;2;255;0;255m     Discovered         : (m1*r1 + m2*r2)/(m1 + m2) [38;2;255;255;255m
[38;2;255;0;255m     LSM (a, b)         : (1, -4.11421e-17) [38;2;255;255;255m
[38;2;0;50;255m
############################################################ [38;2;255;255;255m
In-range holdout : MSE=5.522e-32  MAE=9.548e-17  R²=1.0000
Extrapolation    : MSE=7.445e-32  MAE=8.882e-17  R²=1.0000

Top 10 HOF models (north_pole=truenorth) (★ = Pareto-optimal)
(deduped HOF: 1 unique chromosomes from 31 raw HOF entries)
 ----------------------------------------------------------------------------------------------------------------
       model     wrapper      length   train_mse     val_mse     max_err    train_r2      val_r2 angular_distance
 ----------------------------------------------------------------------------------------------------------------
★           0        rule           5      0.0000      0.0000      0.0000      1.0000      1.0000      0.0000

Pareto-optimal in top 1: 1    Pareto-optimal in full HOF: 1 / 1

Recovery sweep across 1/1 unique HOF chromosomes (capped):
  Structural / exact     : 1/1  (100.0%)
  Numerical (≤1e-6 err)  : 1/1  (100.0%)
{
    "date": "2026/09/19",
    "seed": "5",
    "task": "equation_recovery",
    "north_pole_method": "truenorth",
    "hff_include_val": true,
    "problem": "I_18_4",
    "truth_expr": "(m1*r1+m2*r2)/(m1+m2)",
    "final_terminal_inputs": [
        "m1",
        "m2",
        "r1",
        "r2"
    ],
    "wide_primitives": true,
    "head_length": "48",
    "n_genes": "3",
    "rnc_array_length": "10",
    "tournament size": "intake=8, champion=5",
    "population size": "150",
    "population per island": "intake=100, champion=50",
    "gpu_join": true,
    "eclass_k": 8,
    "number of elites": "2",
    "number of generations": "400",
    "number of islands": "2",
    "migration FREQ": "30",
    "wrapper_id": 0,
    "wrapper_name": "identity",
    "recovery_exact": true,
    "recovery_numerical": true,
    "recovery_max_rel_err": 0.0,
    "discovered_expr": "(m1*r1 + m2*r2)/(m1 + m2)",
    "holdout_mse": 5.522026336547083e-32,
    "holdout_r2": 1.0,
    "extrap_mse": 7.444874793023299e-32,
    "extrap_r2": 1.0,
    "hof_size": 1,
    "hof_exact_recoveries": 1,
    "hof_numerical_recoveries": 1
}
