/opt/anaconda3/lib/python3.12/site-packages/geppy/__init__.py:26: UserWarning: pkg_resources is deprecated as an API. See https://setuptools.pypa.io/en/latest/pkg_resources.html. The pkg_resources package is slated for removal as early as 2025-11-30. Refrain from using this package or pin to Setuptools<81.
  from pkg_resources import get_distribution, DistributionNotFound
hff library OK (test fitness: (0.1415394733244273,))
registry: ['circle_area', 'gravity', 'coulomb', 'pendulum', 'keplers3', 'ideal_gas', 'I_6_2a', 'I_6_2', 'I_6_2b', 'I_8_14', 'I_9_18', 'I_10_7', 'I_11_19', 'I_12_1', 'I_12_2', 'I_12_4', 'I_12_5', 'I_12_11', 'I_13_4', 'I_13_12', 'I_14_3', 'I_14_4', 'I_15_3x', 'I_15_3t', 'I_15_1', 'I_16_6', 'I_18_4', 'I_18_12', 'I_18_14', 'I_24_6', 'I_25_13', 'I_26_2', 'I_27_6', 'I_29_4', 'I_29_16', 'I_30_3', 'I_30_5', 'I_32_5', 'I_32_17', 'I_34_8', 'I_34_1', 'I_34_14', 'I_34_27', 'I_37_4', 'I_38_12', 'I_39_1', 'I_39_11', 'I_39_22', 'I_40_1', 'I_41_16', 'I_43_16', 'I_43_31', 'I_43_43', 'I_44_4', 'I_47_23', 'I_48_2', 'I_50_26', 'II_2_42', 'II_3_24', 'II_4_23', 'II_6_11', 'II_6_15a', 'II_6_15b', 'II_8_7', 'II_8_31', 'II_10_9', 'II_11_3', 'II_11_17', 'II_11_20', 'II_11_27', 'II_11_28', 'II_13_17', 'II_13_23', 'II_13_34', 'II_15_4', 'II_15_5', 'II_21_32', 'II_24_17', 'II_27_16', 'II_27_18', 'II_34_2a', 'II_34_2', 'II_34_11', 'II_34_29a', 'II_34_29b', 'II_35_18', 'II_35_21', 'II_36_38', 'II_37_1', 'II_38_3', 'II_38_14', 'III_4_32', 'III_4_33', 'III_7_38', 'III_8_54', 'III_9_52', 'III_10_19', 'III_12_43', 'III_13_18', 'III_14_14', 'III_15_12', 'III_15_14', 'III_15_27', 'III_17_37', 'III_19_51', 'III_21_20', 'test_1', 'test_2', 'test_3', 'test_4', 'test_5', 'test_6', 'test_7', 'test_8', 'test_9', 'test_10', 'test_11', 'test_12', 'test_13', 'test_14', 'test_15', 'test_16', 'test_17', 'test_18', 'test_19', 'test_20']
Selected problem: ideal_gas
  Description : Ideal gas (pressure from n, T, V):  P = n·R·T / V
  Variables   : ['n', 'T', 'V']
  Train range : {'n': (0.1, 5.0), 'T': (200.0, 400.0), 'V': (0.01, 1.0)}
  Extrap range: {'n': (0.1, 5.0), 'T': (200.0, 400.0), 'V': (1.0, 5.0)}
  Truth       : R * n * T / V
  ✓ cache hit  (data/equations/ideal_gas, key=c9dc34c832404a7c)
  train           (800, 4)  target range=[282.2, 9.482e+05]
  val             (200, 4)  target range=[495.9, 3.46e+05]
  holdout         (200, 4)  target range=[493.5, 3.587e+05]
  extrapolation   (200, 4)  target range=[61.97, 1.088e+04]
  saved figure → data/figures/ideal_gas/eda_pairplot.png
[E22 rules] variable pattern tags: {'no_pattern'}
[E22/23 rules] static candidate count: 1
[E22/23 rules] allowed to take a fitness slot (exact): 0
  [sum_sq_all/sum_sq] a=0.0762 b=2.5303e+04 1-R²_va=1.0406e+00
[fuller] denoise + snap IN THE JOIN (every gene, every generation, K=8); mutation operators: physics=0.2 concretize=0.05
Wrapper scope: per_island  (island → wrapper map: ['identity', 'identity'])
[wgpu] process pool disabled — Metal cannot survive fork(); the population is evaluated in one dispatch instead
Genes: head_length=16, n_genes=3, rnc_array_length=10
Population: (per-island, see below), elites: 2, generations: 400, migration FREQ: 30
  pump per-island sizes: intake=100 (tournsize=8), champion=50 (tournsize=5)
Initialising evolution at 2026-09-19 06:18:04.551318
 gen  deme   evals     min fitness          mse_tr          mse_va         max_err      mse_extrap  one_minus_r2_tr  one_minus_r2_va
   0     0     100    0.0399129867       127902839      67021289.2      65376.1472       431050.56    0.0257891969    0.0383278691
   0     1      50   0.00113548303      30061621.5      15746743.4      28507.6443      2141795.92    0.0060613594   0.00900518516
          wgpu 1d 474g 437c x3w 39ms | egraph 208g->287v+0snap 151ms | graft 0 (-0n, 0 snap) cpu 0 | f64 30 | gen 0.0s | dropped inexpr 6 oversz 0 unbuild 0 {}
Extending evolution: gen 1 → 400 (+400 generations)
   1     0     100    0.0153759381      39394622.2      29730126.4      36537.8171  1.76546107e+09   0.00794318311    0.0170019468
   1     1      50   0.00113548303      30061621.5      15746743.4      28507.6443      2141795.92    0.0060613594   0.00900518516
          wgpu 1d 218g 309c x3w 6ms | egraph 76g->159v+0snap 32ms | graft 0 (-0n, 0 snap) cpu 0 | f64 32 | gen 0.6s | dropped inexpr 2 oversz 0 unbuild 0 {}
   2     0     100  2.37580032e-05      54633.8986      54878.1229       643.10401      547101.609   1.1015896e-05  3.13834833e-05
   2     1      50   0.00113548303      30061621.5      15746743.4      28507.6443      2141795.92    0.0060613594   0.00900518516
          wgpu 1d 348g 443c x3w 8ms | egraph 122g->289v+0snap 45ms | graft 0 (-0n, 0 snap) cpu 0 | f64 33 | gen 0.9s | dropped inexpr 6 oversz 0 unbuild 0 {}
   3     0     100  2.37580032e-05      54633.8986      54878.1229       643.10401      547101.609   1.1015896e-05  3.13834833e-05
   3     1      50   0.00113548303      30061621.5      15746743.4      28507.6443      2141795.92    0.0060613594   0.00900518516
          wgpu 1d 416g 488c x3w 10ms | egraph 156g->326v+0snap 113ms | graft 0 (-0n, 0 snap) cpu 0 | f64 33 | gen 0.8s | dropped inexpr 8 oversz 0 unbuild 0 {}
   4     0     100  2.37580032e-05      54633.8986      54878.1229       643.10401      547101.609   1.1015896e-05  3.13834833e-05
   4     1      50   0.00113548303      30061621.5      15746743.4      28507.6443      2141795.92    0.0060613594   0.00900518516
          wgpu 1d 386g 485c x3w 8ms | egraph 127g->326v+0snap 56ms | graft 0 (-0n, 0 snap) cpu 0 | f64 27 | gen 0.7s | dropped inexpr 6 oversz 0 unbuild 0 {}
   5     0     100  1.47295095e-05      13.2714032      13.9288066       9.8453961      202.919805  2.67592832e-09  7.96555067e-09
   5     1      50  0.000758587859      59196.2676      50179.3547      420.338617       59950.014  1.19358117e-05  2.86963704e-05
          wgpu 1d 365g 473c x3w 8ms | egraph 117g->312v+0snap 58ms | graft 0 (-0n, 0 snap) cpu 0 | f64 22 | gen 0.6s | dropped inexpr 10 oversz 0 unbuild 0 {}
   6     0     100  5.72086222e-06      6.32655842      6.67350932      4.43122984      9.79905519  1.27563127e-09  3.81642005e-09
   6     1      50               0  0.000229054747  0.000190308127    0.0428538198    0.0101670403  4.61845728e-14  1.08832657e-13
          wgpu 1d 364g 440c x3w 8ms | egraph 123g->293v+0snap 55ms | graft 0 (-0n, 0 snap) cpu 0 | f64 32 | gen 0.4s | dropped inexpr 16 oversz 0 unbuild 0 {}

*** Early stop at generation 6: best val_R² = 1.0000000000 ≥ 0.9999999990, holdout_R² = 1.0000000000 confirmed

This sub-run: 2026-09-19 06:18:04.928433 → 2026-09-19 06:18:08.989754
Now at generation 6 (HOF size: 31)
[join] 7 dispatches, 2,571 genes, 9,225 candidates scored in 0.09s GPU+host; e-graph 929 trees -> 1,992 variants + 0 snaps in 0.51s; 0 grafts (0 snap), 0 nodes removed; cpu-path individuals 0, f64-rejected 0, snaps refused for naming an input 0
[join]   inexpressible:     54  no pset token for semantic id "pow" with arity 2
  HFF-chosen LSM kept: a=12.4717, b=0.0159932
Chromosome wrapper: id=0  →  identity
hof[0] runtime val: mse=1.903e-04  R²=1.000000
Pre-snap expression (after sympify + LSM compose):
  8.31446364145412*T*n/V + 0.0159932380920509 + 4.15723182072706*n*(V - 1)/T

Per-level snap results (before MSE scoring):
  strict      →  8.314462618*T*n/V
  default     →  8.314462618*T*n/V
  aggressive  →  8.314462618*T*n/V

Snap-level comparison (sorted by holdout MSE, lowest first)
------------------------------------------------------------------------------------------
  level       MSE            R²         expression                                        
------------------------------------------------------------------------------------------
★ strict      8.293e-21      1.0000     8.314462618*T*n/V                                 
  default     8.293e-21      1.0000     8.314462618*T*n/V                                 
  aggressive  8.293e-21      1.0000     8.314462618*T*n/V                                 

Winning snap level: 'strict'  →  8.314462618*T*n/V

Canonical discovered expression: 8.314462618*T*n/V
[38;2;0;50;255m
############################################################ [38;2;255;255;255m
[38;2;0;50;255m Equation Recovery: IDEAL_GAS [38;2;255;255;255m
[38;2;0;50;255m Truth: R * n * T / V [38;2;255;255;255m
[38;2;0;50;255m [38;2;255;255;255m
[38;2;255;0;255m     Exact recovery     : True [38;2;255;255;255m
[38;2;255;0;255m     Numerical recovery : True (max rel_err 0.00e+00 on 10k samples) [38;2;255;255;255m
[38;2;255;0;255m     Discovered         : 8.314462618*T*n/V [38;2;255;255;255m
[38;2;255;0;255m     LSM (a, b)         : (12.4717, 0.0159932) [38;2;255;255;255m
[38;2;0;50;255m
############################################################ [38;2;255;255;255m
In-range holdout : MSE=0.0001903  MAE=0.0112  R²=1.0000
Extrapolation    : MSE=0.01017  MAE=0.08197  R²=1.0000

Top 10 HOF models (north_pole=truenorth) (★ = Pareto-optimal)
(deduped HOF: 23 unique chromosomes from 31 raw HOF entries)
 ----------------------------------------------------------------------------------------------------------------
       model     wrapper      length   train_mse     val_mse     max_err    train_r2      val_r2 angular_distance
 ----------------------------------------------------------------------------------------------------------------
★           0    identity          29      0.0002      0.0002      0.0429      1.0000      1.0000      0.0000
            2    identity          45      6.3266      6.6735      4.4312      1.0000      1.0000      0.0043
            3    identity          31      5.5480      5.9089      5.2233      1.0000      1.0000      0.0051
            4    identity          33     15.9208     16.9030      7.8136      1.0000      1.0000      0.0077
            5    identity          23     10.5523     11.1937      7.9310      1.0000      1.0000      0.0078
            6    identity          32     14.4848     15.3071      8.7447      1.0000      1.0000      0.0086
            8    identity          27     12.0542     12.5654      9.3842      1.0000      1.0000      0.0092
            7    identity          31     13.2714     13.9288      9.8454      1.0000      1.0000      0.0096
           14    identity          30     70.5193     71.4335     15.9871      1.0000      1.0000      0.0158
           15    identity          30     35.8767     36.3398     16.1768      1.0000      1.0000      0.0159

Pareto-optimal in top 10: 1    Pareto-optimal in full HOF: 1 / 23

Recovery sweep across 12/23 unique HOF chromosomes (capped):
  Structural / exact     : 1/12  (8.3%)
  Numerical (≤1e-6 err)  : 1/12  (8.3%)
{
    "date": "2026/09/19",
    "seed": "5",
    "task": "equation_recovery",
    "north_pole_method": "truenorth",
    "hff_include_val": true,
    "problem": "ideal_gas",
    "truth_expr": "R * n * T / V",
    "final_terminal_inputs": [
        "n",
        "T",
        "V"
    ],
    "wide_primitives": false,
    "head_length": "16",
    "n_genes": "3",
    "rnc_array_length": "10",
    "tournament size": "intake=8, champion=5",
    "population size": "150",
    "population per island": "intake=100, champion=50",
    "gpu_join": true,
    "eclass_k": 8,
    "number of elites": "2",
    "number of generations": "400",
    "number of islands": "2",
    "migration FREQ": "30",
    "wrapper_id": 0,
    "wrapper_name": "identity",
    "recovery_exact": true,
    "recovery_numerical": true,
    "recovery_max_rel_err": 0.0,
    "discovered_expr": "8.314462618*T*n/V",
    "holdout_mse": 0.00019029593426203418,
    "holdout_r2": 0.9999999999999136,
    "extrap_mse": 0.01016704031046126,
    "extrap_r2": 0.9999999971387478,
    "hof_size": 23,
    "hof_exact_recoveries": 1,
    "hof_numerical_recoveries": 1
}
