/opt/anaconda3/lib/python3.12/site-packages/geppy/__init__.py:26: UserWarning: pkg_resources is deprecated as an API. See https://setuptools.pypa.io/en/latest/pkg_resources.html. The pkg_resources package is slated for removal as early as 2025-11-30. Refrain from using this package or pin to Setuptools<81.
  from pkg_resources import get_distribution, DistributionNotFound
hff library OK (test fitness: (0.1415394733244273,))
registry: ['circle_area', 'gravity', 'coulomb', 'pendulum', 'keplers3', 'ideal_gas', 'I_6_2a', 'I_6_2', 'I_6_2b', 'I_8_14', 'I_9_18', 'I_10_7', 'I_11_19', 'I_12_1', 'I_12_2', 'I_12_4', 'I_12_5', 'I_12_11', 'I_13_4', 'I_13_12', 'I_14_3', 'I_14_4', 'I_15_3x', 'I_15_3t', 'I_15_1', 'I_16_6', 'I_18_4', 'I_18_12', 'I_18_14', 'I_24_6', 'I_25_13', 'I_26_2', 'I_27_6', 'I_29_4', 'I_29_16', 'I_30_3', 'I_30_5', 'I_32_5', 'I_32_17', 'I_34_8', 'I_34_1', 'I_34_14', 'I_34_27', 'I_37_4', 'I_38_12', 'I_39_1', 'I_39_11', 'I_39_22', 'I_40_1', 'I_41_16', 'I_43_16', 'I_43_31', 'I_43_43', 'I_44_4', 'I_47_23', 'I_48_2', 'I_50_26', 'II_2_42', 'II_3_24', 'II_4_23', 'II_6_11', 'II_6_15a', 'II_6_15b', 'II_8_7', 'II_8_31', 'II_10_9', 'II_11_3', 'II_11_17', 'II_11_20', 'II_11_27', 'II_11_28', 'II_13_17', 'II_13_23', 'II_13_34', 'II_15_4', 'II_15_5', 'II_21_32', 'II_24_17', 'II_27_16', 'II_27_18', 'II_34_2a', 'II_34_2', 'II_34_11', 'II_34_29a', 'II_34_29b', 'II_35_18', 'II_35_21', 'II_36_38', 'II_37_1', 'II_38_3', 'II_38_14', 'III_4_32', 'III_4_33', 'III_7_38', 'III_8_54', 'III_9_52', 'III_10_19', 'III_12_43', 'III_13_18', 'III_14_14', 'III_15_12', 'III_15_14', 'III_15_27', 'III_17_37', 'III_19_51', 'III_21_20', 'test_1', 'test_2', 'test_3', 'test_4', 'test_5', 'test_6', 'test_7', 'test_8', 'test_9', 'test_10', 'test_11', 'test_12', 'test_13', 'test_14', 'test_15', 'test_16', 'test_17', 'test_18', 'test_19', 'test_20']
[feynman override] head_length=48 (keep n_genes=3, avgval linker)
Selected problem: I_14_3
  Description : Feynman I-III I.14.3: U = m*g*z
  Variables   : ['m', 'g', 'z']
  Train range : {'m': (1.0, 5.0), 'g': (1.0, 5.0), 'z': (1.0, 5.0)}
  Extrap range: {'m': (1.0, 7.5), 'g': (1.0, 7.5), 'z': (1.0, 7.5)}
  Truth       : m*g*z
  ✓ cache hit  (data/equations/I_14_3, key=8a1f90d1a09f3679)
  train           (800, 4)  target range=[1.665, 103.6]
  val             (200, 4)  target range=[2.599, 97.39]
  holdout         (200, 4)  target range=[2.309, 96.07]
  extrapolation   (200, 4)  target range=[4.279, 295.7]
  saved figure → data/figures/I_14_3/eda_pairplot.png
Wide primitive set enabled: sin, cos, exp, log added.
[E22 rules] variable pattern tags: {'no_pattern'}
[E22/23 rules] static candidate count: 1
[E22/23 rules] allowed to take a fitness slot (exact): 0
  [sum_sq_all/sum_sq] a=1.4384 b=-1.7630e+01 1-R²_va=1.5694e-01
[fuller] denoise + snap IN THE JOIN (every gene, every generation, K=8); mutation operators: physics=0.2 concretize=0.05
Wrapper scope: per_island  (island → wrapper map: ['identity', 'identity'])
[wgpu] process pool disabled — Metal cannot survive fork(); the population is evaluated in one dispatch instead
Genes: head_length=48, n_genes=3, rnc_array_length=10
Population: (per-island, see below), elites: 2, generations: 400, migration FREQ: 30
  pump per-island sizes: intake=100 (tournsize=8), champion=50 (tournsize=5)
Initialising evolution at 2026-09-19 05:58:12.056126
 gen  deme   evals     min fitness          mse_tr          mse_va         max_err      mse_extrap  one_minus_r2_tr  one_minus_r2_va
   0     0     100    0.0240086031      46.6207994      47.8181267      27.7684752      1661.52622     0.128782398     0.126104042
   0     1      50    0.0105515398      46.6207994      47.8181267      27.7684752      1661.52622     0.128782398     0.126104042
          wgpu 1d 323g 279c x3w 9ms | egraph 187g->129v+0snap 103ms | graft 67 (-269n, 0 snap) cpu 0 | f64 32 | gen 0.0s | dropped inexpr 2 oversz 0 unbuild 0 {}
Extending evolution: gen 1 → 400 (+400 generations)
   1     0     100    0.0240086031      46.6207994      47.8181267      27.7684752      1661.52622     0.128782398     0.126104042
   1     1      50    0.0105515398      46.6207994      47.8181267      27.7684752      1661.52622     0.128782398     0.126104042
          wgpu 1d 63g 166c x3w 5ms | egraph 25g->20v+0snap 5ms | graft 10 (-26n, 0 snap) cpu 0 | f64 37 | gen 0.1s | dropped inexpr 3 oversz 0 unbuild 0 {}
   2     0     100               0      46.6207994      47.8181267      27.7684752      1661.52622     0.128782398     0.126104042
   2     1      50               0      46.6207994      47.8181267      27.7684752      1661.52622     0.128782398     0.126104042
          wgpu 1d 34g 155c x3w 3ms | egraph 14g->9v+0snap 3ms | graft 6 (-15n, 0 snap) cpu 0 | f64 40 | gen 0.2s
   3     0     100               0      46.6207999      47.8181252      27.7684721      1661.52621       0.1287824     0.126104038
   3     1      50               0      46.6207999      47.8181252      27.7684721      1661.52621       0.1287824     0.126104038
          wgpu 1d 41g 156c x3w 3ms | egraph 16g->10v+0snap 3ms | graft 9 (-26n, 0 snap) cpu 0 | f64 20 | gen 0.1s
   4     0     100               0      46.6207999      47.8181252      27.7684721      1661.52621       0.1287824     0.126104038
   4     1      50               0      46.6207999      47.8181252      27.7684721      1661.52621       0.1287824     0.126104038
          wgpu 1d 28g 151c x3w 3ms | egraph 10g->5v+0snap 2ms | graft 4 (-10n, 0 snap) cpu 0 | f64 20 | gen 0.1s
   5     0     100               0      46.6207999      47.8181252      27.7684721      1661.52621       0.1287824     0.126104038
   5     1      50               0      46.6207999      47.8181252      27.7684721      1661.52621       0.1287824     0.126104038
          wgpu 1d 45g 158c x3w 3ms | egraph 16g->12v+0snap 5ms | graft 5 (-12n, 0 snap) cpu 0 | f64 20 | gen 0.2s
   6     0     100               0      46.6207999      47.8181252      27.7684721      1661.52621       0.1287824     0.126104038
   6     1      50               0      46.6207994      47.8181267      27.7684752      1661.52622     0.128782398     0.126104042
          wgpu 1d 86g 189c x3w 3ms | egraph 22g->43v+0snap 7ms | graft 16 (-87n, 0 snap) cpu 0 | f64 20 | gen 0.3s
   7     0     100               0      46.6207999      47.8181252      27.7684721      1661.52621       0.1287824     0.126104038
   7     1      50               0      46.6207999      47.8181252      27.7684721      1661.52621       0.1287824     0.126104038
          wgpu 1d 113g 219c x3w 5ms | egraph 36g->73v+0snap 13ms | graft 29 (-221n, 0 snap) cpu 0 | f64 20 | gen 0.4s | dropped inexpr 1 oversz 0 unbuild 0 {}
   8     0     100               0      46.6207999      47.8181252      27.7684721      1661.52621       0.1287824     0.126104038
   8     1      50               0      46.6207994      47.8181267      27.7684752      1661.52622     0.128782398     0.126104042
          wgpu 1d 144g 244c x3w 24ms | egraph 57g->98v+0snap 26ms | graft 31 (-260n, 0 snap) cpu 0 | f64 20 | gen 0.5s
   9     0     100               0      11.5650785      10.6507219      12.4851175      518.250695    0.0319466539    0.0280876559
   9     1      50               0      46.6207999      47.8181252      27.7684721      1661.52621       0.1287824     0.126104038
          wgpu 1d 77g 168c x3w 3ms | egraph 34g->22v+0snap 15ms | graft 15 (-34n, 0 snap) cpu 0 | f64 20 | gen 0.1s
  10     0     100               0      46.6207999      47.8181252      27.7684721      1661.52621       0.1287824     0.126104038
  10     1      50               0      46.6207994      47.8181267      27.7684752      1661.52622     0.128782398     0.126104042
          wgpu 1d 96g 179c x3w 3ms | egraph 42g->33v+0snap 10ms | graft 21 (-54n, 0 snap) cpu 0 | f64 20 | gen 0.2s
--------- pump migration: intra (promote-2 + intake-reset) ---------
  11     0     100               0      46.6207999      47.8181252      27.7684721      1661.52621       0.1287824     0.126104038
  11     1      50               0      46.6207999      47.8181252      27.7684721      1661.52621       0.1287824     0.126104038
          wgpu 2d 218g 299c x3w 13ms | egraph 93g->73v+0snap 20ms | graft 45 (-92n, 0 snap) cpu 0 | f64 30 | gen 0.2s | dropped inexpr 3 oversz 0 unbuild 0 {}
  12     0     100               0      46.6207994      47.8181267      27.7684752      1661.52622     0.128782398     0.126104042
  12     1      50               0      46.6207994      47.8181267      27.7684752      1661.52622     0.128782398     0.126104042
          wgpu 1d 76g 173c x3w 3ms | egraph 28g->27v+0snap 6ms | graft 13 (-44n, 0 snap) cpu 0 | f64 20 | gen 0.1s
  13     0     100               0      46.6207994      47.8181267      27.7684752      1661.52622     0.128782398     0.126104042
  13     1      50               0      46.6207999      47.8181252      27.7684721      1661.52621       0.1287824     0.126104038
          wgpu 1d 83g 178c x3w 9ms | egraph 38g->32v+0snap 10ms | graft 12 (-23n, 0 snap) cpu 0 | f64 20 | gen 0.1s | dropped inexpr 1 oversz 0 unbuild 0 {}
  14     0     100               0      46.6207994      47.8181267      27.7684752      1661.52622     0.128782398     0.126104042
  14     1      50               0      46.6207994      47.8181267      27.7684752      1661.52622     0.128782398     0.126104042
          wgpu 1d 92g 183c x3w 3ms | egraph 39g->37v+0snap 10ms | graft 17 (-45n, 0 snap) cpu 0 | f64 20 | gen 0.1s
  15     0     100               0      46.6207994      47.8181267      27.7684752      1661.52622     0.128782398     0.126104042
  15     1      50               0      46.6207999      47.8181252      27.7684721      1661.52621       0.1287824     0.126104038
          wgpu 1d 86g 175c x3w 3ms | egraph 25g->29v+0snap 7ms | graft 14 (-46n, 0 snap) cpu 0 | f64 20 | gen 0.1s
  16     0     100               0      46.6207994      47.8181267      27.7684752      1661.52622     0.128782398     0.126104042
  16     1      50               0      46.6207994      47.8181267      27.7684752      1661.52622     0.128782398     0.126104042
          wgpu 1d 106g 178c x3w 3ms | egraph 47g->32v+0snap 10ms | graft 21 (-64n, 0 snap) cpu 0 | f64 20 | gen 0.1s
  17     0     100               0      46.6207994      47.8181267      27.7684752      1661.52622     0.128782398     0.126104042
  17     1      50               0      46.6207994      47.8181267      27.7684752      1661.52622     0.128782398     0.126104042
          wgpu 1d 66g 166c x3w 3ms | egraph 19g->20v+0snap 9ms | graft 8 (-19n, 0 snap) cpu 0 | f64 20 | gen 0.2s
  18     0     100               0      46.6207994      47.8181267      27.7684752      1661.52622     0.128782398     0.126104042
  18     1      50               0      46.6207999      47.8181252      27.7684721      1661.52621       0.1287824     0.126104038
          wgpu 1d 74g 169c x3w 3ms | egraph 26g->23v+0snap 6ms | graft 10 (-32n, 0 snap) cpu 0 | f64 20 | gen 0.3s
  19     0     100               0      46.6207994      47.8181267      27.7684752      1661.52622     0.128782398     0.126104042
  19     1      50               0      46.6207994      47.8181267      27.7684752      1661.52622     0.128782398     0.126104042
          wgpu 1d 46g 154c x3w 3ms | egraph 13g->8v+0snap 3ms | graft 7 (-10n, 0 snap) cpu 0 | f64 20 | gen 0.1s
  20     0     100               0      46.6207994      47.8181267      27.7684752      1661.52622     0.128782398     0.126104042
  20     1      50               0      46.6207994      47.8181267      27.7684752      1661.52622     0.128782398     0.126104042
          wgpu 1d 100g 172c x3w 3ms | egraph 35g->26v+0snap 7ms | graft 19 (-52n, 0 snap) cpu 0 | f64 20 | gen 0.2s | dropped inexpr 1 oversz 0 unbuild 0 {}
--------- pump migration: intra (promote-2 + intake-reset) ---------
  21     0     100               0      46.6207994      47.8181267      27.7684752      1661.52622     0.128782398     0.126104042
  21     1      50               0      46.6207994      47.8181267      27.7684752      1661.52622     0.128782398     0.126104042
          wgpu 2d 295g 327c x3w 7ms | egraph 111g->101v+0snap 22ms | graft 50 (-120n, 0 snap) cpu 0 | f64 30 | gen 0.1s | dropped inexpr 3 oversz 0 unbuild 0 {}
  22     0     100               0      46.6207994      47.8181267      27.7684752      1661.52622     0.128782398     0.126104042
  22     1      50               0      46.6207999      47.8181252      27.7684721      1661.52621       0.1287824     0.126104038
          wgpu 1d 59g 162c x3w 6ms | egraph 19g->16v+0snap 6ms | graft 9 (-27n, 0 snap) cpu 0 | f64 20 | gen 0.1s
  23     0     100               0      10.7354629      10.3041353      9.69374041      490.667523    0.0296549753    0.0271736515
  23     1      50               0      46.6207999      47.8181252      27.7684721      1661.52621       0.1287824     0.126104038
          wgpu 1d 104g 173c x3w 3ms | egraph 36g->27v+0snap 7ms | graft 18 (-34n, 0 snap) cpu 0 | f64 20 | gen 0.1s
  24     0     100               0      10.7354629      10.3041353      9.69374041      490.667523    0.0296549753    0.0271736515
  24     1      50               0      46.6207994      47.8181267      27.7684752      1661.52622     0.128782398     0.126104042
          wgpu 1d 118g 180c x3w 3ms | egraph 41g->34v+0snap 7ms | graft 20 (-69n, 0 snap) cpu 0 | f64 20 | gen 0.1s
  25     0     100               0      10.7354629      10.3041353      9.69374041      490.667523    0.0296549753    0.0271736515
  25     1      50               0      46.6207999      47.8181252      27.7684721      1661.52621       0.1287824     0.126104038
          wgpu 1d 114g 180c x3w 3ms | egraph 36g->34v+0snap 7ms | graft 21 (-56n, 0 snap) cpu 0 | f64 20 | gen 0.1s | dropped inexpr 1 oversz 0 unbuild 0 {}
  26     0     100               0      10.7354629      10.3041353      9.69374041      490.667523    0.0296549753    0.0271736515
  26     1      50               0      46.6207994      47.8181267      27.7684752      1661.52622     0.128782398     0.126104042
          wgpu 1d 115g 183c x3w 3ms | egraph 33g->37v+0snap 8ms | graft 22 (-71n, 0 snap) cpu 0 | f64 20 | gen 0.1s | dropped inexpr 2 oversz 0 unbuild 0 {}
  27     0     100               0      10.7354629      10.3041353      9.69374041      490.667523    0.0296549753    0.0271736515
  27     1      50               0      46.6207999      47.8181252      27.7684721      1661.52621       0.1287824     0.126104038
          wgpu 1d 139g 192c x3w 5ms | egraph 35g->46v+0snap 8ms | graft 31 (-77n, 0 snap) cpu 0 | f64 20 | gen 0.1s
  28     0     100               0      10.7354629      10.3041353      9.69374041      490.667523    0.0296549753    0.0271736515
  28     1      50               0      46.6207999      47.8181252      27.7684721      1661.52621       0.1287824     0.126104038
          wgpu 1d 125g 187c x3w 3ms | egraph 36g->41v+0snap 7ms | graft 26 (-71n, 0 snap) cpu 0 | f64 20 | gen 0.1s
  29     0     100               0      10.7354629      10.3041353      9.69374041      490.667523    0.0296549753    0.0271736515
  29     1      50               0      46.6207994      47.8181267      27.7684752      1661.52622     0.128782398     0.126104042
          wgpu 1d 137g 199c x3w 4ms | egraph 37g->53v+0snap 8ms | graft 29 (-100n, 0 snap) cpu 0 | f64 20 | gen 0.3s
  30     0     100               0      10.7354629      10.3041353      9.69374041      490.667523    0.0296549753    0.0271736515
  30     1      50               0      46.6207994      47.8181267      27.7684752      1661.52622     0.128782398     0.126104042
          wgpu 1d 127g 180c x3w 3ms | egraph 39g->34v+0snap 9ms | graft 22 (-52n, 0 snap) cpu 0 | f64 20 | gen 0.1s | dropped inexpr 1 oversz 0 unbuild 0 {}
--------- pump migration: intra (promote-2 + intake-reset) ---------
  31     0     100               0       9.5225734       9.0579396      8.84646875      497.493066    0.0263045648    0.0238872344
  31     1      50               0      46.6207994      47.8181267      27.7684752      1661.52622     0.128782398     0.126104042
          wgpu 2d 325g 340c x3w 7ms | egraph 112g->114v+0snap 22ms | graft 58 (-172n, 0 snap) cpu 0 | f64 30 | gen 0.1s | dropped inexpr 3 oversz 0 unbuild 0 {}
  32     0     100               0       9.5225734       9.0579396      8.84646875      497.493066    0.0263045648    0.0238872344
  32     1      50               0      46.6207999      47.8181252      27.7684721      1661.52621       0.1287824     0.126104038
          wgpu 1d 137g 192c x3w 4ms | egraph 37g->46v+0snap 7ms | graft 26 (-67n, 0 snap) cpu 0 | f64 20 | gen 0.2s
  33     0     100               0       9.5225734       9.0579396      8.84646875      497.493066    0.0263045648    0.0238872344
  33     1      50               0      46.6207999      47.8181252      27.7684721      1661.52621       0.1287824     0.126104038
          wgpu 1d 126g 187c x3w 3ms | egraph 34g->41v+0snap 7ms | graft 24 (-59n, 0 snap) cpu 0 | f64 20 | gen 0.2s
  34     0     100               0       9.5225734       9.0579396      8.84646875      497.493066    0.0263045648    0.0238872344
  34     1      50               0      46.6207999      47.8181252      27.7684721      1661.52621       0.1287824     0.126104038
          wgpu 1d 128g 186c x3w 3ms | egraph 37g->40v+0snap 8ms | graft 20 (-80n, 0 snap) cpu 0 | f64 20 | gen 0.1s | dropped inexpr 1 oversz 0 unbuild 0 {}
  35     0     100               0       9.5225734       9.0579396      8.84646875      497.493066    0.0263045648    0.0238872344
  35     1      50               0      46.6207999      47.8181252      27.7684721      1661.52621       0.1287824     0.126104038
          wgpu 1d 122g 178c x3w 3ms | egraph 27g->32v+0snap 6ms | graft 20 (-60n, 0 snap) cpu 0 | f64 20 | gen 0.1s | dropped inexpr 1 oversz 0 unbuild 0 {}
  36     0     100               0       9.5225734       9.0579396      8.84646875      497.493066    0.0263045648    0.0238872344
  36     1      50               0      46.6207999      47.8181252      27.7684721      1661.52621       0.1287824     0.126104038
          wgpu 1d 141g 196c x3w 3ms | egraph 32g->50v+0snap 8ms | graft 25 (-79n, 0 snap) cpu 0 | f64 20 | gen 0.2s | dropped inexpr 2 oversz 0 unbuild 0 {}
  37     0     100               0       9.5225734       9.0579396      8.84646875      497.493066    0.0263045648    0.0238872344
  37     1      50               0      46.6207999      47.8181252      27.7684721      1661.52621       0.1287824     0.126104038
          wgpu 1d 133g 193c x3w 3ms | egraph 38g->47v+0snap 11ms | graft 27 (-79n, 0 snap) cpu 0 | f64 20 | gen 0.2s | dropped inexpr 3 oversz 0 unbuild 0 {}
  38     0     100               0       9.5225751       9.0579385      8.84648291      497.493064    0.0263045695    0.0238872315
  38     1      50               0      46.6207999      47.8181252      27.7684721      1661.52621       0.1287824     0.126104038
          wgpu 1d 131g 188c x3w 3ms | egraph 30g->42v+0snap 7ms | graft 30 (-80n, 0 snap) cpu 0 | f64 20 | gen 0.1s
  39     0     100               0       9.5225751       9.0579385      8.84648291      497.493064    0.0263045695    0.0238872315
  39     1      50               0      46.6207999      47.8181252      27.7684721      1661.52621       0.1287824     0.126104038
          wgpu 1d 121g 177c x3w 3ms | egraph 29g->31v+0snap 8ms | graft 20 (-51n, 0 snap) cpu 0 | f64 20 | gen 0.1s
  40     0     100               0       9.5225751       9.0579385      8.84648291      497.493064    0.0263045695    0.0238872315
  40     1      50               0      46.6207999      47.8181252      27.7684721      1661.52621       0.1287824     0.126104038
          wgpu 1d 110g 186c x3w 3ms | egraph 22g->40v+0snap 5ms | graft 24 (-65n, 0 snap) cpu 0 | f64 20 | gen 0.1s | dropped inexpr 1 oversz 0 unbuild 0 {}
--------- pump migration: intra (promote-2 + intake-reset) ---------
  41     0     100               0      31.3502809      38.2074437      23.9897649      997.146898    0.0866000671     0.100759135
  41     1      50               0      46.6207999      47.8181252      27.7684721      1661.52621       0.1287824     0.126104038
          wgpu 2d 295g 328c x3w 7ms | egraph 101g->102v+0snap 23ms | graft 54 (-175n, 0 snap) cpu 0 | f64 30 | gen 0.1s | dropped inexpr 3 oversz 0 unbuild 0 {}
  42     0     100               0      31.3502809      38.2074437      23.9897649      997.146898    0.0866000671     0.100759135
  42     1      50               0      46.6207994      47.8181267      27.7684752      1661.52622     0.128782398     0.126104042
          wgpu 1d 135g 188c x3w 3ms | egraph 51g->42v+0snap 9ms | graft 23 (-55n, 0 snap) cpu 0 | f64 20 | gen 0.2s | dropped inexpr 1 oversz 0 unbuild 0 {}
  43     0     100               0      31.3502809      38.2074437      23.9897649      997.146898    0.0866000671     0.100759135
  43     1      50               0      46.6207994      47.8181267      27.7684752      1661.52622     0.128782398     0.126104042
          wgpu 1d 93g 172c x3w 3ms | egraph 26g->26v+0snap 6ms | graft 15 (-66n, 0 snap) cpu 0 | f64 20 | gen 0.2s | dropped inexpr 3 oversz 0 unbuild 0 {}
  44     0     100               0     0.268658292      0.28192117      1.07906868      1.07743929  0.000742124966  0.000743471181
  44     1      50               0      46.6207994      47.8181267      27.7684752      1661.52622     0.128782398     0.126104042
          wgpu 1d 101g 181c x3w 6ms | egraph 38g->35v+0snap 14ms | graft 19 (-63n, 0 snap) cpu 0 | f64 20 | gen 0.2s | dropped inexpr 9 oversz 0 unbuild 0 {}
  45     0     100               0   0.00757850397   0.00747684911     0.198721243    0.0277869285  2.09343883e-05  1.97176461e-05
  45     1      50               0      46.6207999      47.8181252      27.7684721      1661.52621       0.1287824     0.126104038
          wgpu 1d 141g 208c x3w 4ms | egraph 58g->62v+0snap 12ms | graft 29 (-104n, 0 snap) cpu 0 | f64 20 | gen 0.2s | dropped inexpr 21 oversz 0 unbuild 0 {}
  46     0     100               0     0.268658292      0.28192117      1.07906868      1.07743929  0.000742124966  0.000743471181
  46     1      50               0      46.6207994      47.8181267      27.7684752      1661.52622     0.128782398     0.126104042
          wgpu 1d 184g 262c x3w 4ms | egraph 62g->116v+0snap 13ms | graft 51 (-216n, 0 snap) cpu 0 | f64 20 | gen 0.3s | dropped inexpr 32 oversz 0 unbuild 0 {}
  47     0     100               0   0.00171183806    0.0017735754    0.0719609801   0.00181786152  4.72867505e-06  4.67720178e-06
  47     1      50               0      46.6207999      47.8181252      27.7684721      1661.52621       0.1287824     0.126104038
          wgpu 1d 166g 236c x3w 4ms | egraph 57g->90v+0snap 12ms | graft 40 (-188n, 0 snap) cpu 0 | f64 20 | gen 0.3s | dropped inexpr 28 oversz 0 unbuild 0 {}
  48     0     100               0   0.00171183806    0.0017735754    0.0719609801   0.00181786152  4.72867505e-06  4.67720178e-06
  48     1      50               0      46.6207999      47.8181252      27.7684721      1661.52621       0.1287824     0.126104038
          wgpu 1d 136g 213c x3w 3ms | egraph 42g->67v+0snap 9ms | graft 27 (-101n, 0 snap) cpu 0 | f64 20 | gen 0.4s | dropped inexpr 23 oversz 0 unbuild 0 {}
  49     0     100               0  3.03524094e-29  3.68062777e-29  2.84217094e-14  3.65755359e-28  8.38436089e-32  9.70640366e-32
  49     1      50               0      21.4605767      22.3591828      14.7281284      979.168158    0.0592813631    0.0589647386
          wgpu 1d 171g 266c x3w 4ms | egraph 62g->120v+0snap 14ms | graft 42 (-174n, 0 snap) cpu 0 | f64 20 | gen 0.3s | dropped inexpr 35 oversz 0 unbuild 0 {}

*** Early stop at generation 49: best val_R² = 1.0000000000 ≥ 0.9999999990, holdout_R² = 1.0000000000 confirmed

This sub-run: 2026-09-19 05:58:12.319080 → 2026-09-19 05:58:21.715171
Now at generation 49 (HOF size: 31)
[join] 54 dispatches, 6,226 genes, 29,853 candidates scored in 0.22s GPU+host; e-graph 2,140 trees -> 2,327 variants + 0 snaps in 0.57s; 1,201 grafts (0 snap), 4,052 nodes removed; cpu-path individuals 0, f64-rejected 0, snaps refused for naming an input 0
[join]   inexpressible:    184  no pset token for semantic id "pow" with arity 2
  HFF-chosen LSM kept: a=-1, b=0.180101
Chromosome wrapper: id=0  →  identity
hof[0] runtime val: mse=1.612e-29  R²=1.000000
Pre-snap expression (after sympify + LSM compose):
  1.0*g*m*z - 0.333333333333333*cos(1) + 0.180100768622715

Per-level snap results (before MSE scoring):
  strict      →  g*m*z
  default     →  g*m*z
  aggressive  →  g*m*z

Snap-level comparison (sorted by holdout MSE, lowest first)
------------------------------------------------------------------------------------------
  level       MSE            R²         expression                                        
------------------------------------------------------------------------------------------
★ strict      3.239e-30      1.0000     g*m*z                                             
  default     3.239e-30      1.0000     g*m*z                                             
  aggressive  3.239e-30      1.0000     g*m*z                                             

Winning snap level: 'strict'  →  g*m*z

Canonical discovered expression: g*m*z
[38;2;0;50;255m
############################################################ [38;2;255;255;255m
[38;2;0;50;255m Equation Recovery: I_14_3 [38;2;255;255;255m
[38;2;0;50;255m Truth: m*g*z [38;2;255;255;255m
[38;2;0;50;255m [38;2;255;255;255m
[38;2;255;0;255m     Exact recovery     : True [38;2;255;255;255m
[38;2;255;0;255m     Numerical recovery : True (max rel_err 0.00e+00 on 10k samples) [38;2;255;255;255m
[38;2;255;0;255m     Discovered         : g*m*z [38;2;255;255;255m
[38;2;255;0;255m     LSM (a, b)         : (-1, 0.180101) [38;2;255;255;255m
[38;2;0;50;255m
############################################################ [38;2;255;255;255m
In-range holdout : MSE=2.265e-29  MAE=2.92e-15  R²=1.0000
Extrapolation    : MSE=1.024e-28  MAE=5.631e-15  R²=1.0000

Top 10 HOF models (north_pole=truenorth) (★ = Pareto-optimal)
(deduped HOF: 4 unique chromosomes from 31 raw HOF entries)
 ----------------------------------------------------------------------------------------------------------------
       model     wrapper      length   train_mse     val_mse     max_err    train_r2      val_r2 angular_distance
 ----------------------------------------------------------------------------------------------------------------
★           0    identity          20      0.0000      0.0000      0.0000      1.0000      1.0000      0.0000
           28    identity           3     46.6208     47.8181     27.7685      0.8712      0.8739      1.5708
           27    identity           3     46.6208     47.8181     27.7685      0.8712      0.8739      1.5708
           11    identity           3     46.6208     47.8181     27.7685      0.8712      0.8739      1.5708

Pareto-optimal in top 4: 1    Pareto-optimal in full HOF: 1 / 4

Recovery sweep across 4/4 unique HOF chromosomes (capped):
  Structural / exact     : 1/4  (25.0%)
  Numerical (≤1e-6 err)  : 1/4  (25.0%)
{
    "date": "2026/09/19",
    "seed": "5",
    "task": "equation_recovery",
    "north_pole_method": "truenorth",
    "hff_include_val": true,
    "problem": "I_14_3",
    "truth_expr": "m*g*z",
    "final_terminal_inputs": [
        "m",
        "g",
        "z"
    ],
    "wide_primitives": true,
    "head_length": "48",
    "n_genes": "3",
    "rnc_array_length": "10",
    "tournament size": "intake=8, champion=5",
    "population size": "150",
    "population per island": "intake=100, champion=50",
    "gpu_join": true,
    "eclass_k": 8,
    "number of elites": "2",
    "number of generations": "400",
    "number of islands": "2",
    "migration FREQ": "30",
    "wrapper_id": 0,
    "wrapper_name": "identity",
    "recovery_exact": true,
    "recovery_numerical": true,
    "recovery_max_rel_err": 0.0,
    "discovered_expr": "g*m*z",
    "holdout_mse": 2.2647210512763721e-29,
    "holdout_r2": 1.0,
    "extrap_mse": 1.024493657610528e-28,
    "extrap_r2": 1.0,
    "hof_size": 4,
    "hof_exact_recoveries": 1,
    "hof_numerical_recoveries": 1
}
