/opt/anaconda3/lib/python3.12/site-packages/geppy/__init__.py:26: UserWarning: pkg_resources is deprecated as an API. See https://setuptools.pypa.io/en/latest/pkg_resources.html. The pkg_resources package is slated for removal as early as 2025-11-30. Refrain from using this package or pin to Setuptools<81.
  from pkg_resources import get_distribution, DistributionNotFound
hff library OK (test fitness: (0.1415394733244273,))
registry: ['circle_area', 'gravity', 'coulomb', 'pendulum', 'keplers3', 'ideal_gas', 'I_6_2a', 'I_6_2', 'I_6_2b', 'I_8_14', 'I_9_18', 'I_10_7', 'I_11_19', 'I_12_1', 'I_12_2', 'I_12_4', 'I_12_5', 'I_12_11', 'I_13_4', 'I_13_12', 'I_14_3', 'I_14_4', 'I_15_3x', 'I_15_3t', 'I_15_1', 'I_16_6', 'I_18_4', 'I_18_12', 'I_18_14', 'I_24_6', 'I_25_13', 'I_26_2', 'I_27_6', 'I_29_4', 'I_29_16', 'I_30_3', 'I_30_5', 'I_32_5', 'I_32_17', 'I_34_8', 'I_34_1', 'I_34_14', 'I_34_27', 'I_37_4', 'I_38_12', 'I_39_1', 'I_39_11', 'I_39_22', 'I_40_1', 'I_41_16', 'I_43_16', 'I_43_31', 'I_43_43', 'I_44_4', 'I_47_23', 'I_48_2', 'I_50_26', 'II_2_42', 'II_3_24', 'II_4_23', 'II_6_11', 'II_6_15a', 'II_6_15b', 'II_8_7', 'II_8_31', 'II_10_9', 'II_11_3', 'II_11_17', 'II_11_20', 'II_11_27', 'II_11_28', 'II_13_17', 'II_13_23', 'II_13_34', 'II_15_4', 'II_15_5', 'II_21_32', 'II_24_17', 'II_27_16', 'II_27_18', 'II_34_2a', 'II_34_2', 'II_34_11', 'II_34_29a', 'II_34_29b', 'II_35_18', 'II_35_21', 'II_36_38', 'II_37_1', 'II_38_3', 'II_38_14', 'III_4_32', 'III_4_33', 'III_7_38', 'III_8_54', 'III_9_52', 'III_10_19', 'III_12_43', 'III_13_18', 'III_14_14', 'III_15_12', 'III_15_14', 'III_15_27', 'III_17_37', 'III_19_51', 'III_21_20', 'test_1', 'test_2', 'test_3', 'test_4', 'test_5', 'test_6', 'test_7', 'test_8', 'test_9', 'test_10', 'test_11', 'test_12', 'test_13', 'test_14', 'test_15', 'test_16', 'test_17', 'test_18', 'test_19', 'test_20']
[feynman override] head_length=48 (keep n_genes=3, avgval linker)
Selected problem: I_14_3
  Description : Feynman I-III I.14.3: U = m*g*z
  Variables   : ['m', 'g', 'z']
  Train range : {'m': (1.0, 5.0), 'g': (1.0, 5.0), 'z': (1.0, 5.0)}
  Extrap range: {'m': (1.0, 7.5), 'g': (1.0, 7.5), 'z': (1.0, 7.5)}
  Truth       : m*g*z
  ✓ cache hit  (data/equations/I_14_3, key=8a1f90d1a09f3679)
  train           (800, 4)  target range=[1.665, 103.6]
  val             (200, 4)  target range=[2.599, 97.39]
  holdout         (200, 4)  target range=[2.309, 96.07]
  extrapolation   (200, 4)  target range=[4.279, 295.7]
  saved figure → data/figures/I_14_3/eda_pairplot.png
Wide primitive set enabled: sin, cos, exp, log added.
[E22 rules] variable pattern tags: {'no_pattern'}
[E22/23 rules] static candidate count: 1
  [sum_sq_all/sum_sq] a=1.4384 b=-1.7630e+01 1-R²_va=1.5694e-01
[fuller] gene operators ACTIVE (denoise=0.2 physics=0.2 snap=1.0 concretize=0.05)
Wrapper scope: per_island  (island → wrapper map: ['identity', 'identity'])
Genes: head_length=48, n_genes=3, rnc_array_length=10
Population size: 25, tournament: 3, elites: 2, generations: 400, migration FREQ: 30
  pump per-island sizes: intake=500 (tournsize=40), champion=250 (tournsize=25)
Initialising evolution at 2026-09-19 01:50:14.771897
 gen  deme   evals     min fitness          mse_tr          mse_va         max_err      mse_extrap  one_minus_r2_tr  one_minus_r2_va
   0     0     500               0  8.47068549e-05  2.49085042e-05     0.059164435  1.16006633e-06   2.3398895e-07  6.56877066e-08
   0     1     250               0      24.4225793      20.5728269      12.5720955      719.910602    0.0674634148    0.0542538325
Extending evolution: gen 1 → 400 (+400 generations)
/Users/andrewmorgan/Dev/gamakon/hff/notebooks/_snap_op.py:147: RuntimeWarning: overflow encountered in square
  return 1.0 - float(np.mean((y - p) ** 2)) / var
/Users/andrewmorgan/Dev/gamakon/hff/notebooks/v1.0.4_Multidemic_SymbolicEquationRecovery.py:1744: RuntimeWarning: overflow encountered in square
  mse_extrap = float(np.mean((Y_extrap - pred_extr) ** 2))
/Users/andrewmorgan/Dev/gamakon/hff/notebooks/v1.0.4_Multidemic_SymbolicEquationRecovery.py:1744: RuntimeWarning: overflow encountered in square
  mse_extrap = float(np.mean((Y_extrap - pred_extr) ** 2))
/Users/andrewmorgan/Dev/gamakon/hff/notebooks/v1.0.4_Multidemic_SymbolicEquationRecovery.py:1744: RuntimeWarning: overflow encountered in square
  mse_extrap = float(np.mean((Y_extrap - pred_extr) ** 2))
/Users/andrewmorgan/Dev/gamakon/hff/notebooks/v1.0.4_Multidemic_SymbolicEquationRecovery.py:1744: RuntimeWarning: overflow encountered in square
  mse_extrap = float(np.mean((Y_extrap - pred_extr) ** 2))
/Users/andrewmorgan/Dev/gamakon/hff/notebooks/v1.0.4_Multidemic_SymbolicEquationRecovery.py:1744: RuntimeWarning: overflow encountered in square
  mse_extrap = float(np.mean((Y_extrap - pred_extr) ** 2))
/Users/andrewmorgan/Dev/gamakon/hff/notebooks/v1.0.4_Multidemic_SymbolicEquationRecovery.py:1744: RuntimeWarning: overflow encountered in square
  mse_extrap = float(np.mean((Y_extrap - pred_extr) ** 2))
/Users/andrewmorgan/Dev/gamakon/hff/notebooks/v1.0.4_Multidemic_SymbolicEquationRecovery.py:1744: RuntimeWarning: overflow encountered in square
  mse_extrap = float(np.mean((Y_extrap - pred_extr) ** 2))
   1     0     500               0  8.47068549e-05  2.49085042e-05     0.059164435  1.16006633e-06   2.3398895e-07  6.56877066e-08
   1     1     250               0      24.4225793      20.5728269      12.5720955      719.910602    0.0674634148    0.0542538325
/Users/andrewmorgan/Dev/gamakon/hff/notebooks/_snap_op.py:147: RuntimeWarning: overflow encountered in square
  return 1.0 - float(np.mean((y - p) ** 2)) / var
/Users/andrewmorgan/Dev/gamakon/hff/notebooks/v1.0.4_Multidemic_SymbolicEquationRecovery.py:1744: RuntimeWarning: overflow encountered in square
  mse_extrap = float(np.mean((Y_extrap - pred_extr) ** 2))
   2     0     500               0  9.03890328e-06  1.21393857e-06   0.00891017387  2.09827637e-07  2.49685045e-08  3.20135003e-09
/Users/andrewmorgan/Dev/gamakon/hff/notebooks/v1.0.4_Multidemic_SymbolicEquationRecovery.py:1744: RuntimeWarning: overflow encountered in square
  mse_extrap = float(np.mean((Y_extrap - pred_extr) ** 2))
<string>:1: RuntimeWarning: overflow encountered in scalar multiply
   2     1     250               0       12.181665      11.7491075      13.1813838       653.70134    0.0336498743    0.0309842743
/Users/andrewmorgan/Dev/gamakon/hff/notebooks/_snap_op.py:147: RuntimeWarning: overflow encountered in square
  return 1.0 - float(np.mean((y - p) ** 2)) / var
/Users/andrewmorgan/Dev/gamakon/hff/notebooks/v1.0.4_Multidemic_SymbolicEquationRecovery.py:1744: RuntimeWarning: overflow encountered in square
  mse_extrap = float(np.mean((Y_extrap - pred_extr) ** 2))
/Users/andrewmorgan/Dev/gamakon/hff/notebooks/v1.0.4_Multidemic_SymbolicEquationRecovery.py:1744: RuntimeWarning: overflow encountered in square
  mse_extrap = float(np.mean((Y_extrap - pred_extr) ** 2))
   3     0     500               0  9.03890328e-06  1.21393857e-06   0.00891017387  2.09827637e-07  2.49685045e-08  3.20135003e-09
   3     1     250               0       11.594244      11.3576902      12.6857342      841.399156    0.0320272188    0.0299520443
/Users/andrewmorgan/Dev/gamakon/hff/notebooks/_snap_op.py:147: RuntimeWarning: overflow encountered in square
  return 1.0 - float(np.mean((y - p) ** 2)) / var
/Users/andrewmorgan/Dev/gamakon/hff/notebooks/v1.0.4_Multidemic_SymbolicEquationRecovery.py:1744: RuntimeWarning: overflow encountered in square
  mse_extrap = float(np.mean((Y_extrap - pred_extr) ** 2))
/Users/andrewmorgan/Dev/gamakon/hff/notebooks/v1.0.4_Multidemic_SymbolicEquationRecovery.py:1744: RuntimeWarning: overflow encountered in square
  mse_extrap = float(np.mean((Y_extrap - pred_extr) ** 2))
   4     0     500               0  1.43087833e-06  5.99672766e-07   0.00703095588  6.32669247e-07  3.95256935e-09  1.58143292e-09
   4     1     250               0       11.594244      11.3576902      12.6857342      841.399156    0.0320272188    0.0299520443
/Users/andrewmorgan/Dev/gamakon/hff/notebooks/_snap_op.py:147: RuntimeWarning: overflow encountered in square
  return 1.0 - float(np.mean((y - p) ** 2)) / var
   5     0     500               0  2.13003353e-28   1.5192968e-28  7.01660952e-14  4.38018962e-28  5.88387221e-31  4.00662848e-31
   5     1     250               0       11.594244      11.3576902      12.6857342      841.399156    0.0320272188    0.0299520443

*** Early stop at generation 5: best val_R² = 1.0000000000 ≥ 0.9999999990, holdout_R² = 1.0000000000 confirmed

This sub-run: 2026-09-19 01:50:15.633448 → 2026-09-19 01:52:03.681083
Now at generation 5 (HOF size: 31)
  HFF-chosen LSM kept: a=1, b=-3.993e-15
Chromosome wrapper: id=1  →  log_abs
hof[0] runtime val: mse=1.519e-28  R²=1.000000
Pre-snap expression (after sympify + LSM compose):
  1.0*g*m*z - 3.99300217782334e-15

Per-level snap results (before MSE scoring):
  strict      →  g*m*z
  default     →  g*m*z
  aggressive  →  g*m*z

Snap-level comparison (sorted by holdout MSE, lowest first)
------------------------------------------------------------------------------------------
  level       MSE            R²         expression                                        
------------------------------------------------------------------------------------------
★ strict      3.239e-30      1.0000     g*m*z                                             
  default     3.239e-30      1.0000     g*m*z                                             
  aggressive  3.239e-30      1.0000     g*m*z                                             

Winning snap level: 'strict'  →  g*m*z

Canonical discovered expression: g*m*z
[38;2;0;50;255m
############################################################ [38;2;255;255;255m
[38;2;0;50;255m Equation Recovery: I_14_3 [38;2;255;255;255m
[38;2;0;50;255m Truth: m*g*z [38;2;255;255;255m
[38;2;0;50;255m [38;2;255;255;255m
[38;2;255;0;255m     Exact recovery     : True [38;2;255;255;255m
[38;2;255;0;255m     Numerical recovery : True (max rel_err 0.00e+00 on 10k samples) [38;2;255;255;255m
[38;2;255;0;255m     Discovered         : g*m*z [38;2;255;255;255m
[38;2;255;0;255m     LSM (a, b)         : (1, -3.993e-15) [38;2;255;255;255m
[38;2;0;50;255m
############################################################ [38;2;255;255;255m
In-range holdout : MSE=1.936e-28  MAE=9.963e-15  R²=1.0000
Extrapolation    : MSE=4.38e-28  MAE=1.539e-14  R²=1.0000

Top 10 HOF models (north_pole=truenorth) (★ = Pareto-optimal)
(deduped HOF: 9 unique chromosomes from 31 raw HOF entries)
 ----------------------------------------------------------------------------------------------------------------
       model     wrapper      length   train_mse     val_mse     max_err    train_r2      val_r2 angular_distance
 ----------------------------------------------------------------------------------------------------------------
★           0     log_abs          18      0.0000      0.0000      0.0000      1.0000      1.0000      0.0000
           25     log_abs          17      0.0000      0.0000      0.0070      1.0000      1.0000      0.0003
           28     log_abs          16      0.0000      0.0000      0.0089      1.0000      1.0000      0.0004
           30     log_abs          20      0.0001      0.0000      0.0592      1.0000      1.0000      0.0028
           22    identity          24      4.4521      4.5232      7.3684      0.9877      0.9881      0.4397
           24     log_abs          27     11.5942     11.3577     12.6857      0.9680      0.9700      0.9239
           26     log_abs          24     12.1817     11.7491     13.1814      0.9664      0.9690      0.9643
           27     log_abs          24     12.1817     11.7491     13.1814      0.9664      0.9690      0.9643
           29     log_abs          27     24.4226     20.5728     12.5721      0.9325      0.9457      1.5527

Pareto-optimal in top 9: 1    Pareto-optimal in full HOF: 1 / 9
[fuller-stats] {'denoise': {'calls': 764, 'resolved_rnc': 2292}, 'physics': {'calls': 777, 'generated': 1754, 'swapped_genes': 519, 'rule_E3': 387, 'spec_gated_in': 387, 'swapped_individuals': 417, 'rule_F': 132}, 'snap': {'calls': 3730, 'candidates_seen': 11013, 'no_baseline': 59}, 'concretize': {'calls': 180}}
[fuller-stats] {'denoise': {'calls': 764, 'resolved_rnc': 2292}, 'physics': {'calls': 777, 'generated': 1754, 'swapped_genes': 519, 'rule_E3': 387, 'spec_gated_in': 387, 'swapped_individuals': 417, 'rule_F': 132}, 'snap': {'calls': 3730, 'candidates_seen': 11013, 'no_baseline': 59}, 'concretize': {'calls': 180}}
[fuller-stats] {'denoise': {'calls': 764, 'resolved_rnc': 2292}, 'physics': {'calls': 777, 'generated': 1754, 'swapped_genes': 519, 'rule_E3': 387, 'spec_gated_in': 387, 'swapped_individuals': 417, 'rule_F': 132}, 'snap': {'calls': 3730, 'candidates_seen': 11013, 'no_baseline': 59}, 'concretize': {'calls': 180}}
<lambdifygenerated-133>:2: RuntimeWarning: invalid value encountered in log
  return -g*m*z + 1.00000248598216*log((1/3)*(g*(exp(g*m*z) + log(m)) - 0.514544995470342)/g) + (2/3)*exp(1/2)
[fuller-stats] {'denoise': {'calls': 764, 'resolved_rnc': 2292}, 'physics': {'calls': 777, 'generated': 1754, 'swapped_genes': 519, 'rule_E3': 387, 'spec_gated_in': 387, 'swapped_individuals': 417, 'rule_F': 132}, 'snap': {'calls': 3730, 'candidates_seen': 11013, 'no_baseline': 59}, 'concretize': {'calls': 180}}
<lambdifygenerated-137>:2: RuntimeWarning: invalid value encountered in log
  return -g*m*z + 1.00000734630959*log((1/3)*(g*(g + exp(g*m*z)) + log(log((1/2)*g*log(4*m/z))))/g) + (2/3)*exp(1/2)
[fuller-stats] {'denoise': {'calls': 764, 'resolved_rnc': 2292}, 'physics': {'calls': 777, 'generated': 1754, 'swapped_genes': 519, 'rule_E3': 387, 'spec_gated_in': 387, 'swapped_individuals': 417, 'rule_F': 132}, 'snap': {'calls': 3730, 'candidates_seen': 11013, 'no_baseline': 59}, 'concretize': {'calls': 180}}
[fuller-stats] {'denoise': {'calls': 764, 'resolved_rnc': 2292}, 'physics': {'calls': 777, 'generated': 1754, 'swapped_genes': 519, 'rule_E3': 387, 'spec_gated_in': 387, 'swapped_individuals': 417, 'rule_F': 132}, 'snap': {'calls': 3730, 'candidates_seen': 11013, 'no_baseline': 59}, 'concretize': {'calls': 180}}
<lambdifygenerated-146>:2: RuntimeWarning: invalid value encountered in log
  return -g*m*z + 2.90304391269164*log((2/3)*g + (1/3)*exp(sqrt(2)*sqrt(g*m*(z*(z + sin(g/log(z*(g - 9)))) + 5)))) - 18.1615667727053
[fuller-stats] {'denoise': {'calls': 764, 'resolved_rnc': 2292}, 'physics': {'calls': 777, 'generated': 1754, 'swapped_genes': 519, 'rule_E3': 387, 'spec_gated_in': 387, 'swapped_individuals': 417, 'rule_F': 132}, 'snap': {'calls': 3730, 'candidates_seen': 11013, 'no_baseline': 59}, 'concretize': {'calls': 180}}
[fuller-stats] {'denoise': {'calls': 764, 'resolved_rnc': 2292}, 'physics': {'calls': 777, 'generated': 1754, 'swapped_genes': 519, 'rule_E3': 387, 'spec_gated_in': 387, 'swapped_individuals': 417, 'rule_F': 132}, 'snap': {'calls': 3730, 'candidates_seen': 11013, 'no_baseline': 59}, 'concretize': {'calls': 180}}
[fuller-stats] {'denoise': {'calls': 764, 'resolved_rnc': 2292}, 'physics': {'calls': 777, 'generated': 1754, 'swapped_genes': 519, 'rule_E3': 387, 'spec_gated_in': 387, 'swapped_individuals': 417, 'rule_F': 132}, 'snap': {'calls': 3730, 'candidates_seen': 11013, 'no_baseline': 59}, 'concretize': {'calls': 180}}
<lambdifygenerated-158>:2: RuntimeWarning: invalid value encountered in log
  return -g*m*z + 3.04743049030141*log((2/3)*g + (1/3)*exp(sqrt(2)*sqrt(g*m*(z*(z + sin(sin(exp(z))/log(g - 6))) + 5)))) - 16.3872620434324

Recovery sweep across 9/9 unique HOF chromosomes (capped):
  Structural / exact     : 1/9  (11.1%)
  Numerical (≤1e-6 err)  : 1/9  (11.1%)
{
    "date": "2026/09/19",
    "seed": "5",
    "task": "equation_recovery",
    "north_pole_method": "truenorth",
    "hff_include_val": true,
    "problem": "I_14_3",
    "truth_expr": "m*g*z",
    "final_terminal_inputs": [
        "m",
        "g",
        "z"
    ],
    "wide_primitives": true,
    "head_length": "48",
    "n_genes": "3",
    "rnc_array_length": "10",
    "tournament size": "3",
    "population size": "25",
    "number of elites": "2",
    "number of generations": "400",
    "number of islands": "2",
    "migration FREQ": "30",
    "wrapper_id": 1,
    "wrapper_name": "log_abs",
    "recovery_exact": true,
    "recovery_numerical": true,
    "recovery_max_rel_err": 0.0,
    "discovered_expr": "g*m*z",
    "holdout_mse": 1.9362295095810276e-28,
    "holdout_r2": 1.0,
    "extrap_mse": 4.380189619284929e-28,
    "extrap_r2": 1.0,
    "hof_size": 9,
    "hof_exact_recoveries": 1,
    "hof_numerical_recoveries": 1
}
