/opt/anaconda3/lib/python3.12/site-packages/geppy/__init__.py:26: UserWarning: pkg_resources is deprecated as an API. See https://setuptools.pypa.io/en/latest/pkg_resources.html. The pkg_resources package is slated for removal as early as 2025-11-30. Refrain from using this package or pin to Setuptools<81.
  from pkg_resources import get_distribution, DistributionNotFound
hff library OK (test fitness: (0.1415394733244273,))
registry: ['circle_area', 'gravity', 'coulomb', 'pendulum', 'keplers3', 'ideal_gas', 'I_6_2a', 'I_6_2', 'I_6_2b', 'I_8_14', 'I_9_18', 'I_10_7', 'I_11_19', 'I_12_1', 'I_12_2', 'I_12_4', 'I_12_5', 'I_12_11', 'I_13_4', 'I_13_12', 'I_14_3', 'I_14_4', 'I_15_3x', 'I_15_3t', 'I_15_1', 'I_16_6', 'I_18_4', 'I_18_12', 'I_18_14', 'I_24_6', 'I_25_13', 'I_26_2', 'I_27_6', 'I_29_4', 'I_29_16', 'I_30_3', 'I_30_5', 'I_32_5', 'I_32_17', 'I_34_8', 'I_34_1', 'I_34_14', 'I_34_27', 'I_37_4', 'I_38_12', 'I_39_1', 'I_39_11', 'I_39_22', 'I_40_1', 'I_41_16', 'I_43_16', 'I_43_31', 'I_43_43', 'I_44_4', 'I_47_23', 'I_48_2', 'I_50_26', 'II_2_42', 'II_3_24', 'II_4_23', 'II_6_11', 'II_6_15a', 'II_6_15b', 'II_8_7', 'II_8_31', 'II_10_9', 'II_11_3', 'II_11_17', 'II_11_20', 'II_11_27', 'II_11_28', 'II_13_17', 'II_13_23', 'II_13_34', 'II_15_4', 'II_15_5', 'II_21_32', 'II_24_17', 'II_27_16', 'II_27_18', 'II_34_2a', 'II_34_2', 'II_34_11', 'II_34_29a', 'II_34_29b', 'II_35_18', 'II_35_21', 'II_36_38', 'II_37_1', 'II_38_3', 'II_38_14', 'III_4_32', 'III_4_33', 'III_7_38', 'III_8_54', 'III_9_52', 'III_10_19', 'III_12_43', 'III_13_18', 'III_14_14', 'III_15_12', 'III_15_14', 'III_15_27', 'III_17_37', 'III_19_51', 'III_21_20', 'test_1', 'test_2', 'test_3', 'test_4', 'test_5', 'test_6', 'test_7', 'test_8', 'test_9', 'test_10', 'test_11', 'test_12', 'test_13', 'test_14', 'test_15', 'test_16', 'test_17', 'test_18', 'test_19', 'test_20']
[feynman override] head_length=48 (keep n_genes=3, avgval linker)
Selected problem: I_15_3x
  Description : Feynman I-III I.15.3x: x1 = (x-u*t)/sqrt(1-u**2/c**2)
  Variables   : ['x', 'u', 'c', 't']
  Train range : {'x': (5.0, 10.0), 'u': (1.0, 2.0), 'c': (3.0, 20.0), 't': (1.0, 2.0)}
  Extrap range: {'x': (5.0, 15.0), 'u': (1.0, 3.0), 'c': (3.0, 30.0), 't': (1.0, 3.0)}
  Truth       : (x-u*t)/sqrt(1-u**2/c**2)
  ✓ cache hit  (data/equations/I_15_3x, key=d37115933e6135aa)
  train           (800, 5)  target range=[1.512, 8.818]
  val             (200, 5)  target range=[1.82, 8.959]
  holdout         (200, 5)  target range=[1.711, 9.028]
  extrapolation   (200, 5)  target range=[-1.708, 13.13]
  saved figure → data/figures/I_15_3x/eda_pairplot.png
Wide primitive set enabled: sin, cos, exp, log added.
[E22 rules] variable pattern tags: {'lorentz_pair'}
[E22/23 rules] static candidate count: 9
  [sum_sq_all/sum_sq] a=0.0011 b=5.2205e+00 1-R²_va=9.9878e-01
  [lorentz_factor/gamma(u)] a=2.0866 b=3.3282e+00 1-R²_va=1.0111e+00
  [lorentz_factor/x*gamma(u)] a=0.9757 b=-2.1076e+00 1-R²_va=1.6682e-01
  [lorentz_factor/x*u*gamma(u)] a=0.2210 b=2.8890e+00 1-R²_va=8.1911e-01
  [lorentz_factor/t*gamma(u)] a=-1.3850 b=7.5835e+00 1-R²_va=9.4662e-01
  [lorentz_factor/t*u*gamma(u)] a=-0.8668 b=7.4522e+00 1-R²_va=8.5969e-01
  [lorentz_factor/(x-u*t)*gamma(u)] a=1.0000 b=8.8323e-17 1-R²_va=8.8003e-31
  [doppler_ratio/1/(1-u/c)] a=0.3040 b=5.0865e+00 1-R²_va=1.0104e+00
  [doppler_ratio/1/(1+u/c)] a=-0.6699 b=6.0369e+00 1-R²_va=1.0090e+00
[fuller] gene operators ACTIVE (denoise=0.2 physics=0.2 snap=1.0 concretize=0.05)
Wrapper scope: per_island  (island → wrapper map: ['identity', 'identity'])
Genes: head_length=48, n_genes=3, rnc_array_length=10
Population size: 25, tournament: 3, elites: 2, generations: 400, migration FREQ: 30
  pump per-island sizes: intake=500 (tournsize=40), champion=250 (tournsize=25)
Initialising evolution at 2026-09-19 01:50:42.073477
/Users/andrewmorgan/Dev/gamakon/hff/notebooks/v1.0.4_Multidemic_SymbolicEquationRecovery.py:1744: RuntimeWarning: overflow encountered in square
  mse_extrap = float(np.mean((Y_extrap - pred_extr) ** 2))
 gen  deme   evals     min fitness          mse_tr          mse_va         max_err      mse_extrap  one_minus_r2_tr  one_minus_r2_va
   0     0     500               0  2.20751631e-30  2.33823303e-30  5.32907052e-15  3.53875285e-30   8.7441487e-31  8.80025265e-31
   0     1     250               0  2.20751631e-30  2.33823303e-30  5.32907052e-15  3.53875285e-30   8.7441487e-31  8.80025265e-31
Extending evolution: gen 1 → 400 (+400 generations)
/Users/andrewmorgan/Dev/gamakon/hff/notebooks/_snap_op.py:147: RuntimeWarning: overflow encountered in square
  return 1.0 - float(np.mean((y - p) ** 2)) / var
   1     0     500               0  2.20751631e-30  2.33823303e-30  5.32907052e-15  3.53875285e-30   8.7441487e-31  8.80025265e-31
/Users/andrewmorgan/Dev/gamakon/hff/notebooks/_snap_op.py:147: RuntimeWarning: overflow encountered in square
  return 1.0 - float(np.mean((y - p) ** 2)) / var
   1     1     250               0  2.20751631e-30  2.33823303e-30  5.32907052e-15  3.53875285e-30   8.7441487e-31  8.80025265e-31
  early-stop: rule (x-u*t)*gamma(u) confirmed on holdout (R²=1.0000000000)

*** Early stop at generation 1: best val_R² = 1.0000000000 ≥ 0.9999999990, holdout_R² = 1.0000000000 confirmed

This sub-run: 2026-09-19 01:50:42.817208 → 2026-09-19 01:51:01.838435
Now at generation 1 (HOF size: 31)
>>> hof[0] won via static RULE: lorentz_factor/(x-u*t)*gamma(u)
    rule sym_expr: (-t*u + x)/sqrt(1 - u**2/c**2)
  HFF-chosen LSM kept: a=1, b=8.83233e-17
Chromosome wrapper: id=0  →  identity
hof[0] runtime val: mse=7.554e+00  R²=-1.843187
Pre-snap expression (after sympify + LSM compose):
  8.8323291705834e-17 + 1.0*(-t*u + x)/sqrt(1 - u**2/c**2)

Per-level snap results (before MSE scoring):
  strict      →  (-t*u + x)/sqrt(1 - u**2/c**2)
  default     →  (-t*u + x)/sqrt(1 - u**2/c**2)
  aggressive  →  (-t*u + x)/sqrt(1 - u**2/c**2)

Snap-level comparison (sorted by holdout MSE, lowest first)
------------------------------------------------------------------------------------------
  level       MSE            R²         expression                                        
------------------------------------------------------------------------------------------
★ strict      3.444e-31      1.0000     (-t*u + x)/sqrt(1 - u**2/c**2)                    
  default     3.444e-31      1.0000     (-t*u + x)/sqrt(1 - u**2/c**2)                    
  aggressive  3.444e-31      1.0000     (-t*u + x)/sqrt(1 - u**2/c**2)                    

Winning snap level: 'strict'  →  (-t*u + x)/sqrt(1 - u**2/c**2)

Canonical discovered expression: (-t*u + x)/sqrt(1 - u**2/c**2)
[38;2;0;50;255m
############################################################ [38;2;255;255;255m
[38;2;0;50;255m Equation Recovery: I_15_3X [38;2;255;255;255m
[38;2;0;50;255m Truth: (x-u*t)/sqrt(1-u**2/c**2) [38;2;255;255;255m
[38;2;0;50;255m [38;2;255;255;255m
[38;2;255;0;255m     Exact recovery     : True [38;2;255;255;255m
[38;2;255;0;255m     Numerical recovery : True (max rel_err 0.00e+00 on 10k samples) [38;2;255;255;255m
[38;2;255;0;255m     Discovered         : (-t*u + x)/sqrt(1 - u**2/c**2) [38;2;255;255;255m
[38;2;255;0;255m     LSM (a, b)         : (1, 8.83233e-17) [38;2;255;255;255m
[38;2;0;50;255m
############################################################ [38;2;255;255;255m
In-range holdout : MSE=2.034e-30  MAE=1.213e-15  R²=1.0000
Extrapolation    : MSE=3.408e-30  MAE=1.397e-15  R²=1.0000

Top 10 HOF models (north_pole=truenorth) (★ = Pareto-optimal)
(deduped HOF: 30 unique chromosomes from 31 raw HOF entries)
 ----------------------------------------------------------------------------------------------------------------
       model     wrapper      length   train_mse     val_mse     max_err    train_r2      val_r2 angular_distance
 ----------------------------------------------------------------------------------------------------------------
★          27     log_abs           8      1.4409      1.6041      2.5666      0.4292      0.3963      0.0000
           23     log_abs           9      1.4441      1.6076      2.5696      0.4280      0.3949      0.0002
            2     log_abs          15      7.3404      6.6688      6.2922     -1.9076     -1.5099      0.2282
           17     log_abs           4     14.8197     14.0910      7.3675     -4.8702     -4.3033      0.4050
           24     log_abs           3     16.2114     15.2843      7.0093     -5.4215     -4.7525      0.4235
           14     log_abs           9     16.2177     15.4365      7.7191     -5.4240     -4.8098      0.4442
            3     log_abs          22     15.7033     15.0634      8.1331     -5.2202     -4.6693      0.4469
           29     log_abs          15     17.7348     16.8136      7.4546     -6.0249     -5.3280      0.4690
           21     log_abs           3     19.9240     18.8298      7.5339     -6.8920     -6.0869      0.5190
           30     log_abs           4     19.0689     18.2703      8.3691     -6.5534     -5.8763      0.5241

Pareto-optimal in top 10: 1    Pareto-optimal in full HOF: 1 / 30
[fuller-stats] {'denoise': {'calls': 142, 'resolved_rnc': 426}, 'physics': {'calls': 141, 'generated': 411, 'swapped_genes': 129, 'rule_E3': 88, 'spec_gated_in': 88, 'swapped_individuals': 95, 'rule_F': 40, 'rule_TR10-cos': 1}, 'snap': {'calls': 746, 'candidates_seen': 2220, 'no_baseline': 6}, 'concretize': {'calls': 42, 'individuals_changed': 36}}
<lambdifygenerated-129>:2: RuntimeWarning: divide by zero encountered in divide
  return (t*u - x + sqrt((c**2 - u**2)/c**2)*(1.02101256295088*log((1/3)*t + (1/3)*u + (1/3)*exp(x)) - 1.16560897680183))/sqrt((c**2 - u**2)/c**2)
<lambdifygenerated-129>:2: RuntimeWarning: invalid value encountered in divide
  return (t*u - x + sqrt((c**2 - u**2)/c**2)*(1.02101256295088*log((1/3)*t + (1/3)*u + (1/3)*exp(x)) - 1.16560897680183))/sqrt((c**2 - u**2)/c**2)
[fuller-stats] {'denoise': {'calls': 142, 'resolved_rnc': 426}, 'physics': {'calls': 141, 'generated': 411, 'swapped_genes': 129, 'rule_E3': 88, 'spec_gated_in': 88, 'swapped_individuals': 95, 'rule_F': 40, 'rule_TR10-cos': 1}, 'snap': {'calls': 746, 'candidates_seen': 2220, 'no_baseline': 6}, 'concretize': {'calls': 42, 'individuals_changed': 36}}
<lambdifygenerated-133>:2: RuntimeWarning: divide by zero encountered in divide
  return t*u/sqrt(1 - u**2/c**2) - x/sqrt(1 - u**2/c**2) + 1.02248948293927*log((1/3)*exp(x) + 5/3 - 1/6*log(x)/u) - 1.17694736022704
<lambdifygenerated-133>:2: RuntimeWarning: invalid value encountered in subtract
  return t*u/sqrt(1 - u**2/c**2) - x/sqrt(1 - u**2/c**2) + 1.02248948293927*log((1/3)*exp(x) + 5/3 - 1/6*log(x)/u) - 1.17694736022704
[fuller-stats] {'denoise': {'calls': 142, 'resolved_rnc': 426}, 'physics': {'calls': 141, 'generated': 411, 'swapped_genes': 129, 'rule_E3': 88, 'spec_gated_in': 88, 'swapped_individuals': 95, 'rule_F': 40, 'rule_TR10-cos': 1}, 'snap': {'calls': 746, 'candidates_seen': 2220, 'no_baseline': 6}, 'concretize': {'calls': 42, 'individuals_changed': 36}}
<lambdifygenerated-137>:2: RuntimeWarning: divide by zero encountered in divide
  return (t*u - x + sqrt((c**2 - u**2)/c**2)*(0.576422408970787*log((1/3)*(8.39495883417946*c + (-t + sin(t))*exp(x))/c) + 3.66012329309691))/sqrt((c**2 - u**2)/c**2)
<lambdifygenerated-137>:2: RuntimeWarning: invalid value encountered in divide
  return (t*u - x + sqrt((c**2 - u**2)/c**2)*(0.576422408970787*log((1/3)*(8.39495883417946*c + (-t + sin(t))*exp(x))/c) + 3.66012329309691))/sqrt((c**2 - u**2)/c**2)
<lambdifygenerated-137>:2: RuntimeWarning: invalid value encountered in log
  return (t*u - x + sqrt((c**2 - u**2)/c**2)*(0.576422408970787*log((1/3)*(8.39495883417946*c + (-t + sin(t))*exp(x))/c) + 3.66012329309691))/sqrt((c**2 - u**2)/c**2)
[fuller-stats] {'denoise': {'calls': 142, 'resolved_rnc': 426}, 'physics': {'calls': 141, 'generated': 411, 'swapped_genes': 129, 'rule_E3': 88, 'spec_gated_in': 88, 'swapped_individuals': 95, 'rule_F': 40, 'rule_TR10-cos': 1}, 'snap': {'calls': 746, 'candidates_seen': 2220, 'no_baseline': 6}, 'concretize': {'calls': 42, 'individuals_changed': 36}}
<lambdifygenerated-141>:2: RuntimeWarning: divide by zero encountered in divide
  return (t*u - x + sqrt((c**2 - u**2)/c**2)*(0.756698781117107*log((1/3)*sqrt(c) + (1/3)*c + (1/3)*x) + 3.98659280681306))/sqrt((c**2 - u**2)/c**2)
<lambdifygenerated-141>:2: RuntimeWarning: invalid value encountered in divide
  return (t*u - x + sqrt((c**2 - u**2)/c**2)*(0.756698781117107*log((1/3)*sqrt(c) + (1/3)*c + (1/3)*x) + 3.98659280681306))/sqrt((c**2 - u**2)/c**2)
[fuller-stats] {'denoise': {'calls': 142, 'resolved_rnc': 426}, 'physics': {'calls': 141, 'generated': 411, 'swapped_genes': 129, 'rule_E3': 88, 'spec_gated_in': 88, 'swapped_individuals': 95, 'rule_F': 40, 'rule_TR10-cos': 1}, 'snap': {'calls': 746, 'candidates_seen': 2220, 'no_baseline': 6}, 'concretize': {'calls': 42, 'individuals_changed': 36}}
<lambdifygenerated-145>:2: RuntimeWarning: divide by zero encountered in divide
  return t*u/sqrt(1 - u**2/c**2) - x/sqrt(1 - u**2/c**2) + 7.90364727925183*log((1/3)*t + (2/3)*x) - 7.96964019634462
<lambdifygenerated-145>:2: RuntimeWarning: invalid value encountered in subtract
  return t*u/sqrt(1 - u**2/c**2) - x/sqrt(1 - u**2/c**2) + 7.90364727925183*log((1/3)*t + (2/3)*x) - 7.96964019634462
[fuller-stats] {'denoise': {'calls': 142, 'resolved_rnc': 426}, 'physics': {'calls': 141, 'generated': 411, 'swapped_genes': 129, 'rule_E3': 88, 'spec_gated_in': 88, 'swapped_individuals': 95, 'rule_F': 40, 'rule_TR10-cos': 1}, 'snap': {'calls': 746, 'candidates_seen': 2220, 'no_baseline': 6}, 'concretize': {'calls': 42, 'individuals_changed': 36}}
<lambdifygenerated-148>:2: RuntimeWarning: invalid value encountered in multiply
  return (t*u - x - inf*sqrt(1 - u**2/c**2))/sqrt(1 - u**2/c**2)
[fuller-stats] {'denoise': {'calls': 142, 'resolved_rnc': 426}, 'physics': {'calls': 141, 'generated': 411, 'swapped_genes': 129, 'rule_E3': 88, 'spec_gated_in': 88, 'swapped_individuals': 95, 'rule_F': 40, 'rule_TR10-cos': 1}, 'snap': {'calls': 746, 'candidates_seen': 2220, 'no_baseline': 6}, 'concretize': {'calls': 42, 'individuals_changed': 36}}
<lambdifygenerated-152>:2: RuntimeWarning: invalid value encountered in sqrt
  return (t*u - x + sqrt((c**2 - u**2)/c**2)*(6.69141216397314 - 0.646106405486535*log((2/3)*c + (1/3)*sqrt(u + cos(u)) + (1/3)*exp(cos(x + sqrt(log(t)))) + (1/3)*log(cos(cos(u))/c))))/sqrt((c**2 - u**2)/c**2)
<lambdifygenerated-152>:2: RuntimeWarning: invalid value encountered in divide
  return (t*u - x + sqrt((c**2 - u**2)/c**2)*(6.69141216397314 - 0.646106405486535*log((2/3)*c + (1/3)*sqrt(u + cos(u)) + (1/3)*exp(cos(x + sqrt(log(t)))) + (1/3)*log(cos(cos(u))/c))))/sqrt((c**2 - u**2)/c**2)
<lambdifygenerated-152>:2: RuntimeWarning: divide by zero encountered in divide
  return (t*u - x + sqrt((c**2 - u**2)/c**2)*(6.69141216397314 - 0.646106405486535*log((2/3)*c + (1/3)*sqrt(u + cos(u)) + (1/3)*exp(cos(x + sqrt(log(t)))) + (1/3)*log(cos(cos(u))/c))))/sqrt((c**2 - u**2)/c**2)
[fuller-stats] {'denoise': {'calls': 142, 'resolved_rnc': 426}, 'physics': {'calls': 141, 'generated': 411, 'swapped_genes': 129, 'rule_E3': 88, 'spec_gated_in': 88, 'swapped_individuals': 95, 'rule_F': 40, 'rule_TR10-cos': 1}, 'snap': {'calls': 746, 'candidates_seen': 2220, 'no_baseline': 6}, 'concretize': {'calls': 42, 'individuals_changed': 36}}
<lambdifygenerated-156>:2: RuntimeWarning: divide by zero encountered in divide
  return t*u/sqrt(1 - u**2/c**2) - x/sqrt(1 - u**2/c**2) + 4.91403373296163*log((1/9)*c + (1/3)*t + (1/3)*x + (1/3)*log(t + 2.19722457733622)) - 2.07446286046779
<lambdifygenerated-156>:2: RuntimeWarning: invalid value encountered in subtract
  return t*u/sqrt(1 - u**2/c**2) - x/sqrt(1 - u**2/c**2) + 4.91403373296163*log((1/9)*c + (1/3)*t + (1/3)*x + (1/3)*log(t + 2.19722457733622)) - 2.07446286046779
[fuller-stats] {'denoise': {'calls': 142, 'resolved_rnc': 426}, 'physics': {'calls': 141, 'generated': 411, 'swapped_genes': 129, 'rule_E3': 88, 'spec_gated_in': 88, 'swapped_individuals': 95, 'rule_F': 40, 'rule_TR10-cos': 1}, 'snap': {'calls': 746, 'candidates_seen': 2220, 'no_baseline': 6}, 'concretize': {'calls': 42, 'individuals_changed': 36}}
<lambdifygenerated-160>:2: RuntimeWarning: divide by zero encountered in divide
  return (t*u - x + sqrt((c**2 - u**2)/c**2)*(8.65044296912014*log((1/3)*t + (1/3)*u + (1/3)*x) - 5.344597854708))/sqrt((c**2 - u**2)/c**2)
<lambdifygenerated-160>:2: RuntimeWarning: invalid value encountered in divide
  return (t*u - x + sqrt((c**2 - u**2)/c**2)*(8.65044296912014*log((1/3)*t + (1/3)*u + (1/3)*x) - 5.344597854708))/sqrt((c**2 - u**2)/c**2)
[fuller-stats] {'denoise': {'calls': 142, 'resolved_rnc': 426}, 'physics': {'calls': 141, 'generated': 411, 'swapped_genes': 129, 'rule_E3': 88, 'spec_gated_in': 88, 'swapped_individuals': 95, 'rule_F': 40, 'rule_TR10-cos': 1}, 'snap': {'calls': 746, 'candidates_seen': 2220, 'no_baseline': 6}, 'concretize': {'calls': 42, 'individuals_changed': 36}}
<lambdifygenerated-164>:2: RuntimeWarning: divide by zero encountered in divide
  return (t*u - x + sqrt((c**2 - u**2)/c**2)*(6.1786993294164 - 0.500050731027884*log((1/3)*c + (1/3)*t + (1/3)*sin(t))))/sqrt((c**2 - u**2)/c**2)
<lambdifygenerated-164>:2: RuntimeWarning: invalid value encountered in divide
  return (t*u - x + sqrt((c**2 - u**2)/c**2)*(6.1786993294164 - 0.500050731027884*log((1/3)*c + (1/3)*t + (1/3)*sin(t))))/sqrt((c**2 - u**2)/c**2)
[fuller-stats] {'denoise': {'calls': 142, 'resolved_rnc': 426}, 'physics': {'calls': 141, 'generated': 411, 'swapped_genes': 129, 'rule_E3': 88, 'spec_gated_in': 88, 'swapped_individuals': 95, 'rule_F': 40, 'rule_TR10-cos': 1}, 'snap': {'calls': 746, 'candidates_seen': 2220, 'no_baseline': 6}, 'concretize': {'calls': 42, 'individuals_changed': 36}}
<lambdifygenerated-168>:2: RuntimeWarning: divide by zero encountered in divide
  return (t*u - x + sqrt((c**2 - u**2)/c**2)*(7.73811935750951*log((1/3)*x + (1/3)*exp((1/2)*t) - 1/3) - 2.68243578790701))/sqrt((c**2 - u**2)/c**2)
<lambdifygenerated-168>:2: RuntimeWarning: invalid value encountered in divide
  return (t*u - x + sqrt((c**2 - u**2)/c**2)*(7.73811935750951*log((1/3)*x + (1/3)*exp((1/2)*t) - 1/3) - 2.68243578790701))/sqrt((c**2 - u**2)/c**2)
[fuller-stats] {'denoise': {'calls': 142, 'resolved_rnc': 426}, 'physics': {'calls': 141, 'generated': 411, 'swapped_genes': 129, 'rule_E3': 88, 'spec_gated_in': 88, 'swapped_individuals': 95, 'rule_F': 40, 'rule_TR10-cos': 1}, 'snap': {'calls': 746, 'candidates_seen': 2220, 'no_baseline': 6}, 'concretize': {'calls': 42, 'individuals_changed': 36}}
<lambdifygenerated-172>:2: RuntimeWarning: divide by zero encountered in divide
  return t*u/sqrt(1 - u**2/c**2) - x/sqrt(1 - u**2/c**2) + 8.50480871796985*log(2980.95798704173*x + 3037.05920371032) - 80.7589134219844
<lambdifygenerated-172>:2: RuntimeWarning: invalid value encountered in subtract
  return t*u/sqrt(1 - u**2/c**2) - x/sqrt(1 - u**2/c**2) + 8.50480871796985*log(2980.95798704173*x + 3037.05920371032) - 80.7589134219844

Recovery sweep across 12/30 unique HOF chromosomes (capped):
  Structural / exact     : 0/12  (0.0%)
  Numerical (≤1e-6 err)  : 0/12  (0.0%)
{
    "date": "2026/09/19",
    "seed": "5",
    "task": "equation_recovery",
    "north_pole_method": "truenorth",
    "hff_include_val": true,
    "problem": "I_15_3x",
    "truth_expr": "(x-u*t)/sqrt(1-u**2/c**2)",
    "final_terminal_inputs": [
        "x",
        "u",
        "c",
        "t"
    ],
    "wide_primitives": true,
    "head_length": "48",
    "n_genes": "3",
    "rnc_array_length": "10",
    "tournament size": "3",
    "population size": "25",
    "number of elites": "2",
    "number of generations": "400",
    "number of islands": "2",
    "migration FREQ": "30",
    "wrapper_id": 0,
    "wrapper_name": "identity",
    "recovery_exact": true,
    "recovery_numerical": true,
    "recovery_max_rel_err": 0.0,
    "discovered_expr": "(-t*u + x)/sqrt(1 - u**2/c**2)",
    "holdout_mse": 2.0335355022400394e-30,
    "holdout_r2": 1.0,
    "extrap_mse": 3.40756213050971e-30,
    "extrap_r2": 1.0,
    "hof_size": 30,
    "hof_exact_recoveries": 0,
    "hof_numerical_recoveries": 0
}
