/opt/anaconda3/lib/python3.12/site-packages/geppy/__init__.py:26: UserWarning: pkg_resources is deprecated as an API. See https://setuptools.pypa.io/en/latest/pkg_resources.html. The pkg_resources package is slated for removal as early as 2025-11-30. Refrain from using this package or pin to Setuptools<81.
  from pkg_resources import get_distribution, DistributionNotFound
hff library OK (test fitness: (0.1415394733244273,))
registry: ['circle_area', 'gravity', 'coulomb', 'pendulum', 'keplers3', 'ideal_gas', 'I_6_2a', 'I_6_2', 'I_6_2b', 'I_8_14', 'I_9_18', 'I_10_7', 'I_11_19', 'I_12_1', 'I_12_2', 'I_12_4', 'I_12_5', 'I_12_11', 'I_13_4', 'I_13_12', 'I_14_3', 'I_14_4', 'I_15_3x', 'I_15_3t', 'I_15_1', 'I_16_6', 'I_18_4', 'I_18_12', 'I_18_14', 'I_24_6', 'I_25_13', 'I_26_2', 'I_27_6', 'I_29_4', 'I_29_16', 'I_30_3', 'I_30_5', 'I_32_5', 'I_32_17', 'I_34_8', 'I_34_1', 'I_34_14', 'I_34_27', 'I_37_4', 'I_38_12', 'I_39_1', 'I_39_11', 'I_39_22', 'I_40_1', 'I_41_16', 'I_43_16', 'I_43_31', 'I_43_43', 'I_44_4', 'I_47_23', 'I_48_2', 'I_50_26', 'II_2_42', 'II_3_24', 'II_4_23', 'II_6_11', 'II_6_15a', 'II_6_15b', 'II_8_7', 'II_8_31', 'II_10_9', 'II_11_3', 'II_11_17', 'II_11_20', 'II_11_27', 'II_11_28', 'II_13_17', 'II_13_23', 'II_13_34', 'II_15_4', 'II_15_5', 'II_21_32', 'II_24_17', 'II_27_16', 'II_27_18', 'II_34_2a', 'II_34_2', 'II_34_11', 'II_34_29a', 'II_34_29b', 'II_35_18', 'II_35_21', 'II_36_38', 'II_37_1', 'II_38_3', 'II_38_14', 'III_4_32', 'III_4_33', 'III_7_38', 'III_8_54', 'III_9_52', 'III_10_19', 'III_12_43', 'III_13_18', 'III_14_14', 'III_15_12', 'III_15_14', 'III_15_27', 'III_17_37', 'III_19_51', 'III_21_20', 'test_1', 'test_2', 'test_3', 'test_4', 'test_5', 'test_6', 'test_7', 'test_8', 'test_9', 'test_10', 'test_11', 'test_12', 'test_13', 'test_14', 'test_15', 'test_16', 'test_17', 'test_18', 'test_19', 'test_20']
[feynman override] head_length=48 (keep n_genes=3, avgval linker)
Selected problem: I_8_14
  Description : Feynman I-III I.8.14: d = sqrt((x2-x1)**2+(y2-y1)**2)
  Variables   : ['x1', 'x2', 'y1', 'y2']
  Train range : {'x1': (1.0, 5.0), 'x2': (1.0, 5.0), 'y1': (1.0, 5.0), 'y2': (1.0, 5.0)}
  Extrap range: {'x1': (1.0, 7.5), 'x2': (1.0, 7.5), 'y1': (1.0, 7.5), 'y2': (1.0, 7.5)}
  Truth       : sqrt((x2-x1)**2+(y2-y1)**2)
  ✓ cache hit  (data/equations/I_8_14, key=cca0ff8d69c88a49)
  train           (800, 5)  target range=[0.08297, 4.721]
  val             (200, 5)  target range=[0.2822, 5.248]
  holdout         (200, 5)  target range=[0.07271, 4.22]
  extrapolation   (200, 5)  target range=[0.2405, 7.428]
  saved figure → data/figures/I_8_14/eda_pairplot.png
Wide primitive set enabled: sin, cos, exp, log added.
[E22 rules] variable pattern tags: {'x_y_pairs', 'paired_numbered'}
  x_y_pairs: [('x1', 'y1'), ('x2', 'y2')]
[E22/23 rules] static candidate count: 10
  [pairwise_xy_product/x1*y1] a=0.0005 b=2.0705e+00 1-R²_va=1.0018e+00
  [pairwise_xy_product/x2*y2] a=-0.0091 b=2.1558e+00 1-R²_va=1.0038e+00
  [pairwise_xy_product/x1*y1+x2*y2] a=-0.0042 b=2.1490e+00 1-R²_va=9.9467e-01
  [sum_sq_all/sum_sq] a=0.0035 b=1.9305e+00 1-R²_va=1.0050e+00
  [prefix_sum_sq/x1^2+x2^2] a=0.0003 b=2.0673e+00 1-R²_va=1.0002e+00
  [prefix_sum_sq/y1^2+y2^2] a=0.0067 b=1.9414e+00 1-R²_va=1.0232e+00
  [euclidean_distance/(x1-x2)^2+(y1-y2)^2] a=0.2165 b=9.2501e-01 1-R²_va=6.9684e-02
  [euclidean_distance/sqrt((x1-x2)^2+(y1-y2)^2)] a=1.0000 b=-1.0903e-16 1-R²_va=2.6198e-30
  [harmonic/1/(1/x1+1/x2)] a=-0.5654 b=2.8666e+00 1-R²_va=9.6231e-01
  [harmonic/1/(1/y1+1/y2)] a=-0.4761 b=2.7214e+00 1-R²_va=8.9529e-01
[fuller] gene operators ACTIVE (denoise=0.2 physics=0.2 snap=1.0 concretize=0.05)
Wrapper scope: per_island  (island → wrapper map: ['identity', 'identity'])
Genes: head_length=48, n_genes=3, rnc_array_length=10
Population size: 25, tournament: 3, elites: 2, generations: 400, migration FREQ: 30
  pump per-island sizes: intake=500 (tournsize=40), champion=250 (tournsize=25)
Initialising evolution at 2026-09-19 01:51:03.267830
 gen  deme   evals     min fitness          mse_tr          mse_va         max_err      mse_extrap  one_minus_r2_tr  one_minus_r2_va
   0     0     500               0  2.43013648e-30  2.47190797e-30  3.55271368e-15    6.707494e-30   2.4177587e-30  2.61975303e-30
   0     1     250               0  2.43013648e-30  2.47190797e-30  3.55271368e-15    6.707494e-30   2.4177587e-30  2.61975303e-30
Extending evolution: gen 1 → 400 (+400 generations)
   1     0     500               0  2.43013648e-30  2.47190797e-30  3.55271368e-15    6.707494e-30   2.4177587e-30  2.61975303e-30
/Users/andrewmorgan/Dev/gamakon/hff/notebooks/_snap_op.py:147: RuntimeWarning: overflow encountered in square
  return 1.0 - float(np.mean((y - p) ** 2)) / var
   1     1     250               0  2.43013648e-30  2.47190797e-30  3.55271368e-15    6.707494e-30   2.4177587e-30  2.61975303e-30
  early-stop: rule sqrt((x1-x2)^2+(y1-y2)^2) confirmed on holdout (R²=1.0000000000)

*** Early stop at generation 1: best val_R² = 1.0000000000 ≥ 0.9999999990, holdout_R² = 1.0000000000 confirmed

This sub-run: 2026-09-19 01:51:04.022067 → 2026-09-19 01:51:23.675557
Now at generation 1 (HOF size: 31)
>>> hof[0] won via static RULE: euclidean_distance/sqrt((x1-x2)^2+(y1-y2)^2)
    rule sym_expr: sqrt((x1 - x2)**2 + (y1 - y2)**2)
  HFF-chosen LSM kept: a=1, b=-1.0903e-16
Chromosome wrapper: id=0  →  identity
hof[0] runtime val: mse=1.666e+00  R²=-0.765249
Pre-snap expression (after sympify + LSM compose):
  0.999999999999999*sqrt((x1 - x2)**2 + (y1 - y2)**2) - 1.09029660353636e-16

Per-level snap results (before MSE scoring):
  strict      →  sqrt((x1 - x2)**2 + (y1 - y2)**2)
  default     →  sqrt((x1 - x2)**2 + (y1 - y2)**2)
  aggressive  →  sqrt((x1 - x2)**2 + (y1 - y2)**2)

Snap-level comparison (sorted by holdout MSE, lowest first)
------------------------------------------------------------------------------------------
  level       MSE            R²         expression                                        
------------------------------------------------------------------------------------------
★ strict      4.385e-32      1.0000     sqrt((x1 - x2)**2 + (y1 - y2)**2)                 
  default     4.385e-32      1.0000     sqrt((x1 - x2)**2 + (y1 - y2)**2)                 
  aggressive  4.385e-32      1.0000     sqrt((x1 - x2)**2 + (y1 - y2)**2)                 

Winning snap level: 'strict'  →  sqrt((x1 - x2)**2 + (y1 - y2)**2)

Canonical discovered expression: sqrt((x1 - x2)**2 + (y1 - y2)**2)
[38;2;0;50;255m
############################################################ [38;2;255;255;255m
[38;2;0;50;255m Equation Recovery: I_8_14 [38;2;255;255;255m
[38;2;0;50;255m Truth: sqrt((x2-x1)**2+(y2-y1)**2) [38;2;255;255;255m
[38;2;0;50;255m [38;2;255;255;255m
[38;2;255;0;255m     Exact recovery     : True [38;2;255;255;255m
[38;2;255;0;255m     Numerical recovery : True (max rel_err 0.00e+00 on 10k samples) [38;2;255;255;255m
[38;2;255;0;255m     Discovered         : sqrt((x1 - x2)**2 + (y1 - y2)**2) [38;2;255;255;255m
[38;2;255;0;255m     LSM (a, b)         : (1, -1.0903e-16) [38;2;255;255;255m
[38;2;0;50;255m
############################################################ [38;2;255;255;255m
In-range holdout : MSE=2.574e-30  MAE=1.454e-15  R²=1.0000
Extrapolation    : MSE=6.707e-30  MAE=2.321e-15  R²=1.0000

Top 10 HOF models (north_pole=truenorth) (★ = Pareto-optimal)
(deduped HOF: 30 unique chromosomes from 31 raw HOF entries)
 ----------------------------------------------------------------------------------------------------------------
       model     wrapper      length   train_mse     val_mse     max_err    train_r2      val_r2 angular_distance
 ----------------------------------------------------------------------------------------------------------------
★          24    sqrt_abs           3      1.1848      1.1689      3.0741     -0.1788     -0.2388      0.0002
★          29    sqrt_abs          15      1.1795      1.1778      3.2559     -0.1735     -0.2482      0.0014
           16    sqrt_abs           5      1.3825      1.3861      3.3539     -0.3755     -0.4690      0.0023
★          21    sqrt_abs           3      1.1706      1.1040      3.3668     -0.1646     -0.1701      0.0023
           22    sqrt_abs           5      1.2750      1.2247      3.3831     -0.2685     -0.2980      0.0024
           26    sqrt_abs          19      1.4975      1.4781      3.5407     -0.4898     -0.5665      0.0037
★          14    sqrt_abs           9      1.0549      1.0205      3.5992     -0.0496     -0.0816      0.0041
           18    sqrt_abs           5      1.2498      1.2190      3.6368     -0.2434     -0.2919      0.0044
           17    sqrt_abs           4      1.2943      1.3611      3.7340     -0.2877     -0.4426      0.0052
           10    sqrt_abs           6      1.4178      1.3380      3.7479     -0.4106     -0.4180      0.0053

Pareto-optimal in top 10: 4    Pareto-optimal in full HOF: 4 / 30
[fuller-stats] {'denoise': {'calls': 142, 'resolved_rnc': 426}, 'physics': {'calls': 141, 'generated': 411, 'swapped_genes': 130, 'rule_E3': 89, 'spec_gated_in': 90, 'swapped_individuals': 97, 'rule_F': 37, 'rule_A1': 3, 'rule_C1': 1}, 'snap': {'calls': 746, 'candidates_seen': 2223, 'no_baseline': 5}, 'concretize': {'calls': 42}}
[fuller-stats] {'denoise': {'calls': 142, 'resolved_rnc': 426}, 'physics': {'calls': 141, 'generated': 411, 'swapped_genes': 130, 'rule_E3': 89, 'spec_gated_in': 90, 'swapped_individuals': 97, 'rule_F': 37, 'rule_A1': 3, 'rule_C1': 1}, 'snap': {'calls': 746, 'candidates_seen': 2223, 'no_baseline': 5}, 'concretize': {'calls': 42}}
[fuller-stats] {'denoise': {'calls': 142, 'resolved_rnc': 426}, 'physics': {'calls': 141, 'generated': 411, 'swapped_genes': 130, 'rule_E3': 89, 'spec_gated_in': 90, 'swapped_individuals': 97, 'rule_F': 37, 'rule_A1': 3, 'rule_C1': 1}, 'snap': {'calls': 746, 'candidates_seen': 2223, 'no_baseline': 5}, 'concretize': {'calls': 42}}
[fuller-stats] {'denoise': {'calls': 142, 'resolved_rnc': 426}, 'physics': {'calls': 141, 'generated': 411, 'swapped_genes': 130, 'rule_E3': 89, 'spec_gated_in': 90, 'swapped_individuals': 97, 'rule_F': 37, 'rule_A1': 3, 'rule_C1': 1}, 'snap': {'calls': 746, 'candidates_seen': 2223, 'no_baseline': 5}, 'concretize': {'calls': 42}}
[fuller-stats] {'denoise': {'calls': 142, 'resolved_rnc': 426}, 'physics': {'calls': 141, 'generated': 411, 'swapped_genes': 130, 'rule_E3': 89, 'spec_gated_in': 90, 'swapped_individuals': 97, 'rule_F': 37, 'rule_A1': 3, 'rule_C1': 1}, 'snap': {'calls': 746, 'candidates_seen': 2223, 'no_baseline': 5}, 'concretize': {'calls': 42}}
[fuller-stats] {'denoise': {'calls': 142, 'resolved_rnc': 426}, 'physics': {'calls': 141, 'generated': 411, 'swapped_genes': 130, 'rule_E3': 89, 'spec_gated_in': 90, 'swapped_individuals': 97, 'rule_F': 37, 'rule_A1': 3, 'rule_C1': 1}, 'snap': {'calls': 746, 'candidates_seen': 2223, 'no_baseline': 5}, 'concretize': {'calls': 42}}
[fuller-stats] {'denoise': {'calls': 142, 'resolved_rnc': 426}, 'physics': {'calls': 141, 'generated': 411, 'swapped_genes': 130, 'rule_E3': 89, 'spec_gated_in': 90, 'swapped_individuals': 97, 'rule_F': 37, 'rule_A1': 3, 'rule_C1': 1}, 'snap': {'calls': 746, 'candidates_seen': 2223, 'no_baseline': 5}, 'concretize': {'calls': 42}}
[fuller-stats] {'denoise': {'calls': 142, 'resolved_rnc': 426}, 'physics': {'calls': 141, 'generated': 411, 'swapped_genes': 130, 'rule_E3': 89, 'spec_gated_in': 90, 'swapped_individuals': 97, 'rule_F': 37, 'rule_A1': 3, 'rule_C1': 1}, 'snap': {'calls': 746, 'candidates_seen': 2223, 'no_baseline': 5}, 'concretize': {'calls': 42}}
[fuller-stats] {'denoise': {'calls': 142, 'resolved_rnc': 426}, 'physics': {'calls': 141, 'generated': 411, 'swapped_genes': 130, 'rule_E3': 89, 'spec_gated_in': 90, 'swapped_individuals': 97, 'rule_F': 37, 'rule_A1': 3, 'rule_C1': 1}, 'snap': {'calls': 746, 'candidates_seen': 2223, 'no_baseline': 5}, 'concretize': {'calls': 42}}
[fuller-stats] {'denoise': {'calls': 142, 'resolved_rnc': 426}, 'physics': {'calls': 141, 'generated': 411, 'swapped_genes': 130, 'rule_E3': 89, 'spec_gated_in': 90, 'swapped_individuals': 97, 'rule_F': 37, 'rule_A1': 3, 'rule_C1': 1}, 'snap': {'calls': 746, 'candidates_seen': 2223, 'no_baseline': 5}, 'concretize': {'calls': 42}}
[fuller-stats] {'denoise': {'calls': 142, 'resolved_rnc': 426}, 'physics': {'calls': 141, 'generated': 411, 'swapped_genes': 130, 'rule_E3': 89, 'spec_gated_in': 90, 'swapped_individuals': 97, 'rule_F': 37, 'rule_A1': 3, 'rule_C1': 1}, 'snap': {'calls': 746, 'candidates_seen': 2223, 'no_baseline': 5}, 'concretize': {'calls': 42}}
[fuller-stats] {'denoise': {'calls': 142, 'resolved_rnc': 426}, 'physics': {'calls': 141, 'generated': 411, 'swapped_genes': 130, 'rule_E3': 89, 'spec_gated_in': 90, 'swapped_individuals': 97, 'rule_F': 37, 'rule_A1': 3, 'rule_C1': 1}, 'snap': {'calls': 746, 'candidates_seen': 2223, 'no_baseline': 5}, 'concretize': {'calls': 42}}
<lambdifygenerated-171>:2: RuntimeWarning: invalid value encountered in sqrt
  return -sqrt((x1 - x2)**2 + (y1 - y2)**2) + 0.126859857446067*sqrt(2*y1 + sqrt(x2 + cos(x2)) + exp(cos(x1 + sqrt(log(y2)))) + log(cos(cos(x2))/y1)) + 1.73958362634939

Recovery sweep across 12/30 unique HOF chromosomes (capped):
  Structural / exact     : 0/12  (0.0%)
  Numerical (≤1e-6 err)  : 0/12  (0.0%)
{
    "date": "2026/09/19",
    "seed": "5",
    "task": "equation_recovery",
    "north_pole_method": "truenorth",
    "hff_include_val": true,
    "problem": "I_8_14",
    "truth_expr": "sqrt((x2-x1)**2+(y2-y1)**2)",
    "final_terminal_inputs": [
        "x1",
        "x2",
        "y1",
        "y2"
    ],
    "wide_primitives": true,
    "head_length": "48",
    "n_genes": "3",
    "rnc_array_length": "10",
    "tournament size": "3",
    "population size": "25",
    "number of elites": "2",
    "number of generations": "400",
    "number of islands": "2",
    "migration FREQ": "30",
    "wrapper_id": 0,
    "wrapper_name": "identity",
    "recovery_exact": true,
    "recovery_numerical": true,
    "recovery_max_rel_err": 0.0,
    "discovered_expr": "sqrt((x1 - x2)**2 + (y1 - y2)**2)",
    "holdout_mse": 2.5738098887841855e-30,
    "holdout_r2": 1.0,
    "extrap_mse": 6.707493995215758e-30,
    "extrap_r2": 1.0,
    "hof_size": 30,
    "hof_exact_recoveries": 0,
    "hof_numerical_recoveries": 0
}
