/opt/anaconda3/lib/python3.12/site-packages/geppy/__init__.py:26: UserWarning: pkg_resources is deprecated as an API. See https://setuptools.pypa.io/en/latest/pkg_resources.html. The pkg_resources package is slated for removal as early as 2025-11-30. Refrain from using this package or pin to Setuptools<81.
  from pkg_resources import get_distribution, DistributionNotFound
hff library OK (test fitness: (0.1415394733244273,))
registry: ['circle_area', 'gravity', 'coulomb', 'pendulum', 'keplers3', 'ideal_gas', 'I_6_2a', 'I_6_2', 'I_6_2b', 'I_8_14', 'I_9_18', 'I_10_7', 'I_11_19', 'I_12_1', 'I_12_2', 'I_12_4', 'I_12_5', 'I_12_11', 'I_13_4', 'I_13_12', 'I_14_3', 'I_14_4', 'I_15_3x', 'I_15_3t', 'I_15_1', 'I_16_6', 'I_18_4', 'I_18_12', 'I_18_14', 'I_24_6', 'I_25_13', 'I_26_2', 'I_27_6', 'I_29_4', 'I_29_16', 'I_30_3', 'I_30_5', 'I_32_5', 'I_32_17', 'I_34_8', 'I_34_1', 'I_34_14', 'I_34_27', 'I_37_4', 'I_38_12', 'I_39_1', 'I_39_11', 'I_39_22', 'I_40_1', 'I_41_16', 'I_43_16', 'I_43_31', 'I_43_43', 'I_44_4', 'I_47_23', 'I_48_2', 'I_50_26', 'II_2_42', 'II_3_24', 'II_4_23', 'II_6_11', 'II_6_15a', 'II_6_15b', 'II_8_7', 'II_8_31', 'II_10_9', 'II_11_3', 'II_11_17', 'II_11_20', 'II_11_27', 'II_11_28', 'II_13_17', 'II_13_23', 'II_13_34', 'II_15_4', 'II_15_5', 'II_21_32', 'II_24_17', 'II_27_16', 'II_27_18', 'II_34_2a', 'II_34_2', 'II_34_11', 'II_34_29a', 'II_34_29b', 'II_35_18', 'II_35_21', 'II_36_38', 'II_37_1', 'II_38_3', 'II_38_14', 'III_4_32', 'III_4_33', 'III_7_38', 'III_8_54', 'III_9_52', 'III_10_19', 'III_12_43', 'III_13_18', 'III_14_14', 'III_15_12', 'III_15_14', 'III_15_27', 'III_17_37', 'III_19_51', 'III_21_20', 'test_1', 'test_2', 'test_3', 'test_4', 'test_5', 'test_6', 'test_7', 'test_8', 'test_9', 'test_10', 'test_11', 'test_12', 'test_13', 'test_14', 'test_15', 'test_16', 'test_17', 'test_18', 'test_19', 'test_20']
[feynman override] head_length=48 (keep n_genes=3, avgval linker)
Selected problem: II_34_29b
  Description : Feynman I-III II.34.29b: E_n = g_*mom*B*Jz/(h/(2*pi))
  Variables   : ['g_', 'h', 'Jz', 'mom', 'B']
  Train range : {'g_': (1.0, 5.0), 'h': (1.0, 5.0), 'Jz': (1.0, 5.0), 'mom': (1.0, 5.0), 'B': (1.0, 5.0)}
  Extrap range: {'g_': (1.0, 7.5), 'h': (1.0, 7.5), 'Jz': (1.0, 7.5), 'mom': (1.0, 7.5), 'B': (1.0, 7.5)}
  Truth       : g_*mom*B*Jz/(h/(2*pi))
  ✓ cache hit  (data/equations/II_34_29b, key=ad0b6cb8fb03672c)
  train           (800, 6)  target range=[5.818, 2505]
  val             (200, 6)  target range=[7.37, 2011]
  holdout         (200, 6)  target range=[8.482, 1454]
  extrapolation   (200, 6)  target range=[8.611, 4363]
(skipping pairplot — too many variables: 5)
Wide primitive set enabled: sin, cos, exp, log added.
[E22 rules] variable pattern tags: {'no_pattern'}
[E22/23 rules] static candidate count: 1
  [sum_sq_all/sum_sq] a=6.1691 b=-1.1680e+02 1-R²_va=8.4953e-01
[fuller] denoise + snap IN THE JOIN (every gene, every generation, K=8); mutation operators: physics=0.2 concretize=0.05
Wrapper scope: per_island  (island → wrapper map: ['identity', 'identity'])
[wgpu] process pool disabled — Metal cannot survive fork(); the population is evaluated in one dispatch instead
Genes: head_length=48, n_genes=3, rnc_array_length=10
Population: (per-island, see below), elites: 2, generations: 400, migration FREQ: 30
  pump per-island sizes: intake=100 (tournsize=8), champion=50 (tournsize=5)
Initialising evolution at 2026-09-19 05:51:52.845009
 gen  deme   evals     min fitness          mse_tr          mse_va         max_err      mse_extrap  one_minus_r2_tr  one_minus_r2_va
   0     0     100    0.0797665533      30929.7309      34465.1953      1519.38454      500139.394     0.652115598     0.651177455
   0     1      50    0.0124514508       28834.789      33453.7269       1481.9065      480665.765     0.607946306     0.632067003
          wgpu 1d 325g 285c x3w 8ms | egraph 199g->135v+0snap 54ms | graft 56 (-176n, 0 snap) cpu 0 | f64 27 | gen 0.0s | dropped inexpr 5 oversz 0 unbuild 0 {}
Extending evolution: gen 1 → 400 (+400 generations)
   1     0     100               0      24849.4327      28413.0815      1396.64482      412805.849     0.523919937     0.536830212
   1     1      50   0.00382170124      25542.3304      29123.8256      1433.56222      595747.512     0.538528838     0.550258847
          wgpu 1d 107g 184c x3w 3ms | egraph 50g->38v+0snap 11ms | graft 16 (-41n, 0 snap) cpu 0 | f64 30 | gen 0.2s | dropped inexpr 1 oversz 0 unbuild 0 {}
   2     0     100               0      24849.4327      28413.0815      1396.64482      412805.849     0.523919937     0.536830212
   2     1      50   0.00382170124      25542.3304      29123.8256      1433.56222      595747.512     0.538528838     0.550258847
          wgpu 1d 85g 172c x3w 3ms | egraph 39g->26v+0snap 6ms | graft 10 (-21n, 0 snap) cpu 0 | f64 38 | gen 0.1s
   3     0     100               0      24849.4332      28413.0818      1396.64488      412805.851     0.523919947     0.536830217
   3     1      50   0.00382170124      25542.3304      29123.8256      1433.56222      595747.512     0.538528838     0.550258847
          wgpu 1d 94g 211c x3w 3ms | egraph 41g->65v+0snap 6ms | graft 36 (-79n, 0 snap) cpu 0 | f64 20 | gen 0.2s
   4     0     100               0      24849.4332      28413.0818      1396.64488      412805.851     0.523919947     0.536830217
   4     1      50   0.00382170124      25542.3304      29123.8256      1433.56222      595747.512     0.538528838     0.550258847
          wgpu 1d 99g 213c x3w 3ms | egraph 34g->67v+0snap 6ms | graft 28 (-77n, 0 snap) cpu 0 | f64 20 | gen 0.1s | dropped inexpr 1 oversz 0 unbuild 0 {}
   5     0     100               0      24849.4327      28413.0815      1396.64482      412805.849     0.523919937     0.536830212
   5     1      50               0      20212.2718      22645.9893      1324.95032      395586.809     0.426151064     0.427868102
          wgpu 1d 103g 213c x3w 3ms | egraph 43g->67v+0snap 7ms | graft 37 (-81n, 0 snap) cpu 0 | f64 20 | gen 0.2s
   6     0     100               0      24849.4327      28413.0815      1396.64482      412805.849     0.523919937     0.536830212
   6     1      50               0      20212.2718      22645.9893      1324.95032      395586.809     0.426151064     0.427868102
          wgpu 1d 121g 226c x3w 3ms | egraph 44g->80v+0snap 7ms | graft 29 (-82n, 0 snap) cpu 0 | f64 20 | gen 0.1s | dropped inexpr 1 oversz 0 unbuild 0 {}
   7     0     100               0      24849.4327      28413.0815      1396.64482      412805.849     0.523919937     0.536830212
   7     1      50               0      17043.1888      18297.5923      1266.94048      365677.137     0.359334819      0.34571049
          wgpu 1d 119g 226c x3w 3ms | egraph 43g->80v+0snap 9ms | graft 26 (-77n, 0 snap) cpu 0 | f64 20 | gen 0.4s
   8     0     100               0      24849.4327      28413.0815      1396.64482      412805.849     0.523919937     0.536830212
   8     1      50               0      17043.1888      18297.5923      1266.94048      365677.137     0.359334819      0.34571049
          wgpu 1d 129g 258c x3w 3ms | egraph 43g->112v+0snap 7ms | graft 28 (-96n, 0 snap) cpu 0 | f64 20 | gen 0.2s
   9     0     100               0      24849.4327      28413.0815      1396.64482      412805.849     0.523919937     0.536830212
   9     1      50               0      17043.1888      18297.5923      1266.94048      365677.137     0.359334819      0.34571049
          wgpu 1d 109g 226c x3w 3ms | egraph 29g->80v+0snap 8ms | graft 23 (-69n, 0 snap) cpu 0 | f64 20 | gen 0.3s
  10     0     100               0      22567.0649       25045.323      1288.38397       433888.45     0.475798999     0.473200558
  10     1      50               0      17043.1888      18297.5923      1266.94048      365677.137     0.359334819      0.34571049
          wgpu 1d 128g 252c x3w 3ms | egraph 45g->106v+0snap 8ms | graft 37 (-130n, 0 snap) cpu 0 | f64 20 | gen 0.2s
--------- pump migration: intra (promote-2 + intake-reset) ---------
  11     0     100               0      17161.7045      18353.8203      1259.35549      369753.978     0.361833579      0.34677285
  11     1      50               0      17043.1892      18297.5928       1266.9405      365677.136     0.359334827     0.345710501
          wgpu 2d 326g 392c x3w 7ms | egraph 139g->166v+0snap 23ms | graft 61 (-167n, 0 snap) cpu 0 | f64 30 | gen 0.1s | dropped inexpr 5 oversz 0 unbuild 0 {}
  12     0     100               0      17161.7045      18353.8203      1259.35549      369753.978     0.361833579      0.34677285
  12     1      50               0      17043.1892      18297.5928       1266.9405      365677.136     0.359334827     0.345710501
          wgpu 1d 137g 237c x3w 3ms | egraph 55g->91v+0snap 10ms | graft 23 (-67n, 0 snap) cpu 0 | f64 20 | gen 0.3s | dropped inexpr 1 oversz 0 unbuild 0 {}
  13     0     100               0      17161.7045      18353.8203      1259.35549      369753.978     0.361833579      0.34677285
  13     1      50               0      17043.1888      18297.5923      1266.94048      365677.137     0.359334819      0.34571049
          wgpu 1d 139g 270c x3w 3ms | egraph 45g->124v+0snap 6ms | graft 21 (-61n, 0 snap) cpu 0 | f64 20 | gen 0.2s
  14     0     100               0      17161.7045      18353.8203      1259.35549      369753.978     0.361833579      0.34677285
  14     1      50               0      17043.1888      18297.5923      1266.94048      365677.137     0.359334819      0.34571049
          wgpu 1d 138g 247c x3w 3ms | egraph 39g->101v+0snap 8ms | graft 25 (-70n, 0 snap) cpu 0 | f64 20 | gen 0.2s | dropped inexpr 5 oversz 0 unbuild 0 {}
  15     0     100               0      17161.7045      18353.8203      1259.35549      369753.978     0.361833579      0.34677285
  15     1      50               0      17043.1888      18297.5923      1266.94048      365677.137     0.359334819      0.34571049
          wgpu 1d 131g 256c x3w 3ms | egraph 34g->110v+0snap 7ms | graft 24 (-84n, 0 snap) cpu 0 | f64 20 | gen 0.2s
  16     0     100               0      17161.7045      18353.8203      1259.35549      369753.978     0.361833579      0.34677285
  16     1      50               0      17043.1888      18297.5923      1266.94048      365677.137     0.359334819      0.34571049
          wgpu 1d 146g 251c x3w 4ms | egraph 47g->105v+0snap 9ms | graft 20 (-72n, 0 snap) cpu 0 | f64 20 | gen 0.2s
  17     0     100               0      17161.7045      18353.8203      1259.35549      369753.978     0.361833579      0.34677285
  17     1      50               0      17043.1888      18297.5923      1266.94048      365677.137     0.359334819      0.34571049
          wgpu 1d 130g 264c x3w 3ms | egraph 31g->118v+0snap 6ms | graft 27 (-109n, 0 snap) cpu 0 | f64 20 | gen 0.2s
  18     0     100               0      17161.7045      18353.8203      1259.35549      369753.978     0.361833579      0.34677285
  18     1      50               0      17043.1888      18297.5923      1266.94048      365677.137     0.359334819      0.34571049
          wgpu 1d 133g 234c x3w 3ms | egraph 43g->88v+0snap 7ms | graft 25 (-75n, 0 snap) cpu 0 | f64 20 | gen 0.2s | dropped inexpr 1 oversz 0 unbuild 0 {}
  19     0     100               0      17161.7045      18353.8203      1259.35549      369753.978     0.361833579      0.34677285
  19     1      50               0      17043.1888      18297.5923      1266.94048      365677.137     0.359334819      0.34571049
          wgpu 1d 132g 228c x3w 3ms | egraph 34g->82v+0snap 6ms | graft 25 (-82n, 0 snap) cpu 0 | f64 20 | gen 0.2s | dropped inexpr 1 oversz 0 unbuild 0 {}
  20     0     100               0      17161.7045      18353.8203      1259.35549      369753.978     0.361833579      0.34677285
  20     1      50               0      17043.1888      18297.5923      1266.94048      365677.137     0.359334819      0.34571049
          wgpu 1d 139g 245c x3w 3ms | egraph 39g->99v+0snap 6ms | graft 23 (-69n, 0 snap) cpu 0 | f64 20 | gen 0.2s | dropped inexpr 2 oversz 0 unbuild 0 {}
--------- pump migration: intra (promote-2 + intake-reset) ---------
  21     0     100               0      17161.7045      18353.8203      1259.35549      369753.978     0.361833579      0.34677285
  21     1      50               0      17161.7045      18353.8203      1259.35549      369753.978     0.361833579      0.34677285
          wgpu 2d 358g 436c x3w 7ms | egraph 114g->210v+0snap 17ms | graft 59 (-226n, 0 snap) cpu 0 | f64 30 | gen 0.2s | dropped inexpr 3 oversz 0 unbuild 0 {}
  22     0     100               0      17161.7045      18353.8203      1259.35549      369753.978     0.361833579      0.34677285
  22     1      50               0      17043.1888      18297.5923      1266.94048      365677.137     0.359334819      0.34571049
          wgpu 1d 151g 244c x3w 3ms | egraph 34g->98v+0snap 6ms | graft 32 (-104n, 0 snap) cpu 0 | f64 20 | gen 0.2s
  23     0     100               0      17161.7045      18353.8203      1259.35549      369753.978     0.361833579      0.34677285
  23     1      50               0      17161.7045      18353.8203      1259.35549      369753.978     0.361833579      0.34677285
          wgpu 1d 115g 227c x3w 3ms | egraph 23g->81v+0snap 4ms | graft 21 (-64n, 0 snap) cpu 0 | f64 20 | gen 0.2s
  24     0     100               0      17161.7045      18353.8203      1259.35549      369753.978     0.361833579      0.34677285
  24     1      50               0      17043.1888      18297.5923      1266.94048      365677.137     0.359334819      0.34571049
          wgpu 1d 132g 229c x3w 3ms | egraph 33g->83v+0snap 5ms | graft 28 (-93n, 0 snap) cpu 0 | f64 20 | gen 0.2s
  25     0     100               0      17161.7045      18353.8203      1259.35549      369753.978     0.361833579      0.34677285
  25     1      50               0      17043.1888      18297.5923      1266.94048      365677.137     0.359334819      0.34571049
          wgpu 1d 141g 266c x3w 3ms | egraph 32g->120v+0snap 5ms | graft 20 (-70n, 0 snap) cpu 0 | f64 20 | gen 0.2s
  26     0     100               0      17161.7045      18353.8203      1259.35549      369753.978     0.361833579      0.34677285
  26     1      50               0      17043.1888      18297.5923      1266.94048      365677.137     0.359334819      0.34571049
          wgpu 1d 132g 260c x3w 3ms | egraph 23g->114v+0snap 4ms | graft 27 (-116n, 0 snap) cpu 0 | f64 20 | gen 0.2s | dropped inexpr 1 oversz 0 unbuild 0 {}
  27     0     100               0      17161.7045      18353.8203      1259.35549      369753.978     0.361833579      0.34677285
  27     1      50               0      17043.1888      18297.5923      1266.94048      365677.137     0.359334819      0.34571049
          wgpu 1d 138g 254c x3w 3ms | egraph 25g->108v+0snap 4ms | graft 21 (-61n, 0 snap) cpu 0 | f64 20 | gen 0.2s | dropped inexpr 1 oversz 0 unbuild 0 {}
  28     0     100               0      17161.7045      18353.8203      1259.35549      369753.978     0.361833579      0.34677285
  28     1      50               0      17043.1888      18297.5923      1266.94048      365677.137     0.359334819      0.34571049
          wgpu 1d 144g 276c x3w 3ms | egraph 28g->130v+0snap 4ms | graft 33 (-112n, 0 snap) cpu 0 | f64 20 | gen 0.2s
  29     0     100               0      17161.7045      18353.8203      1259.35549      369753.978     0.361833579      0.34677285
  29     1      50               0      17043.1888      18297.5923      1266.94048      365677.137     0.359334819      0.34571049
          wgpu 1d 158g 287c x3w 4ms | egraph 37g->141v+0snap 6ms | graft 33 (-96n, 0 snap) cpu 0 | f64 20 | gen 0.2s
  30     0     100               0      17161.7045      18353.8203      1259.35549      369753.978     0.361833579      0.34677285
  30     1      50               0      17043.1888      18297.5923      1266.94048      365677.137     0.359334819      0.34571049
          wgpu 1d 129g 233c x3w 3ms | egraph 32g->87v+0snap 6ms | graft 33 (-92n, 0 snap) cpu 0 | f64 20 | gen 0.1s
--------- pump migration: intra (promote-2 + intake-reset) ---------
  31     0     100               0       16105.953      17077.2508      1227.07075      332507.131     0.339574346      0.32265364
  31     1      50               0      17161.7045      18353.8203      1259.35549      369753.978     0.361833579      0.34677285
          wgpu 2d 310g 393c x3w 7ms | egraph 106g->167v+0snap 20ms | graft 63 (-182n, 0 snap) cpu 0 | f64 30 | gen 0.2s | dropped inexpr 3 oversz 0 unbuild 0 {}
  32     0     100               0      16105.9529      17077.2464      1227.07093      332507.168     0.339574344     0.322653556
  32     1      50               0      17161.7045      18353.8203      1259.35549      369753.978     0.361833579      0.34677285
          wgpu 1d 124g 271c x3w 3ms | egraph 42g->125v+0snap 7ms | graft 32 (-78n, 0 snap) cpu 0 | f64 20 | gen 0.2s
  33     0     100               0      16105.9529      17077.2464      1227.07093      332507.168     0.339574344     0.322653556
  33     1      50               0      17161.7045      18353.8203      1259.35549      369753.978     0.361833579      0.34677285
          wgpu 1d 136g 269c x3w 3ms | egraph 33g->123v+0snap 8ms | graft 35 (-100n, 0 snap) cpu 0 | f64 20 | gen 0.2s | dropped inexpr 1 oversz 0 unbuild 0 {}
  34     0     100               0       16105.953      17077.2508      1227.07075      332507.131     0.339574346      0.32265364
  34     1      50               0      17161.7045      18353.8203      1259.35549      369753.978     0.361833579      0.34677285
          wgpu 1d 134g 272c x3w 3ms | egraph 32g->126v+0snap 7ms | graft 34 (-99n, 0 snap) cpu 0 | f64 20 | gen 0.2s | dropped inexpr 1 oversz 0 unbuild 0 {}
  35     0     100               0      16105.9529      17077.2464      1227.07093      332507.168     0.339574344     0.322653556
  35     1      50               0      17161.7045      18353.8203      1259.35549      369753.978     0.361833579      0.34677285
          wgpu 1d 137g 271c x3w 3ms | egraph 40g->125v+0snap 8ms | graft 24 (-71n, 0 snap) cpu 0 | f64 20 | gen 0.2s | dropped inexpr 1 oversz 0 unbuild 0 {}
  36     0     100               0      16105.9529      17077.2464      1227.07093      332507.168     0.339574344     0.322653556
  36     1      50               0      17161.7045      18353.8203      1259.35549      369753.978     0.361833579      0.34677285
          wgpu 1d 132g 270c x3w 3ms | egraph 30g->124v+0snap 4ms | graft 28 (-68n, 0 snap) cpu 0 | f64 20 | gen 0.2s
  37     0     100               0      16105.9529      17077.2464      1227.07093      332507.168     0.339574344     0.322653556
  37     1      50               0      17161.7045      18353.8203      1259.35549      369753.978     0.361833579      0.34677285
          wgpu 1d 137g 267c x3w 3ms | egraph 41g->121v+0snap 9ms | graft 39 (-91n, 0 snap) cpu 0 | f64 20 | gen 0.2s | dropped inexpr 2 oversz 0 unbuild 0 {}
  38     0     100               0      16105.9529      17077.2464      1227.07093      332507.168     0.339574344     0.322653556
  38     1      50               0      17161.7045      18353.8203      1259.35549      369753.978     0.361833579      0.34677285
          wgpu 1d 144g 280c x3w 4ms | egraph 36g->134v+0snap 11ms | graft 30 (-125n, 0 snap) cpu 0 | f64 20 | gen 0.3s | dropped inexpr 1 oversz 0 unbuild 0 {}
  39     0     100               0      16105.9529      17077.2464      1227.07093      332507.168     0.339574344     0.322653556
  39     1      50               0      17161.7045      18353.8203      1259.35549      369753.978     0.361833579      0.34677285
          wgpu 1d 111g 260c x3w 3ms | egraph 28g->114v+0snap 6ms | graft 26 (-63n, 0 snap) cpu 0 | f64 20 | gen 0.1s
  40     0     100               0      16105.9529      17077.2464      1227.07093      332507.168     0.339574344     0.322653556
  40     1      50               0      9989.14833      12818.5014      929.593761      308725.418     0.210608991      0.24218981
          wgpu 1d 134g 264c x3w 3ms | egraph 50g->118v+0snap 8ms | graft 33 (-79n, 0 snap) cpu 0 | f64 20 | gen 0.2s | dropped inexpr 1 oversz 0 unbuild 0 {}
--------- pump migration: intra (promote-2 + intake-reset) ---------
  41     0     100               0      16105.9529      17077.2464      1227.07093      332507.168     0.339574344     0.322653556
  41     1      50               0      16105.9529      17077.2464      1227.07093      332507.168     0.339574344     0.322653556
          wgpu 2d 320g 440c x3w 7ms | egraph 117g->214v+0snap 19ms | graft 70 (-190n, 0 snap) cpu 0 | f64 30 | gen 0.2s | dropped inexpr 5 oversz 0 unbuild 0 {}
  42     0     100               0      16105.9529      17077.2464      1227.07093      332507.168     0.339574344     0.322653556
  42     1      50               0      9989.14833      12818.5014      929.593761      308725.418     0.210608991      0.24218981
          wgpu 1d 112g 269c x3w 3ms | egraph 31g->123v+0snap 5ms | graft 31 (-72n, 0 snap) cpu 0 | f64 20 | gen 0.2s | dropped inexpr 2 oversz 0 unbuild 0 {}
  43     0     100               0      16105.9529      17077.2464      1227.07093      332507.168     0.339574344     0.322653556
  43     1      50               0      9989.14833      12818.5014      929.593761      308725.418     0.210608991      0.24218981
          wgpu 1d 132g 259c x3w 3ms | egraph 40g->113v+0snap 8ms | graft 33 (-81n, 0 snap) cpu 0 | f64 20 | gen 0.1s | dropped inexpr 4 oversz 0 unbuild 0 {}
  44     0     100               0      16105.9529      17077.2464      1227.07093      332507.168     0.339574344     0.322653556
  44     1      50               0      9989.14833      12818.5014      929.593761      308725.418     0.210608991      0.24218981
          wgpu 1d 118g 253c x3w 3ms | egraph 33g->107v+0snap 5ms | graft 26 (-57n, 0 snap) cpu 0 | f64 20 | gen 0.1s
  45     0     100               0       16105.953      17077.2508      1227.07075      332507.131     0.339574346      0.32265364
  45     1      50               0      9989.14833      12818.5014      929.593761      308725.418     0.210608991      0.24218981
          wgpu 1d 113g 259c x3w 3ms | egraph 33g->113v+0snap 5ms | graft 26 (-69n, 0 snap) cpu 0 | f64 20 | gen 0.1s
  46     0     100               0      16105.9529      17077.2464      1227.07093      332507.168     0.339574344     0.322653556
  46     1      50               0      9989.14833      12818.5014      929.593761      308725.418     0.210608991      0.24218981
          wgpu 1d 105g 257c x3w 3ms | egraph 32g->111v+0snap 5ms | graft 24 (-68n, 0 snap) cpu 0 | f64 20 | gen 0.1s | dropped inexpr 1 oversz 0 unbuild 0 {}
  47     0     100               0       16105.953      17077.2508      1227.07075      332507.131     0.339574346      0.32265364
  47     1      50               0      9989.14833      12818.5014      929.593761      308725.418     0.210608991      0.24218981
          wgpu 1d 122g 256c x3w 3ms | egraph 28g->110v+0snap 5ms | graft 27 (-69n, 0 snap) cpu 0 | f64 20 | gen 0.2s
  48     0     100               0       16105.953      17077.2508      1227.07075      332507.131     0.339574346      0.32265364
  48     1      50               0       7582.1739      9676.79718      559.361302      178348.743     0.159860876     0.182831175
          wgpu 1d 136g 266c x3w 3ms | egraph 28g->120v+0snap 6ms | graft 41 (-124n, 0 snap) cpu 0 | f64 20 | gen 0.2s | dropped inexpr 2 oversz 0 unbuild 0 {}
  49     0     100               0       16105.953      17077.2508      1227.07075      332507.131     0.339574346      0.32265364
  49     1      50               0       7582.1739      9676.79718      559.361302      178348.743     0.159860876     0.182831175
          wgpu 1d 129g 270c x3w 3ms | egraph 40g->124v+0snap 6ms | graft 30 (-74n, 0 snap) cpu 0 | f64 20 | gen 0.1s | dropped inexpr 2 oversz 0 unbuild 0 {}
  50     0     100               0      16105.9529      17077.2464      1227.07093      332507.168     0.339574344     0.322653556
  50     1      50               0       7582.1739      9676.79718      559.361302      178348.743     0.159860876     0.182831175
          wgpu 1d 121g 263c x3w 3ms | egraph 30g->117v+0snap 5ms | graft 23 (-53n, 0 snap) cpu 0 | f64 20 | gen 0.1s
--------- pump migration: intra (promote-2 + intake-reset) ---------
  51     0     100               0       16105.953      17077.2508      1227.07075      332507.131     0.339574346      0.32265364
  51     1      50               0       7582.1739      9676.79718      559.361302      178348.743     0.159860876     0.182831175
          wgpu 2d 323g 423c x3w 7ms | egraph 117g->197v+0snap 27ms | graft 57 (-149n, 0 snap) cpu 0 | f64 30 | gen 0.2s | dropped inexpr 1 oversz 0 unbuild 0 {}
  52     0     100               0      16105.9529      17077.2464      1227.07093      332507.168     0.339574344     0.322653556
  52     1      50               0       7582.1739      9676.79718      559.361302      178348.743     0.159860876     0.182831175
          wgpu 1d 114g 260c x3w 3ms | egraph 31g->114v+0snap 5ms | graft 30 (-72n, 0 snap) cpu 0 | f64 20 | gen 0.1s | dropped inexpr 1 oversz 0 unbuild 0 {}
  53     0     100               0      16105.9529      17077.2464      1227.07093      332507.168     0.339574344     0.322653556
  53     1      50               0       7582.1739      9676.79718      559.361302      178348.743     0.159860876     0.182831175
          wgpu 1d 121g 259c x3w 3ms | egraph 25g->113v+0snap 5ms | graft 35 (-76n, 0 snap) cpu 0 | f64 20 | gen 0.1s | dropped inexpr 1 oversz 0 unbuild 0 {}
  54     0     100               0      16105.9529      17077.2464      1227.07093      332507.168     0.339574344     0.322653556
  54     1      50               0       7582.1739      9676.79718      559.361302      178348.743     0.159860876     0.182831175
          wgpu 1d 127g 262c x3w 3ms | egraph 31g->116v+0snap 5ms | graft 32 (-68n, 0 snap) cpu 0 | f64 20 | gen 0.1s | dropped inexpr 3 oversz 0 unbuild 0 {}
  55     0     100               0      16105.9529      17077.2464      1227.07093      332507.168     0.339574344     0.322653556
  55     1      50               0       7582.1739      9676.79718      559.361302      178348.743     0.159860876     0.182831175
          wgpu 1d 106g 253c x3w 3ms | egraph 22g->107v+0snap 5ms | graft 25 (-65n, 0 snap) cpu 0 | f64 20 | gen 0.2s | dropped inexpr 1 oversz 0 unbuild 0 {}
  56     0     100               0      16105.9529      17077.2464      1227.07093      332507.168     0.339574344     0.322653556
  56     1      50               0       7582.1739      9676.79718      559.361302      178348.743     0.159860876     0.182831175
          wgpu 1d 110g 256c x3w 3ms | egraph 27g->110v+0snap 6ms | graft 26 (-66n, 0 snap) cpu 0 | f64 20 | gen 0.1s | dropped inexpr 1 oversz 0 unbuild 0 {}
  57     0     100               0       16105.953      17077.2508      1227.07075      332507.131     0.339574346      0.32265364
  57     1      50               0       7582.1739      9676.79718      559.361302      178348.743     0.159860876     0.182831175
          wgpu 1d 118g 259c x3w 3ms | egraph 24g->113v+0snap 5ms | graft 29 (-65n, 0 snap) cpu 0 | f64 20 | gen 0.1s
  58     0     100               0      16105.9529      17077.2464      1227.07093      332507.168     0.339574344     0.322653556
  58     1      50               0      5708.32769       7351.8158      530.061486      152525.215     0.120353117     0.138903513
          wgpu 1d 109g 258c x3w 3ms | egraph 26g->112v+0snap 5ms | graft 28 (-81n, 0 snap) cpu 0 | f64 20 | gen 0.1s | dropped inexpr 2 oversz 0 unbuild 0 {}
  59     0     100               0      16105.9529      17077.2464      1227.07093      332507.168     0.339574344     0.322653556
  59     1      50               0      5708.32777      7351.81675      530.061466      152525.214     0.120353119     0.138903531
          wgpu 1d 107g 266c x3w 3ms | egraph 26g->120v+0snap 5ms | graft 31 (-75n, 0 snap) cpu 0 | f64 20 | gen 0.2s | dropped inexpr 4 oversz 0 unbuild 0 {}
  60     0     100               0       16105.953      17077.2508      1227.07075      332507.131     0.339574346      0.32265364
  60     1      50               0      5708.32777      7351.81675      530.061466      152525.214     0.120353119     0.138903531
          wgpu 1d 85g 249c x3w 3ms | egraph 14g->103v+0snap 3ms | graft 27 (-73n, 0 snap) cpu 0 | f64 20 | gen 0.1s | dropped inexpr 1 oversz 0 unbuild 0 {}
--------- pump migration: intra (promote-2 + intake-reset) + cross ---------
  61     0     100               0      16105.9529      17077.2464      1227.07093      332507.168     0.339574344     0.322653556
  61     1      50               0      5708.32777      7351.81675      530.061466      152525.214     0.120353119     0.138903531
          wgpu 2d 304g 420c x3w 7ms | egraph 100g->194v+0snap 17ms | graft 58 (-127n, 0 snap) cpu 0 | f64 30 | gen 0.1s | dropped inexpr 2 oversz 0 unbuild 0 {}
  62     0     100               0      16105.9529      17077.2464      1227.07093      332507.168     0.339574344     0.322653556
  62     1      50               0      5708.32769       7351.8158      530.061486      152525.215     0.120353117     0.138903513
          wgpu 1d 127g 284c x3w 3ms | egraph 33g->138v+0snap 5ms | graft 33 (-78n, 0 snap) cpu 0 | f64 20 | gen 0.2s
  63     0     100               0      16105.9529      17077.2464      1227.07093      332507.168     0.339574344     0.322653556
  63     1      50               0      5708.32769       7351.8158      530.061486      152525.215     0.120353117     0.138903513
          wgpu 1d 109g 275c x3w 3ms | egraph 25g->129v+0snap 5ms | graft 37 (-91n, 0 snap) cpu 0 | f64 20 | gen 0.2s
  64     0     100               0      16105.9529      17077.2464      1227.07093      332507.168     0.339574344     0.322653556
  64     1      50               0      5708.32769       7351.8158      530.061486      152525.215     0.120353117     0.138903513
          wgpu 1d 87g 264c x3w 3ms | egraph 24g->118v+0snap 4ms | graft 30 (-54n, 0 snap) cpu 0 | f64 20 | gen 0.1s
  65     0     100               0      16105.9529      17077.2464      1227.07093      332507.168     0.339574344     0.322653556
  65     1      50               0      5708.32769       7351.8158      530.061486      152525.215     0.120353117     0.138903513
          wgpu 1d 102g 273c x3w 3ms | egraph 26g->127v+0snap 5ms | graft 35 (-85n, 0 snap) cpu 0 | f64 20 | gen 0.2s
  66     0     100               0      16105.9529      17077.2464      1227.07093      332507.168     0.339574344     0.322653556
  66     1      50               0      5708.32769       7351.8158      530.061486      152525.215     0.120353117     0.138903513
          wgpu 1d 135g 278c x3w 3ms | egraph 41g->132v+0snap 7ms | graft 38 (-86n, 0 snap) cpu 0 | f64 20 | gen 0.2s | dropped inexpr 1 oversz 0 unbuild 0 {}
  67     0     100               0      16105.9529      17077.2464      1227.07093      332507.168     0.339574344     0.322653556
  67     1      50               0      5708.32769       7351.8158      530.061486      152525.215     0.120353117     0.138903513
          wgpu 1d 130g 278c x3w 3ms | egraph 32g->132v+0snap 7ms | graft 43 (-96n, 0 snap) cpu 0 | f64 20 | gen 0.4s
  68     0     100               0      16105.9529      17077.2464      1227.07093      332507.168     0.339574344     0.322653556
  68     1      50               0      4976.71147      5323.44572      392.047193      122458.369     0.104927883     0.100579956
          wgpu 1d 125g 280c x3w 3ms | egraph 30g->134v+0snap 6ms | graft 35 (-74n, 0 snap) cpu 0 | f64 20 | gen 0.2s | dropped inexpr 1 oversz 0 unbuild 0 {}
  69     0     100               0      16105.9529      17077.2464      1227.07093      332507.168     0.339574344     0.322653556
  69     1      50               0      4976.71147      5323.44572      392.047193      122458.369     0.104927883     0.100579956
          wgpu 1d 136g 286c x3w 3ms | egraph 35g->140v+0snap 7ms | graft 36 (-100n, 0 snap) cpu 0 | f64 20 | gen 0.2s | dropped inexpr 1 oversz 0 unbuild 0 {}
  70     0     100               0      16105.9529      17077.2464      1227.07093      332507.168     0.339574344     0.322653556
  70     1      50               0      4976.71147      5323.44572      392.047193      122458.369     0.104927883     0.100579956
          wgpu 1d 134g 290c x3w 3ms | egraph 30g->144v+0snap 5ms | graft 34 (-81n, 0 snap) cpu 0 | f64 20 | gen 0.2s | dropped inexpr 1 oversz 0 unbuild 0 {}
--------- pump migration: intra (promote-2 + intake-reset) ---------
  71     0     100               0       26724.801      29047.0904      1061.90113      1331758.51     0.563459787      0.54880903
  71     1      50               0      4976.71147      5323.44572      392.047193      122458.369     0.104927883     0.100579956
          wgpu 2d 354g 482c x3w 7ms | egraph 125g->256v+0snap 20ms | graft 75 (-190n, 0 snap) cpu 0 | f64 30 | gen 0.2s | dropped inexpr 6 oversz 0 unbuild 0 {}
  72     0     100               0       26724.801      29047.0904      1061.90113      1331758.51     0.563459787      0.54880903
  72     1      50               0      4976.71147      5323.44572      392.047193      122458.369     0.104927883     0.100579956
          wgpu 1d 175g 345c x3w 4ms | egraph 65g->199v+0snap 9ms | graft 45 (-105n, 0 snap) cpu 0 | f64 20 | gen 0.2s | dropped inexpr 10 oversz 0 unbuild 0 {}
  73     0     100               0       26724.801      29047.0904      1061.90113      1331758.51     0.563459787      0.54880903
  73     1      50               0      4671.25839      4938.42519      362.224838      111439.302    0.0984877775     0.093305467
          wgpu 1d 174g 363c x3w 4ms | egraph 65g->217v+0snap 10ms | graft 55 (-132n, 0 snap) cpu 0 | f64 20 | gen 0.2s | dropped inexpr 11 oversz 0 unbuild 0 {}
  74     0     100               0       26724.801      29047.0904      1061.90113      1331758.51     0.563459787      0.54880903
  74     1      50               0      4671.25839      4938.42519      362.224838      111439.302    0.0984877775     0.093305467
          wgpu 1d 143g 378c x3w 4ms | egraph 49g->232v+0snap 8ms | graft 61 (-129n, 0 snap) cpu 0 | f64 20 | gen 0.2s
  75     0     100               0      13653.1419      13586.8207      494.295159      515969.615     0.287859821     0.256706258
  75     1      50               0      4671.25839      4938.42519      362.224838      111439.302    0.0984877775     0.093305467
          wgpu 1d 171g 375c x3w 4ms | egraph 62g->229v+0snap 9ms | graft 57 (-140n, 0 snap) cpu 0 | f64 20 | gen 0.2s | dropped inexpr 11 oversz 0 unbuild 0 {}
  76     0     100               0      13653.1419      13586.8207      494.295159      515969.615     0.287859821     0.256706258
  76     1      50               0      4671.25839      4938.42519      362.224838      111439.302    0.0984877775     0.093305467
          wgpu 1d 134g 375c x3w 3ms | egraph 47g->229v+0snap 7ms | graft 51 (-106n, 0 snap) cpu 0 | f64 20 | gen 0.2s | dropped inexpr 3 oversz 0 unbuild 0 {}
  77     0     100               0      13653.1419      13586.8207      494.295159      515969.615     0.287859821     0.256706258
  77     1      50               0      4671.25839      4938.42519      362.224838      111439.302    0.0984877775     0.093305467
          wgpu 1d 124g 379c x3w 3ms | egraph 39g->233v+0snap 6ms | graft 63 (-129n, 0 snap) cpu 0 | f64 20 | gen 0.2s
  78     0     100               0      13653.1419      13586.8207      494.295159      515969.615     0.287859821     0.256706258
  78     1      50               0      4671.25839      4938.42519      362.224838      111439.302    0.0984877775     0.093305467
          wgpu 1d 139g 377c x3w 3ms | egraph 49g->231v+0snap 8ms | graft 53 (-112n, 0 snap) cpu 0 | f64 20 | gen 0.2s
  79     0     100               0      13653.1419      13586.8207      494.295159      515969.615     0.287859821     0.256706258
  79     1      50               0      4671.25839      4938.42519      362.224838      111439.302    0.0984877775     0.093305467
          wgpu 1d 146g 371c x3w 4ms | egraph 51g->225v+0snap 7ms | graft 63 (-141n, 0 snap) cpu 0 | f64 20 | gen 0.2s | dropped inexpr 1 oversz 0 unbuild 0 {}
  80     0     100               0      13653.1419      13586.8207      494.295159      515969.615     0.287859821     0.256706258
  80     1      50               0      4671.25839      4938.42519      362.224838      111439.302    0.0984877775     0.093305467
          wgpu 1d 150g 373c x3w 4ms | egraph 42g->227v+0snap 6ms | graft 60 (-132n, 0 snap) cpu 0 | f64 20 | gen 0.2s | dropped inexpr 1 oversz 0 unbuild 0 {}
--------- pump migration: intra (promote-2 + intake-reset) ---------
  81     0     100               0      13653.1419      13586.8207      494.295159      515969.615     0.287859821     0.256706258
  81     1      50               0      13653.1419      13586.8207      494.295159      515969.615     0.287859821     0.256706258
          wgpu 2d 326g 462c x3w 7ms | egraph 112g->236v+0snap 21ms | graft 75 (-204n, 0 snap) cpu 0 | f64 30 | gen 0.2s | dropped inexpr 3 oversz 0 unbuild 0 {}
  82     0     100               0      13653.1419      13586.8207      494.295159      515969.615     0.287859821     0.256706258
  82     1      50               0      4671.25839      4938.42519      362.224838      111439.302    0.0984877775     0.093305467
          wgpu 1d 144g 376c x3w 4ms | egraph 35g->230v+0snap 6ms | graft 65 (-135n, 0 snap) cpu 0 | f64 20 | gen 0.2s
  83     0     100               0      13653.1419      13586.8207      494.295159      515969.615     0.287859821     0.256706258
  83     1      50               0      4671.25839      4938.42519      362.224838      111439.302    0.0984877775     0.093305467
          wgpu 1d 138g 380c x3w 3ms | egraph 42g->234v+0snap 7ms | graft 57 (-141n, 0 snap) cpu 0 | f64 20 | gen 0.2s | dropped inexpr 2 oversz 0 unbuild 0 {}
  84     0     100               0      13653.1419      13586.8207      494.295159      515969.615     0.287859821     0.256706258
  84     1      50               0      4671.25839      4938.42519      362.224838      111439.302    0.0984877775     0.093305467
          wgpu 1d 137g 376c x3w 3ms | egraph 25g->230v+0snap 4ms | graft 45 (-100n, 0 snap) cpu 0 | f64 20 | gen 0.2s | dropped inexpr 1 oversz 0 unbuild 0 {}
  85     0     100               0      13653.1419      13586.8207      494.295159      515969.615     0.287859821     0.256706258
  85     1      50               0      4671.25839      4938.42519      362.224838      111439.302    0.0984877775     0.093305467
          wgpu 1d 127g 357c x3w 3ms | egraph 24g->211v+0snap 4ms | graft 53 (-113n, 0 snap) cpu 0 | f64 20 | gen 0.2s
  86     0     100               0      13653.1419      13586.8207      494.295159      515969.615     0.287859821     0.256706258
  86     1      50               0      4671.25839      4938.42519      362.224838      111439.302    0.0984877775     0.093305467
          wgpu 1d 149g 374c x3w 4ms | egraph 30g->228v+0snap 5ms | graft 64 (-141n, 0 snap) cpu 0 | f64 20 | gen 0.2s
  87     0     100               0      13653.1419      13586.8207      494.295159      515969.615     0.287859821     0.256706258
  87     1      50               0      4671.25839      4938.42519      362.224838      111439.302    0.0984877775     0.093305467
          wgpu 1d 152g 373c x3w 3ms | egraph 39g->227v+0snap 6ms | graft 61 (-134n, 0 snap) cpu 0 | f64 20 | gen 0.2s | dropped inexpr 1 oversz 0 unbuild 0 {}
  88     0     100               0      13653.1419      13586.8207      494.295159      515969.615     0.287859821     0.256706258
  88     1      50               0      4671.25839      4938.42519      362.224838      111439.302    0.0984877775     0.093305467
          wgpu 1d 143g 364c x3w 3ms | egraph 25g->218v+0snap 4ms | graft 55 (-123n, 0 snap) cpu 0 | f64 20 | gen 0.2s | dropped inexpr 1 oversz 0 unbuild 0 {}
  89     0     100               0      13653.1419      13586.8207      494.295159      515969.615     0.287859821     0.256706258
  89     1      50               0      4671.25839      4938.42519      362.224838      111439.302    0.0984877775     0.093305467
          wgpu 1d 151g 367c x3w 3ms | egraph 36g->221v+0snap 6ms | graft 58 (-125n, 0 snap) cpu 0 | f64 20 | gen 0.2s | dropped inexpr 1 oversz 0 unbuild 0 {}
  90     0     100               0      13653.1419      13586.8207      494.295159      515969.615     0.287859821     0.256706258
  90     1      50               0      4671.25839      4938.42519      362.224838      111439.302    0.0984877775     0.093305467
          wgpu 1d 159g 379c x3w 3ms | egraph 33g->233v+0snap 6ms | graft 67 (-145n, 0 snap) cpu 0 | f64 20 | gen 0.2s | dropped inexpr 2 oversz 0 unbuild 0 {}
--------- pump migration: intra (promote-2 + intake-reset) + cross ---------
  91     0     100               0      13653.1419      13586.8207      494.295159      515969.615     0.287859821     0.256706258
  91     1      50               0      4671.25839      4938.42519      362.224838      111439.302    0.0984877775     0.093305467
          wgpu 2d 318g 502c x3w 7ms | egraph 96g->276v+0snap 17ms | graft 80 (-204n, 0 snap) cpu 0 | f64 30 | gen 0.2s | dropped inexpr 2 oversz 0 unbuild 0 {}
  92     0     100               0      13653.1419      13586.8207      494.295159      515969.615     0.287859821     0.256706258
  92     1      50               0      4671.25839      4938.42519      362.224838      111439.302    0.0984877775     0.093305467
          wgpu 1d 153g 371c x3w 4ms | egraph 33g->225v+0snap 5ms | graft 59 (-123n, 0 snap) cpu 0 | f64 20 | gen 0.2s | dropped inexpr 2 oversz 0 unbuild 0 {}
  93     0     100               0      13653.1419      13586.8207      494.295159      515969.615     0.287859821     0.256706258
  93     1      50               0      4671.25839      4938.42519      362.224838      111439.302    0.0984877775     0.093305467
          wgpu 1d 173g 375c x3w 4ms | egraph 41g->229v+0snap 7ms | graft 63 (-143n, 0 snap) cpu 0 | f64 20 | gen 0.2s | dropped inexpr 1 oversz 0 unbuild 0 {}
  94     0     100               0      13653.1419      13586.8207      494.295159      515969.615     0.287859821     0.256706258
  94     1      50               0      4671.25839      4938.42519      362.224838      111439.302    0.0984877775     0.093305467
          wgpu 1d 147g 369c x3w 4ms | egraph 37g->223v+0snap 6ms | graft 60 (-140n, 0 snap) cpu 0 | f64 20 | gen 0.2s
  95     0     100               0      13653.1419      13586.8207      494.295159      515969.615     0.287859821     0.256706258
  95     1      50               0      4671.25839      4938.42519      362.224838      111439.302    0.0984877775     0.093305467
          wgpu 1d 159g 369c x3w 4ms | egraph 38g->223v+0snap 7ms | graft 71 (-161n, 0 snap) cpu 0 | f64 20 | gen 0.2s | dropped inexpr 1 oversz 0 unbuild 0 {}
  96     0     100               0      13653.1419      13586.8207      494.295159      515969.615     0.287859821     0.256706258
  96     1      50               0      4671.25839      4938.42519      362.224838      111439.302    0.0984877775     0.093305467
          wgpu 1d 153g 376c x3w 4ms | egraph 30g->230v+0snap 5ms | graft 61 (-142n, 0 snap) cpu 0 | f64 20 | gen 0.3s | dropped inexpr 1 oversz 0 unbuild 0 {}
  97     0     100               0      13653.1419      13586.8207      494.295159      515969.615     0.287859821     0.256706258
  97     1      50               0      4671.25839      4938.42519      362.224838      111439.302    0.0984877775     0.093305467
          wgpu 1d 166g 379c x3w 4ms | egraph 31g->233v+0snap 6ms | graft 73 (-170n, 0 snap) cpu 0 | f64 20 | gen 0.2s | dropped inexpr 1 oversz 0 unbuild 0 {}
  98     0     100               0      13653.1419      13586.8207      494.295159      515969.615     0.287859821     0.256706258
  98     1      50               0      4671.25839      4938.42519      362.224838      111439.302    0.0984877775     0.093305467
          wgpu 1d 147g 366c x3w 4ms | egraph 29g->220v+0snap 5ms | graft 54 (-129n, 0 snap) cpu 0 | f64 20 | gen 0.2s
  99     0     100               0      13653.1419      13586.8207      494.295159      515969.615     0.287859821     0.256706258
  99     1      50               0      4671.25839      4938.42519      362.224838      111439.302    0.0984877775     0.093305467
          wgpu 1d 136g 351c x3w 3ms | egraph 34g->205v+0snap 7ms | graft 36 (-88n, 0 snap) cpu 0 | f64 20 | gen 0.2s
 100     0     100               0      13653.1419      13586.8207      494.295159      515969.615     0.287859821     0.256706258
 100     1      50               0      4671.25839      4938.42519      362.224838      111439.302    0.0984877775     0.093305467
          wgpu 1d 160g 358c x3w 4ms | egraph 26g->212v+0snap 5ms | graft 55 (-129n, 0 snap) cpu 0 | f64 20 | gen 0.2s
--------- pump migration: intra (promote-2 + intake-reset) ---------
 101     0     100               0      13653.1419      13586.8207      494.295159      515969.615     0.287859821     0.256706258
 101     1      50               0      4671.25839      4938.42519      362.224838      111439.302    0.0984877775     0.093305467
          wgpu 2d 352g 511c x3w 7ms | egraph 104g->283v+2snap 21ms | graft 88 (-233n, 0 snap) cpu 0 | f64 30 | gen 0.2s | dropped inexpr 3 oversz 0 unbuild 0 {}
 102     0     100               0      13653.1419      13586.8207      494.295159      515969.615     0.287859821     0.256706258
 102     1      50               0      13653.1419      13586.8207      494.295159      515969.615     0.287859821     0.256706258
          wgpu 1d 163g 344c x3w 4ms | egraph 37g->195v+3snap 6ms | graft 65 (-143n, 1 snap) cpu 0 | f64 20 | gen 0.2s
 103     0     100               0      13653.1419      13586.8207      494.295159      515969.615     0.287859821     0.256706258
 103     1      50               0      13653.1419      13586.8207      494.295159      515969.615     0.287859821     0.256706258
          wgpu 1d 167g 408c x3w 4ms | egraph 30g->261v+1snap 6ms | graft 75 (-180n, 1 snap) cpu 0 | f64 20 | gen 0.2s
 104     0     100               0      13653.1419      13586.8207      494.295159      515969.615     0.287859821     0.256706258
 104     1      50               0      13653.1419      13586.8207      494.295159      515969.615     0.287859821     0.256706258
          wgpu 1d 172g 392c x3w 4ms | egraph 27g->246v+0snap 4ms | graft 71 (-165n, 0 snap) cpu 0 | f64 20 | gen 0.2s
 105     0     100               0      13653.1419      13586.8207      494.295159      515969.615     0.287859821     0.256706258
 105     1      50               0      13653.1419      13586.8207      494.295159      515969.615     0.287859821     0.256706258
          wgpu 1d 174g 373c x3w 4ms | egraph 35g->226v+1snap 6ms | graft 72 (-169n, 0 snap) cpu 0 | f64 20 | gen 0.2s
 106     0     100               0      13653.1419      13586.8207      494.295159      515969.615     0.287859821     0.256706258
 106     1      50               0      13653.1419      13586.8207      494.295159      515969.615     0.287859821     0.256706258
          wgpu 1d 150g 392c x3w 4ms | egraph 28g->244v+2snap 5ms | graft 70 (-169n, 1 snap) cpu 0 | f64 20 | gen 0.2s
 107     0     100               0      13653.1419      13586.8207      494.295159      515969.615     0.287859821     0.256706258
 107     1      50               0      13653.1419      13586.8207      494.295159      515969.615     0.287859821     0.256706258
          wgpu 1d 189g 361c x3w 4ms | egraph 49g->214v+1snap 7ms | graft 74 (-182n, 0 snap) cpu 0 | f64 20 | gen 0.2s | dropped inexpr 2 oversz 0 unbuild 0 {}
 108     0     100               0      13653.1419      13586.8207      494.295159      515969.615     0.287859821     0.256706258
 108     1      50               0      13653.1419      13586.8207      494.295159      515969.615     0.287859821     0.256706258
          wgpu 1d 149g 385c x3w 4ms | egraph 26g->239v+0snap 4ms | graft 64 (-155n, 0 snap) cpu 0 | f64 20 | gen 0.2s
 109     0     100               0      13653.1419      13586.8207      494.295159      515969.615     0.287859821     0.256706258
 109     1      50               0      1.06779968      1.19382898      1.98808909      2.72104761  2.25132519e-05  2.25559296e-05
          wgpu 1d 170g 371c x3w 4ms | egraph 36g->225v+0snap 6ms | graft 57 (-142n, 0 snap) cpu 0 | f64 20 | gen 0.2s
 110     0     100               0      13653.1419      13586.8207      494.295159      515969.615     0.287859821     0.256706258
 110     1      50               0      1.06779968      1.19382898      1.98808909      2.72104761  2.25132519e-05  2.25559296e-05
          wgpu 1d 159g 334c x3w 4ms | egraph 28g->188v+0snap 5ms | graft 47 (-105n, 0 snap) cpu 0 | f64 20 | gen 0.2s
--------- pump migration: intra (promote-2 + intake-reset) ---------
 111     0     100               0      13653.1419      13586.8207      494.295159      515969.615     0.287859821     0.256706258
 111     1      50               0      13653.1419      13586.8207      494.295159      515969.615     0.287859821     0.256706258
          wgpu 2d 365g 455c x3w 7ms | egraph 100g->229v+0snap 20ms | graft 93 (-267n, 0 snap) cpu 0 | f64 30 | gen 0.1s | dropped inexpr 4 oversz 0 unbuild 0 {}
 112     0     100               0      13653.1444      13586.8121      494.295136      515969.536     0.287859874     0.256706095
 112     1      50               0      13653.1419      13586.8207      494.295159      515969.615     0.287859821     0.256706258
          wgpu 1d 177g 377c x3w 4ms | egraph 28g->231v+0snap 5ms | graft 67 (-169n, 0 snap) cpu 0 | f64 20 | gen 0.2s
 113     0     100               0      13653.1444      13586.8121      494.295136      515969.536     0.287859874     0.256706095
 113     1      50               0  4.16591232e-27  3.83653429e-27  4.54747351e-13  4.04714832e-26  8.78331729e-32  7.24865945e-32
          wgpu 1d 153g 364c x3w 4ms | egraph 24g->218v+0snap 6ms | graft 63 (-143n, 0 snap) cpu 0 | f64 20 | gen 0.2s | dropped inexpr 1 oversz 0 unbuild 0 {}

*** Early stop at generation 113: best val_R² = 1.0000000000 ≥ 0.9999999990, holdout_R² = 1.0000000000 confirmed

This sub-run: 2026-09-19 05:51:53.045478 → 2026-09-19 05:52:13.253950
Now at generation 113 (HOF size: 31)
[join] 125 dispatches, 17,772 genes, 106,779 candidates scored in 0.43s GPU+host; e-graph 5,008 trees -> 18,055 variants + 10 snaps in 0.90s; 4,982 grafts (3 snap), 12,622 nodes removed; cpu-path individuals 0, f64-rejected 0
[join]   inexpressible:    136  no pset token for semantic id "pow" with arity 2
[join]   inexpressible:      8  no pset token for semantic id "neg" with arity 1
[join]   inexpressible:      3  no pset token for semantic id "sqrt" with arity 1
  HFF-chosen LSM kept: a=18.8496, b=12.5664
Chromosome wrapper: id=0  →  identity
hof[0] runtime val: mse=2.436e-27  R²=1.000000
Pre-snap expression (after sympify + LSM compose):
  6.28318530717959*B*Jz*g_*mom/h + 2.44091048906567e+17*Jz*g_*mom - 1.4210854715202e-14

Per-level snap results (before MSE scoring):
  strict      →  2.44091048906567e+17*Jz*g_*mom
  default     →  2.44091048906567e+17*Jz*g_*mom
  aggressive  →  2.44091048906567e+17*Jz*g_*mom

Snap-level comparison (sorted by holdout MSE, lowest first)
------------------------------------------------------------------------------------------
  level       MSE            R²         expression                                        
------------------------------------------------------------------------------------------
★ strict      5.665e+37      -1502379183424166987268377001590784.0000 2.44091048906567e+17*Jz*g_*mom                    
  default     5.665e+37      -1502379183424166987268377001590784.0000 2.44091048906567e+17*Jz*g_*mom                    
  aggressive  5.665e+37      -1502379183424166987268377001590784.0000 2.44091048906567e+17*Jz*g_*mom                    

Winning snap level: 'strict'  →  2.44091048906567e+17*Jz*g_*mom

Canonical discovered expression: 2.44091048906567e+17*Jz*g_*mom
[38;2;0;50;255m
############################################################ [38;2;255;255;255m
[38;2;0;50;255m Equation Recovery: II_34_29B [38;2;255;255;255m
[38;2;0;50;255m Truth: g_*mom*B*Jz/(h/(2*pi)) [38;2;255;255;255m
[38;2;0;50;255m [38;2;255;255;255m
[38;2;255;0;255m     Exact recovery     : False [38;2;255;255;255m
[38;2;255;0;255m     Numerical recovery : False (max rel_err 2.80e+17 on 10k samples) [38;2;255;255;255m
[38;2;255;0;255m     Discovered         : 2.44091048906567e+17*Jz*g_*mom [38;2;255;255;255m
[38;2;255;0;255m     LSM (a, b)         : (18.8496, 12.5664) [38;2;255;255;255m
[38;2;0;50;255m
############################################################ [38;2;255;255;255m
In-range holdout : MSE=2.592e-27  MAE=3.139e-14  R²=1.0000
Extrapolation    : MSE=4.407e-26  MAE=8.661e-14  R²=1.0000

Top 10 HOF models (north_pole=truenorth) (★ = Pareto-optimal)
(deduped HOF: 4 unique chromosomes from 31 raw HOF entries)
 ----------------------------------------------------------------------------------------------------------------
       model     wrapper      length   train_mse     val_mse     max_err    train_r2      val_r2 angular_distance
 ----------------------------------------------------------------------------------------------------------------
★           0    identity          17      0.0000      0.0000      0.0000      1.0000      1.0000      0.0000
            1    identity           5  24849.4327  28413.0815   1396.6448      0.4761      0.4632      1.5708
           28    identity           5  24849.4327  28413.0815   1396.6448      0.4761      0.4632      1.5708
           10    identity           5  24849.4327  28413.0815   1396.6448      0.4761      0.4632      1.5708

Pareto-optimal in top 4: 1    Pareto-optimal in full HOF: 1 / 4

Recovery sweep across 4/4 unique HOF chromosomes (capped):
  Structural / exact     : 0/4  (0.0%)
  Numerical (≤1e-6 err)  : 0/4  (0.0%)
{
    "date": "2026/09/19",
    "seed": "5",
    "task": "equation_recovery",
    "north_pole_method": "truenorth",
    "hff_include_val": true,
    "problem": "II_34_29b",
    "truth_expr": "g_*mom*B*Jz/(h/(2*pi))",
    "final_terminal_inputs": [
        "g_",
        "h",
        "Jz",
        "mom",
        "B"
    ],
    "wide_primitives": true,
    "head_length": "48",
    "n_genes": "3",
    "rnc_array_length": "10",
    "tournament size": "intake=8, champion=5",
    "population size": "150",
    "population per island": "intake=100, champion=50",
    "gpu_join": true,
    "eclass_k": 8,
    "number of elites": "2",
    "number of generations": "400",
    "number of islands": "2",
    "migration FREQ": "30",
    "wrapper_id": 0,
    "wrapper_name": "identity",
    "recovery_exact": false,
    "recovery_numerical": false,
    "recovery_max_rel_err": 2.801258560327998e+17,
    "discovered_expr": "2.44091048906567e+17*Jz*g_*mom",
    "holdout_mse": 2.5918498357579475e-27,
    "holdout_r2": 1.0,
    "extrap_mse": 4.4069320039719214e-26,
    "extrap_r2": 1.0,
    "hof_size": 4,
    "hof_exact_recoveries": 0,
    "hof_numerical_recoveries": 0
}
