/opt/anaconda3/lib/python3.12/site-packages/geppy/__init__.py:26: UserWarning: pkg_resources is deprecated as an API. See https://setuptools.pypa.io/en/latest/pkg_resources.html. The pkg_resources package is slated for removal as early as 2025-11-30. Refrain from using this package or pin to Setuptools<81.
  from pkg_resources import get_distribution, DistributionNotFound
hff library OK (test fitness: (0.1415394733244273,))
registry: ['circle_area', 'gravity', 'coulomb', 'pendulum', 'keplers3', 'ideal_gas', 'I_6_2a', 'I_6_2', 'I_6_2b', 'I_8_14', 'I_9_18', 'I_10_7', 'I_11_19', 'I_12_1', 'I_12_2', 'I_12_4', 'I_12_5', 'I_12_11', 'I_13_4', 'I_13_12', 'I_14_3', 'I_14_4', 'I_15_3x', 'I_15_3t', 'I_15_1', 'I_16_6', 'I_18_4', 'I_18_12', 'I_18_14', 'I_24_6', 'I_25_13', 'I_26_2', 'I_27_6', 'I_29_4', 'I_29_16', 'I_30_3', 'I_30_5', 'I_32_5', 'I_32_17', 'I_34_8', 'I_34_1', 'I_34_14', 'I_34_27', 'I_37_4', 'I_38_12', 'I_39_1', 'I_39_11', 'I_39_22', 'I_40_1', 'I_41_16', 'I_43_16', 'I_43_31', 'I_43_43', 'I_44_4', 'I_47_23', 'I_48_2', 'I_50_26', 'II_2_42', 'II_3_24', 'II_4_23', 'II_6_11', 'II_6_15a', 'II_6_15b', 'II_8_7', 'II_8_31', 'II_10_9', 'II_11_3', 'II_11_17', 'II_11_20', 'II_11_27', 'II_11_28', 'II_13_17', 'II_13_23', 'II_13_34', 'II_15_4', 'II_15_5', 'II_21_32', 'II_24_17', 'II_27_16', 'II_27_18', 'II_34_2a', 'II_34_2', 'II_34_11', 'II_34_29a', 'II_34_29b', 'II_35_18', 'II_35_21', 'II_36_38', 'II_37_1', 'II_38_3', 'II_38_14', 'III_4_32', 'III_4_33', 'III_7_38', 'III_8_54', 'III_9_52', 'III_10_19', 'III_12_43', 'III_13_18', 'III_14_14', 'III_15_12', 'III_15_14', 'III_15_27', 'III_17_37', 'III_19_51', 'III_21_20', 'test_1', 'test_2', 'test_3', 'test_4', 'test_5', 'test_6', 'test_7', 'test_8', 'test_9', 'test_10', 'test_11', 'test_12', 'test_13', 'test_14', 'test_15', 'test_16', 'test_17', 'test_18', 'test_19', 'test_20']
[feynman override] head_length=48 (keep n_genes=3, avgval linker)
Selected problem: III_7_38
  Description : Feynman I-III III.7.38: omega = 2*mom*B/(h/(2*pi))
  Variables   : ['mom', 'B', 'h']
  Train range : {'mom': (1.0, 5.0), 'B': (1.0, 5.0), 'h': (1.0, 5.0)}
  Extrap range: {'mom': (1.0, 7.5), 'B': (1.0, 7.5), 'h': (1.0, 7.5)}
  Truth       : 2*mom*B/(h/(2*pi))
  ✓ cache hit  (data/equations/III_7_38, key=759860a898942320)
  train           (800, 4)  target range=[3.846, 246.7]
  val             (200, 4)  target range=[4.883, 229.9]
  holdout         (200, 4)  target range=[4.791, 228.8]
  extrapolation   (200, 4)  target range=[5.173, 367.8]
  saved figure → data/figures/III_7_38/eda_pairplot.png
Wide primitive set enabled: sin, cos, exp, log added.
[E22 rules] variable pattern tags: {'no_pattern'}
[E22/23 rules] static candidate count: 1
  [sum_sq_all/sum_sq] a=0.8067 b=2.3141e+01 1-R²_va=9.5589e-01
[fuller] denoise + snap IN THE JOIN (every gene, every generation, K=8); mutation operators: physics=0.2 concretize=0.05
Wrapper scope: per_island  (island → wrapper map: ['identity', 'identity'])
[wgpu] process pool disabled — Metal cannot survive fork(); the population is evaluated in one dispatch instead
Genes: head_length=48, n_genes=3, rnc_array_length=10
Population: (per-island, see below), elites: 2, generations: 400, migration FREQ: 30
  pump per-island sizes: intake=100 (tournsize=8), champion=50 (tournsize=5)
Initialising evolution at 2026-09-19 05:51:02.813022
 gen  deme   evals     min fitness          mse_tr          mse_va         max_err      mse_extrap  one_minus_r2_tr  one_minus_r2_va
   0     0     100    0.0238333342      295.284121      247.694784      103.526601      1057.09723     0.219586189     0.215636557
   0     1      50     0.111094767      435.626824      367.739766      108.429777      1794.26076     0.323951161     0.320144558
          wgpu 1d 354g 335c x3w 9ms | egraph 187g->185v+0snap 60ms | graft 81 (-311n, 0 snap) cpu 0 | f64 30 | gen 0.0s | dropped inexpr 2 oversz 0 unbuild 0 {}
Extending evolution: gen 1 → 400 (+400 generations)
   1     0     100   0.00151642207      293.747622      255.988235      61.8279067      3273.28992     0.218443581     0.222856617
   1     1      50     0.069267401      318.493737      256.209985      100.010407      1137.08126     0.236845874     0.223049667
          wgpu 1d 231g 390c x3w 5ms | egraph 84g->244v+0snap 18ms | graft 89 (-358n, 0 snap) cpu 0 | f64 38 | gen 0.5s | dropped inexpr 11 oversz 0 unbuild 0 {}
   2     0     100   0.00151642207      293.747622      255.988235      61.8279067      3273.28992     0.218443581     0.222856617
   2     1      50    0.0120853219      308.036679      260.664156      99.5355782      1072.80501     0.229069549     0.226927351
          wgpu 1d 189g 325c x3w 4ms | egraph 80g->179v+0snap 11ms | graft 77 (-226n, 0 snap) cpu 0 | f64 20 | gen 0.2s | dropped inexpr 10 oversz 0 unbuild 0 {}
   3     0     100   0.00151642207      293.747622      255.988235      61.8279067      3273.28992     0.218443581     0.222856617
   3     1      50    0.0120853219      308.036679      260.664156      99.5355782      1072.80501     0.229069549     0.226927351
          wgpu 1d 212g 318c x3w 4ms | egraph 91g->172v+0snap 16ms | graft 52 (-176n, 0 snap) cpu 0 | f64 20 | gen 0.3s | dropped inexpr 9 oversz 0 unbuild 0 {}
   4     0     100   0.00151642207      293.747622      255.988235      61.8279067      3273.28992     0.218443581     0.222856617
   4     1      50   0.00470010867      197.142855       122.45671      47.4139256      2259.04237     0.146604051     0.106607587
          wgpu 1d 170g 281c x3w 4ms | egraph 65g->135v+0snap 10ms | graft 45 (-133n, 0 snap) cpu 0 | f64 20 | gen 0.2s | dropped inexpr 9 oversz 0 unbuild 0 {}
   5     0     100   0.00151642207      293.747622      255.988235      61.8279067      3273.28992     0.218443581     0.222856617
   5     1      50   0.00470010867      197.142855       122.45671      47.4139256      2259.04237     0.146604051     0.106607587
          wgpu 1d 219g 328c x3w 4ms | egraph 72g->182v+0snap 12ms | graft 55 (-156n, 0 snap) cpu 0 | f64 25 | gen 0.2s | dropped inexpr 11 oversz 0 unbuild 0 {}
   6     0     100   0.00151642207      293.747622      255.988235      61.8279067      3273.28992     0.218443581     0.222856617
   6     1      50   0.00470010867      197.142855       122.45671      47.4139256      2259.04237     0.146604051     0.106607587
          wgpu 1d 232g 364c x3w 4ms | egraph 90g->218v+0snap 12ms | graft 63 (-225n, 0 snap) cpu 0 | f64 24 | gen 0.3s | dropped inexpr 19 oversz 0 unbuild 0 {}
   7     0     100   0.00151642207      293.747622      255.988235      61.8279067      3273.28992     0.218443581     0.222856617
   7     1      50   0.00470010867      197.142855       122.45671      47.4139256      2259.04237     0.146604051     0.106607587
          wgpu 1d 200g 320c x3w 4ms | egraph 69g->174v+0snap 10ms | graft 49 (-157n, 0 snap) cpu 0 | f64 20 | gen 0.2s | dropped inexpr 18 oversz 0 unbuild 0 {}
   8     0     100   0.00151642207      293.747622      255.988235      61.8279067      3273.28992     0.218443581     0.222856617
   8     1      50   0.00470010867      197.142855       122.45671      47.4139256      2259.04237     0.146604051     0.106607587
          wgpu 1d 196g 305c x3w 4ms | egraph 59g->159v+0snap 10ms | graft 50 (-179n, 0 snap) cpu 0 | f64 22 | gen 0.2s | dropped inexpr 12 oversz 0 unbuild 0 {}
   9     0     100   0.00151642207      293.747622      255.988235      61.8279067      3273.28992     0.218443581     0.222856617
   9     1      50   0.00470010867      197.142855       122.45671      47.4139256      2259.04237     0.146604051     0.106607587
          wgpu 1d 224g 329c x3w 4ms | egraph 69g->183v+0snap 11ms | graft 54 (-186n, 0 snap) cpu 0 | f64 20 | gen 0.2s | dropped inexpr 12 oversz 0 unbuild 0 {}
  10     0     100   0.00151642207      293.747622      255.988235      61.8279067      3273.28992     0.218443581     0.222856617
  10     1      50   0.00470010867      197.142855       122.45671      47.4139256      2259.04237     0.146604051     0.106607587
          wgpu 1d 186g 317c x3w 4ms | egraph 51g->171v+0snap 9ms | graft 51 (-135n, 0 snap) cpu 0 | f64 20 | gen 0.5s | dropped inexpr 9 oversz 0 unbuild 0 {}
--------- pump migration: intra (promote-2 + intake-reset) ---------
  11     0     100  2.77936976e-05      95.3385064      71.5463873      29.3073106      347.868082    0.0708978837    0.0622864009
  11     1      50   0.00151642207      293.747622      255.988235      61.8279067      3273.28992     0.218443581     0.222856617
          wgpu 2d 455g 572c x3w 9ms | egraph 175g->346v+0snap 33ms | graft 111 (-630n, 0 snap) cpu 0 | f64 30 | gen 0.4s | dropped inexpr 9 oversz 0 unbuild 0 {}
  12     0     100  2.77936976e-05      95.3385064      71.5463873      29.3073106      347.868082    0.0708978837    0.0622864009
  12     1      50   0.00151642207      293.747622      255.988235      61.8279067      3273.28992     0.218443581     0.222856617
          wgpu 1d 275g 409c x3w 5ms | egraph 102g->263v+0snap 18ms | graft 69 (-332n, 0 snap) cpu 0 | f64 20 | gen 0.3s | dropped inexpr 6 oversz 0 unbuild 0 {}
  13     0     100  2.77936976e-05      95.3385064      71.5463873      29.3073106      347.868082    0.0708978837    0.0622864009
  13     1      50   0.00151642207      293.747622      255.988235      61.8279067      3273.28992     0.218443581     0.222856617
          wgpu 1d 252g 403c x3w 5ms | egraph 94g->257v+0snap 16ms | graft 50 (-185n, 0 snap) cpu 0 | f64 20 | gen 0.4s | dropped inexpr 4 oversz 0 unbuild 0 {}
  14     0     100  2.77936976e-05      95.3385064      71.5463873      29.3073106      347.868082    0.0708978837    0.0622864009
  14     1      50   0.00151642207      293.747622      255.988235      61.8279067      3273.28992     0.218443581     0.222856617
          wgpu 1d 310g 426c x3w 5ms | egraph 110g->280v+0snap 20ms | graft 85 (-297n, 0 snap) cpu 0 | f64 20 | gen 0.3s | dropped inexpr 9 oversz 0 unbuild 0 {}
  15     0     100  2.77936976e-05      95.3385064      71.5463873      29.3073106      347.868082    0.0708978837    0.0622864009
  15     1      50  0.000460073459      118.407751      88.9655447      32.8578817      1426.33959    0.0880531831    0.0774510607
          wgpu 1d 247g 393c x3w 4ms | egraph 70g->247v+0snap 56ms | graft 62 (-192n, 0 snap) cpu 0 | f64 20 | gen 0.3s | dropped inexpr 1 oversz 0 unbuild 0 {}
  16     0     100               0      11.8153585      5.74581182      10.9021625      267.211697   0.00878641743   0.00500215248
  16     1      50  0.000445940514      118.407751      88.9655447      32.8578817      1426.33959    0.0880531831    0.0774510607
          wgpu 1d 238g 379c x3w 4ms | egraph 78g->233v+0snap 12ms | graft 59 (-176n, 0 snap) cpu 0 | f64 22 | gen 0.3s
  17     0     100               0      11.8153585      5.74581182      10.9021625      267.211697   0.00878641743   0.00500215248
  17     1      50  0.000445940514      118.407751      88.9655447      32.8578817      1426.33959    0.0880531831    0.0774510607
          wgpu 1d 213g 398c x3w 4ms | egraph 72g->252v+0snap 11ms | graft 62 (-229n, 0 snap) cpu 0 | f64 25 | gen 0.4s | dropped inexpr 2 oversz 0 unbuild 0 {}
  18     0     100               0      11.8153585      5.74581182      10.9021625      267.211697   0.00878641743   0.00500215248
  18     1      50  0.000273506148       106.24664      75.4851864      32.3421464      1558.08701    0.0790096486    0.0657154157
          wgpu 1d 242g 437c x3w 5ms | egraph 80g->291v+0snap 13ms | graft 62 (-276n, 0 snap) cpu 0 | f64 20 | gen 0.2s
  19     0     100               0      11.8153585      5.74581182      10.9021625      267.211697   0.00878641743   0.00500215248
  19     1      50  0.000273506148       106.24664      75.4851864      32.3421464      1558.08701    0.0790096486    0.0657154157
          wgpu 1d 260g 426c x3w 5ms | egraph 86g->280v+0snap 12ms | graft 63 (-247n, 0 snap) cpu 0 | f64 20 | gen 0.3s
  20     0     100               0      11.8153585      5.74581182      10.9021625      267.211697   0.00878641743   0.00500215248
  20     1      50  0.000273506148       106.24664      75.4851864      32.3421464      1558.08701    0.0790096486    0.0657154157
          wgpu 1d 224g 435c x3w 5ms | egraph 63g->289v+0snap 10ms | graft 66 (-294n, 0 snap) cpu 0 | f64 24 | gen 0.2s
--------- pump migration: intra (promote-2 + intake-reset) ---------
  21     0     100               0      458.901806      333.371702       74.370412       1035.4811     0.341259456     0.290224626
  21     1      50               0      11.8153585      5.74581182      10.9021625      267.211697   0.00878641743   0.00500215248
          wgpu 2d 570g 724c x3w 10ms | egraph 199g->498v+0snap 41ms | graft 123 (-543n, 0 snap) cpu 0 | f64 30 | gen 0.9s | dropped inexpr 6 oversz 0 unbuild 0 {}
  22     0     100               0      458.901806      333.371702       74.370412       1035.4811     0.341259456     0.290224626
  22     1      50               0      11.8153585      5.74581182      10.9021625      267.211697   0.00878641743   0.00500215248
          wgpu 1d 339g 557c x3w 6ms | egraph 107g->411v+0snap 22ms | graft 93 (-424n, 0 snap) cpu 0 | f64 20 | gen 0.8s | dropped inexpr 4 oversz 0 unbuild 0 {}
  23     0     100               0      458.901806      333.371702       74.370412       1035.4811     0.341259456     0.290224626
  23     1      50               0      11.8153585      5.74581182      10.9021625      267.211697   0.00878641743   0.00500215248
          wgpu 1d 348g 562c x3w 6ms | egraph 96g->416v+0snap 19ms | graft 91 (-443n, 0 snap) cpu 0 | f64 20 | gen 0.8s | dropped inexpr 5 oversz 0 unbuild 0 {}
  24     0     100               0      458.901806      333.371702       74.370412       1035.4811     0.341259456     0.290224626
  24     1      50               0      11.8153585      5.74581182      10.9021625      267.211697   0.00878641743   0.00500215248
          wgpu 1d 301g 502c x3w 6ms | egraph 92g->356v+0snap 19ms | graft 74 (-385n, 0 snap) cpu 0 | f64 22 | gen 0.8s | dropped inexpr 2 oversz 0 unbuild 0 {}
  25     0     100               0      458.901806      333.371702       74.370412       1035.4811     0.341259456     0.290224626
  25     1      50               0      11.8153585      5.74581182      10.9021625      267.211697   0.00878641743   0.00500215248
          wgpu 1d 358g 534c x3w 7ms | egraph 95g->388v+0snap 26ms | graft 86 (-410n, 0 snap) cpu 0 | f64 20 | gen 0.7s | dropped inexpr 3 oversz 0 unbuild 0 {}
  26     0     100               0      458.901806      333.371702       74.370412       1035.4811     0.341259456     0.290224626
  26     1      50               0      11.8153585      5.74581182      10.9021625      267.211697   0.00878641743   0.00500215248
          wgpu 1d 387g 561c x3w 8ms | egraph 119g->415v+0snap 25ms | graft 99 (-570n, 0 snap) cpu 0 | f64 20 | gen 1.3s | dropped inexpr 2 oversz 0 unbuild 0 {}
  27     0     100               0      10.5343627      6.28991937      8.69442087       192.28055   0.00783381287   0.00547583819
  27     1      50               0      11.8153585      5.74581182      10.9021625      267.211697   0.00878641743   0.00500215248
          wgpu 1d 341g 519c x3w 6ms | egraph 113g->373v+0snap 25ms | graft 84 (-391n, 0 snap) cpu 0 | f64 20 | gen 0.8s | dropped inexpr 11 oversz 0 unbuild 0 {}
  28     0     100               0      10.5343627      6.28991937      8.69442087       192.28055   0.00783381287   0.00547583819
  28     1      50               0      11.8153585      5.74581182      10.9021625      267.211697   0.00878641743   0.00500215248
          wgpu 1d 299g 543c x3w 5ms | egraph 96g->397v+0snap 17ms | graft 77 (-298n, 0 snap) cpu 0 | f64 20 | gen 0.3s | dropped inexpr 20 oversz 0 unbuild 0 {}
  29     0     100               0      10.5343627      6.28991937      8.69442087       192.28055   0.00783381287   0.00547583819
  29     1      50               0      11.8153585      5.74581182      10.9021625      267.211697   0.00878641743   0.00500215248
          wgpu 1d 363g 582c x3w 6ms | egraph 105g->430v+6snap 24ms | graft 98 (-448n, 1 snap) cpu 0 | f64 20 | gen 0.7s | dropped inexpr 17 oversz 0 unbuild 0 {}
  30     0     100               0      458.901806      333.371702       74.370412       1035.4811     0.341259456     0.290224626
  30     1      50               0      11.8153585      5.74581182      10.9021625      267.211697   0.00878641743   0.00500215248
          wgpu 1d 387g 594c x3w 7ms | egraph 103g->434v+14snap 24ms | graft 89 (-411n, 3 snap) cpu 0 | f64 20 | gen 0.6s | dropped inexpr 6 oversz 0 unbuild 0 {}
--------- pump migration: intra (promote-2 + intake-reset) ---------
  31     0     100               0      10.5343627      6.28991937      8.69442087       192.28055   0.00783381287   0.00547583819
  31     1      50               0      10.5343627      6.28991937      8.69442087       192.28055   0.00783381287   0.00547583819
          wgpu 2d 599g 783c x3w 10ms | egraph 184g->537v+20snap 35ms | graft 131 (-486n, 2 snap) cpu 0 | f64 30 | gen 0.8s | dropped inexpr 13 oversz 0 unbuild 0 {}
  32     0     100               0      9.10475001      4.43964038      8.50823674      200.016203   0.00677069036   0.00386503402
  32     1      50               0      11.8153585      5.74581182      10.9021625      267.211697   0.00878641743   0.00500215248
          wgpu 1d 330g 585c x3w 6ms | egraph 85g->400v+39snap 14ms | graft 89 (-266n, 8 snap) cpu 0 | f64 20 | gen 0.4s | dropped inexpr 7 oversz 0 unbuild 0 {}
  33     0     100               0      9.10475001      4.43964038      8.50823674      200.016203   0.00677069036   0.00386503402
  33     1      50               0      11.8153585      5.74581182      10.9021625      267.211697   0.00878641743   0.00500215248
          wgpu 1d 371g 599c x3w 7ms | egraph 104g->440v+13snap 25ms | graft 94 (-399n, 2 snap) cpu 0 | f64 20 | gen 0.8s | dropped inexpr 8 oversz 0 unbuild 0 {}
  34     0     100               0      9.10475001      4.43964038      8.50823674      200.016203   0.00677069036   0.00386503402
  34     1      50               0      11.8153585      5.74581182      10.9021625      267.211697   0.00878641743   0.00500215248
          wgpu 1d 355g 616c x3w 6ms | egraph 86g->430v+40snap 17ms | graft 85 (-316n, 7 snap) cpu 0 | f64 20 | gen 0.4s | dropped inexpr 7 oversz 0 unbuild 0 {}
  35     0     100               0      9.10475001      4.43964038      8.50823674      200.016203   0.00677069036   0.00386503402
  35     1      50               0      11.8153585      5.74581182      10.9021625      267.211697   0.00878641743   0.00500215248
          wgpu 1d 298g 613c x3w 5ms | egraph 69g->401v+66snap 11ms | graft 92 (-232n, 15 snap) cpu 0 | f64 20 | gen 0.4s | dropped inexpr 4 oversz 0 unbuild 0 {}
  36     0     100               0      9.10475001      4.43964038      8.50823674      200.016203   0.00677069036   0.00386503402
  36     1      50               0      11.8153585      5.74581182      10.9021625      267.211697   0.00878641743   0.00500215248
          wgpu 1d 296g 622c x3w 5ms | egraph 76g->407v+69snap 11ms | graft 89 (-175n, 14 snap) cpu 0 | f64 20 | gen 0.4s | dropped inexpr 4 oversz 0 unbuild 0 {}
  37     0     100               0      9.10475001      4.43964038      8.50823674      200.016203   0.00677069036   0.00386503402
  37     1      50               0      11.8153585      5.74581182      10.9021625      267.211697   0.00878641743   0.00500215248
          wgpu 1d 266g 591c x3w 5ms | egraph 52g->379v+66snap 11ms | graft 82 (-232n, 11 snap) cpu 0 | f64 20 | gen 0.5s | dropped inexpr 1 oversz 0 unbuild 0 {}
  38     0     100               0      9.10475001      4.43964038      8.50823674      200.016203   0.00677069036   0.00386503402
  38     1      50               0      11.8153585      5.74581182      10.9021625      267.211697   0.00878641743   0.00500215248
          wgpu 1d 292g 609c x3w 5ms | egraph 59g->403v+60snap 12ms | graft 81 (-213n, 5 snap) cpu 0 | f64 20 | gen 0.3s
  39     0     100               0      9.10475001      4.43964038      8.50823674      200.016203   0.00677069036   0.00386503402
  39     1      50               0      11.8153585      5.74581182      10.9021625      267.211697   0.00878641743   0.00500215248
          wgpu 1d 293g 606c x3w 5ms | egraph 63g->400v+60snap 11ms | graft 85 (-210n, 9 snap) cpu 0 | f64 20 | gen 0.3s | dropped inexpr 1 oversz 0 unbuild 0 {}
  40     0     100               0      9.10475001      4.43964038      8.50823674      200.016203   0.00677069036   0.00386503402
  40     1      50               0      11.8153585      5.74581182      10.9021625      267.211697   0.00878641743   0.00500215248
          wgpu 1d 300g 614c x3w 5ms | egraph 66g->400v+68snap 14ms | graft 92 (-200n, 15 snap) cpu 0 | f64 20 | gen 0.3s | dropped inexpr 2 oversz 0 unbuild 0 {}
--------- pump migration: intra (promote-2 + intake-reset) ---------
  41     0     100               0      9.10475001      4.43964038      8.50823674      200.016203   0.00677069036   0.00386503402
  41     1      50               0      9.10475001      4.43964038      8.50823674      200.016203   0.00677069036   0.00386503402
          wgpu 2d 529g 814c x3w 9ms | egraph 180g->541v+47snap 29ms | graft 144 (-452n, 5 snap) cpu 0 | f64 30 | gen 0.6s | dropped inexpr 1 oversz 0 unbuild 0 {}
  42     0     100               0      9.10475001      4.43964038      8.50823674      200.016203   0.00677069036   0.00386503402
  42     1      50               0      9.10475001      4.43964038      8.50823674      200.016203   0.00677069036   0.00386503402
          wgpu 1d 291g 634c x3w 5ms | egraph 83g->398v+90snap 15ms | graft 88 (-159n, 13 snap) cpu 0 | f64 20 | gen 0.3s | dropped inexpr 1 oversz 0 unbuild 0 {}
  43     0     100               0      9.10475001      4.43964038      8.50823674      200.016203   0.00677069036   0.00386503402
  43     1      50               0      9.10475001      4.43964038      8.50823674      200.016203   0.00677069036   0.00386503402
          wgpu 1d 364g 651c x3w 6ms | egraph 91g->412v+93snap 16ms | graft 88 (-179n, 16 snap) cpu 0 | f64 20 | gen 0.4s
  44     0     100               0      9.10475001      4.43964038      8.50823674      200.016203   0.00677069036   0.00386503402
  44     1      50               0      9.10475001      4.43964038      8.50823674      200.016203   0.00677069036   0.00386503402
          wgpu 1d 342g 595c x3w 6ms | egraph 88g->374v+75snap 13ms | graft 89 (-189n, 18 snap) cpu 0 | f64 20 | gen 0.5s
  45     0     100               0      8.32504616      3.66917167      9.31245587      205.710582   0.00619086848   0.00319428424
  45     1      50               0      7.34279826      4.15820852      7.69293297      121.152933   0.00546042597   0.00362002685
          wgpu 1d 290g 600c x3w 6ms | egraph 67g->394v+60snap 12ms | graft 85 (-180n, 8 snap) cpu 0 | f64 20 | gen 0.5s
  46     0     100               0      8.32504616      3.66917167      9.31245587      205.710582   0.00619086848   0.00319428424
  46     1      50               0      9.10475001      4.43964038      8.50823674      200.016203   0.00677069036   0.00386503402
          wgpu 1d 293g 599c x3w 5ms | egraph 72g->400v+53snap 13ms | graft 86 (-186n, 12 snap) cpu 0 | f64 20 | gen 0.5s
  47     0     100               0      8.32504616      3.66917167      9.31245587      205.710582   0.00619086848   0.00319428424
  47     1      50               0      9.10475001      4.43964038      8.50823674      200.016203   0.00677069036   0.00386503402
          wgpu 1d 287g 556c x3w 5ms | egraph 60g->382v+28snap 11ms | graft 80 (-234n, 7 snap) cpu 0 | f64 20 | gen 0.4s
  48     0     100               0      8.32504616      3.66917167      9.31245587      205.710582   0.00619086848   0.00319428424
  48     1      50               0      9.10475001      4.43964038      8.50823674      200.016203   0.00677069036   0.00386503402
          wgpu 1d 294g 598c x3w 5ms | egraph 72g->420v+32snap 13ms | graft 75 (-237n, 4 snap) cpu 0 | f64 20 | gen 0.4s
  49     0     100               0      8.32504616      3.66917167      9.31245587      205.710582   0.00619086848   0.00319428424
  49     1      50               0      6.40919664      3.17937642       7.5448056      127.470303   0.00476615897    0.0027678814
          wgpu 1d 295g 539c x3w 5ms | egraph 79g->369v+24snap 15ms | graft 73 (-209n, 2 snap) cpu 0 | f64 20 | gen 0.5s
  50     0     100               0      8.32504616      3.66917167      9.31245587      205.710582   0.00619086848   0.00319428424
  50     1      50               0      6.40919664      3.17937642       7.5448056      127.470303   0.00476615897    0.0027678814
          wgpu 1d 279g 484c x3w 5ms | egraph 62g->334v+4snap 10ms | graft 73 (-195n, 0 snap) cpu 0 | f64 20 | gen 0.3s
--------- pump migration: intra (promote-2 + intake-reset) ---------
  51     0     100               0      8.32504616      3.66917167      9.31245587      205.710582   0.00619086848   0.00319428424
  51     1      50               0      6.40919664      3.17937642       7.5448056      127.470303   0.00476615897    0.0027678814
          wgpu 2d 513g 694c x3w 9ms | egraph 155g->464v+4snap 28ms | graft 133 (-488n, 2 snap) cpu 0 | f64 30 | gen 0.3s | dropped inexpr 3 oversz 0 unbuild 0 {}
  52     0     100               0      8.32504616      3.66917167      9.31245587      205.710582   0.00619086848   0.00319428424
  52     1      50               0      6.40919664      3.17937642       7.5448056      127.470303   0.00476615897    0.0027678814
          wgpu 1d 296g 524c x3w 5ms | egraph 78g->372v+6snap 14ms | graft 79 (-251n, 1 snap) cpu 0 | f64 20 | gen 0.4s
  53     0     100               0      8.32504616      3.66917167      9.31245587      205.710582   0.00619086848   0.00319428424
  53     1      50               0      6.40919664      3.17937642       7.5448056      127.470303   0.00476615897    0.0027678814
          wgpu 1d 276g 508c x3w 5ms | egraph 62g->358v+4snap 11ms | graft 76 (-274n, 0 snap) cpu 0 | f64 20 | gen 0.3s
  54     0     100               0      8.32504616      3.66917167      9.31245587      205.710582   0.00619086848   0.00319428424
  54     1      50               0      6.40919664      3.17937642       7.5448056      127.470303   0.00476615897    0.0027678814
          wgpu 1d 298g 489c x3w 5ms | egraph 74g->339v+4snap 12ms | graft 76 (-222n, 0 snap) cpu 0 | f64 20 | gen 0.5s
  55     0     100               0      8.32504616      3.66917167      9.31245587      205.710582   0.00619086848   0.00319428424
  55     1      50               0      6.40919664      3.17937642       7.5448056      127.470303   0.00476615897    0.0027678814
          wgpu 1d 290g 533c x3w 5ms | egraph 67g->381v+6snap 14ms | graft 84 (-266n, 1 snap) cpu 0 | f64 20 | gen 0.4s
  56     0     100               0      8.32504616      3.66917167      9.31245587      205.710582   0.00619086848   0.00319428424
  56     1      50               0      6.40919664      3.17937642       7.5448056      127.470303   0.00476615897    0.0027678814
          wgpu 1d 310g 489c x3w 5ms | egraph 85g->340v+3snap 15ms | graft 76 (-274n, 0 snap) cpu 0 | f64 20 | gen 0.3s
  57     0     100               0      8.32504616      3.66917167      9.31245587      205.710582   0.00619086848   0.00319428424
  57     1      50               0      6.40919664      3.17937642       7.5448056      127.470303   0.00476615897    0.0027678814
          wgpu 1d 294g 501c x3w 5ms | egraph 67g->350v+5snap 11ms | graft 77 (-283n, 1 snap) cpu 0 | f64 20 | gen 0.4s
  58     0     100               0      8.32504616      3.66917167      9.31245587      205.710582   0.00619086848   0.00319428424
  58     1      50               0      6.40919664      3.17937642       7.5448056      127.470303   0.00476615897    0.0027678814
          wgpu 1d 239g 508c x3w 5ms | egraph 46g->357v+5snap 9ms | graft 77 (-270n, 0 snap) cpu 0 | f64 20 | gen 0.3s
  59     0     100               0      8.32504616      3.66917167      9.31245587      205.710582   0.00619086848   0.00319428424
  59     1      50               0      6.40919664      3.17937642       7.5448056      127.470303   0.00476615897    0.0027678814
          wgpu 1d 277g 530c x3w 5ms | egraph 52g->378v+6snap 11ms | graft 76 (-270n, 0 snap) cpu 0 | f64 20 | gen 0.4s
  60     0     100               0      8.32504616      3.66917167      9.31245587      205.710582   0.00619086848   0.00319428424
  60     1      50               0      6.40919664      3.17937642       7.5448056      127.470303   0.00476615897    0.0027678814
          wgpu 1d 279g 534c x3w 5ms | egraph 53g->385v+3snap 11ms | graft 72 (-260n, 0 snap) cpu 0 | f64 20 | gen 0.6s
--------- pump migration: intra (promote-2 + intake-reset) + cross ---------
  61     0     100               0      8.32504616      3.66917167      9.31245587      205.710582   0.00619086848   0.00319428424
  61     1      50               0      6.40919664      3.17937642       7.5448056      127.470303   0.00476615897    0.0027678814
          wgpu 2d 489g 731c x3w 9ms | egraph 120g->502v+3snap 22ms | graft 123 (-433n, 1 snap) cpu 0 | f64 30 | gen 0.3s | dropped inexpr 3 oversz 0 unbuild 0 {}
  62     0     100               0      8.32504616      3.66917167      9.31245587      205.710582   0.00619086848   0.00319428424
  62     1      50               0      6.40919664      3.17937642       7.5448056      127.470303   0.00476615897    0.0027678814
          wgpu 1d 267g 523c x3w 5ms | egraph 53g->372v+5snap 10ms | graft 82 (-277n, 0 snap) cpu 0 | f64 20 | gen 0.4s
  63     0     100               0      8.32504616      3.66917167      9.31245587      205.710582   0.00619086848   0.00319428424
  63     1      50               0      8.32504616      3.66917167      9.31245587      205.710582   0.00619086848   0.00319428424
          wgpu 1d 284g 544c x3w 5ms | egraph 49g->394v+4snap 9ms | graft 76 (-265n, 0 snap) cpu 0 | f64 20 | gen 0.4s | dropped inexpr 1 oversz 0 unbuild 0 {}
  64     0     100               0      8.32504616      3.66917167      9.31245587      205.710582   0.00619086848   0.00319428424
  64     1      50               0      6.40919664      3.17937642       7.5448056      127.470303   0.00476615897    0.0027678814
          wgpu 1d 271g 539c x3w 5ms | egraph 50g->388v+5snap 12ms | graft 70 (-228n, 0 snap) cpu 0 | f64 20 | gen 0.6s
  65     0     100               0      8.32504501      3.66917571      9.31245716      205.710639   0.00619086762   0.00319428776
  65     1      50               0      6.40919664      3.17937642       7.5448056      127.470303   0.00476615897    0.0027678814
          wgpu 1d 276g 555c x3w 5ms | egraph 49g->402v+7snap 11ms | graft 79 (-258n, 1 snap) cpu 0 | f64 20 | gen 0.4s
  66     0     100               0      8.32504616      3.66917167      9.31245587      205.710582   0.00619086848   0.00319428424
  66     1      50               0      6.40919664      3.17937642       7.5448056      127.470303   0.00476615897    0.0027678814
          wgpu 1d 280g 515c x3w 5ms | egraph 52g->364v+5snap 10ms | graft 80 (-255n, 2 snap) cpu 0 | f64 20 | gen 0.4s
  67     0     100               0      8.32504616      3.66917167      9.31245587      205.710582   0.00619086848   0.00319428424
  67     1      50               0      6.40919664      3.17937642       7.5448056      127.470303   0.00476615897    0.0027678814
          wgpu 1d 259g 542c x3w 5ms | egraph 55g->393v+3snap 10ms | graft 70 (-235n, 0 snap) cpu 0 | f64 20 | gen 0.4s
  68     0     100               0      8.32504616      3.66917167      9.31245587      205.710582   0.00619086848   0.00319428424
  68     1      50               0      6.40919664      3.17937642       7.5448056      127.470303   0.00476615897    0.0027678814
          wgpu 1d 287g 550c x3w 5ms | egraph 45g->398v+6snap 8ms | graft 75 (-280n, 2 snap) cpu 0 | f64 20 | gen 0.4s
  69     0     100               0      8.32504616      3.66917167      9.31245587      205.710582   0.00619086848   0.00319428424
  69     1      50               0      6.40919664      3.17937642       7.5448056      127.470303   0.00476615897    0.0027678814
          wgpu 1d 257g 528c x3w 5ms | egraph 47g->380v+2snap 9ms | graft 71 (-260n, 1 snap) cpu 0 | f64 20 | gen 0.3s
  70     0     100               0      8.32504616      3.66917167      9.31245587      205.710582   0.00619086848   0.00319428424
  70     1      50               0      6.40919664      3.17937642       7.5448056      127.470303   0.00476615897    0.0027678814
          wgpu 1d 277g 526c x3w 6ms | egraph 49g->379v+1snap 9ms | graft 82 (-290n, 0 snap) cpu 0 | f64 20 | gen 0.5s
--------- pump migration: intra (promote-2 + intake-reset) ---------
  71     0     100               0      8.32504616      3.66917167      9.31245587      205.710582   0.00619086848   0.00319428424
  71     1      50               0      8.32504616      3.66917167      9.31245587      205.710582   0.00619086848   0.00319428424
          wgpu 2d 507g 719c x3w 10ms | egraph 174g->491v+2snap 28ms | graft 135 (-498n, 0 snap) cpu 0 | f64 30 | gen 0.4s | dropped inexpr 14 oversz 0 unbuild 0 {}
  72     0     100               0      8.32504616      3.66917167      9.31245587      205.710582   0.00619086848   0.00319428424
  72     1      50               0      8.32504616      3.66917167      9.31245587      205.710582   0.00619086848   0.00319428424
          wgpu 1d 280g 557c x3w 5ms | egraph 62g->408v+3snap 11ms | graft 77 (-341n, 0 snap) cpu 0 | f64 20 | gen 0.4s
  73     0     100               0      8.32504616      3.66917167      9.31245587      205.710582   0.00619086848   0.00319428424
  73     1      50               0      8.32504616      3.66917167      9.31245587      205.710582   0.00619086848   0.00319428424
          wgpu 1d 317g 565c x3w 6ms | egraph 44g->411v+8snap 9ms | graft 92 (-372n, 2 snap) cpu 0 | f64 20 | gen 0.4s
  74     0     100               0      8.32504616      3.66917167      9.31245587      205.710582   0.00619086848   0.00319428424
  74     1      50               0      8.32504616      3.66917167      9.31245587      205.710582   0.00619086848   0.00319428424
          wgpu 1d 256g 561c x3w 5ms | egraph 39g->407v+8snap 7ms | graft 82 (-302n, 0 snap) cpu 0 | f64 20 | gen 0.3s
  75     0     100               0      8.32504616      3.66917167      9.31245587      205.710582   0.00619086848   0.00319428424
  75     1      50               0      8.32504616      3.66917167      9.31245587      205.710582   0.00619086848   0.00319428424
          wgpu 1d 256g 548c x3w 5ms | egraph 38g->398v+4snap 7ms | graft 79 (-332n, 0 snap) cpu 0 | f64 20 | gen 0.3s
  76     0     100               0      8.32504616      3.66917167      9.31245587      205.710582   0.00619086848   0.00319428424
  76     1      50               0      8.32504616      3.66917167      9.31245587      205.710582   0.00619086848   0.00319428424
          wgpu 1d 284g 566c x3w 5ms | egraph 53g->416v+4snap 53ms | graft 81 (-309n, 0 snap) cpu 0 | f64 20 | gen 0.4s
  77     0     100               0      8.32504616      3.66917167      9.31245587      205.710582   0.00619086848   0.00319428424
  77     1      50               0      8.32504616      3.66917167      9.31245587      205.710582   0.00619086848   0.00319428424
          wgpu 1d 270g 529c x3w 5ms | egraph 47g->378v+5snap 9ms | graft 76 (-290n, 1 snap) cpu 0 | f64 20 | gen 0.4s | dropped inexpr 1 oversz 0 unbuild 0 {}
  78     0     100               0      8.32504616      3.66917167      9.31245587      205.710582   0.00619086848   0.00319428424
  78     1      50               0      8.32504616      3.66917167      9.31245587      205.710582   0.00619086848   0.00319428424
          wgpu 1d 277g 518c x3w 5ms | egraph 43g->366v+6snap 8ms | graft 80 (-306n, 0 snap) cpu 0 | f64 20 | gen 0.4s | dropped inexpr 1 oversz 0 unbuild 0 {}
  79     0     100               0      8.32504616      3.66917167      9.31245587      205.710582   0.00619086848   0.00319428424
  79     1      50               0      8.32504616      3.66917167      9.31245587      205.710582   0.00619086848   0.00319428424
          wgpu 1d 269g 533c x3w 5ms | egraph 48g->382v+5snap 9ms | graft 75 (-287n, 0 snap) cpu 0 | f64 20 | gen 0.4s
  80     0     100               0      8.32504616      3.66917167      9.31245587      205.710582   0.00619086848   0.00319428424
  80     1      50               0      8.32504616      3.66917167      9.31245587      205.710582   0.00619086848   0.00319428424
          wgpu 1d 319g 536c x3w 5ms | egraph 49g->382v+8snap 9ms | graft 93 (-339n, 1 snap) cpu 0 | f64 20 | gen 0.4s
--------- pump migration: intra (promote-2 + intake-reset) ---------
  81     0     100               0      8.32504616      3.66917167      9.31245587      205.710582   0.00619086848   0.00319428424
  81     1      50               0      8.32504616      3.66917167      9.31245587      205.710582   0.00619086848   0.00319428424
          wgpu 2d 503g 731c x3w 9ms | egraph 123g->498v+7snap 24ms | graft 119 (-464n, 0 snap) cpu 0 | f64 30 | gen 0.3s | dropped inexpr 5 oversz 0 unbuild 0 {}
  82     0     100               0      8.32504616      3.66917167      9.31245587      205.710582   0.00619086848   0.00319428424
  82     1      50               0      8.32504616      3.66917167      9.31245587      205.710582   0.00619086848   0.00319428424
          wgpu 1d 295g 559c x3w 6ms | egraph 45g->408v+5snap 9ms | graft 77 (-288n, 0 snap) cpu 0 | f64 20 | gen 0.6s
  83     0     100               0      8.32504616      3.66917167      9.31245587      205.710582   0.00619086848   0.00319428424
  83     1      50               0      8.32504616      3.66917167      9.31245587      205.710582   0.00619086848   0.00319428424
          wgpu 1d 309g 557c x3w 5ms | egraph 52g->404v+7snap 10ms | graft 85 (-297n, 0 snap) cpu 0 | f64 20 | gen 0.4s
  84     0     100               0      8.32504616      3.66917167      9.31245587      205.710582   0.00619086848   0.00319428424
  84     1      50               0      8.32504616      3.66917167      9.31245587      205.710582   0.00619086848   0.00319428424
          wgpu 1d 235g 538c x3w 5ms | egraph 38g->389v+3snap 7ms | graft 66 (-243n, 0 snap) cpu 0 | f64 20 | gen 0.5s
  85     0     100               0      8.32504616      3.66917167      9.31245587      205.710582   0.00619086848   0.00319428424
  85     1      50               0      8.32504616      3.66917167      9.31245587      205.710582   0.00619086848   0.00319428424
          wgpu 1d 276g 545c x3w 5ms | egraph 43g->397v+2snap 9ms | graft 85 (-345n, 0 snap) cpu 0 | f64 20 | gen 0.5s | dropped inexpr 1 oversz 0 unbuild 0 {}
  86     0     100               0      8.32504616      3.66917167      9.31245587      205.710582   0.00619086848   0.00319428424
  86     1      50               0      8.32504616      3.66917167      9.31245587      205.710582   0.00619086848   0.00319428424
          wgpu 1d 307g 531c x3w 5ms | egraph 57g->368v+17snap 10ms | graft 74 (-244n, 1 snap) cpu 0 | f64 20 | gen 0.4s
  87     0     100               0      8.32504616      3.66917167      9.31245587      205.710582   0.00619086848   0.00319428424
  87     1      50               0      8.32504616      3.66917167      9.31245587      205.710582   0.00619086848   0.00319428424
          wgpu 1d 279g 593c x3w 5ms | egraph 42g->438v+9snap 8ms | graft 83 (-270n, 2 snap) cpu 0 | f64 20 | gen 0.5s
  88     0     100               0      8.32504616      3.66917167      9.31245587      205.710582   0.00619086848   0.00319428424
  88     1      50               0      8.32504616      3.66917167      9.31245587      205.710582   0.00619086848   0.00319428424
          wgpu 1d 285g 541c x3w 5ms | egraph 40g->390v+5snap 9ms | graft 77 (-289n, 0 snap) cpu 0 | f64 20 | gen 0.4s
  89     0     100               0      8.32504616      3.66917167      9.31245587      205.710582   0.00619086848   0.00319428424
  89     1      50               0      8.32504616      3.66917167      9.31245587      205.710582   0.00619086848   0.00319428424
          wgpu 1d 273g 539c x3w 5ms | egraph 52g->391v+2snap 11ms | graft 79 (-283n, 0 snap) cpu 0 | f64 20 | gen 0.5s
  90     0     100               0      8.32504616      3.66917167      9.31245587      205.710582   0.00619086848   0.00319428424
  90     1      50               0      8.32504616      3.66917167      9.31245587      205.710582   0.00619086848   0.00319428424
          wgpu 1d 279g 531c x3w 5ms | egraph 32g->378v+7snap 8ms | graft 81 (-320n, 0 snap) cpu 0 | f64 20 | gen 0.5s
--------- pump migration: intra (promote-2 + intake-reset) + cross ---------
  91     0     100               0      8.32504616      3.66917167      9.31245587      205.710582   0.00619086848   0.00319428424
  91     1      50               0      8.32504616      3.66917167      9.31245587      205.710582   0.00619086848   0.00319428424
          wgpu 2d 565g 785c x3w 10ms | egraph 135g->551v+8snap 28ms | graft 134 (-544n, 0 snap) cpu 0 | f64 30 | gen 0.5s | dropped inexpr 4 oversz 0 unbuild 0 {}
  92     0     100               0      8.32504616      3.66917167      9.31245587      205.710582   0.00619086848   0.00319428424
  92     1      50               0      8.32504616      3.66917167      9.31245587      205.710582   0.00619086848   0.00319428424
          wgpu 1d 283g 564c x3w 5ms | egraph 49g->411v+5snap 9ms | graft 78 (-306n, 1 snap) cpu 0 | f64 20 | gen 0.5s
  93     0     100               0      8.32504616      3.66917167      9.31245587      205.710582   0.00619086848   0.00319428424
  93     1      50               0      8.32504616      3.66917167      9.31245587      205.710582   0.00619086848   0.00319428424
          wgpu 1d 308g 559c x3w 5ms | egraph 51g->409v+4snap 11ms | graft 90 (-314n, 0 snap) cpu 0 | f64 20 | gen 0.4s
  94     0     100               0      8.32504616      3.66917167      9.31245587      205.710582   0.00619086848   0.00319428424
  94     1      50               0      8.32504616      3.66917167      9.31245587      205.710582   0.00619086848   0.00319428424
          wgpu 1d 256g 526c x3w 5ms | egraph 36g->374v+6snap 7ms | graft 67 (-242n, 0 snap) cpu 0 | f64 20 | gen 0.4s | dropped inexpr 1 oversz 0 unbuild 0 {}
  95     0     100               0      8.32504616      3.66917167      9.31245587      205.710582   0.00619086848   0.00319428424
  95     1      50               0      8.32504616      3.66917167      9.31245587      205.710582   0.00619086848   0.00319428424
          wgpu 1d 291g 564c x3w 5ms | egraph 51g->412v+6snap 11ms | graft 80 (-316n, 2 snap) cpu 0 | f64 20 | gen 0.5s | dropped inexpr 1 oversz 0 unbuild 0 {}
  96     0     100               0      8.32504616      3.66917167      9.31245587      205.710582   0.00619086848   0.00319428424
  96     1      50               0      8.32504616      3.66917167      9.31245587      205.710582   0.00619086848   0.00319428424
          wgpu 1d 302g 546c x3w 6ms | egraph 45g->394v+6snap 9ms | graft 86 (-279n, 0 snap) cpu 0 | f64 20 | gen 0.4s
  97     0     100               0      8.32504616      3.66917167      9.31245587      205.710582   0.00619086848   0.00319428424
  97     1      50               0      8.32504616      3.66917167      9.31245587      205.710582   0.00619086848   0.00319428424
          wgpu 1d 299g 553c x3w 5ms | egraph 51g->399v+8snap 10ms | graft 91 (-384n, 2 snap) cpu 0 | f64 20 | gen 0.3s
  98     0     100               0      8.32504616      3.66917167      9.31245587      205.710582   0.00619086848   0.00319428424
  98     1      50               0      8.32504616      3.66917167      9.31245587      205.710582   0.00619086848   0.00319428424
          wgpu 1d 285g 504c x3w 5ms | egraph 48g->326v+32snap 10ms | graft 92 (-363n, 5 snap) cpu 0 | f64 20 | gen 0.4s
  99     0     100               0  1.55094245e-28  1.27625862e-28  8.52651283e-14  4.33569786e-28  1.15334865e-31  1.11107715e-31
  99     1      50               0      8.32504616      3.66917167      9.31245587      205.710582   0.00619086848   0.00319428424
          wgpu 1d 232g 430c x3w 4ms | egraph 64g->212v+72snap 16ms | graft 68 (-184n, 15 snap) cpu 0 | f64 20 | gen 0.2s | dropped inexpr 27 oversz 0 unbuild 0 {}

*** Early stop at generation 99: best val_R² = 1.0000000000 ≥ 0.9999999990, holdout_R² = 1.0000000000 confirmed

This sub-run: 2026-09-19 05:51:03.026313 → 2026-09-19 05:51:46.465416
Now at generation 99 (HOF size: 31)
[join] 109 dispatches, 30,402 genes, 159,201 candidates scored in 0.56s GPU+host; e-graph 7,629 trees -> 36,363 variants + 1,378 snaps in 1.54s; 8,186 grafts (221 snap), 29,362 nodes removed; cpu-path individuals 0, f64-rejected 0
[join]   inexpressible:    180  no pset token for semantic id "pow" with arity 2
[join]   inexpressible:    118  no pset token for semantic id "sqrt" with arity 1
[join]   inexpressible:     42  no pset token for semantic id "div" with arity 2
  HFF-chosen LSM kept: a=6.28319, b=6.5617
Chromosome wrapper: id=0  →  identity
hof[0] runtime val: mse=7.066e-29  R²=1.000000
Pre-snap expression (after sympify + LSM compose):
  12.5663706143592*B*mom/h + 2.245444283468e-33*mom + 2.0943951023932*phi - 3.38880246154351

Per-level snap results (before MSE scoring):
  strict      →  4*pi*B*mom/h + 2*pi*phi/3 - 3.38880246154351
  default     →  4*pi*B*mom/h + 2*pi*phi/3 - 3.38880246154351
  aggressive  →  4*pi*B*mom/h + 2*pi*phi/3 - 3.38880246154351

Snap-level comparison (sorted by holdout MSE, lowest first)
------------------------------------------------------------------------------------------
  level       MSE            R²         expression                                        
------------------------------------------------------------------------------------------
★ strict      inf            —          4*pi*B*mom/h + 2*pi*phi/3 - 3.38880246154351      
               note: TypeError: Cannot convert expression to float
  default     inf            —          4*pi*B*mom/h + 2*pi*phi/3 - 3.38880246154351      
               note: TypeError: Cannot convert expression to float
  aggressive  inf            —          4*pi*B*mom/h + 2*pi*phi/3 - 3.38880246154351      
               note: TypeError: Cannot convert expression to float

Winning snap level: 'strict'  →  4*pi*B*mom/h + 2*pi*phi/3 - 3.38880246154351

Canonical discovered expression: 4*pi*B*mom/h + 2*pi*phi/3 - 3.38880246154351
[38;2;0;50;255m
############################################################ [38;2;255;255;255m
[38;2;0;50;255m Equation Recovery: III_7_38 [38;2;255;255;255m
[38;2;0;50;255m Truth: 2*mom*B/(h/(2*pi)) [38;2;255;255;255m
[38;2;0;50;255m [38;2;255;255;255m
[38;2;255;0;255m     Exact recovery     : False [38;2;255;255;255m
[38;2;255;0;255m     Numerical recovery : False (max rel_err inf on 10k samples) [38;2;255;255;255m
[38;2;255;0;255m     Discovered         : 4*pi*B*mom/h + 2*pi*phi/3 - 3.38880246154351 [38;2;255;255;255m
[38;2;255;0;255m     LSM (a, b)         : (6.28319, 6.5617) [38;2;255;255;255m
[38;2;0;50;255m
############################################################ [38;2;255;255;255m
In-range holdout : MSE=1.615e-28  MAE=6.377e-15  R²=1.0000
Extrapolation    : MSE=2.988e-28  MAE=9.539e-15  R²=1.0000

Top 10 HOF models (north_pole=truenorth) (★ = Pareto-optimal)
(deduped HOF: 16 unique chromosomes from 31 raw HOF entries)
 ----------------------------------------------------------------------------------------------------------------
       model     wrapper      length   train_mse     val_mse     max_err    train_r2      val_r2 angular_distance
 ----------------------------------------------------------------------------------------------------------------
★           0    identity          13      0.0000      0.0000      0.0000      1.0000      1.0000      0.0000
            1    identity          23      6.4092      3.1794      7.5448      0.9952      0.9972      0.0659
           10    identity          23      7.3428      4.1582      7.6929      0.9945      0.9964      0.0679
           11    identity          28      7.3428      4.1582      7.6929      0.9945      0.9964      0.0679
           12    identity          23      7.3428      4.1582      7.6929      0.9945      0.9964      0.0679
           17    identity          23      9.3028      5.2006      7.9846      0.9931      0.9955      0.0717
           15    identity          23      9.3028      5.2006      7.9846      0.9931      0.9955      0.0717
           18    identity          28      9.1048      4.4396      8.5082      0.9932      0.9961      0.0755
           19    identity          31      9.1048      4.4396      8.5082      0.9932      0.9961      0.0755
           20    identity          25      9.1048      4.4396      8.5082      0.9932      0.9961      0.0755

Pareto-optimal in top 10: 1    Pareto-optimal in full HOF: 1 / 16

Recovery sweep across 12/16 unique HOF chromosomes (capped):
  Structural / exact     : 0/12  (0.0%)
  Numerical (≤1e-6 err)  : 0/12  (0.0%)
{
    "date": "2026/09/19",
    "seed": "5",
    "task": "equation_recovery",
    "north_pole_method": "truenorth",
    "hff_include_val": true,
    "problem": "III_7_38",
    "truth_expr": "2*mom*B/(h/(2*pi))",
    "final_terminal_inputs": [
        "mom",
        "B",
        "h"
    ],
    "wide_primitives": true,
    "head_length": "48",
    "n_genes": "3",
    "rnc_array_length": "10",
    "tournament size": "intake=8, champion=5",
    "population size": "150",
    "population per island": "intake=100, champion=50",
    "gpu_join": true,
    "eclass_k": 8,
    "number of elites": "2",
    "number of generations": "400",
    "number of islands": "2",
    "migration FREQ": "30",
    "wrapper_id": 0,
    "wrapper_name": "identity",
    "recovery_exact": false,
    "recovery_numerical": false,
    "recovery_max_rel_err": Infinity,
    "discovered_expr": "4*pi*B*mom/h + 2*pi*phi/3 - 3.38880246154351",
    "holdout_mse": 1.6149560451684554e-28,
    "holdout_r2": 1.0,
    "extrap_mse": 2.98773179243406e-28,
    "extrap_r2": 1.0,
    "hof_size": 16,
    "hof_exact_recoveries": 0,
    "hof_numerical_recoveries": 0
}
